 _arrays.exe

 Timestamp is 62ed7770 (Fri Aug  5 17:02:56 2022)

 Preferred load address is 00400000

 Start         Length     Name                   Class
 0001:00000000 000cdc30H .text                   CODE                  
 0002:00000000 00017ea4H .rdata                  DATA                  
 0002:00017ea4 00000058H .CRT$XIC                DATA                  
 0003:00000000 00005b5cH .data                   DATA                  
 0003:00005b5c 00000064H .idata$2                DATA                  
 0003:00005bc0 00000014H .idata$3                DATA                  
 0003:00005bd4 00000254H .idata$4                DATA                  
 0003:00005e28 00000254H .idata$5                DATA                  
 0003:0000607c 00000a9eH .idata$6                DATA                  
 0003:00006b1c 00007c08H .bss                    DATA                  

  Address         Publics by Value              Rva+Base     Lib:Object

 0001:00000040       _HB_FUN_MAIN               00401040 f   pt1.obj
 0001:00000060       _HB_FUN_CODEBLOCK          00401060 f   pt1.obj
 0001:00000080       _HB_FUN_ARRAYS             00401080 f   pt1.obj
 0001:000000a0       _HB_FUN_CACANOME           004010a0 f   pt1.obj
 0001:000000c0       _hb_conInit                004010c0 f   xhb:console.obj
 0001:00000150       _hb_conRelease             00401150 f   xhb:console.obj
 0001:00000180       _hb_conNewLine             00401180 f   xhb:console.obj
 0001:00000190       _HB_FUN_HB_OSNEWLINE       00401190 f   xhb:console.obj
 0001:000001a0       _hb_conOutStd              004011a0 f   xhb:console.obj
 0001:000001e0       _hb_conOutErr              004011e0 f   xhb:console.obj
 0001:00000240       _hb_conOutAlt              00401240 f   xhb:console.obj
 0001:000004c0       _HB_FUN_OUTSTD             004014c0 f   xhb:console.obj
 0001:00000510       _HB_FUN_OUTERR             00401510 f   xhb:console.obj
 0001:00000560       _HB_FUN_QQOUT              00401560 f   xhb:console.obj
 0001:000005b0       _HB_FUN_QOUT               004015b0 f   xhb:console.obj
 0001:000006c0       _HB_FUN___EJECT            004016c0 f   xhb:console.obj
 0001:00000720       _HB_FUN_PROW               00401720 f   xhb:console.obj
 0001:00000740       _HB_FUN_PCOL               00401740 f   xhb:console.obj
 0001:00000980       _HB_FUN_DEVPOS             00401980 f   xhb:console.obj
 0001:000009d0       _HB_FUN_SETPRC             004019d0 f   xhb:console.obj
 0001:00000a20       _HB_FUN_DEVOUT             00401a20 f   xhb:console.obj
 0001:00000ad0       _HB_FUN_DISPOUT            00401ad0 f   xhb:console.obj
 0001:00000ba0       _HB_FUN_DISPOUTAT          00401ba0 f   xhb:console.obj
 0001:00000ca0       _HB_FUN_HB_DISPOUTAT       00401ca0 f   xhb:console.obj
 0001:00000d70       _HB_FUN_HB_GETSTDIN        00401d70 f   xhb:console.obj
 0001:00000d90       _HB_FUN_HB_GETSTDOUT       00401d90 f   xhb:console.obj
 0001:00000db0       _HB_FUN_HB_GETSTDERR       00401db0 f   xhb:console.obj
 0001:00000dd0       _HB_FUN_HBCONSOLELOCK      00401dd0 f   xhb:console.obj
 0001:00000de0       _HB_FUN_HBCONSOLEUNLOCK    00401de0 f   xhb:console.obj
 0001:00000df0       _hb_memvarsClear           00401df0 f   xhb:memvars.obj
 0001:00000e70       _hb_memvarsInit            00401e70 f   xhb:memvars.obj
 0001:00000ee0       _hb_memvarsRelease         00401ee0 f   xhb:memvars.obj
 0001:00000f90       _hb_memvarValueBaseAddress 00401f90 f   xhb:memvars.obj
 0001:00000fa0       _hb_memvarValueNew         00401fa0 f   xhb:memvars.obj
 0001:000010a0       _hb_memvarDetachLocal      004020a0 f   xhb:memvars.obj
 0001:00001150       _hb_memvarGetPrivatesBase  00402150 f   xhb:memvars.obj
 0001:00001170       _hb_memvarSetPrivatesBase  00402170 f   xhb:memvars.obj
 0001:00001200       _hb_memvarValueIncRef      00402200 f   xhb:memvars.obj
 0001:00001270       _hb_memvarValueDecRef      00402270 f   xhb:memvars.obj
 0001:000012d0       _hb_memvarValueDecGarbageRef 004022d0 f   xhb:memvars.obj
 0001:00001340       _hb_memvarSetValue         00402340 f   xhb:memvars.obj
 0001:00001420       _hb_memvarGet              00402420 f   xhb:memvars.obj
 0001:000014b0       _hb_memvarGetValue         004024b0 f   xhb:memvars.obj
 0001:00001540       _hb_memvarGetRefer         00402540 f   xhb:memvars.obj
 0001:000016a0       _hb_memvarNewParameter     004026a0 f   xhb:memvars.obj
 0001:000016c0       _hb_memvarGetStrValuePtr   004026c0 f   xhb:memvars.obj
 0001:00001770       _hb_memvarCreateFromItem   00402770 f   xhb:memvars.obj
 0001:00001b30       _hb_memvarScope            00402b30 f   xhb:memvars.obj
 0001:00001c50       _hb_memvarReleasePublic    00402c50 f   xhb:memvars.obj
 0001:00001de0       _HB_FUN___MVPUBLIC         00402de0 f   xhb:memvars.obj
 0001:00001e80       _HB_FUN___MVPRIVATE        00402e80 f   xhb:memvars.obj
 0001:00001f20       _HB_FUN___MVXRELEASE       00402f20 f   xhb:memvars.obj
 0001:00001fb0       _HB_FUN___MVRELEASE        00402fb0 f   xhb:memvars.obj
 0001:00002050       _HB_FUN___MVSCOPE          00403050 f   xhb:memvars.obj
 0001:00002110       _HB_FUN___MVCLEAR          00403110 f   xhb:memvars.obj
 0001:00002120       _HB_FUN___MVDBGINFO        00403120 f   xhb:memvars.obj
 0001:00002220       _HB_FUN___MVEXIST          00403220 f   xhb:memvars.obj
 0001:00002270       _HB_FUN___MVGET            00403270 f   xhb:memvars.obj
 0001:00002370       _HB_FUN___MVPUT            00403370 f   xhb:memvars.obj
 0001:000027a0       _HB_FUN___MVSAVE           004037a0 f   xhb:memvars.obj
 0001:00002a60       _HB_FUN___MVRESTORE        00403a60 f   xhb:memvars.obj
 0001:00003230       _hb_memvarsIsMemvarRef     00404230 f   xhb:memvars.obj
 0001:00003290       _hb_memvarGetVarHandle     00404290 f   xhb:memvars.obj
 0001:000032c0       _hb_memvarGetValueByHandle 004042c0 f   xhb:memvars.obj
 0001:00003380       _HB_FUN___MVSYMBOLINFO     00404380 f   xhb:memvars.obj
 0001:000033c0       _hb_memvarGetValueBySym    004043c0 f   xhb:memvars.obj
 0001:000033f0       _HB_FUN_STR                004043f0 f   xhb:str.obj
 0001:00003620       _HB_FUN_LEN                00404620 f   xhb:len.obj
 0001:00003700       _HB_FUN_ARRAY              00404700 f   xhb:arrayshb.obj
 0001:000037a0       _HB_FUN_AADD               004047a0 f   xhb:arrayshb.obj
 0001:000038e0       _HB_FUN_HB_ARRAYID         004048e0 f   xhb:arrayshb.obj
 0001:00003910       _HB_FUN_HB_THISARRAY       00404910 f   xhb:arrayshb.obj
 0001:00003970       _HB_FUN_ASIZE              00404970 f   xhb:arrayshb.obj
 0001:00003a60       _HB_FUN_ASIZEALLOC         00404a60 f   xhb:arrayshb.obj
 0001:00003ad0       _HB_FUN_ALENALLOC          00404ad0 f   xhb:arrayshb.obj
 0001:00003b00       _HB_FUN_ATAIL              00404b00 f   xhb:arrayshb.obj
 0001:00003b30       _HB_FUN_AINS               00404b30 f   xhb:arrayshb.obj
 0001:00003c30       _HB_FUN_HB_AINS            00404c30 f   xhb:arrayshb.obj
 0001:00003c40       _HB_FUN_ADEL               00404c40 f   xhb:arrayshb.obj
 0001:00003d20       _HB_FUN_AFILL              00404d20 f   xhb:arrayshb.obj
 0001:00003f30       _HB_FUN_ASCAN              00404f30 f   xhb:arrayshb.obj
 0001:00004010       _HB_FUN_AEVAL              00405010 f   xhb:arrayshb.obj
 0001:00004160       _HB_FUN_ACOPY              00405160 f   xhb:arrayshb.obj
 0001:00004280       _HB_FUN_ACLONE             00405280 f   xhb:arrayshb.obj
 0001:000042c0       _HB_FUN_HB_APARAMS         004052c0 f   xhb:arrayshb.obj
 0001:00004320       _HB_FUN_HB_AEXPRESSIONS    00405320 f   xhb:arrayshb.obj
 0001:000045d0       _SizeOfCStructure          004055d0 f   xhb:arrayshb.obj
 0001:00004910       _HB_FUN_HB_SIZEOFCSTRUCTURE 00405910 f   xhb:arrayshb.obj
 0001:000049b0       _ArrayToStructure          004059b0 f   xhb:arrayshb.obj
 0001:00006610       _HB_FUN_HB_ARRAYTOSTRUCTURE 00407610 f   xhb:arrayshb.obj
 0001:000066e0       _StructureToArray          004076e0 f   xhb:arrayshb.obj
 0001:00006ff0       _HB_FUN_HB_STRUCTURETOARRAY 00407ff0 f   xhb:arrayshb.obj
 0001:00007100       _HB_FUN_RASCAN             00408100 f   xhb:arrayshb.obj
 0001:00007590       _HB_FUN_ASPLICE            00408590 f   xhb:arrayshb.obj
 0001:00007900       _HB_FUN_AREMOVE            00408900 f   xhb:arrayshb.obj
 0001:00007910       _HB_FUN_AMERGE             00408910 f   xhb:arrayshb.obj
 0001:00007a60       _hb_vmAtInit               00408a60 f   xhb:hvm.obj
 0001:00007ab0       _hb_vmAtExit               00408ab0 f   xhb:hvm.obj
 0001:00007b50       _hb_vmIsMt                 00408b50 f   xhb:hvm.obj
 0001:00007b60       _hb_vmLock                 00408b60 f   xhb:hvm.obj
 0001:00007b70       _hb_vmUnlock               00408b70 f   xhb:hvm.obj
 0001:00007cc0       _hb_vmSymbolResolveDeferred 00408cc0 f   xhb:hvm.obj
 0001:00007e00       _hb_vmInit                 00408e00 f   xhb:hvm.obj
 0001:00008110       _hb_vmReleaseLocalSymbols  00409110 f   xhb:hvm.obj
 0001:000081c0       _hb_vmQuit                 004091c0 f   xhb:hvm.obj
 0001:000084d0       _hb_vmExecute              004094d0 f   xhb:hvm.obj
 0001:0000c860       _HB_FUN_HB_VMEXECUTE       0040d860 f   xhb:hvm.obj
 0001:00015c30       _hb_vmOperatorCall         00416c30 f   xhb:hvm.obj
 0001:00015d00       _hb_vmOperatorCallUnary    00416d00 f   xhb:hvm.obj
 0001:00016000       _hb_vmDo                   00417000 f   xhb:hvm.obj
 0001:000162f0       _hb_vmSend                 004172f0 f   xhb:hvm.obj
 0001:00016ce0       _hb_vmEvalBlock            00417ce0 f   xhb:hvm.obj
 0001:00016d10       _hb_vmEvalBlockV           00417d10 f   xhb:hvm.obj
 0001:00016d60       _hb_vmEvalBlockOrMacro     00417d60 f   xhb:hvm.obj
 0001:00016e40       _hb_vmDestroyBlockOrMacro  00417e40 f   xhb:hvm.obj
 0001:00016e80       _hb_vmFunction             00417e80 f   xhb:hvm.obj
 0001:00018390       _hb_vmPush                 00419390 f   xhb:hvm.obj
 0001:000183d0       _hb_vmPushState            004193d0 f   xhb:hvm.obj
 0001:00018430       _hb_vmPushNil              00419430 f   xhb:hvm.obj
 0001:00018470       _hb_vmPushLogical          00419470 f   xhb:hvm.obj
 0001:000184c0       _hb_vmPushNumber           004194c0 f   xhb:hvm.obj
 0001:000184e0       _hb_vmPushNumType          004194e0 f   xhb:hvm.obj
 0001:000185a0       _hb_vmPushNumInt           004195a0 f   xhb:hvm.obj
 0001:00018670       _hb_vmPushInteger          00419670 f   xhb:hvm.obj
 0001:00018720       _hb_vmPushLong             00419720 f   xhb:hvm.obj
 0001:00018870       _hb_vmPushDouble           00419870 f   xhb:hvm.obj
 0001:000189a0       _hb_vmPushDate             004199a0 f   xhb:hvm.obj
 0001:000189e0       _hb_vmPushDateTime         004199e0 f   xhb:hvm.obj
 0001:00018a20       _hb_vmPushPointer          00419a20 f   xhb:hvm.obj
 0001:00018a60       _hb_vmPushString           00419a60 f   xhb:hvm.obj
 0001:00018aa0       _hb_vmPushSymbol           00419aa0 f   xhb:hvm.obj
 0001:00018b10       _hb_vmPushDynSym           00419b10 f   xhb:hvm.obj
 0001:00018b30       _hb_vmPushEvalSym          00419b30 f   xhb:hvm.obj
 0001:000192c0       _hb_vmPopState             0041a2c0 f   xhb:hvm.obj
 0001:00019c60       _hb_vmGetRealFuncSym       0041ac60 f   xhb:hvm.obj
 0001:00019cb0       _hb_vmFindModuleSymbols    0041acb0 f   xhb:hvm.obj
 0001:00019de0       _hb_vmFreeSymbols          0041ade0 f   xhb:hvm.obj
 0001:00019e60       _hb_vmBeginSymbolGroup     0041ae60 f   xhb:hvm.obj
 0001:00019e80       _hb_vmInitSymbolGroup      0041ae80 f   xhb:hvm.obj
 0001:0001a000       _hb_vmExitSymbolGroup      0041b000 f   xhb:hvm.obj
 0001:0001a0c0       _hb_vmRegisterSymbols      0041b0c0 f   xhb:hvm.obj
 0001:0001a720       _hb_vmProcessSymbols       0041b720 f   xhb:hvm.obj
 0001:0001a7a0       _hb_vmProcessSysDllSymbols 0041b7a0 f   xhb:hvm.obj
 0001:0001a820       _hb_vmProcessPrgDllSymbols 0041b820 f   xhb:hvm.obj
 0001:0001a8b0       _hb_vmProcessExeUsesDllSymbols 0041b8b0 f   xhb:hvm.obj
 0001:0001a930       _hb_vmSymbols              0041b930 f   xhb:hvm.obj
 0001:0001a940       _hb_vmLastModule           0041b940 f   xhb:hvm.obj
 0001:0001a970       _hb_vmExplicitStartup      0041b970 f   xhb:hvm.obj
 0001:0001a9f0       _hb_vmDoExitFunctions      0041b9f0 f   xhb:hvm.obj
 0001:0001ab70       _hb_vmFindModule           0041bb70 f   xhb:hvm.obj
 0001:0001aba0       _hb_vmFindModuleByName     0041bba0 f   xhb:hvm.obj
 0001:0001ac20       _hb_vmForceLink            0041bc20 f   xhb:hvm.obj
 0001:0001ac30       _HB_FUN_ERRORLEVEL         0041bc30 f   xhb:hvm.obj
 0001:0001ac70       _hb_vmRequestQuit          0041bc70 f   xhb:hvm.obj
 0001:0001ac90       _hb_vmRequestEndProc       0041bc90 f   xhb:hvm.obj
 0001:0001acb0       _hb_vmRequestBreak         0041bcb0 f   xhb:hvm.obj
 0001:0001ad20       _hb_vmRequestCancel        0041bd20 f   xhb:hvm.obj
 0001:0001ae60       _hb_vmRequestQuery         0041be60 f   xhb:hvm.obj
 0001:0001ae70       _hb_vmRequestReenter       0041be70 f   xhb:hvm.obj
 0001:0001aed0       _hb_vmRequestRestore       0041bed0 f   xhb:hvm.obj
 0001:0001afd0       _hb_vmRequestReset         0041bfd0 f   xhb:hvm.obj
 0001:0001aff0       _hb_vmRequest              0041bff0 f   xhb:hvm.obj
 0001:0001b010       _hb_vmIsLocalRef           0041c010 f   xhb:hvm.obj
 0001:0001b0e0       _hb_vmIsStaticRef          0041c0e0 f   xhb:hvm.obj
 0001:0001b0f0       _hb_vmRegisterGlobals      0041c0f0 f   xhb:hvm.obj
 0001:0001b170       _hb_vmIsGlobalRef          0041c170 f   xhb:hvm.obj
 0001:0001b180       _HB_FUN___SETPROFILER      0041c180 f   xhb:hvm.obj
 0001:0001b190       _HB_FUN___TRACEPRGCALLS    0041c190 f   xhb:hvm.obj
 0001:0001b1b0       _hb_vmPushBaseArray        0041c1b0 f   xhb:hvm.obj
 0001:0001b250       _hb_vmPushItemRef          0041c250 f   xhb:hvm.obj
 0001:0001b2a0       _HB_FUN_HB_FUNCPTR         0041c2a0 f   xhb:hvm.obj
 0001:0001b340       _HB_FUN_HB_QSELF           0041c340 f   xhb:hvm.obj
 0001:0001b3b0       _HB_FUN___OPCOUNT          0041c3b0 f   xhb:hvm.obj
 0001:0001b3d0       _HB_FUN___OPGETPRF         0041c3d0 f   xhb:hvm.obj
 0001:0001b400       _HB_FUN_HB_SAVEBLOCK       0041c400 f   xhb:hvm.obj
 0001:0001b520       _HB_FUN_HB_RESTOREBLOCK    0041c520 f   xhb:hvm.obj
 0001:0001b840       _HB_FUN_HB_GUIERRORMESSAGE 0041c840 f   xhb:hvm.obj
 0001:0001b850       _HB_FUN_HB_NOMOUSE         0041c850 f   xhb:hvm.obj
 0001:0001b860       _HB_FUN_HB_NOSTARTUPWINDOW 0041c860 f   xhb:hvm.obj
 0001:0001b870       _HB_FUN_HB_RESETWITH       0041c870 f   xhb:hvm.obj
 0001:0001b8d0       _HB_FUN_HB_WITHOBJECTCOUNTER 0041c8d0 f   xhb:hvm.obj
 0001:0001b8f0       _HB_FUN___TEXTINTO         0041c8f0 f   xhb:hvm.obj
 0001:0001b930       _HB_FUN_HB_MULTITHREAD     0041c930 f   xhb:hvm.obj
 0001:0001b950       _HB_FUN_HB_VMMODE          0041c950 f   xhb:hvm.obj
 0001:0001b9b0       _hb_xvmExitProc            0041c9b0 f   xhb:hvm.obj
 0001:0001b9d0       _hb_xvmSeqBegin            0041c9d0 f   xhb:hvm.obj
 0001:0001ba60       _hb_xvmSeqEnd              0041ca60 f   xhb:hvm.obj
 0001:0001bb40       _hb_xvmSeqRecover          0041cb40 f   xhb:hvm.obj
 0001:0001bbc0       _hb_xvmTryBegin            0041cbc0 f   xhb:hvm.obj
 0001:0001bbf0       _hb_xvmTryEnd              0041cbf0 f   xhb:hvm.obj
 0001:0001bc30       _hb_xvmTryEndFin           0041cc30 f   xhb:hvm.obj
 0001:0001bd10       _hb_xvmTryRecover          0041cd10 f   xhb:hvm.obj
 0001:0001bd50       _hb_xvmBeginFinally        0041cd50 f   xhb:hvm.obj
 0001:0001bd70       _hb_xvmEndFinally          0041cd70 f   xhb:hvm.obj
 0001:0001bdb0       _hb_xvmSetLine             0041cdb0 f   xhb:hvm.obj
 0001:0001bde0       _hb_xvmBaseLine            0041cde0 f   xhb:hvm.obj
 0001:0001be20       _hb_xvmLineOffset          0041ce20 f   xhb:hvm.obj
 0001:0001be60       _hb_xvmClassSetModule      0041ce60 f   xhb:hvm.obj
 0001:0001bf10       _hb_xvmIVarRef             0041cf10 f   xhb:hvm.obj
 0001:0001c270       _hb_xvmFrame               0041d270 f   xhb:hvm.obj
 0001:0001c290       _hb_xvmSFrame              0041d290 f   xhb:hvm.obj
 0001:0001c2a0       _hb_xvmDo                  0041d2a0 f   xhb:hvm.obj
 0001:0001c2d0       _hb_xvmFunction            0041d2d0 f   xhb:hvm.obj
 0001:0001c350       _hb_xvmSend                0041d350 f   xhb:hvm.obj
 0001:0001c3d0       _hb_xvmSendWith            0041d3d0 f   xhb:hvm.obj
 0001:0001c450       _hb_xvmRetValue            0041d450 f   xhb:hvm.obj
 0001:0001c4c0       _hb_xvmStatics             0041d4c0 f   xhb:hvm.obj
 0001:0001c4e0       _hb_xvmParameter           0041d4e0 f   xhb:hvm.obj
 0001:0001c500       _hb_xvmPushLocal           0041d500 f   xhb:hvm.obj
 0001:0001c510       _hb_xvmPushLocalByRef      0041d510 f   xhb:hvm.obj
 0001:0001c520       _hb_xvmPopLocal            0041d520 f   xhb:hvm.obj
 0001:0001c530       _hb_xvmPushStatic          0041d530 f   xhb:hvm.obj
 0001:0001c540       _hb_xvmPushStaticByRef     0041d540 f   xhb:hvm.obj
 0001:0001c550       _hb_xvmPopStatic           0041d550 f   xhb:hvm.obj
 0001:0001c560       _hb_xvmPushGlobal          0041d560 f   xhb:hvm.obj
 0001:0001c580       _hb_xvmPushGlobalByRef     0041d580 f   xhb:hvm.obj
 0001:0001c5d0       _hb_xvmPopGlobal           0041d5d0 f   xhb:hvm.obj
 0001:0001c6b0       _hb_xvmPushVariable        0041d6b0 f   xhb:hvm.obj
 0001:0001c6e0       _hb_xvmPopVariable         0041d6e0 f   xhb:hvm.obj
 0001:0001c770       _hb_xvmPushBlockShort      0041d770 f   xhb:hvm.obj
 0001:0001c790       _hb_xvmPushBlock           0041d790 f   xhb:hvm.obj
 0001:0001c7b0       _hb_xvmPushSelf            0041d7b0 f   xhb:hvm.obj
 0001:0001c7d0       _hb_xvmPopLogical          0041d7d0 f   xhb:hvm.obj
 0001:0001c800       _hb_xvmPopAlias            0041d800 f   xhb:hvm.obj
 0001:0001c860       _hb_xvmSwapAlias           0041d860 f   xhb:hvm.obj
 0001:0001c890       _hb_xvmPushField           0041d890 f   xhb:hvm.obj
 0001:0001c8f0       _hb_xvmPushAlias           0041d8f0 f   xhb:hvm.obj
 0001:0001c920       _hb_xvmPushAliasedField    0041d920 f   xhb:hvm.obj
 0001:0001c950       _hb_xvmPushAliasedVar      0041d950 f   xhb:hvm.obj
 0001:0001c980       _hb_xvmPopField            0041d980 f   xhb:hvm.obj
 0001:0001ca10       _hb_xvmPushMemvar          0041da10 f   xhb:hvm.obj
 0001:0001ca70       _hb_xvmPushMemvarByRef     0041da70 f   xhb:hvm.obj
 0001:0001cad0       _hb_xvmPopMemvar           0041dad0 f   xhb:hvm.obj
 0001:0001cb60       _hb_xvmPopAliasedField     0041db60 f   xhb:hvm.obj
 0001:0001cb90       _hb_xvmPopAliasedVar       0041db90 f   xhb:hvm.obj
 0001:0001cbc0       _hb_xvmLocalAddInt         0041dbc0 f   xhb:hvm.obj
 0001:0001cc00       _hb_xvmLocalAdd            0041dc00 f   xhb:hvm.obj
 0001:0001ccd0       _hb_xvmEqual               0041dcd0 f   xhb:hvm.obj
 0001:0001cd00       _hb_xvmAnd                 0041dd00 f   xhb:hvm.obj
 0001:0001cd30       _hb_xvmOr                  0041dd30 f   xhb:hvm.obj
 0001:0001cd60       _hb_xvmNot                 0041dd60 f   xhb:hvm.obj
 0001:0001cd90       _hb_xvmNegate              0041dd90 f   xhb:hvm.obj
 0001:0001cdc0       _hb_xvmPower               0041ddc0 f   xhb:hvm.obj
 0001:0001cdf0       _hb_xvmDuplicate           0041ddf0 f   xhb:hvm.obj
 0001:0001ce00       _hb_xvmDuplTwo             0041de00 f   xhb:hvm.obj
 0001:0001ce10       _hb_xvmForTest             0041de10 f   xhb:hvm.obj
 0001:0001ce40       _hb_xvmFuncPtr             0041de40 f   xhb:hvm.obj
 0001:0001ce50       _hb_xvmNotEqual            0041de50 f   xhb:hvm.obj
 0001:0001ce80       _hb_xvmLess                0041de80 f   xhb:hvm.obj
 0001:0001ceb0       _hb_xvmLessEqual           0041deb0 f   xhb:hvm.obj
 0001:0001cee0       _hb_xvmGreater             0041dee0 f   xhb:hvm.obj
 0001:0001cf10       _hb_xvmGreaterEqual        0041df10 f   xhb:hvm.obj
 0001:0001cf40       _hb_xvmInstring            0041df40 f   xhb:hvm.obj
 0001:0001cf70       _hb_xvmAddInt              0041df70 f   xhb:hvm.obj
 0001:0001cfb0       _hb_xvmPlus                0041dfb0 f   xhb:hvm.obj
 0001:0001d050       _hb_xvmMinus               0041e050 f   xhb:hvm.obj
 0001:0001d080       _hb_xvmMultByInt           0041e080 f   xhb:hvm.obj
 0001:0001d1f0       _hb_xvmMult                0041e1f0 f   xhb:hvm.obj
 0001:0001d220       _hb_xvmDivideByInt         0041e220 f   xhb:hvm.obj
 0001:0001d440       _hb_xvmDivide              0041e440 f   xhb:hvm.obj
 0001:0001d470       _hb_xvmModulus             0041e470 f   xhb:hvm.obj
 0001:0001d4a0       _hb_xvmInc                 0041e4a0 f   xhb:hvm.obj
 0001:0001d4d0       _hb_xvmDec                 0041e4d0 f   xhb:hvm.obj
 0001:0001d500       _hb_xvmBitAnd              0041e500 f   xhb:hvm.obj
 0001:0001d530       _hb_xvmBitOr               0041e530 f   xhb:hvm.obj
 0001:0001d560       _hb_xvmBitXor              0041e560 f   xhb:hvm.obj
 0001:0001d590       _hb_xvmBitShiftL           0041e590 f   xhb:hvm.obj
 0001:0001d5c0       _hb_xvmBitShiftR           0041e5c0 f   xhb:hvm.obj
 0001:0001d5f0       _hb_xvmLeft                0041e5f0 f   xhb:hvm.obj
 0001:0001d6f0       _hb_xvmRight               0041e6f0 f   xhb:hvm.obj
 0001:0001d760       _hb_xvmLike                0041e760 f   xhb:hvm.obj
 0001:0001d810       _hb_xvmMatch               0041e810 f   xhb:hvm.obj
 0001:0001d8c0       _hb_xvmArrayDim            0041e8c0 f   xhb:hvm.obj
 0001:0001d8d0       _hb_xvmArrayGen            0041e8d0 f   xhb:hvm.obj
 0001:0001d8f0       _hb_xvmHashGen             0041e8f0 f   xhb:hvm.obj
 0001:0001dff0       _hb_xvmArrayPush           0041eff0 f   xhb:hvm.obj
 0001:0001e020       _hb_xvmArrayPushRef        0041f020 f   xhb:hvm.obj
 0001:0001e050       _hb_xvmArrayItemPush       0041f050 f   xhb:hvm.obj
 0001:0001e080       _hb_xvmArrayPop            0041f080 f   xhb:hvm.obj
 0001:0001e0b0       _hb_xvmArrayPopPlus        0041f0b0 f   xhb:hvm.obj
 0001:0001e0e0       _hb_xvmArrayItemPop        0041f0e0 f   xhb:hvm.obj
 0001:0001e110       _hb_xvmPushDouble          0041f110 f   xhb:hvm.obj
 0001:0001e130       _hb_xvmPushLongLong        0041f130 f   xhb:hvm.obj
 0001:0001e150       _hb_xvmLocalName           0041f150 f   xhb:hvm.obj
 0001:0001e170       _hb_xvmStaticName          0041f170 f   xhb:hvm.obj
 0001:0001e190       _hb_xvmModuleName          0041f190 f   xhb:hvm.obj
 0001:0001e1a0       _hb_xvmMacroList           0041f1a0 f   xhb:hvm.obj
 0001:0001e1c0       _hb_xvmMacroListEnd        0041f1c0 f   xhb:hvm.obj
 0001:0001e1e0       _hb_xvmMacroPush           0041f1e0 f   xhb:hvm.obj
 0001:0001e220       _hb_xvmPushMacroRef        0041f220 f   xhb:hvm.obj
 0001:0001e260       _hb_xvmMacroPushIndex      0041f260 f   xhb:hvm.obj
 0001:0001e390       _hb_xvmMacroPushArg        0041f390 f   xhb:hvm.obj
 0001:0001e3f0       _hb_xvmMacroPushList       0041f3f0 f   xhb:hvm.obj
 0001:0001e430       _hb_xvmMacroPushPare       0041f430 f   xhb:hvm.obj
 0001:0001e470       _hb_xvmMacroPushAliased    0041f470 f   xhb:hvm.obj
 0001:0001e4b0       _hb_xvmMacroPop            0041f4b0 f   xhb:hvm.obj
 0001:0001e4f0       _hb_xvmMacroPopAliased     0041f4f0 f   xhb:hvm.obj
 0001:0001e530       _hb_xvmMacroSymbol         0041f530 f   xhb:hvm.obj
 0001:0001e560       _hb_xvmMacroText           0041f560 f   xhb:hvm.obj
 0001:0001e590       _hb_xvmLocalSetInt         0041f590 f   xhb:hvm.obj
 0001:0001e620       _hb_xvmLocalSetStr         0041f620 f   xhb:hvm.obj
 0001:0001e6c0       _hb_xvmSwitchCase          0041f6c0 f   xhb:hvm.obj
 0001:0001e7d0       _hb_xvmPushWith            0041f7d0 f   xhb:hvm.obj
 0001:0001e800       _hb_xvmWithObject          0041f800 f   xhb:hvm.obj
 0001:0001e900       _hb_xvmEndWithObject       0041f900 f   xhb:hvm.obj
 0001:0001e950       _hb_xvmEnumIndex           0041f950 f   xhb:hvm.obj
 0001:0001e9c0       _hb_xvmForEach             0041f9c0 f   xhb:hvm.obj
 0001:0001ebf0       _hb_xvmEnumerate           0041fbf0 f   xhb:hvm.obj
 0001:0001edc0       _hb_xvmEndEnumerate        0041fdc0 f   xhb:hvm.obj
 0001:0001eeb0       _hb_xvmLocalSetStringHidden 0041feb0 f   xhb:hvm.obj
 0001:0001ef70       _hb_xvmPushStringHidden    0041ff70 f   xhb:hvm.obj
 0001:0001efa0       _hb_xvmDivert              0041ffa0 f   xhb:hvm.obj
 0001:0001efb0       _hb_vmRequestDebug         0041ffb0 f   xhb:hvm.obj
 0001:0001efc0       _hb_dbg_InvokeDebug        0041ffc0 f   xhb:hvm.obj
 0001:0001efe0       _hb_dbg_SetEntry           0041ffe0 f   xhb:hvm.obj
 0001:0001f000       _hb_dbg_vmVarSGet          00420000 f   xhb:hvm.obj
 0001:0001f020       _hb_dbg_ProcLevel          00420020 f   xhb:hvm.obj
 0001:0001f030       _HB_FUN_HB_DBG_INVOKEDEBUG 00420030 f   xhb:hvm.obj
 0001:0001f090       _HB_FUN_HB_DBG_VMVARSLIST  00420090 f   xhb:hvm.obj
 0001:0001f0c0       _HB_FUN_HB_DBG_VMVARSLEN   004200c0 f   xhb:hvm.obj
 0001:0001f0e0       _HB_FUN_HB_DBG_VMVARSGET   004200e0 f   xhb:hvm.obj
 0001:0001f120       _HB_FUN_HB_DBG_VMVARSSET   00420120 f   xhb:hvm.obj
 0001:0001f170       _HB_FUN_HB_DBG_PROCLEVEL   00420170 f   xhb:hvm.obj
 0001:0001f190       _hb_dbg_vmVarGCount        00420190 f   xhb:hvm.obj
 0001:0001f1a0       _hb_dbg_vmVarGGet          004201a0 f   xhb:hvm.obj
 0001:0001f1c0       _HB_FUN_HB_DBG_VMVARGLIST  004201c0 f   xhb:hvm.obj
 0001:0001f1f0       _HB_FUN_HB_DBG_VMVARGGET   004201f0 f   xhb:hvm.obj
 0001:0001f230       _HB_FUN_HB_DBG_VMVARGSET   00420230 f   xhb:hvm.obj
 0001:0001f280       _HB_FUN___VMVARGLIST       00420280 f   xhb:hvm.obj
 0001:0001f290       _HB_FUN___VMVARSLIST       00420290 f   xhb:hvm.obj
 0001:0001f2a0       _HB_FUN___VMVARSLEN        004202a0 f   xhb:hvm.obj
 0001:0001f2b0       _HB_FUN___VMVARSGET        004202b0 f   xhb:hvm.obj
 0001:0001f2c0       _HB_FUN___VMVARSSET        004202c0 f   xhb:hvm.obj
 0001:0001f2d0       _hb_winmainArgInit         004202d0 f   xhb:cmdarg.obj
 0001:0001f300       _hb_winmainArgGet          00420300 f   xhb:cmdarg.obj
 0001:0001f340       _hb_cmdargInit             00420340 f   xhb:cmdarg.obj
 0001:0001f360       _hb_cmdargARGC             00420360 f   xhb:cmdarg.obj
 0001:0001f370       _hb_cmdargARGV             00420370 f   xhb:cmdarg.obj
 0001:0001f380       _hb_cmdargIsInternal       00420380 f   xhb:cmdarg.obj
 0001:0001f5d0       _hb_cmdargCheck            004205d0 f   xhb:cmdarg.obj
 0001:0001f600       _hb_cmdargString           00420600 f   xhb:cmdarg.obj
 0001:0001f620       _hb_cmdargNum              00420620 f   xhb:cmdarg.obj
 0001:0001f660       _HB_FUN_HB_ARGCHECK        00420660 f   xhb:cmdarg.obj
 0001:0001f6b0       _HB_FUN_HB_ARGSTRING       004206b0 f   xhb:cmdarg.obj
 0001:0001f710       _HB_FUN_HB_ARGC            00420710 f   xhb:cmdarg.obj
 0001:0001f730       _HB_FUN_HB_ARGV            00420730 f   xhb:cmdarg.obj
 0001:0001f7a0       _hb_cmdargProcessVM        004207a0 f   xhb:cmdarg.obj
 0001:0001f9a0       _hb_verCvsID               004209a0 f   xhb:cmdarg.obj
 0001:0001f9b0       _hb_verCvsChangeLogID      004209b0 f   xhb:cmdarg.obj
 0001:0001f9c0       _hb_verCvsLastEntry        004209c0 f   xhb:cmdarg.obj
 0001:0001f9d0       _hb_verFlagsC              004209d0 f   xhb:cmdarg.obj
 0001:0001f9e0       _hb_verFlagsL              004209e0 f   xhb:cmdarg.obj
 0001:0001f9f0       _hb_verFlagsPRG            004209f0 f   xhb:cmdarg.obj
 0001:0001fa00       _HB_FUN_HB_CMDARGARGV      00420a00 f   xhb:cmdarg.obj
 0001:0001fc50       _hb_fsGetOsHandle          00420c50 f   xhb:filesys.obj
 0001:0001fc60       _hb_fsPOpen                00420c60 f   xhb:filesys.obj
 0001:0001fc80       _hb_fsOpenProcess          00420c80 f   xhb:filesys.obj
 0001:000200c0       _hb_fsProcessValue         004210c0 f   xhb:filesys.obj
 0001:00020150       _hb_fsCloseProcess         00421150 f   xhb:filesys.obj
 0001:000201a0       _hb_fsOpen                 004211a0 f   xhb:filesys.obj
 0001:00020240       _hb_fsCreate               00421240 f   xhb:filesys.obj
 0001:000202e0       _hb_fsCreateEx             004212e0 f   xhb:filesys.obj
 0001:00020390       _hb_fsClose                00421390 f   xhb:filesys.obj
 0001:000203c0       _hb_fsSetDevMode           004213c0 f   xhb:filesys.obj
 0001:00020460       _hb_fsGetFileTime          00421460 f   xhb:filesys.obj
 0001:00020530       _hb_fsGetAttr              00421530 f   xhb:filesys.obj
 0001:000205a0       _hb_fsSetFileTime          004215a0 f   xhb:filesys.obj
 0001:000206e0       _hb_fsSetAttr              004216e0 f   xhb:filesys.obj
 0001:00020770       _hb_fsRead                 00421770 f   xhb:filesys.obj
 0001:000207e0       _hb_fsWrite                004217e0 f   xhb:filesys.obj
 0001:00020870       _hb_fsReadLarge            00421870 f   xhb:filesys.obj
 0001:000208c0       _hb_fsWriteLarge           004218c0 f   xhb:filesys.obj
 0001:00020930       _hb_fsReadAt               00421930 f   xhb:filesys.obj
 0001:00020a10       _hb_fsWriteAt              00421a10 f   xhb:filesys.obj
 0001:00020af0       _hb_fsTruncAt              00421af0 f   xhb:filesys.obj
 0001:00020ba0       _hb_fsCommit               00421ba0 f   xhb:filesys.obj
 0001:00020bd0       _hb_fsLock                 00421bd0 f   xhb:filesys.obj
 0001:00020d30       _hb_fsLockLarge            00421d30 f   xhb:filesys.obj
 0001:00020f00       _hb_fsSeek                 00421f00 f   xhb:filesys.obj
 0001:00020fa0       _hb_fsSeekLarge            00421fa0 f   xhb:filesys.obj
 0001:00021100       _hb_fsTell                 00422100 f   xhb:filesys.obj
 0001:00021120       _hb_fsDelete               00422120 f   xhb:filesys.obj
 0001:00021170       _hb_fsRename               00422170 f   xhb:filesys.obj
 0001:000211f0       _hb_fsMkDir                004221f0 f   xhb:filesys.obj
 0001:00021250       _hb_fsChDir                00422250 f   xhb:filesys.obj
 0001:000212a0       _hb_fsRmDir                004222a0 f   xhb:filesys.obj
 0001:000212f0       _hb_fsCurDir               004222f0 f   xhb:filesys.obj
 0001:00021320       _hb_fsCurDirBuff           00422320 f   xhb:filesys.obj
 0001:00021470       _hb_fsChDrv                00422470 f   xhb:filesys.obj
 0001:00021510       _hb_fsCurDrv               00422510 f   xhb:filesys.obj
 0001:00021550       _hb_fsIsDrv                00422550 f   xhb:filesys.obj
 0001:000215b0       _hb_fsIsDevice             004225b0 f   xhb:filesys.obj
 0001:00021600       _hb_fsExtName              00422600 f   xhb:filesys.obj
 0001:000217a0       _hb_fsExtOpen              004227a0 f   xhb:filesys.obj
 0001:000218d0       _hb_fsEof                  004228d0 f   xhb:filesys.obj
 0001:000219f0       _hb_fsCurDirEx             004229f0 f   xhb:filesys.obj
 0001:00021a20       _hb_fsCurDirBuffEx         00422a20 f   xhb:filesys.obj
 0001:00021af0       _hb_fsNameConv             00422af0 f   xhb:filesys.obj
 0001:00021df0       _HB_FUN_HB_DISABLEWAITLOCKS 00422df0 f   xhb:filesys.obj
 0001:00021e40       _HB_FUN_DISABLEWAITLOCKS   00422e40 f   xhb:filesys.obj
 0001:00021e50       _hb_gtInit                 00422e50 f   xhb:gtapi.obj
 0001:00021f00       _hb_gtExit                 00422f00 f   xhb:gtapi.obj
 0001:00021f60       _hb_gtReadKey              00422f60 f   xhb:gtapi.obj
 0001:00021f90       _hb_gtBox                  00422f90 f   xhb:gtapi.obj
 0001:00022000       _hb_gtBoxD                 00423000 f   xhb:gtapi.obj
 0001:00022070       _hb_gtBoxS                 00423070 f   xhb:gtapi.obj
 0001:000220e0       _hb_gtDrawBox              004230e0 f   xhb:gtapi.obj
 0001:00022140       _hb_gtColorSelect          00423140 f   xhb:gtapi.obj
 0001:00022170       _hb_gtDispBegin            00423170 f   xhb:gtapi.obj
 0001:000221a0       _hb_gtDispCount            004231a0 f   xhb:gtapi.obj
 0001:000221d0       _hb_gtDispEnd              004231d0 f   xhb:gtapi.obj
 0001:00022200       _hb_gtPreExt               00423200 f   xhb:gtapi.obj
 0001:00022230       _hb_gtPostExt              00423230 f   xhb:gtapi.obj
 0001:00022260       _hb_gtGetColorStr          00423260 f   xhb:gtapi.obj
 0001:00022290       _hb_gtColorToN             00423290 f   xhb:gtapi.obj
 0001:000222c0       _hb_gtColorsToString       004232c0 f   xhb:gtapi.obj
 0001:00022300       _hb_gtSetColorStr          00423300 f   xhb:gtapi.obj
 0001:00022330       _hb_gtGetCursor            00423330 f   xhb:gtapi.obj
 0001:00022370       _hb_gtSetCursor            00423370 f   xhb:gtapi.obj
 0001:000223b0       _hb_gtGetPos               004233b0 f   xhb:gtapi.obj
 0001:00022410       _hb_gtSetPos               00423410 f   xhb:gtapi.obj
 0001:00022450       _hb_gtMaxCol               00423450 f   xhb:gtapi.obj
 0001:00022480       _hb_gtMaxRow               00423480 f   xhb:gtapi.obj
 0001:000224b0       _hb_gtScrDim               004234b0 f   xhb:gtapi.obj
 0001:00022510       _hb_gtSetSnowFlag          00423510 f   xhb:gtapi.obj
 0001:00022540       _hb_gtRectSize             00423540 f   xhb:gtapi.obj
 0001:00022590       _hb_gtIsColor              00423590 f   xhb:gtapi.obj
 0001:000225c0       _hb_gtRepChar              004235c0 f   xhb:gtapi.obj
 0001:00022620       _hb_gtSave                 00423620 f   xhb:gtapi.obj
 0001:00022660       _hb_gtRest                 00423660 f   xhb:gtapi.obj
 0001:000226b0       _hb_gtGetChar              004236b0 f   xhb:gtapi.obj
 0001:00022700       _hb_gtPutChar              00423700 f   xhb:gtapi.obj
 0001:00022750       _hb_gtBeginWrite           00423750 f   xhb:gtapi.obj
 0001:00022760       _hb_gtEndWrite             00423760 f   xhb:gtapi.obj
 0001:00022790       _hb_gtGetBlink             00423790 f   xhb:gtapi.obj
 0001:000227d0       _hb_gtSetBlink             004237d0 f   xhb:gtapi.obj
 0001:00022800       _hb_gtSetMode              00423800 f   xhb:gtapi.obj
 0001:00022840       _hb_gtPutText              00423840 f   xhb:gtapi.obj
 0001:000228a0       _hb_gtWriteAt              004238a0 f   xhb:gtapi.obj
 0001:000228e0       _hb_gtWrite                004238e0 f   xhb:gtapi.obj
 0001:00022920       _hb_gtWriteCon             00423920 f   xhb:gtapi.obj
 0001:00022960       _hb_gtScroll               00423960 f   xhb:gtapi.obj
 0001:000229e0       _hb_gtScrollUp             004239e0 f   xhb:gtapi.obj
 0001:00022a30       _hb_gtDrawShadow           00423a30 f   xhb:gtapi.obj
 0001:00022a80       _hb_gtTone                 00423a80 f   xhb:gtapi.obj
 0001:00022ac0       _hb_gtVersion              00423ac0 f   xhb:gtapi.obj
 0001:00022af0       _hb_gtSetAttribute         00423af0 f   xhb:gtapi.obj
 0001:00022b40       _hb_gtSuspend              00423b40 f   xhb:gtapi.obj
 0001:00022b70       _hb_gtResume               00423b70 f   xhb:gtapi.obj
 0001:00022ba0       _hb_gtOutStd               00423ba0 f   xhb:gtapi.obj
 0001:00022be0       _hb_gtOutErr               00423be0 f   xhb:gtapi.obj
 0001:00022c20       _hb_gtSetDispCP            00423c20 f   xhb:gtapi.obj
 0001:00022c60       _hb_gtSetKeyCP             00423c60 f   xhb:gtapi.obj
 0001:00022ca0       _hb_gtInfo                 00423ca0 f   xhb:gtapi.obj
 0001:00022ce0       _hb_gtAlert                00423ce0 f   xhb:gtapi.obj
 0001:00022d30       _hb_gtSetFlag              00423d30 f   xhb:gtapi.obj
 0001:00022d60       _hb_gtGetCurrColor         00423d60 f   xhb:gtapi.obj
 0001:00022d90       _hb_gtGetClearColor        00423d90 f   xhb:gtapi.obj
 0001:00022dc0       _hb_gtSetClearColor        00423dc0 f   xhb:gtapi.obj
 0001:00022df0       _hb_gtGetClearChar         00423df0 f   xhb:gtapi.obj
 0001:00022e20       _hb_gtSetClearChar         00423e20 f   xhb:gtapi.obj
 0001:00022e50       _hb_gtGetScrChar           00423e50 f   xhb:gtapi.obj
 0001:00022e90       _hb_gtPutScrChar           00423e90 f   xhb:gtapi.obj
 0001:00022ee0       _hb_gtFlush                00423ee0 f   xhb:gtapi.obj
 0001:00022f10       _hb_gtGetPosEx             00423f10 f   xhb:gtapi.obj
 0001:00022f50       _hb_gtScrollEx             00423f50 f   xhb:gtapi.obj
 0001:00022fe0       _hb_gtBoxEx                00423fe0 f   xhb:gtapi.obj
 0001:00023050       _hb_gtGfxPrimitive         00424050 f   xhb:gtapi.obj
 0001:000230a0       _hb_gtGfxText              004240a0 f   xhb:gtapi.obj
 0001:000230f0       _hb_setkeyInit             004240f0 f   xhb:setkey.obj
 0001:00023100       _hb_setkeyExit             00424100 f   xhb:setkey.obj
 0001:000232e0       _HB_FUN_SETKEY             004242e0 f   xhb:setkey.obj
 0001:000233d0       _HB_FUN_HB_SETKEYARRAY     004243d0 f   xhb:setkey.obj
 0001:00023460       _HB_FUN_HB_SETKEYGET       00424460 f   xhb:setkey.obj
 0001:000234e0       _HB_FUN_HB_SETKEYSAVE      004244e0 f   xhb:setkey.obj
 0001:00023680       _HB_FUN_HB_SETKEYCHECK     00424680 f   xhb:setkey.obj
 0001:00023800       _hb_conXSaveRestRelease    00424800 f   xhb:xsavescr.obj
 0001:00023820       _HB_FUN___XSAVESCREEN      00424820 f   xhb:xsavescr.obj
 0001:000238b0       _HB_FUN___XRESTSCREEN      004248b0 f   xhb:xsavescr.obj
 0001:00023920       _hb_param                  00424920 f   xhb:extend.obj
 0001:000239d0       _hb_paramError             004249d0 f   xhb:extend.obj
 0001:00023a00       _hb_extIsArray             00424a00 f   xhb:extend.obj
 0001:00023a70       _hb_extIsObject            00424a70 f   xhb:extend.obj
 0001:00023b00       _hb_parc                   00424b00 f   xhb:extend.obj
 0001:00023ba0       _hb_parcx                  00424ba0 f   xhb:extend.obj
 0001:00023c50       _hb_parclen                00424c50 f   xhb:extend.obj
 0001:00023cf0       _hb_parcsiz                00424cf0 f   xhb:extend.obj
 0001:00023d90       _hb_pards                  00424d90 f   xhb:extend.obj
 0001:00023e50       _hb_pardts                 00424e50 f   xhb:extend.obj
 0001:00023f10       _hb_pardsbuff              00424f10 f   xhb:extend.obj
 0001:00023fd0       _hb_pardl                  00424fd0 f   xhb:extend.obj
 0001:00024070       _hb_pardtsbuff             00425070 f   xhb:extend.obj
 0001:00024130       _hb_part                   00425130 f   xhb:extend.obj
 0001:000241d0       _hb_pardtsec               004251d0 f   xhb:extend.obj
 0001:00024280       _hb_pardtd                 00425280 f   xhb:extend.obj
 0001:00024330       _hb_parl                   00425330 f   xhb:extend.obj
 0001:000244b0       _hb_parnd                  004254b0 f   xhb:extend.obj
 0001:000245b0       _hb_parni                  004255b0 f   xhb:extend.obj
 0001:000246a0       _hb_parnl                  004256a0 f   xhb:extend.obj
 0001:000247a0       _hb_parnint                004257a0 f   xhb:extend.obj
 0001:000248b0       _hb_parptr                 004258b0 f   xhb:extend.obj
 0001:00024950       _hb_parptrGC               00425950 f   xhb:extend.obj
 0001:00024a30       _hb_parinfa                00425a30 f   xhb:extend.obj
 0001:00024a70       _hb_parinfo                00425a70 f   xhb:extend.obj
 0001:00024b20       _hb_pcount                 00425b20 f   xhb:extend.obj
 0001:00024b40       _hb_ret                    00425b40 f   xhb:extend.obj
 0001:00024b70       _hb_reta                   00425b70 f   xhb:extend.obj
 0001:00024b90       _hb_retc                   00425b90 f   xhb:extend.obj
 0001:00024bb0       _hb_retc_null              00425bb0 f   xhb:extend.obj
 0001:00024bd0       _hb_retclen                00425bd0 f   xhb:extend.obj
 0001:00024bf0       _hb_retds                  00425bf0 f   xhb:extend.obj
 0001:00024c10       _hb_retdts                 00425c10 f   xhb:extend.obj
 0001:00024c30       _hb_retd                   00425c30 f   xhb:extend.obj
 0001:00024c50       _hb_retdt                  00425c50 f   xhb:extend.obj
 0001:00024c90       _hb_retdl                  00425c90 f   xhb:extend.obj
 0001:00024cb0       _hb_retdtd                 00425cb0 f   xhb:extend.obj
 0001:00024cd0       _hb_retdtl                 00425cd0 f   xhb:extend.obj
 0001:00024cf0       _hb_retl                   00425cf0 f   xhb:extend.obj
 0001:00024d20       _hb_retnd                  00425d20 f   xhb:extend.obj
 0001:00024d40       _hb_retni                  00425d40 f   xhb:extend.obj
 0001:00024d60       _hb_retnl                  00425d60 f   xhb:extend.obj
 0001:00024d80       _hb_retnlen                00425d80 f   xhb:extend.obj
 0001:00024db0       _hb_retndlen               00425db0 f   xhb:extend.obj
 0001:00024de0       _hb_retnilen               00425de0 f   xhb:extend.obj
 0001:00024e00       _hb_retnllen               00425e00 f   xhb:extend.obj
 0001:00024e20       _hb_retptr                 00425e20 f   xhb:extend.obj
 0001:00024e40       _hb_retptrGC               00425e40 f   xhb:extend.obj
 0001:00024e60       _hb_retnint                00425e60 f   xhb:extend.obj
 0001:00024e80       _hb_retnintlen             00425e80 f   xhb:extend.obj
 0001:00024ea0       _hb_storc                  00425ea0 f   xhb:extend.obj
 0001:00024f70       _hb_storclen               00425f70 f   xhb:extend.obj
 0001:00025040       _hb_storclenAdopt          00426040 f   xhb:extend.obj
 0001:00025130       _hb_stords                 00426130 f   xhb:extend.obj
 0001:00025200       _hb_stordts                00426200 f   xhb:extend.obj
 0001:000252d0       _hb_stordl                 004262d0 f   xhb:extend.obj
 0001:000253a0       _hb_stordtd                004263a0 f   xhb:extend.obj
 0001:00025470       _hb_stordtl                00426470 f   xhb:extend.obj
 0001:00025540       _hb_stord                  00426540 f   xhb:extend.obj
 0001:00025620       _hb_stordt                 00426620 f   xhb:extend.obj
 0001:00025720       _hb_storl                  00426720 f   xhb:extend.obj
 0001:00025820       _hb_storni                 00426820 f   xhb:extend.obj
 0001:000258f0       _hb_stornl                 004268f0 f   xhb:extend.obj
 0001:000259c0       _hb_stornint               004269c0 f   xhb:extend.obj
 0001:00025ab0       _hb_stornd                 00426ab0 f   xhb:extend.obj
 0001:00025b80       _hb_storptr                00426b80 f   xhb:extend.obj
 0001:00025c50       _hb_stornll                00426c50 f   xhb:extend.obj
 0001:00025d30       _hb_parnll                 00426d30 f   xhb:extend.obj
 0001:00025e20       _hb_retnll                 00426e20 f   xhb:extend.obj
 0001:00025e40       _hb_retnlllen              00426e40 f   xhb:extend.obj
 0001:00026650       _hb_set_SetPrinterStart    00427650 f   xhb:set.obj
 0001:000266b0       _hb_set_SetPrinterStop     004276b0 f   xhb:set.obj
 0001:00026700       _hb_setSetCentury          00427700 f   xhb:set.obj
 0001:000268b0       _HB_FUN___SETCENTURY       004278b0 f   xhb:set.obj
 0001:00026910       _HB_FUN_SETCANCEL          00427910 f   xhb:set.obj
 0001:00026960       _HB_FUN_SET                00427960 f   xhb:set.obj
 0001:00028d30       _hb_setInitialize          00429d30 f   xhb:set.obj
 0001:000291d0       _hb_setRelease             0042a1d0 f   xhb:set.obj
 0001:000294b0       _hb_setClone               0042a4b0 f   xhb:set.obj
 0001:000296e0       _hb_setListenerAdd         0042a6e0 f   xhb:set.obj
 0001:00029760       _hb_setListenerNotify      0042a760 f   xhb:set.obj
 0001:00029790       _hb_setListenerRemove      0042a790 f   xhb:set.obj
 0001:00029a30       _hb_setSetItem             0042aa30 f   xhb:set.obj
 0001:0002aa60       _hb_setSetItem2            0042ba60 f   xhb:set.obj
 0001:0002ab50       _hb_setGetL                0042bb50 f   xhb:set.obj
 0001:0002ad30       _hb_setGetCPtr             0042bd30 f   xhb:set.obj
 0001:0002ae40       _hb_setGetNI               0042be40 f   xhb:set.obj
 0001:0002af40       _hb_setGetNL               0042bf40 f   xhb:set.obj
 0001:0002af50       _hb_setGetFirstSetPath     0042bf50 f   xhb:set.obj
 0001:0002af60       _hb_setGetAltHan           0042bf60 f   xhb:set.obj
 0001:0002af70       _hb_setGetCentury          0042bf70 f   xhb:set.obj
 0001:0002af80       _hb_setGetExtraHan         0042bf80 f   xhb:set.obj
 0001:0002af90       _hb_setGetPrintHan         0042bf90 f   xhb:set.obj
 0001:0002afa0       _hb_setGetAlternate        0042bfa0 f   xhb:set.obj
 0001:0002afb0       _hb_setGetAltFile          0042bfb0 f   xhb:set.obj
 0001:0002afc0       _hb_setGetAutOpen          0042bfc0 f   xhb:set.obj
 0001:0002afd0       _hb_setGetAutOrder         0042bfd0 f   xhb:set.obj
 0001:0002afe0       _hb_setGetAutoShare        0042bfe0 f   xhb:set.obj
 0001:0002aff0       _hb_setGetBell             0042bff0 f   xhb:set.obj
 0001:0002b000       _hb_setGetCancel           0042c000 f   xhb:set.obj
 0001:0002b010       _hb_setGetColor            0042c010 f   xhb:set.obj
 0001:0002b020       _hb_setGetConfirm          0042c020 f   xhb:set.obj
 0001:0002b030       _hb_setGetConsole          0042c030 f   xhb:set.obj
 0001:0002b040       _hb_setGetDateFormat       0042c040 f   xhb:set.obj
 0001:0002b050       _hb_setGetTimeFormat       0042c050 f   xhb:set.obj
 0001:0002b060       _hb_setGetDebug            0042c060 f   xhb:set.obj
 0001:0002b070       _hb_setGetDecimals         0042c070 f   xhb:set.obj
 0001:0002b080       _hb_setGetDefault          0042c080 f   xhb:set.obj
 0001:0002b090       _hb_setGetDeleted          0042c090 f   xhb:set.obj
 0001:0002b0a0       _hb_setGetDelimChars       0042c0a0 f   xhb:set.obj
 0001:0002b0b0       _hb_setGetDelimiters       0042c0b0 f   xhb:set.obj
 0001:0002b0c0       _hb_setGetDevice           0042c0c0 f   xhb:set.obj
 0001:0002b0d0       _hb_setGetEOF              0042c0d0 f   xhb:set.obj
 0001:0002b0e0       _hb_setGetEpoch            0042c0e0 f   xhb:set.obj
 0001:0002b0f0       _hb_setGetEscape           0042c0f0 f   xhb:set.obj
 0001:0002b100       _hb_setGetEventMask        0042c100 f   xhb:set.obj
 0001:0002b110       _hb_setGetExact            0042c110 f   xhb:set.obj
 0001:0002b120       _hb_setGetExclusive        0042c120 f   xhb:set.obj
 0001:0002b130       _hb_setGetExit             0042c130 f   xhb:set.obj
 0001:0002b140       _hb_setGetExtra            0042c140 f   xhb:set.obj
 0001:0002b150       _hb_setGetExtraFile        0042c150 f   xhb:set.obj
 0001:0002b160       _hb_setGetFixed            0042c160 f   xhb:set.obj
 0001:0002b170       _hb_setGetIdleRepeat       0042c170 f   xhb:set.obj
 0001:0002b180       _hb_setGetInsert           0042c180 f   xhb:set.obj
 0001:0002b190       _hb_setGetIntensity        0042c190 f   xhb:set.obj
 0001:0002b1a0       _hb_setGetPath             0042c1a0 f   xhb:set.obj
 0001:0002b1b0       _hb_setGetMargin           0042c1b0 f   xhb:set.obj
 0001:0002b1c0       _hb_setGetMBlockSize       0042c1c0 f   xhb:set.obj
 0001:0002b1d0       _hb_setGetMCenter          0042c1d0 f   xhb:set.obj
 0001:0002b1e0       _hb_setGetMessage          0042c1e0 f   xhb:set.obj
 0001:0002b1f0       _hb_setGetMFileExt         0042c1f0 f   xhb:set.obj
 0001:0002b200       _hb_setGetOptimize         0042c200 f   xhb:set.obj
 0001:0002b210       _hb_setGetPrinter          0042c210 f   xhb:set.obj
 0001:0002b220       _hb_setGetPrintFile        0042c220 f   xhb:set.obj
 0001:0002b230       _hb_setGetScoreBoard       0042c230 f   xhb:set.obj
 0001:0002b240       _hb_setGetScrollBreak      0042c240 f   xhb:set.obj
 0001:0002b250       _hb_setGetSoftSeek         0042c250 f   xhb:set.obj
 0001:0002b260       _hb_setGetStrictRead       0042c260 f   xhb:set.obj
 0001:0002b270       _hb_setGetTypeAhead        0042c270 f   xhb:set.obj
 0001:0002b280       _hb_setGetUnique           0042c280 f   xhb:set.obj
 0001:0002b290       _hb_setGetFileCase         0042c290 f   xhb:set.obj
 0001:0002b2a0       _hb_setGetDirCase          0042c2a0 f   xhb:set.obj
 0001:0002b2b0       _hb_setGetDirSeparator     0042c2b0 f   xhb:set.obj
 0001:0002b2c0       _hb_setGetVideoMode        0042c2c0 f   xhb:set.obj
 0001:0002b2d0       _hb_setGetWrap             0042c2d0 f   xhb:set.obj
 0001:0002b2e0       _hb_setGetDBFLockScheme    0042c2e0 f   xhb:set.obj
 0001:0002b2f0       _hb_setGetHardCommit       0042c2f0 f   xhb:set.obj
 0001:0002b300       _hb_setGetForceOpt         0042c300 f   xhb:set.obj
 0001:0002b310       _hb_setGetDefExtension     0042c310 f   xhb:set.obj
 0001:0002b320       _hb_setGetEOL              0042c320 f   xhb:set.obj
 0001:0002b330       _hb_setGetTrimFileName     0042c330 f   xhb:set.obj
 0001:0002b340       _hb_setGetOSCODEPAGE       0042c340 f   xhb:set.obj
 0001:0002b350       _hb_osEncodeCP             0042c350 f   xhb:set.obj
 0001:0002b410       _hb_osDecodeCP             0042c410 f   xhb:set.obj
 0001:0002b4d0       _hb_setGetAppendError      0042c4d0 f   xhb:set.obj
 0001:0002b4e0       _hb_setGetErrorLog         0042c4e0 f   xhb:set.obj
 0001:0002b4f0       _hb_setGetTrace            0042c4f0 f   xhb:set.obj
 0001:0002b500       _hb_setGetTraceFile        0042c500 f   xhb:set.obj
 0001:0002b510       _hb_setGetTraceStack       0042c510 f   xhb:set.obj
 0001:0002b520       _hb_setGetErrorLoop        0042c520 f   xhb:set.obj
 0001:0002b530       _hb_setGetOutputSafety     0042c530 f   xhb:set.obj
 0001:0002b540       _hb_setGetBackgroundTasks  0042c540 f   xhb:set.obj
 0001:0002b550       _hb_setGetWinPrinter       0042c550 f   xhb:set.obj
 0001:0002b560       _hb_setGetWinHan           0042c560 f   xhb:set.obj
 0001:0002b570       _hb_setGetPrinterJob       0042c570 f   xhb:set.obj
 0001:0002b580       _hb_setGetBackGroundTick   0042c580 f   xhb:set.obj
 0001:0002b590       _hb_setGetWorkareasShared  0042c590 f   xhb:set.obj
 0001:0002b600       _hb_fsGetFError            0042c600 f   xhb:fserror.obj
 0001:0002b610       _hb_fsError                0042c610 f   xhb:fserror.obj
 0001:0002b620       _hb_fsOsError              0042c620 f   xhb:fserror.obj
 0001:0002b630       _hb_fsSetFError            0042c630 f   xhb:fserror.obj
 0001:0002b650       _hb_fsSetError             0042c650 f   xhb:fserror.obj
 0001:0002b670       _hb_fsSetIOError           0042c670 f   xhb:fserror.obj
 0001:0002b6b0       _hb_strAt                  0042c6b0 f   xhb:hbstr.obj
 0001:0002b720       _hb_strupr                 0042c720 f   xhb:hbstr.obj
 0001:0002b760       _hb_strlow                 0042c760 f   xhb:hbstr.obj
 0001:0002b7a0       _hb_strdup                 0042c7a0 f   xhb:hbstr.obj
 0001:0002b7e0       _hb_strndup                0042c7e0 f   xhb:hbstr.obj
 0001:0002b830       _hb_strnlen                0042c830 f   xhb:hbstr.obj
 0001:0002b860       _hb_strduptrim             0042c860 f   xhb:hbstr.obj
 0001:0002b8c0       _hb_strlentrim             0042c8c0 f   xhb:hbstr.obj
 0001:0002b900       _hb_stricmp                0042c900 f   xhb:hbstr.obj
 0001:0002b9a0       _hb_symcmp                 0042c9a0 f   xhb:hbstr.obj
 0001:0002ba30       _hb_strnicmp               0042ca30 f   xhb:hbstr.obj
 0001:0002bb00       _hb_xstrcat                0042cb00 f   xhb:hbstr.obj
 0001:0002bb60       _hb_xstrcpy                0042cb60 f   xhb:hbstr.obj
 0001:0002bc50       _hb_numRound               0042cc50 f   xhb:hbstr.obj
 0001:0002bd70       _hb_numInt                 0042cd70 f   xhb:hbstr.obj
 0001:0002bda0       _hb_numDecConv             0042cda0 f   xhb:hbstr.obj
 0001:0002c500       _hb_compStrToNum           0042d500 f   xhb:hbstr.obj
 0001:0002c530       _hb_compStrToNumErr        0042d530 f   xhb:hbstr.obj
 0001:0002c560       _hb_valStrnToNum           0042d560 f   xhb:hbstr.obj
 0001:0002c590       _hb_strToNum               0042d590 f   xhb:hbstr.obj
 0001:0002c5d0       _hb_strnToNum              0042d5d0 f   xhb:hbstr.obj
 0001:0002c600       _hb_strVal                 0042d600 f   xhb:hbstr.obj
 0001:0002c640       _hb_strValInt              0042d640 f   xhb:hbstr.obj
 0001:0002c6b0       _hb_strncpy                0042d6b0 f   xhb:hbstr.obj
 0001:0002c710       _hb_strncat                0042d710 f   xhb:hbstr.obj
 0001:0002c770       _hb_strncpyUpper           0042d770 f   xhb:hbstr.obj
 0001:0002c800       _hb_strncpyUpperTrim       0042d800 f   xhb:hbstr.obj
 0001:0002c8c0       _hb_strncpyTrim            0042d8c0 f   xhb:hbstr.obj
 0001:0002c950       _hb_strRemEscSeq           0042d950 f   xhb:hbstr.obj
 0001:0002cb80       _hb_stripOutComments       0042db80 f   xhb:hbstr.obj
 0001:0002cce0       _hb_strerror               0042dce0 f   xhb:hbstr.obj
 0001:0002ccf0       _hb_itemNew                0042dcf0 f   xhb:itemapi.obj
 0001:0002cd10       _hb_itemParam              0042dd10 f   xhb:itemapi.obj
 0001:0002cd30       _hb_itemParamPtr           0042dd30 f   xhb:itemapi.obj
 0001:0002cd50       _hb_itemPCount             0042dd50 f   xhb:itemapi.obj
 0001:0002cd70       _hb_itemRelease            0042dd70 f   xhb:itemapi.obj
 0001:0002cd90       _hb_itemArrayNew           0042dd90 f   xhb:itemapi.obj
 0001:0002cdb0       _hb_itemArrayGet           0042ddb0 f   xhb:itemapi.obj
 0001:0002cde0       _hb_itemArrayPut           0042dde0 f   xhb:itemapi.obj
 0001:0002ce10       _hb_itemSetCMemo           0042de10 f   xhb:itemapi.obj
 0001:0002ce30       _hb_itemGetC               0042de30 f   xhb:itemapi.obj
 0001:0002ce80       _hb_itemGetCPtr            0042de80 f   xhb:itemapi.obj
 0001:0002ceb0       _hb_itemGetCLen            0042deb0 f   xhb:itemapi.obj
 0001:0002cee0       _hb_itemCopyC              0042dee0 f   xhb:itemapi.obj
 0001:0002cf30       _hb_itemFreeC              0042df30 f   xhb:itemapi.obj
 0001:0002cf50       _hb_itemGetDS              0042df50 f   xhb:itemapi.obj
 0001:0002cf90       _hb_itemGetDTS             0042df90 f   xhb:itemapi.obj
 0001:0002cfd0       _hb_itemGetDL              0042dfd0 f   xhb:itemapi.obj
 0001:0002cff0       _hb_itemGetT               0042dff0 f   xhb:itemapi.obj
 0001:0002d010       _hb_itemGetTsec            0042e010 f   xhb:itemapi.obj
 0001:0002d040       _hb_itemGetDTsec           0042e040 f   xhb:itemapi.obj
 0001:0002d080       _hb_itemGetDTD             0042e080 f   xhb:itemapi.obj
 0001:0002d0c0       _hb_itemGetDTL             0042e0c0 f   xhb:itemapi.obj
 0001:0002d100       _hb_itemGetD               0042e100 f   xhb:itemapi.obj
 0001:0002d160       _hb_itemGetDT              0042e160 f   xhb:itemapi.obj
 0001:0002d200       _hb_itemGetL               0042e200 f   xhb:itemapi.obj
 0001:0002d300       _hb_itemGetND              0042e300 f   xhb:itemapi.obj
 0001:0002d3d0       _hb_itemGetNDDec           0042e3d0 f   xhb:itemapi.obj
 0001:0002d4d0       _hb_itemGetNI              0042e4d0 f   xhb:itemapi.obj
 0001:0002d580       _hb_itemGetNL              0042e580 f   xhb:itemapi.obj
 0001:0002d630       _hb_itemGetPtr             0042e630 f   xhb:itemapi.obj
 0001:0002d650       _hb_itemGetPtrGC           0042e650 f   xhb:itemapi.obj
 0001:0002d690       _hb_itemGetSymbol          0042e690 f   xhb:itemapi.obj
 0001:0002d6c0       _hb_itemPutDate            0042e6c0 f   xhb:itemapi.obj
 0001:0002d710       _hb_itemPutDS              0042e710 f   xhb:itemapi.obj
 0001:0002d730       _hb_itemPutDTS             0042e730 f   xhb:itemapi.obj
 0001:0002d770       _hb_itemPutD               0042e770 f   xhb:itemapi.obj
 0001:0002d7a0       _hb_itemPutDT              0042e7a0 f   xhb:itemapi.obj
 0001:0002d800       _hb_itemPutTDT             0042e800 f   xhb:itemapi.obj
 0001:0002d850       _hb_itemPutDL              0042e850 f   xhb:itemapi.obj
 0001:0002d870       _hb_itemPutDTL             0042e870 f   xhb:itemapi.obj
 0001:0002d8b0       _hb_itemPutDTsec           0042e8b0 f   xhb:itemapi.obj
 0001:0002d900       _hb_itemPutDTD             0042e900 f   xhb:itemapi.obj
 0001:0002d940       _hb_itemPutL               0042e940 f   xhb:itemapi.obj
 0001:0002d990       _hb_itemPutND              0042e990 f   xhb:itemapi.obj
 0001:0002d9b0       _hb_itemPutNDDec           0042e9b0 f   xhb:itemapi.obj
 0001:0002da50       _hb_itemPutNI              0042ea50 f   xhb:itemapi.obj
 0001:0002dac0       _hb_itemPutNL              0042eac0 f   xhb:itemapi.obj
 0001:0002db30       _hb_itemPutNLen            0042eb30 f   xhb:itemapi.obj
 0001:0002dc30       _hb_itemPutNDLen           0042ec30 f   xhb:itemapi.obj
 0001:0002dce0       _hb_itemPutNILen           0042ece0 f   xhb:itemapi.obj
 0001:0002dd60       _hb_itemPutNLLen           0042ed60 f   xhb:itemapi.obj
 0001:0002dde0       _hb_itemPutSymbol          0042ede0 f   xhb:itemapi.obj
 0001:0002de60       _hb_itemGetNLen            0042ee60 f   xhb:itemapi.obj
 0001:0002df10       _hb_itemSize               0042ef10 f   xhb:itemapi.obj
 0001:0002df60       _hb_itemType               0042ef60 f   xhb:itemapi.obj
 0001:0002df80       _hb_itemTypeStr            0042ef80 f   xhb:itemapi.obj
 0001:0002e130       _hb_itemUnRef              0042f130 f   xhb:itemapi.obj
 0001:0002e160       _hb_itemUnRefOnce          0042f160 f   xhb:itemapi.obj
 0001:0002e290       _hb_itemUnShareString      0042f290 f   xhb:itemapi.obj
 0001:0002e350       _hb_itemUnShare            0042f350 f   xhb:itemapi.obj
 0001:0002e390       _hb_itemGetWriteCL         0042f390 f   xhb:itemapi.obj
 0001:0002e3f0       _hb_itemClone              0042f3f0 f   xhb:itemapi.obj
 0001:0002e440       _hb_itemStrCmp             0042f440 f   xhb:itemapi.obj
 0001:0002e580       _hb_itemStrBuf             0042f580 f   xhb:itemapi.obj
 0001:0002eb70       _hb_itemStr                0042fb70 f   xhb:itemapi.obj
 0001:0002ec60       _hb_itemString             0042fc60 f   xhb:itemapi.obj
 0001:0002ef00       _hb_itemPadConv            0042ff00 f   xhb:itemapi.obj
 0001:0002efe0       _hb_itemValToStr           0042ffe0 f   xhb:itemapi.obj
 0001:0002f030       _hb_itemGetNLL             00430030 f   xhb:itemapi.obj
 0001:0002f0e0       _hb_itemPutNLL             004300e0 f   xhb:itemapi.obj
 0001:0002f170       _hb_itemPutNLLLen          00430170 f   xhb:itemapi.obj
 0001:0002f210       _hb_itemPutNInt            00430210 f   xhb:itemapi.obj
 0001:0002f270       _hb_itemPutNIntLen         00430270 f   xhb:itemapi.obj
 0001:0002f2e0       _hb_itemGetNInt            004302e0 f   xhb:itemapi.obj
 0001:0002f390       _hb_itemPutHBLong          00430390 f   xhb:itemapi.obj
 0001:0002f420       _hb_itemPutNumType         00430420 f   xhb:itemapi.obj
 0001:0002f4e0       _hb_itemPutNull            004304e0 f   xhb:itemapi.obj
 0001:0002f500       _hb_xalloc                 00430500 f   xhb:fm.obj
 0001:0002f550       _hb_xgrab                  00430550 f   xhb:fm.obj
 0001:0002f5b0       _hb_xrealloc               004305b0 f   xhb:fm.obj
 0001:0002f650       _hb_xfree                  00430650 f   xhb:fm.obj
 0001:0002f690       _hb_xRefInc                00430690 f   xhb:fm.obj
 0001:0002f6a0       _hb_xRefDec                004306a0 f   xhb:fm.obj
 0001:0002f6d0       _hb_xRefFree               004306d0 f   xhb:fm.obj
 0001:0002f700       _hb_xRefCount              00430700 f   xhb:fm.obj
 0001:0002f710       _hb_xRefResize             00430710 f   xhb:fm.obj
 0001:0002f7e0       _hb_xautorelease           004307e0 f   xhb:fm.obj
 0001:0002f7f0       _hb_xsize                  004307f0 f   xhb:fm.obj
 0001:0002f800       _hb_xinit                  00430800 f   xhb:fm.obj
 0001:0002f820       _hb_xexit                  00430820 f   xhb:fm.obj
 0001:0002f830       _hb_xquery                 00430830 f   xhb:fm.obj
 0001:0002f9d0       _HB_FUN_MEMORY             004309d0 f   xhb:fm.obj
 0001:0002fa00       _HB_FUN_HB_FM_NOSTAT       00430a00 f   xhb:fm.obj
 0001:0002fa10       _hb_itemPushForward        00430a10 f   xhb:fastitem.obj
 0001:0002fa50       _hb_itemForwardValue       00430a50 f   xhb:fastitem.obj
 0001:0002fab0       _hb_itemReturn             00430ab0 f   xhb:fastitem.obj
 0001:0002fad0       _hb_itemReturnForward      00430ad0 f   xhb:fastitem.obj
 0001:0002faf0       _hb_itemReturnRelease      00430af0 f   xhb:fastitem.obj
 0001:0002fb20       _hb_itemReleaseString      00430b20 f   xhb:fastitem.obj
 0001:0002fb80       _hb_itemClear              00430b80 f   xhb:fastitem.obj
 0001:0002fd50       _hb_itemSwap               00430d50 f   xhb:fastitem.obj
 0001:0002fd90       _hb_itemCopy               00430d90 f   xhb:fastitem.obj
 0001:0002ff70       _hb_itemPutC               00430f70 f   xhb:fastitem.obj
 0001:0002ffa0       _hb_itemPutCL              00430fa0 f   xhb:fastitem.obj
 0001:000301e0       _hb_itemPutCPtr            004311e0 f   xhb:fastitem.obj
 0001:00030230       _hb_itemPutCRaw            00431230 f   xhb:fastitem.obj
 0001:000302c0       _hb_itemPutCRawStatic      004312c0 f   xhb:fastitem.obj
 0001:00030320       _hb_itemPutCStatic         00431320 f   xhb:fastitem.obj
 0001:00030350       _hb_itemPutCLStatic        00431350 f   xhb:fastitem.obj
 0001:000303c0       _hb_itemPutPtr             004313c0 f   xhb:fastitem.obj
 0001:00030410       _hb_itemPutPtrGC           00431410 f   xhb:fastitem.obj
 0001:00030440       _hb_itemPushStaticString   00431440 f   xhb:fastitem.obj
 0001:00030490       _hb_retcAdopt              00431490 f   xhb:fastitem.obj
 0001:00030530       _hb_retclenAdopt           00431530 f   xhb:fastitem.obj
 0001:000305b0       _hb_retclenAdoptRaw        004315b0 f   xhb:fastitem.obj
 0001:00030620       _hb_retcStatic             00431620 f   xhb:fastitem.obj
 0001:00030680       _hb_retclenStatic          00431680 f   xhb:fastitem.obj
 0001:000306c0       _hb_itemParamId            004316c0 f   xhb:fastitem.obj
 0001:00030880       _hb_clsInit                00431880 f   xhb:classes.obj
 0001:000309f0       _hb_clsDisableDestructors  004319f0 f   xhb:classes.obj
 0001:00030a00       _hb_clsDestructorsAllowed  00431a00 f   xhb:classes.obj
 0001:00030a10       _hb_clsClearAllClassDatas  00431a10 f   xhb:classes.obj
 0001:00030a50       _hb_clsClearAll            00431a50 f   xhb:classes.obj
 0001:00030a90       _hb_clsReleaseAll          00431a90 f   xhb:classes.obj
 0001:00030b40       _hb_clsIsClassRef          00431b40 f   xhb:classes.obj
 0001:00031080       _hb_clsIsParent            00432080 f   xhb:classes.obj
 0001:00031100       _hb_objGetClsName          00432100 f   xhb:classes.obj
 0001:00031220       _hb_clsName                00432220 f   xhb:classes.obj
 0001:00031250       _hb_objGetRealCls          00432250 f   xhb:classes.obj
 0001:000312e0       _hb_objGetRealClsName      004322e0 f   xhb:classes.obj
 0001:00031420       _hb_objGetOpOver           00432420 f   xhb:classes.obj
 0001:00031450       _hb_objGetClsSymbol        00432450 f   xhb:classes.obj
 0001:00031660       _hb_objGetMethod           00432660 f   xhb:classes.obj
 0001:000316b0       _hb_objGetMthd             004326b0 f   xhb:classes.obj
 0001:00031930       _hb_clsHasMsg              00432930 f   xhb:classes.obj
 0001:000319c0       _hb_objGetpMthd            004329c0 f   xhb:classes.obj
 0001:00031a10       _hb_objGetpMethod          00432a10 f   xhb:classes.obj
 0001:00031a40       _hb_objHasMsg              00432a40 f   xhb:classes.obj
 0001:00031a60       _hb_objHasMessage          00432a60 f   xhb:classes.obj
 0001:00032a10       _HB_FUN___CLSADDMSG        00433a10 f   xhb:classes.obj
 0001:00032c30       ___cls_CntMethods          00433c30 f   xhb:classes.obj
 0001:00033920       _HB_FUN___CLSNEW           00434920 f   xhb:classes.obj
 0001:00033aa0       _hb_clsDeactiveClass       00434aa0 f   xhb:classes.obj
 0001:00033b10       _HB_FUN___CLSISACTIVE      00434b10 f   xhb:classes.obj
 0001:00033b70       _HB_FUN___CLSACTIVE        00434b70 f   xhb:classes.obj
 0001:00033c00       _HB_FUN___CLSSETMODULE     00434c00 f   xhb:classes.obj
 0001:00033c80       _HB_FUN___CLSDELMSG        00434c80 f   xhb:classes.obj
 0001:00033de0       _HB_FUN___CLSINST          00434de0 f   xhb:classes.obj
 0001:00033e00       _hb_clsInst                00434e00 f   xhb:classes.obj
 0001:00034260       _HB_FUN___CLSMODMSG        00435260 f   xhb:classes.obj
 0001:00034580       _HB_FUN___CLSMSGASSIGNED   00435580 f   xhb:classes.obj
 0001:00034650       _HB_FUN___OBJGETCLSNAME    00435650 f   xhb:classes.obj
 0001:00034680       _HB_FUN___CLSHASMSG        00435680 f   xhb:classes.obj
 0001:00034750       _HB_FUN___OBJHASMSG        00435750 f   xhb:classes.obj
 0001:000347f0       _hb_objClone               004357f0 f   xhb:classes.obj
 0001:000348f0       _HB_FUN___OBJCLONE         004358f0 f   xhb:classes.obj
 0001:00034940       _hb_objSendMsg             00435940 f   xhb:classes.obj
 0001:000349d0       _hb_objSendSymbol          004359d0 f   xhb:classes.obj
 0001:00034a20       _hb_objSendMessage         00435a20 f   xhb:classes.obj
 0001:00034a70       _HB_FUN___OBJSENDMSG       00435a70 f   xhb:classes.obj
 0001:00034b50       _HB_FUN___OBJSENDMSGCASE   00435b50 f   xhb:classes.obj
 0001:00034c30       _HB_FUN___CLSINSTSUPER     00435c30 f   xhb:classes.obj
 0001:00034d70       _HB_FUN___CLS_CNTCLSDATA   00435d70 f   xhb:classes.obj
 0001:00034dd0       _HB_FUN___CLS_CNTSHRDATA   00435dd0 f   xhb:classes.obj
 0001:00034e10       _HB_FUN___CLS_CNTDATA      00435e10 f   xhb:classes.obj
 0001:00034e60       _HB_FUN___CLS_DECDATA      00435e60 f   xhb:classes.obj
 0001:00034eb0       _HB_FUN___CLS_INCDATA      00435eb0 f   xhb:classes.obj
 0001:00034f30       _HB_FUN___CLASSNAME        00435f30 f   xhb:classes.obj
 0001:00034f90       _HB_FUN___CLASSSEL         00435f90 f   xhb:classes.obj
 0001:00035040       _HB_FUN___GETMEMBERS       00436040 f   xhb:classes.obj
 0001:00035260       _HB_FUN___GETMESSAGE       00436260 f   xhb:classes.obj
 0001:00035290       _HB_FUN___CLSPARENT        00436290 f   xhb:classes.obj
 0001:000352e0       _HB_FUN___SENDER           004362e0 f   xhb:classes.obj
 0001:00035360       _hb_objClassH              00436360 f   xhb:classes.obj
 0001:00035480       _HB_FUN___CLASSH           00436480 f   xhb:classes.obj
 0001:000354b0       _HB_FUN___EVAL             004364b0 f   xhb:classes.obj
 0001:00035bb0       _hb___msgGetClsData        00436bb0 f   xhb:classes.obj
 0001:00035c00       _hb___msgSetClsData        00436c00 f   xhb:classes.obj
 0001:00035c60       _hb___msgGetShrData        00436c60 f   xhb:classes.obj
 0001:00035cb0       _hb___msgSetShrData        00436cb0 f   xhb:classes.obj
 0001:00035d20       _hb___msgGetData           00436d20 f   xhb:classes.obj
 0001:00035d70       _hb___msgSetData           00436d70 f   xhb:classes.obj
 0001:00035ec0       _hb_clsClassesArray        00436ec0 f   xhb:classes.obj
 0001:00035ed0       _hb_clsMaxClasses          00436ed0 f   xhb:classes.obj
 0001:00035ee0       _HB_FUN___GETMSGPRF        00436ee0 f   xhb:classes.obj
 0001:00035f10       _hb_mthAddTime             00436f10 f   xhb:classes.obj
 0001:00035f20       _hb_clsFinalize            00436f20 f   xhb:classes.obj
 0001:000360e0       _HB_FUN___CLSGETPROPERTIES 004370e0 f   xhb:classes.obj
 0001:000361a0       _HB_FUN___CLSGETPROPERTIESANDVALUES 004371a0 f   xhb:classes.obj
 0001:000362b0       _HB_FUN___CLSGETIVARNAMESANDVALUES 004372b0 f   xhb:classes.obj
 0001:00036400       _hb_clsSymbolFromFunction  00437400 f   xhb:classes.obj
 0001:00036470       _HB_FUN_HB_OBJMSGPTR       00437470 f   xhb:classes.obj
 0001:00036510       _hb_clsGetHandleFromName   00437510 f   xhb:classes.obj
 0001:00036570       _HB_FUN___CLSGETHANDLEFROMNAME 00437570 f   xhb:classes.obj
 0001:00036670       _hb_clsSetModule           00437670 f   xhb:classes.obj
 0001:000366b0       _HB_FUN___SETCLASSSCOPE    004376b0 f   xhb:classes.obj
 0001:00036700       _hb_clsSetScope            00437700 f   xhb:classes.obj
 0001:00036720       _HB_FUN___SETCLASSAUTOINIT 00437720 f   xhb:classes.obj
 0001:000368b0       _HB_FUN___CLSADDFRIEND     004378b0 f   xhb:classes.obj
 0001:000368f0       _HB_FUN___CLSFRIENDLY      004378f0 f   xhb:classes.obj
 0001:00036a10       _HB_FUN___CLSASSOCTYPE     00437a10 f   xhb:classes.obj
 0001:00036be0       _HB_FUN___CLSCNTCLASSES    00437be0 f   xhb:classes.obj
 0001:00036c00       _HB_FUN___CLSINSTNAME      00437c00 f   xhb:classes.obj
 0001:00036ce0       _hb_clsCreate              00437ce0 f   xhb:classes.obj
 0001:00036d10       _hb_clsAdd                 00437d10 f   xhb:classes.obj
 0001:00036d40       _hb_clsAddData             00437d40 f   xhb:classes.obj
 0001:00036d70       _hb_clsAssociate           00437d70 f   xhb:classes.obj
 0001:00036d90       _hb_clsAddDataInit         00437d90 f   xhb:classes.obj
 0001:00037c60       _HB_FUN_ERRORNEW           00438c60 f   xhb:errorapi.obj
 0001:00037e70       _HB_FUN___ERRINHANDLER     00438e70 f   xhb:errorapi.obj
 0001:00037e90       _HB_FUN_ERRORBLOCK         00438e90 f   xhb:errorapi.obj
 0001:00037ed0       _hb_errorBlock             00438ed0 f   xhb:errorapi.obj
 0001:00037f00       _hb_errorHandler           00438f00 f   xhb:errorapi.obj
 0001:00037f30       _HB_FUN_DOSERROR           00438f30 f   xhb:errorapi.obj
 0001:00037f70       _hb_errInit                00438f70 f   xhb:errorapi.obj
 0001:00037fe0       _hb_errExit                00438fe0 f   xhb:errorapi.obj
 0001:00038010       _hb_errNew                 00439010 f   xhb:errorapi.obj
 0001:00038160       _hb_errLaunch              00439160 f   xhb:errorapi.obj
 0001:000383f0       _hb_errLaunchSubst         004393f0 f   xhb:errorapi.obj
 0001:000385c0       _hb_errRelease             004395c0 f   xhb:errorapi.obj
 0001:000385d0       _hb_errGetCargo            004395d0 f   xhb:errorapi.obj
 0001:000385f0       _hb_errPutCargo            004395f0 f   xhb:errorapi.obj
 0001:00038610       _hb_errGetArgs             00439610 f   xhb:errorapi.obj
 0001:00038630       _hb_errPutArgsArray        00439630 f   xhb:errorapi.obj
 0001:00038650       _hb_errGetDescription      00439650 f   xhb:errorapi.obj
 0001:00038670       _hb_errPutDescription      00439670 f   xhb:errorapi.obj
 0001:00038690       _hb_errGetFileName         00439690 f   xhb:errorapi.obj
 0001:000386b0       _hb_errPutFileName         004396b0 f   xhb:errorapi.obj
 0001:000386d0       _hb_errGetGenCode          004396d0 f   xhb:errorapi.obj
 0001:000386f0       _hb_errPutGenCode          004396f0 f   xhb:errorapi.obj
 0001:00038710       _hb_errGetOperation        00439710 f   xhb:errorapi.obj
 0001:00038730       _hb_errPutOperation        00439730 f   xhb:errorapi.obj
 0001:00038780       _hb_errGetOsCode           00439780 f   xhb:errorapi.obj
 0001:000387a0       _hb_errPutOsCode           004397a0 f   xhb:errorapi.obj
 0001:000387c0       _hb_errGetSeverity         004397c0 f   xhb:errorapi.obj
 0001:000387e0       _hb_errPutSeverity         004397e0 f   xhb:errorapi.obj
 0001:00038800       _hb_errGetSubCode          00439800 f   xhb:errorapi.obj
 0001:00038820       _hb_errPutSubCode          00439820 f   xhb:errorapi.obj
 0001:00038840       _hb_errGetSubSystem        00439840 f   xhb:errorapi.obj
 0001:00038860       _hb_errPutSubSystem        00439860 f   xhb:errorapi.obj
 0001:00038880       _hb_errGetProcName         00439880 f   xhb:errorapi.obj
 0001:000388a0       _hb_errPutProcName         004398a0 f   xhb:errorapi.obj
 0001:000388c0       _hb_errGetProcLine         004398c0 f   xhb:errorapi.obj
 0001:000388e0       _hb_errPutProcLine         004398e0 f   xhb:errorapi.obj
 0001:00038900       _hb_errGetThreadId         00439900 f   xhb:errorapi.obj
 0001:00038920       _hb_errPutThreadId         00439920 f   xhb:errorapi.obj
 0001:00038940       _hb_errGetRunningThreads   00439940 f   xhb:errorapi.obj
 0001:00038960       _hb_errPutRunningThreads   00439960 f   xhb:errorapi.obj
 0001:00038980       _hb_errGetVmThreadId       00439980 f   xhb:errorapi.obj
 0001:000389a0       _hb_errPutVmThreadId       004399a0 f   xhb:errorapi.obj
 0001:000389c0       _hb_errGetModuleName       004399c0 f   xhb:errorapi.obj
 0001:000389e0       _hb_errPutModuleName       004399e0 f   xhb:errorapi.obj
 0001:00038a00       _hb_errGetCallStack        00439a00 f   xhb:errorapi.obj
 0001:00038a20       _hb_errPutCallStack        00439a20 f   xhb:errorapi.obj
 0001:00038a40       _hb_errGetTries            00439a40 f   xhb:errorapi.obj
 0001:00038a60       _hb_errPutTries            00439a60 f   xhb:errorapi.obj
 0001:00038a80       _hb_errGetFlags            00439a80 f   xhb:errorapi.obj
 0001:00038aa0       _hb_errPutFlags            00439aa0 f   xhb:errorapi.obj
 0001:00038b30       _hb_errPutArgs             00439b30 f   xhb:errorapi.obj
 0001:00038b80       _hb_errRT_New              00439b80 f   xhb:errorapi.obj
 0001:00038c50       _hb_errRT_New_Subst        00439c50 f   xhb:errorapi.obj
 0001:00038d30       _hb_errRT_SubstParams      00439d30 f   xhb:errorapi.obj
 0001:00038db0       _hb_errRT_FileError        00439db0 f   xhb:errorapi.obj
 0001:00038e70       _HB_FUN___ERRRT_BASE       00439e70 f   xhb:errorapi.obj
 0001:00038ee0       _HB_FUN___ERRRT_SBASE      00439ee0 f   xhb:errorapi.obj
 0001:00038f50       _hb_errRT_BASE             00439f50 f   xhb:errorapi.obj
 0001:00039040       _hb_errRT_BASE_Ext1        0043a040 f   xhb:errorapi.obj
 0001:00039140       _hb_errRT_BASE_Subst       0043a140 f   xhb:errorapi.obj
 0001:00039230       _hb_errRT_BASE_SubstR      0043a230 f   xhb:errorapi.obj
 0001:00039320       _hb_errRT_TERM             0043a320 f   xhb:errorapi.obj
 0001:00039370       _hb_errRT_DBCMD            0043a370 f   xhb:errorapi.obj
 0001:000393d0       _hb_errRT_DBCMD_Ext        0043a3d0 f   xhb:errorapi.obj
 0001:00039420       _hb_errRT_TOOLS            0043a420 f   xhb:errorapi.obj
 0001:00039470       _hb_errInternal            0043a470 f   xhb:errorapi.obj
 0001:00039610       _hb_dynsymLog              0043a610 f   xhb:dynsym.obj
 0001:00039650       _hb_symbolNew              0043a650 f   xhb:dynsym.obj
 0001:000396c0       _hb_dynsymNew              0043a6c0 f   xhb:dynsym.obj
 0001:000397e0       _hb_dynsymGet              0043a7e0 f   xhb:dynsym.obj
 0001:000398b0       _hb_dynsymGetCase          0043a8b0 f   xhb:dynsym.obj
 0001:00039920       _hb_dynsymGetCaseWithNamespaces 0043a920 f   xhb:dynsym.obj
 0001:00039990       _hb_dynsymGetWithNamespaces 0043a990 f   xhb:dynsym.obj
 0001:00039a00       _hb_dynsymFindName         0043aa00 f   xhb:dynsym.obj
 0001:00039a80       _hb_dynsymFind             0043aa80 f   xhb:dynsym.obj
 0001:00039b50       _hb_dynsymFindWithNamespaces 0043ab50 f   xhb:dynsym.obj
 0001:00039bc0       _hb_dynsymFindNameWithNamespaces 0043abc0 f   xhb:dynsym.obj
 0001:00039cb0       _hb_dynsymGetSymbol        0043acb0 f   xhb:dynsym.obj
 0001:00039cd0       _hb_dynsymFindSymbol       0043acd0 f   xhb:dynsym.obj
 0001:00039cf0       _hb_dynsymSymbol           0043acf0 f   xhb:dynsym.obj
 0001:00039d00       _hb_dynsymName             0043ad00 f   xhb:dynsym.obj
 0001:00039d10       _hb_dynsymIsFunction       0043ad10 f   xhb:dynsym.obj
 0001:00039d30       _hb_dynsymMemvarHandle     0043ad30 f   xhb:dynsym.obj
 0001:00039d40       _hb_dynsymAreaHandle       0043ad40 f   xhb:dynsym.obj
 0001:00039d50       _hb_dynsymSetAreaHandle    0043ad50 f   xhb:dynsym.obj
 0001:00039d60       _hb_dynsymEval             0043ad60 f   xhb:dynsym.obj
 0001:00039da0       _hb_dynsymRelease          0043ada0 f   xhb:dynsym.obj
 0001:00039e10       _hb_dynsymPos              0043ae10 f   xhb:dynsym.obj
 0001:00039e40       _hb_dynsymItems            0043ae40 f   xhb:dynsym.obj
 0001:00039e50       _hb_dynsymCount            0043ae50 f   xhb:dynsym.obj
 0001:00039e60       _HB_FUN___DYNSCOUNT        0043ae60 f   xhb:dynsym.obj
 0001:00039e80       _HB_FUN___DYNSGETNAME      0043ae80 f   xhb:dynsym.obj
 0001:00039ed0       _HB_FUN___DYNSGETINDEX     0043aed0 f   xhb:dynsym.obj
 0001:00039f10       _HB_FUN___DYNSISFUN        0043af10 f   xhb:dynsym.obj
 0001:00039f70       _HB_FUN___DYNSGETPRF       0043af70 f   xhb:dynsym.obj
 0001:00039fa0       _hb_getregex               0043afa0 f   xhb:regex.obj
 0001:0003a080       _hb_freeregex              0043b080 f   xhb:regex.obj
 0001:0003a0a0       _hb_regexCompile           0043b0a0 f   xhb:regex.obj
 0001:0003a130       _hb_regexGet               0043b130 f   xhb:regex.obj
 0001:0003a1f0       _hb_regexFree              0043b1f0 f   xhb:regex.obj
 0001:0003a230       _hb_regexMatch             0043b230 f   xhb:regex.obj
 0001:0003a2b0       _hb_regex                  0043b2b0 f   xhb:regex.obj
 0001:0003ad40       _Wild2RegEx                0043bd40 f   xhb:regex.obj
 0001:0003ae70       _Mask2RegEx                0043be70 f   xhb:regex.obj
 0001:0003af40       _HB_FUN_HB_ATX             0043bf40 f   xhb:regex.obj
 0001:0003b210       _HB_FUN_WILD2REGEX         0043c210 f   xhb:regex.obj
 0001:0003b270       _HB_FUN_HB_REGEX           0043c270 f   xhb:regex.obj
 0001:0003b290       _HB_FUN_HB_REGEXATX        0043c290 f   xhb:regex.obj
 0001:0003b2b0       _HB_FUN_HB_REGEXALL        0043c2b0 f   xhb:regex.obj
 0001:0003b2d0       _HB_FUN_HB_REGEXMATCH      0043c2d0 f   xhb:regex.obj
 0001:0003b320       _HB_FUN_HB_REGEXSPLIT      0043c320 f   xhb:regex.obj
 0001:0003b340       _HB_FUN_HB_REGEXCOMP       0043c340 f   xhb:regex.obj
 0001:0003b4d0       _HB_FUN_HB_PCRE_VERSION    0043c4d0 f   xhb:regex.obj
 0001:0003b4f0       _HB_FUN_HB_ISREGEXSTRING   0043c4f0 f   xhb:regex.obj
 0001:0003b550       _HB_FUN_HB_FORCELINK_PCREPOS 0043c550 f   xhb:regex.obj
 0001:0003b560       _hb_stack_init             0043c560 f   xhb:estack.obj
 0001:0003b620       _hb_stackInit              0043c620 f   xhb:estack.obj
 0001:0003b660       _hb_stackFree              0043c660 f   xhb:estack.obj
 0001:0003b730       _hb_stackSetStruct         0043c730 f   xhb:estack.obj
 0001:0003b740       _hb_stackPop               0043c740 f   xhb:estack.obj
 0001:0003b7a0       _hb_stackPopReturn         0043c7a0 f   xhb:estack.obj
 0001:0003b810       _hb_stackDec               0043c810 f   xhb:estack.obj
 0001:0003b840       _hb_stackDecrease          0043c840 f   xhb:estack.obj
 0001:0003b880       _hb_stackPush              0043c880 f   xhb:estack.obj
 0001:0003b8b0       _hb_stackAllocItem         0043c8b0 f   xhb:estack.obj
 0001:0003b8e0       _hb_stackPushReturn        0043c8e0 f   xhb:estack.obj
 0001:0003b930       _hb_stackIncrease          0043c930 f   xhb:estack.obj
 0001:0003ba00       _hb_stackRemove            0043ca00 f   xhb:estack.obj
 0001:0003ba30       _hb_stackNewFrame          0043ca30 f   xhb:estack.obj
 0001:0003baa0       _hb_stackOldFrame          0043caa0 f   xhb:estack.obj
 0001:0003bbb0       _hb_stackClearPrivateBases 0043cbb0 f   xhb:estack.obj
 0001:0003bbf0       _hb_stackTopOffset         0043cbf0 f   xhb:estack.obj
 0001:0003bc10       _hb_stackBaseOffset        0043cc10 f   xhb:estack.obj
 0001:0003bc30       _hb_stackBaseProcOffset    0043cc30 f   xhb:estack.obj
 0001:0003bc90       _hb_stackTotalItems        0043cc90 f   xhb:estack.obj
 0001:0003bca0       _hb_stackIOErrors          0043cca0 f   xhb:estack.obj
 0001:0003bcb0       _hb_stackRDD               0043ccb0 f   xhb:estack.obj
 0001:0003bcc0       _hb_stackRDDTLS            0043ccc0 f   xhb:estack.obj
 0001:0003bcd0       _hb_stackGetStaticsBase    0043ccd0 f   xhb:estack.obj
 0001:0003bce0       _hb_stackSetStaticsBase    0043cce0 f   xhb:estack.obj
 0001:0003bcf0       _hb_stackItemBasePtr       0043ccf0 f   xhb:estack.obj
 0001:0003bd00       _hb_stackItem              0043cd00 f   xhb:estack.obj
 0001:0003bd30       _hb_stackItemFromTop       0043cd30 f   xhb:estack.obj
 0001:0003bd60       _hb_stackItemFromBase      0043cd60 f   xhb:estack.obj
 0001:0003bd90       _hb_stackLocalVariable     0043cd90 f   xhb:estack.obj
 0001:0003bdc0       _hb_stackTopItem           0043cdc0 f   xhb:estack.obj
 0001:0003bdd0       _hb_stackBaseItem          0043cdd0 f   xhb:estack.obj
 0001:0003bde0       _hb_stackSelfItem          0043cde0 f   xhb:estack.obj
 0001:0003bdf0       _hb_stackReturnItem        0043cdf0 f   xhb:estack.obj
 0001:0003be00       _hb_stackDateBuffer        0043ce00 f   xhb:estack.obj
 0001:0003be10       _hb_stackGetBase           0043ce10 f   xhb:estack.obj
 0001:0003be90       _hb_stackGetActionRequest  0043ce90 f   xhb:estack.obj
 0001:0003bea0       _hb_stackSetActionRequest  0043cea0 f   xhb:estack.obj
 0001:0003bec0       _hb_stackDispLocal         0043cec0 f   xhb:estack.obj
 0001:0003c1a0       _hb_stackDispCall          0043d1a0 f   xhb:estack.obj
 0001:0003c2b0       _hb_arrayNew               0043d2b0 f   xhb:arrays.obj
 0001:0003c370       _hb_arraySize              0043d370 f   xhb:arrays.obj
[...]
 0001:000a8d80       _hb_fptCountFlexItemLength 004a9d80 f   DBF:dbffpt1.obj
 0001:000a8fde       _hb_fptStoreFlexItem       004a9fde f   DBF:dbffpt1.obj
 0001:000a94b3       _hb_fptReadFlexItem        004aa4b3 f   DBF:dbffpt1.obj
 0001:000a9f36       _hb_fptCopyToRawFile       004aaf36 f   DBF:dbffpt1.obj
 0001:000a712c       _hb_fptGetMemoLen          004a812c f   DBF:dbffpt1.obj
 0001:000a6629       _hb_fptInitGCdata          004a7629 f   DBF:dbffpt1.obj
 0001:000a667e       _hb_fptReadGCdata          004a767e f   DBF:dbffpt1.obj
 0001:000a6060       _hb_fptGCfreeBlock         004a7060 f   DBF:dbffpt1.obj
 0001:000a6a9a       _hb_fptWriteGCdata         004a7a9a f   DBF:dbffpt1.obj
 0001:000aae72       _hb_fptWriteMemo           004abe72 f   DBF:dbffpt1.obj
 0001:000abb43       _hb_fptLockForRead         004acb43 f   DBF:dbffpt1.obj
 0001:000aa277       _hb_fptReadRawBlock        004ab277 f   DBF:dbffpt1.obj
 0001:000aa4cd       _hb_fptReadSMTBlock        004ab4cd f   DBF:dbffpt1.obj
 0001:000aa33c       _hb_fptReadBlobBlock       004ab33c f   DBF:dbffpt1.obj
 0001:000aa5ed       _hb_fptGetMemo             004ab5ed f   DBF:dbffpt1.obj
 0001:000a5970       _hb_fptFileUnLockSh        004a6970 f   DBF:dbffpt1.obj
 0001:000a5630       _hb_memoErrorRT            004a6630 f   DBF:dbffpt1.obj
 0001:000a57ce       _hb_fptFileLockEx          004a67ce f   DBF:dbffpt1.obj
 0001:000a5911       _hb_fptFileUnLockEx        004a6911 f   DBF:dbffpt1.obj
 0001:000ab491       _hb_fptPutMemo             004ac491 f   DBF:dbffpt1.obj
 0001:000abb6e       _hb_fptGetVarField         004acb6e f   DBF:dbffpt1.obj
 0001:000ac4c6       _hb_fptPutVarField         004ad4c6 f   DBF:dbffpt1.obj
 0001:000a586d       _hb_fptFileLockSh          004a686d f   DBF:dbffpt1.obj
 0001:000aa0cf       _hb_fptCopyToFile          004ab0cf f   DBF:dbffpt1.obj
 0001:000ae3ef       _hb_fptDoPackRec           004af3ef f   DBF:dbffpt1.obj
 0001:000a5762       _hb_memoDefaultFileExt     004a6762 f   DBF:dbffpt1.obj
 0001:000ae959       _hb_fptDoPack              004af959 f   DBF:dbffpt1.obj
 0001:000ac1ad       _hb_fptGetVarFile          004ad1ad f   DBF:dbffpt1.obj
 0001:000ac2f4       _hb_fptPutVarFile          004ad2f4 f   DBF:dbffpt1.obj
 0001:000a5ad2       _hb_fptGetRootBlock        004a6ad2 f   DBF:dbffpt1.obj
 0001:000a5b48       _hb_fptPutRootBlock        004a6b48 f   DBF:dbffpt1.obj
 0001:000a5a1b       _hb_fptRootBlockLock       004a6a1b f   DBF:dbffpt1.obj
 0001:000a5a73       _hb_fptRootBlockUnLock     004a6a73 f   DBF:dbffpt1.obj
 0001:000a72ba       _hb_fptGetMemoType         004a82ba f   DBF:dbffpt1.obj
 0001:000b0308       _hb_dbffptRegisterRDD      004b1308 f   DBF:dbffpt1.obj
 0001:000b03d0       _hb_dbffptRddInit          004b13d0 f   DBF:dbffpt1.obj
 0001:000afbfc       _hb_fptFieldInfo           004b0bfc f   DBF:dbffpt1.obj
 0001:000ace8b       _hb_fptGetValue            004ade8b f   DBF:dbffpt1.obj
 0001:000acda4       _hb_fptGetVarLen           004adda4 f   DBF:dbffpt1.obj
 0001:000acf1d       _hb_fptPutValue            004adf1d f   DBF:dbffpt1.obj
 0001:000af2bb       _hb_fptInfo                004b02bb f   DBF:dbffpt1.obj
 0001:000acd92       _hb_fptStructSize          004add92 f   DBF:dbffpt1.obj
 0001:000aef6d       _hb_fptPack                004aff6d f   DBF:dbffpt1.obj
 0001:000aeeb6       _hb_fptPackRec             004afeb6 f   DBF:dbffpt1.obj
 0001:000acfad       _hb_fptCreateMemFile       004adfad f   DBF:dbffpt1.obj
 0001:000ad7a6       _hb_fptGetValueFile        004ae7a6 f   DBF:dbffpt1.obj
 0001:000ad995       _hb_fptOpenMemFile         004ae995 f   DBF:dbffpt1.obj
 0001:000adf05       _hb_fptPutValueFile        004aef05 f   DBF:dbffpt1.obj
 0001:000afeb4       _hb_fptRddInfo             004b0eb4 f   DBF:dbffpt1.obj
 0001:000b0479       __hb_dbffpt_rdd_init_      004b1479 f   DBF:dbffpt1.obj
 0001:000b0435       _dbffpt1__InitSymbols      004b1435 f   DBF:dbffpt1.obj
 0001:000b0490       _hb_sxInitSeed             004b1490 f   DBF:sxcrypt.obj
 0001:000b04fe       _hb_sxNextSeed             004b14fe f   DBF:sxcrypt.obj
 0001:000b0722       __hb_sxGetKey              004b1722 f   DBF:sxcrypt.obj
 0001:000b0d00       _hb_dbQSortIsLess          004b1d00 f   DBF:hbdbsort.obj
 0001:000b10a0       _hb_dbQSortSwap            004b20a0 f   DBF:hbdbsort.obj
 0001:000b11c2       _hb_dbQSortDo              004b21c2 f   DBF:hbdbsort.obj
 0001:000b16ed       _hb_ntxKeyNew              004b26ed f   NTX:dbfntx1.obj
 0001:000b17c3       _hb_ntxItemType            004b27c3 f   NTX:dbfntx1.obj
 0001:000b1534       _hb_ntxNumToStr            004b2534 f   NTX:dbfntx1.obj
 0001:000b15e0       _hb_ntxStrToNum            004b25e0 f   NTX:dbfntx1.obj
 0001:000b1b5e       _hb_ntxKeyGetItem          004b2b5e f   NTX:dbfntx1.obj
 0001:000b18e5       _hb_ntxKeyPutItem          004b28e5 f   NTX:dbfntx1.obj
 0001:000b2019       _hb_ntxValCompare          004b3019 f   NTX:dbfntx1.obj
 0001:000b2171       _hb_ntxInTopScope          004b3171 f   NTX:dbfntx1.obj
 0001:000b2243       _hb_ntxInBottomScope       004b3243 f   NTX:dbfntx1.obj
 0001:000b18b5       _hb_ntxItemTypeCmp         004b28b5 f   NTX:dbfntx1.obj
 0001:000b236d       _hb_ntxTagClearScope       004b336d f   NTX:dbfntx1.obj
 0001:000b1420       _hb_ntxErrorRT             004b2420 f   NTX:dbfntx1.obj
 0001:000b2916       _hb_ntxBlockWrite          004b3916 f   NTX:dbfntx1.obj
 0001:000b2858       _hb_ntxBlockRead           004b3858 f   NTX:dbfntx1.obj
 0001:000b2ae5       _hb_ntxTagUpdateFlags      004b3ae5 f   NTX:dbfntx1.obj
 0001:000b2ca5       _hb_ntxFreePageBuffer      004b3ca5 f   NTX:dbfntx1.obj
 0001:000b2c08       _hb_ntxTagHeaderCheck      004b3c08 f   NTX:dbfntx1.obj
 0001:000b2dd9       _hb_ntxPageFind            004b3dd9 f   NTX:dbfntx1.obj
 0001:000b2e49       _hb_ntxPageGetBuffer       004b3e49 f   NTX:dbfntx1.obj
 0001:000b3121       _hb_ntxPageRelease         004b4121 f   NTX:dbfntx1.obj
 0001:000b320d       _hb_ntxPageLoad            004b420d f   NTX:dbfntx1.obj
 0001:000b339d       _hb_ntxPageInit            004b439d f   NTX:dbfntx1.obj
 0001:000b341c       _hb_ntxPageAlloc           004b441c f   NTX:dbfntx1.obj
 0001:000b30da       _hb_ntxPageFree            004b40da f   NTX:dbfntx1.obj
 0001:000b29ca       _hb_ntxPageSave            004b39ca f   NTX:dbfntx1.obj
 0001:000b34b5       _hb_ntxPageNew             004b44b5 f   NTX:dbfntx1.obj
 0001:000b3852       _hb_ntxTagFree             004b4852 f   NTX:dbfntx1.obj
 0001:000b365a       _hb_ntxTagNew              004b465a f   NTX:dbfntx1.obj
 0001:000b1e10       _hb_ntxGetKeyType          004b2e10 f   NTX:dbfntx1.obj
 0001:000b3607       _hb_ntxPageGetFree         004b4607 f   NTX:dbfntx1.obj
 0001:000b3ebe       _hb_ntxIndexTagAdd         004b4ebe f   NTX:dbfntx1.obj
 0001:000b359a       _hb_ntxPageAddFree         004b459a f   NTX:dbfntx1.obj
 0001:000b3b0e       _hb_ntxTagLoad             004b4b0e f   NTX:dbfntx1.obj
 0001:000b3a76       _hb_ntxTagAdd              004b4a76 f   NTX:dbfntx1.obj
 0001:000b2a38       _hb_ntxDiscardBuffers      004b3a38 f   NTX:dbfntx1.obj
 0001:000b4064       _hb_ntxIndexTagFind        004b5064 f   NTX:dbfntx1.obj
 0001:000b40d0       _hb_ntxTagHeaderSave       004b50d0 f   NTX:dbfntx1.obj
 0001:000b4793       _hb_ntxIndexHeaderSave     004b5793 f   NTX:dbfntx1.obj
 0001:000b4af7       _hb_ntxIndexHeaderRead     004b5af7 f   NTX:dbfntx1.obj
 0001:000b4d59       _hb_ntxIndexFlush          004b5d59 f   NTX:dbfntx1.obj
 0001:000b4e8f       _hb_ntxIndexLockRead       004b5e8f f   NTX:dbfntx1.obj
 0001:000b50ef       _hb_ntxIndexUnLockRead     004b60ef f   NTX:dbfntx1.obj
 0001:000b4fb5       _hb_ntxIndexLockWrite      004b5fb5 f   NTX:dbfntx1.obj
 0001:000b51d3       _hb_ntxIndexUnLockWrite    004b61d3 f   NTX:dbfntx1.obj
 0001:000b5450       _hb_ntxTagSetPageStack     004b6450 f   NTX:dbfntx1.obj
 0001:000b5506       _hb_ntxPageTopMove         004b6506 f   NTX:dbfntx1.obj
 0001:000b53d8       _hb_ntxPageGetKey          004b63d8 f   NTX:dbfntx1.obj
 0001:000b558d       _hb_ntxPageBottomMove      004b658d f   NTX:dbfntx1.obj
 0001:000b5b78       _hb_ntxPageKeyFind         004b6b78 f   NTX:dbfntx1.obj
 0001:000b5d62       _hb_ntxPageFindRecNo       004b6d62 f   NTX:dbfntx1.obj
 0001:000b5787       _hb_ntxTagNextKey          004b6787 f   NTX:dbfntx1.obj
 0001:000b5993       _hb_ntxTagPrevKey          004b6993 f   NTX:dbfntx1.obj
 0001:000b61df       _hb_ntxPageKeySet          004b71df f   NTX:dbfntx1.obj
 0001:000b62df       _hb_ntxPageKeyDel          004b72df f   NTX:dbfntx1.obj
 0001:000b5dbe       _hb_ntxTagKeyFind          004b6dbe f   NTX:dbfntx1.obj
 0001:000b176b       _hb_ntxKeyCopy             004b276b f   NTX:dbfntx1.obj
 0001:000b623f       _hb_ntxPageKeyAdd          004b723f f   NTX:dbfntx1.obj
 0001:000b6821       _hb_ntxBalancePages        004b7821 f   NTX:dbfntx1.obj
 0001:000b6362       _hb_ntxPageSplit           004b7362 f   NTX:dbfntx1.obj
 0001:000b66c0       _hb_ntxPageJoin            004b76c0 f   NTX:dbfntx1.obj
 0001:000b1ef0       _hb_ntxEvalKey             004b2ef0 f   NTX:dbfntx1.obj
 0001:000b2315       _hb_ntxKeyInScope          004b3315 f   NTX:dbfntx1.obj
 0001:000b280e       _hb_ntxCheckRecordScope    004b380e f   NTX:dbfntx1.obj
 0001:000b56e5       _hb_ntxTagBottomKey        004b66e5 f   NTX:dbfntx1.obj
 0001:000b5654       _hb_ntxTagTopKey           004b6654 f   NTX:dbfntx1.obj
 0001:000b7a84       _hb_ntxTagSkipFilter       004b8a84 f   NTX:dbfntx1.obj
 0001:000b7bf4       _hb_ntxTagGoTop            004b8bf4 f   NTX:dbfntx1.obj
 0001:000b7cfc       _hb_ntxTagGoBottom         004b8cfc f   NTX:dbfntx1.obj
 0001:000b8050       _hb_ntxPageCountKeys       004b9050 f   NTX:dbfntx1.obj
 0001:000b83df       _hb_ntxTagPagesFree        004b93df f   NTX:dbfntx1.obj
 0001:000b3faf       _hb_ntxIndexTagDel         004b4faf f   NTX:dbfntx1.obj
 0001:000b398b       _hb_ntxTagDelete           004b498b f   NTX:dbfntx1.obj
 0001:000b883b       _hb_ntxFindBag             004b983b f   NTX:dbfntx1.obj
 0001:000b898b       _hb_ntxFindTagByName       004b998b f   NTX:dbfntx1.obj
 0001:000b52aa       _hb_ntxTagLockRead         004b62aa f   NTX:dbfntx1.obj
 0001:000b271d       _hb_ntxTagRefreshScope     004b371d f   NTX:dbfntx1.obj
 0001:000b7e04       _hb_ntxTagSkipNext         004b8e04 f   NTX:dbfntx1.obj
 0001:000b53aa       _hb_ntxTagUnLockRead       004b63aa f   NTX:dbfntx1.obj
 0001:000b77c2       _hb_ntxCurKeyRefresh       004b87c2 f   NTX:dbfntx1.obj
 0001:000b7f41       _hb_ntxTagSkipPrev         004b8f41 f   NTX:dbfntx1.obj
 0001:000b80fb       _hb_ntxTagCountRelKeyPos   004b90fb f   NTX:dbfntx1.obj
 0001:000b81fa       _hb_ntxTagGoToRelKeyPos    004b91fa f   NTX:dbfntx1.obj
 0001:000b1d92       _hb_ntxEvalSeekCond        004b2d92 f   NTX:dbfntx1.obj
 0001:000ba314       _hb_ntxRegexMatch          004bb314 f   NTX:dbfntx1.obj
 0001:000b1d12       _hb_ntxEvalCond            004b2d12 f   NTX:dbfntx1.obj
 0001:000b5329       _hb_ntxTagLockWrite        004b6329 f   NTX:dbfntx1.obj
 0001:000b6beb       _hb_ntxTagKeyAdd           004b7beb f   NTX:dbfntx1.obj
 0001:000b53c1       _hb_ntxTagUnLockWrite      004b63c1 f   NTX:dbfntx1.obj
 0001:000b72cd       _hb_ntxTagKeyDel           004b82cd f   NTX:dbfntx1.obj
 0001:000b2648       _hb_ntxTagGetScope         004b3648 f   NTX:dbfntx1.obj
 0001:000b2474       _hb_ntxTagSetScope         004b3474 f   NTX:dbfntx1.obj
 0001:000bad9e       _hb_ntxQSort               004bbd9e f   NTX:dbfntx1.obj
 0001:000bad0a       _hb_ntxQuickSortCompare    004bbd0a f   NTX:dbfntx1.obj
 0001:000bafce       _hb_ntxSortBufferFlush     004bbfce f   NTX:dbfntx1.obj
 0001:000bb0b7       _hb_ntxSortStorePage       004bc0b7 f   NTX:dbfntx1.obj
 0001:000baf6c       _hb_ntxSortSortPage        004bbf6c f   NTX:dbfntx1.obj
 0001:000bb529       _hb_ntxSortGetPageKey      004bc529 f   NTX:dbfntx1.obj
 0001:000bb36d       _hb_ntxSortWritePage       004bc36d f   NTX:dbfntx1.obj
 0001:000bb709       _hb_ntxSortOrderPages      004bc709 f   NTX:dbfntx1.obj
 0001:000bb8f5       _hb_ntxSortKeyGet          004bc8f5 f   NTX:dbfntx1.obj
 0001:000bb232       _hb_ntxSortAddNodeKey      004bc232 f   NTX:dbfntx1.obj
 0001:000bbf23       _hb_ntxSortFree            004bcf23 f   NTX:dbfntx1.obj
 0001:000bbc73       _hb_ntxSortNew             004bcc73 f   NTX:dbfntx1.obj
 0001:000bbbb7       _hb_ntxSortKeyAdd          004bcbb7 f   NTX:dbfntx1.obj
 0001:000bc04d       _hb_ntxSortOut             004bd04d f   NTX:dbfntx1.obj
 0001:000b2d57       _hb_ntxIndexTrunc          004b3d57 f   NTX:dbfntx1.obj
 0001:000bc50b       _hb_ntxTagCreate           004bd50b f   NTX:dbfntx1.obj
 0001:000b466c       _hb_ntxIndexFree           004b566c f   NTX:dbfntx1.obj
 0001:000b8576       _hb_ntxCreateFName         004b9576 f   NTX:dbfntx1.obj
 0001:000b4629       _hb_ntxIndexNew            004b5629 f   NTX:dbfntx1.obj
 0001:000b4888       _hb_ntxIndexLoad           004b5888 f   NTX:dbfntx1.obj
 0001:000b89e9       _hb_ntxFindTag             004b99e9 f   NTX:dbfntx1.obj
 0001:000b84e4       _hb_ntxTagSpaceFree        004b94e4 f   NTX:dbfntx1.obj
 0001:000b8c50       _hb_ntxFindTagNum          004b9c50 f   NTX:dbfntx1.obj
 0001:000b8cf5       _hb_ntxOrdKeyCount         004b9cf5 f   NTX:dbfntx1.obj
 0001:000b903b       _hb_ntxOrdKeyGoto          004ba03b f   NTX:dbfntx1.obj
 0001:000b8e09       _hb_ntxOrdKeyNo            004b9e09 f   NTX:dbfntx1.obj
 0001:000b9393       _hb_ntxOrdSetRelKeyPos     004ba393 f   NTX:dbfntx1.obj
 0001:000b914f       _hb_ntxOrdGetRelKeyPos     004ba14f f   NTX:dbfntx1.obj
 0001:000ba738       _hb_ntxOrdKeyAdd           004bb738 f   NTX:dbfntx1.obj
 0001:000ba8c0       _hb_ntxOrdKeyDel           004bb8c0 f   NTX:dbfntx1.obj
 0001:000b976b       _hb_ntxOrdSkipUnique       004ba76b f   NTX:dbfntx1.obj
 0001:000b9a50       _hb_ntxOrdSkipEval         004baa50 f   NTX:dbfntx1.obj
 0001:000b9d9f       _hb_ntxOrdSkipWild         004bad9f f   NTX:dbfntx1.obj
 0001:000ba3ac       _hb_ntxOrdSkipRegEx        004bb3ac f   NTX:dbfntx1.obj
 0001:000baa8c       _hb_ntxOrdFindRec          004bba8c f   NTX:dbfntx1.obj
 0001:000babe0       _hb_ntxOrdScopeEval        004bbbe0 f   NTX:dbfntx1.obj
 0001:000bd009       _hb_ntxReIndex             004be009 f   NTX:dbfntx1.obj
 0001:000c228a       _hb_dbfntxRddInit          004c328a f   NTX:dbfntx1.obj
 0001:000bd0c8       _hb_ntxGoBottom            004be0c8 f   NTX:dbfntx1.obj
 0001:000bd234       _hb_ntxGoTop               004be234 f   NTX:dbfntx1.obj
 0001:000bd3a0       _hb_ntxSeek                004be3a0 f   NTX:dbfntx1.obj
 0001:000bd7ec       _hb_ntxSkipRaw             004be7ec f   NTX:dbfntx1.obj
 0001:000bda98       _hb_ntxFlush               004bea98 f   NTX:dbfntx1.obj
 0001:000bdb2e       _hb_ntxGoCold              004beb2e f   NTX:dbfntx1.obj
 0001:000be005       _hb_ntxGoHot               004bf005 f   NTX:dbfntx1.obj
 0001:000be11d       _hb_ntxClose               004bf11d f   NTX:dbfntx1.obj
 0001:000be1fd       _hb_ntxOpen                004bf1fd f   NTX:dbfntx1.obj
 0001:000be1eb       _hb_ntxStructSize          004bf1eb f   NTX:dbfntx1.obj
 0001:000be3c4       _hb_ntxPack                004bf3c4 f   NTX:dbfntx1.obj
 0001:000be407       _hb_ntxZap                 004bf407 f   NTX:dbfntx1.obj
 0001:000c163d       _hb_ntxOrderListAdd        004c263d f   NTX:dbfntx1.obj
 0001:000c19ef       _hb_ntxOrderListClear      004c29ef f   NTX:dbfntx1.obj
 0001:000c1ae9       _hb_ntxOrderListDelete     004c2ae9 f   NTX:dbfntx1.obj
 0001:000c1c3d       _hb_ntxOrderListFocus      004c2c3d f   NTX:dbfntx1.obj
 0001:000c1cc2       _hb_ntxOrderListRebuild    004c2cc2 f   NTX:dbfntx1.obj
 0001:000be44a       _hb_ntxOrderCreate         004bf44a f   NTX:dbfntx1.obj
 0001:000bf6bc       _hb_ntxOrderDestroy        004c06bc f   NTX:dbfntx1.obj
 0001:000bf8ea       _hb_ntxOrderInfo           004c08ea f   NTX:dbfntx1.obj
 0001:000c1e2a       _hb_ntxCountScope          004c2e2a f   NTX:dbfntx1.obj
 0001:000c1e5d       _hb_ntxInit                004c2e5d f   NTX:dbfntx1.obj
 0001:000c1ec9       _hb_ntxRddInfo             004c2ec9 f   NTX:dbfntx1.obj
 0001:000c232f       __hb_dbfntx_rdd_init_      004c332f f   NTX:dbfntx1.obj
 0001:000c22eb       _dbfntx1__InitSymbols      004c32eb f   NTX:dbfntx1.obj
 0001:000c35c0       _closeall                  004c45c0 f   crt:fclose.obj
 0001:000c37b0       _prout                     004c47b0 f   crt:printf.obj
 0001:000c3a20       _prout                     004c4a20 f   crt:vfprintf.obj
 0001:000c3b00       _prout                     004c4b00 f   crt:fprintf.obj
 0001:000c3eb0       _prout                     004c4eb0 f   crt:sprintf.obj
 0001:000c3f50       _grabhunk                  004c4f50 f   crt:malloc.obj
 0001:000c5470       _swap                      004c6470 f   crt:qsort.obj
 0001:000c56a0       _med3                      004c66a0 f   crt:qsort.obj
 0001:000c5710       _median                    004c6710 f   crt:qsort.obj
 0001:000c5520       _rot3                      004c6520 f   crt:qsort.obj
 0001:000c58a0       _intro_sort                004c68a0 f   crt:qsort.obj
 0001:000c57d0       _adjust_heap               004c67d0 f   crt:qsort.obj
 0001:000c5600       _rotate                    004c6600 f   crt:qsort.obj
 0001:000c62b0       _parse_cmdline             004c72b0 f   crt:_setargv.obj
 0001:000c7ca0       _ctrlevent_capture@4       004c8ca0 f   crt:signal.obj
 0001:000cd270       _hb_gt_FuncInit            004ce270 f   xhb:gtwin.obj
 0001:000cb480       _hb_gt_win_xSetCursorStyle 004cc480 f   xhb:gtwin.obj
 0001:000cb440       _hb_gt_win_xSetCursorPos   004cc440 f   xhb:gtwin.obj
 0001:000cb770       _hb_gt_win_xGetScreenContents 004cc770 f   xhb:gtwin.obj
 0001:000cb720       _hb_gt_win_CtrlHandler@4   004cc720 f   xhb:gtwin.obj
 0001:000cb810       _hb_gt_win_xInitScreenParam 004cc810 f   xhb:gtwin.obj
 0001:000cbf90       _Handle_Alt_Key            004ccf90 f   xhb:gtwin.obj
 0001:000cc0f0       _SpecialHandling           004cd0f0 f   xhb:gtwin.obj
 0001:000cb2b0       _hb_gt_win_getKbdState     004cc2b0 f   xhb:gtwin.obj
 0001:000cb660       _hb_gt_win_xUpdtSet        004cc660 f   xhb:gtwin.obj
 0001:000cb510       _hb_gt_win_xScreenUpdate   004cc510 f   xhb:gtwin.obj
 0001:000cb990       _hb_gt_win_Init            004cc990 f   xhb:gtwin.obj
 0001:000cbca0       _hb_gt_win_Exit            004ccca0 f   xhb:gtwin.obj
 0001:000cbd60       _hb_gt_win_SetMode         004ccd60 f   xhb:gtwin.obj
 0001:000cd0f0       _hb_gt_win_Redraw          004ce0f0 f   xhb:gtwin.obj
 0001:000cd1e0       _hb_gt_win_Refresh         004ce1e0 f   xhb:gtwin.obj
 0001:000cbe80       _hb_gt_win_Version         004cce80 f   xhb:gtwin.obj
 0001:000cbea0       _hb_gt_win_PostExt         004ccea0 f   xhb:gtwin.obj
 0001:000cbed0       _hb_gt_win_Suspend         004cced0 f   xhb:gtwin.obj
 0001:000cbf20       _hb_gt_win_Resume          004ccf20 f   xhb:gtwin.obj
 0001:000cca40       _hb_gt_win_Tone            004cda40 f   xhb:gtwin.obj
 0001:000ccc20       _hb_gt_win_Info            004cdc20 f   xhb:gtwin.obj
 0001:000cca60       _hb_gt_win_SetDispCP       004cda60 f   xhb:gtwin.obj
 0001:000ccb50       _hb_gt_win_SetKeyCP        004cdb50 f   xhb:gtwin.obj
 0001:000cc340       _hb_gt_win_ReadKey         004cd340 f   xhb:gtwin.obj
 0001:000cd010       _hb_gt_win_mouse_IsPresent 004ce010 f   xhb:gtwin.obj
 0001:000cd020       _hb_gt_win_mouse_GetPos    004ce020 f   xhb:gtwin.obj
 0001:000cd040       _hb_gt_win_mouse_ButtonState 004ce040 f   xhb:gtwin.obj
 0001:000cd0d0       _hb_gt_win_mouse_CountButton 004ce0d0 f   xhb:gtwin.obj
 0001:000cd3a0       __hb_startup_gt_Init_      004ce3a0 f   xhb:gtwin.obj
 0001:000cd5c0       _hb_Outp9x                 004ce5c0 f   xhb:gttone.obj
 0001:000cd5a0       _hb_Inp9x                  004ce5a0 f   xhb:gttone.obj
 0001:000cd6e0       _hb_gt_wNtTone             004ce6e0 f   xhb:gttone.obj
 0001:000cd5e0       _hb_gt_w9xTone             004ce5e0 f   xhb:gttone.obj
