 _1002.exe

 Timestamp is 62ed8ab7 (Fri Aug  5 18:25:11 2022)

 Preferred load address is 00400000

 Start         Length     Name                   Class
 0001:00000000 000cdbf0H .text                   CODE                  
 0002:00000000 00017d94H .rdata                  DATA                  
 0002:00017d94 00000058H .CRT$XIC                DATA                  
 0003:00000000 00005b2cH .data                   DATA                  
 0003:00005b2c 00000064H .idata$2                DATA                  
 0003:00005b90 00000014H .idata$3                DATA                  
 0003:00005ba4 00000254H .idata$4                DATA                  
 0003:00005df8 00000254H .idata$5                DATA                  
 0003:0000604c 00000a9eH .idata$6                DATA                  
 0003:00006aec 00007c08H .bss                    DATA                  

  Address         Publics by Value              Rva+Base     Lib:Object

 0001:00000040       _HB_FUN_MAIN               00401040 f   1002.obj
 0001:00000060       _HB_FUN_AREADOCIRCULO      00401060 f   1002.obj
 0001:00000080       _hb_memvarsClear           00401080 f   xhb:memvars.obj
 0001:00000100       _hb_memvarsInit            00401100 f   xhb:memvars.obj
 0001:00000170       _hb_memvarsRelease         00401170 f   xhb:memvars.obj
 0001:00000220       _hb_memvarValueBaseAddress 00401220 f   xhb:memvars.obj
 0001:00000230       _hb_memvarValueNew         00401230 f   xhb:memvars.obj
 0001:00000330       _hb_memvarDetachLocal      00401330 f   xhb:memvars.obj
 0001:000003e0       _hb_memvarGetPrivatesBase  004013e0 f   xhb:memvars.obj
 0001:00000400       _hb_memvarSetPrivatesBase  00401400 f   xhb:memvars.obj
 0001:00000490       _hb_memvarValueIncRef      00401490 f   xhb:memvars.obj
 0001:00000500       _hb_memvarValueDecRef      00401500 f   xhb:memvars.obj
 0001:00000560       _hb_memvarValueDecGarbageRef 00401560 f   xhb:memvars.obj
 0001:000005d0       _hb_memvarSetValue         004015d0 f   xhb:memvars.obj
 0001:000006b0       _hb_memvarGet              004016b0 f   xhb:memvars.obj
 0001:00000740       _hb_memvarGetValue         00401740 f   xhb:memvars.obj
 0001:000007d0       _hb_memvarGetRefer         004017d0 f   xhb:memvars.obj
 0001:00000930       _hb_memvarNewParameter     00401930 f   xhb:memvars.obj
 0001:00000950       _hb_memvarGetStrValuePtr   00401950 f   xhb:memvars.obj
 0001:00000a00       _hb_memvarCreateFromItem   00401a00 f   xhb:memvars.obj
 0001:00000dc0       _hb_memvarScope            00401dc0 f   xhb:memvars.obj
 0001:00000ee0       _hb_memvarReleasePublic    00401ee0 f   xhb:memvars.obj
 0001:00001070       _HB_FUN___MVPUBLIC         00402070 f   xhb:memvars.obj
 0001:00001110       _HB_FUN___MVPRIVATE        00402110 f   xhb:memvars.obj
 0001:000011b0       _HB_FUN___MVXRELEASE       004021b0 f   xhb:memvars.obj
 0001:00001240       _HB_FUN___MVRELEASE        00402240 f   xhb:memvars.obj
 0001:000012e0       _HB_FUN___MVSCOPE          004022e0 f   xhb:memvars.obj
 0001:000013a0       _HB_FUN___MVCLEAR          004023a0 f   xhb:memvars.obj
 0001:000013b0       _HB_FUN___MVDBGINFO        004023b0 f   xhb:memvars.obj
 0001:000014b0       _HB_FUN___MVEXIST          004024b0 f   xhb:memvars.obj
 0001:00001500       _HB_FUN___MVGET            00402500 f   xhb:memvars.obj
 0001:00001600       _HB_FUN___MVPUT            00402600 f   xhb:memvars.obj
 0001:00001a30       _HB_FUN___MVSAVE           00402a30 f   xhb:memvars.obj
 0001:00001cf0       _HB_FUN___MVRESTORE        00402cf0 f   xhb:memvars.obj
 0001:000024c0       _hb_memvarsIsMemvarRef     004034c0 f   xhb:memvars.obj
 0001:00002520       _hb_memvarGetVarHandle     00403520 f   xhb:memvars.obj
 0001:00002550       _hb_memvarGetValueByHandle 00403550 f   xhb:memvars.obj
 0001:00002610       _HB_FUN___MVSYMBOLINFO     00403610 f   xhb:memvars.obj
 0001:00002650       _hb_memvarGetValueBySym    00403650 f   xhb:memvars.obj
 0001:00002680       _HB_FUN_LEN                00403680 f   xhb:len.obj
 0001:00002700       _hb_conInit                00403700 f   xhb:console.obj
 0001:00002790       _hb_conRelease             00403790 f   xhb:console.obj
 0001:000027c0       _hb_conNewLine             004037c0 f   xhb:console.obj
 0001:000027d0       _HB_FUN_HB_OSNEWLINE       004037d0 f   xhb:console.obj
 0001:000027e0       _hb_conOutStd              004037e0 f   xhb:console.obj
 0001:00002820       _hb_conOutErr              00403820 f   xhb:console.obj
 0001:00002880       _hb_conOutAlt              00403880 f   xhb:console.obj
 0001:00002b00       _HB_FUN_OUTSTD             00403b00 f   xhb:console.obj
 0001:00002b50       _HB_FUN_OUTERR             00403b50 f   xhb:console.obj
 0001:00002ba0       _HB_FUN_QQOUT              00403ba0 f   xhb:console.obj
 0001:00002bf0       _HB_FUN_QOUT               00403bf0 f   xhb:console.obj
 0001:00002d00       _HB_FUN___EJECT            00403d00 f   xhb:console.obj
 0001:00002d60       _HB_FUN_PROW               00403d60 f   xhb:console.obj
 0001:00002d80       _HB_FUN_PCOL               00403d80 f   xhb:console.obj
 0001:00002fc0       _HB_FUN_DEVPOS             00403fc0 f   xhb:console.obj
 0001:00003010       _HB_FUN_SETPRC             00404010 f   xhb:console.obj
 0001:00003060       _HB_FUN_DEVOUT             00404060 f   xhb:console.obj
 0001:00003110       _HB_FUN_DISPOUT            00404110 f   xhb:console.obj
 0001:000031e0       _HB_FUN_DISPOUTAT          004041e0 f   xhb:console.obj
 0001:000032e0       _HB_FUN_HB_DISPOUTAT       004042e0 f   xhb:console.obj
 0001:000033b0       _HB_FUN_HB_GETSTDIN        004043b0 f   xhb:console.obj
 0001:000033d0       _HB_FUN_HB_GETSTDOUT       004043d0 f   xhb:console.obj
 0001:000033f0       _HB_FUN_HB_GETSTDERR       004043f0 f   xhb:console.obj
 0001:00003410       _HB_FUN_HBCONSOLELOCK      00404410 f   xhb:console.obj
 0001:00003420       _HB_FUN_HBCONSOLEUNLOCK    00404420 f   xhb:console.obj
 0001:00003430       _HB_FUN_STR                00404430 f   xhb:str.obj
 0001:00003660       _HB_FUN_INT                00404660 f   xhb:round.obj
 0001:00003700       _HB_FUN_ROUND              00404700 f   xhb:round.obj
 0001:000037d0       _hb_vmAtInit               004047d0 f   xhb:hvm.obj
 0001:00003820       _hb_vmAtExit               00404820 f   xhb:hvm.obj
 0001:000038c0       _hb_vmIsMt                 004048c0 f   xhb:hvm.obj
 0001:000038d0       _hb_vmLock                 004048d0 f   xhb:hvm.obj
 0001:000038e0       _hb_vmUnlock               004048e0 f   xhb:hvm.obj
 0001:00003a30       _hb_vmSymbolResolveDeferred 00404a30 f   xhb:hvm.obj
 0001:00003b70       _hb_vmInit                 00404b70 f   xhb:hvm.obj
 0001:00003e80       _hb_vmReleaseLocalSymbols  00404e80 f   xhb:hvm.obj
 0001:00003f30       _hb_vmQuit                 00404f30 f   xhb:hvm.obj
 0001:00004240       _hb_vmExecute              00405240 f   xhb:hvm.obj
 0001:000085d0       _HB_FUN_HB_VMEXECUTE       004095d0 f   xhb:hvm.obj
 0001:000119a0       _hb_vmOperatorCall         004129a0 f   xhb:hvm.obj
 0001:00011a70       _hb_vmOperatorCallUnary    00412a70 f   xhb:hvm.obj
 0001:00011d70       _hb_vmDo                   00412d70 f   xhb:hvm.obj
 0001:00012060       _hb_vmSend                 00413060 f   xhb:hvm.obj
 0001:00012a50       _hb_vmEvalBlock            00413a50 f   xhb:hvm.obj
 0001:00012a80       _hb_vmEvalBlockV           00413a80 f   xhb:hvm.obj
 0001:00012ad0       _hb_vmEvalBlockOrMacro     00413ad0 f   xhb:hvm.obj
 0001:00012bb0       _hb_vmDestroyBlockOrMacro  00413bb0 f   xhb:hvm.obj
 0001:00012bf0       _hb_vmFunction             00413bf0 f   xhb:hvm.obj
 0001:00014100       _hb_vmPush                 00415100 f   xhb:hvm.obj
 0001:00014140       _hb_vmPushState            00415140 f   xhb:hvm.obj
 0001:000141a0       _hb_vmPushNil              004151a0 f   xhb:hvm.obj
 0001:000141e0       _hb_vmPushLogical          004151e0 f   xhb:hvm.obj
 0001:00014230       _hb_vmPushNumber           00415230 f   xhb:hvm.obj
 0001:00014250       _hb_vmPushNumType          00415250 f   xhb:hvm.obj
 0001:00014310       _hb_vmPushNumInt           00415310 f   xhb:hvm.obj
 0001:000143e0       _hb_vmPushInteger          004153e0 f   xhb:hvm.obj
 0001:00014490       _hb_vmPushLong             00415490 f   xhb:hvm.obj
 0001:000145e0       _hb_vmPushDouble           004155e0 f   xhb:hvm.obj
 0001:00014710       _hb_vmPushDate             00415710 f   xhb:hvm.obj
 0001:00014750       _hb_vmPushDateTime         00415750 f   xhb:hvm.obj
 0001:00014790       _hb_vmPushPointer          00415790 f   xhb:hvm.obj
 0001:000147d0       _hb_vmPushString           004157d0 f   xhb:hvm.obj
 0001:00014810       _hb_vmPushSymbol           00415810 f   xhb:hvm.obj
 0001:00014880       _hb_vmPushDynSym           00415880 f   xhb:hvm.obj
 0001:000148a0       _hb_vmPushEvalSym          004158a0 f   xhb:hvm.obj
 0001:00015030       _hb_vmPopState             00416030 f   xhb:hvm.obj
 0001:000159d0       _hb_vmGetRealFuncSym       004169d0 f   xhb:hvm.obj
 0001:00015a20       _hb_vmFindModuleSymbols    00416a20 f   xhb:hvm.obj
 0001:00015b50       _hb_vmFreeSymbols          00416b50 f   xhb:hvm.obj
 0001:00015bd0       _hb_vmBeginSymbolGroup     00416bd0 f   xhb:hvm.obj
 0001:00015bf0       _hb_vmInitSymbolGroup      00416bf0 f   xhb:hvm.obj
 0001:00015d70       _hb_vmExitSymbolGroup      00416d70 f   xhb:hvm.obj
 0001:00015e30       _hb_vmRegisterSymbols      00416e30 f   xhb:hvm.obj
 0001:00016490       _hb_vmProcessSymbols       00417490 f   xhb:hvm.obj
 0001:00016510       _hb_vmProcessSysDllSymbols 00417510 f   xhb:hvm.obj
 0001:00016590       _hb_vmProcessPrgDllSymbols 00417590 f   xhb:hvm.obj
 0001:00016620       _hb_vmProcessExeUsesDllSymbols 00417620 f   xhb:hvm.obj
 0001:000166a0       _hb_vmSymbols              004176a0 f   xhb:hvm.obj
 0001:000166b0       _hb_vmLastModule           004176b0 f   xhb:hvm.obj
 0001:000166e0       _hb_vmExplicitStartup      004176e0 f   xhb:hvm.obj
 0001:00016760       _hb_vmDoExitFunctions      00417760 f   xhb:hvm.obj
 0001:000168e0       _hb_vmFindModule           004178e0 f   xhb:hvm.obj
 0001:00016910       _hb_vmFindModuleByName     00417910 f   xhb:hvm.obj
 0001:00016990       _hb_vmForceLink            00417990 f   xhb:hvm.obj
 0001:000169a0       _HB_FUN_ERRORLEVEL         004179a0 f   xhb:hvm.obj
 0001:000169e0       _hb_vmRequestQuit          004179e0 f   xhb:hvm.obj
 0001:00016a00       _hb_vmRequestEndProc       00417a00 f   xhb:hvm.obj
 0001:00016a20       _hb_vmRequestBreak         00417a20 f   xhb:hvm.obj
 0001:00016a90       _hb_vmRequestCancel        00417a90 f   xhb:hvm.obj
 0001:00016bd0       _hb_vmRequestQuery         00417bd0 f   xhb:hvm.obj
 0001:00016be0       _hb_vmRequestReenter       00417be0 f   xhb:hvm.obj
 0001:00016c40       _hb_vmRequestRestore       00417c40 f   xhb:hvm.obj
 0001:00016d40       _hb_vmRequestReset         00417d40 f   xhb:hvm.obj
 0001:00016d60       _hb_vmRequest              00417d60 f   xhb:hvm.obj
 0001:00016d80       _hb_vmIsLocalRef           00417d80 f   xhb:hvm.obj
 0001:00016e50       _hb_vmIsStaticRef          00417e50 f   xhb:hvm.obj
 0001:00016e60       _hb_vmRegisterGlobals      00417e60 f   xhb:hvm.obj
 0001:00016ee0       _hb_vmIsGlobalRef          00417ee0 f   xhb:hvm.obj
 0001:00016ef0       _HB_FUN___SETPROFILER      00417ef0 f   xhb:hvm.obj
 0001:00016f00       _HB_FUN___TRACEPRGCALLS    00417f00 f   xhb:hvm.obj
 0001:00016f20       _hb_vmPushBaseArray        00417f20 f   xhb:hvm.obj
 0001:00016fc0       _hb_vmPushItemRef          00417fc0 f   xhb:hvm.obj
 0001:00017010       _HB_FUN_HB_FUNCPTR         00418010 f   xhb:hvm.obj
 0001:000170b0       _HB_FUN_HB_QSELF           004180b0 f   xhb:hvm.obj
 0001:00017120       _HB_FUN___OPCOUNT          00418120 f   xhb:hvm.obj
 0001:00017140       _HB_FUN___OPGETPRF         00418140 f   xhb:hvm.obj
 0001:00017170       _HB_FUN_HB_SAVEBLOCK       00418170 f   xhb:hvm.obj
 0001:00017290       _HB_FUN_HB_RESTOREBLOCK    00418290 f   xhb:hvm.obj
 0001:000175b0       _HB_FUN_HB_GUIERRORMESSAGE 004185b0 f   xhb:hvm.obj
 0001:000175c0       _HB_FUN_HB_NOMOUSE         004185c0 f   xhb:hvm.obj
 0001:000175d0       _HB_FUN_HB_NOSTARTUPWINDOW 004185d0 f   xhb:hvm.obj
 0001:000175e0       _HB_FUN_HB_RESETWITH       004185e0 f   xhb:hvm.obj
 0001:00017640       _HB_FUN_HB_WITHOBJECTCOUNTER 00418640 f   xhb:hvm.obj
 0001:00017660       _HB_FUN___TEXTINTO         00418660 f   xhb:hvm.obj
 0001:000176a0       _HB_FUN_HB_MULTITHREAD     004186a0 f   xhb:hvm.obj
 0001:000176c0       _HB_FUN_HB_VMMODE          004186c0 f   xhb:hvm.obj
 0001:00017720       _hb_xvmExitProc            00418720 f   xhb:hvm.obj
 0001:00017740       _hb_xvmSeqBegin            00418740 f   xhb:hvm.obj
 0001:000177d0       _hb_xvmSeqEnd              004187d0 f   xhb:hvm.obj
 0001:000178b0       _hb_xvmSeqRecover          004188b0 f   xhb:hvm.obj
 0001:00017930       _hb_xvmTryBegin            00418930 f   xhb:hvm.obj
 0001:00017960       _hb_xvmTryEnd              00418960 f   xhb:hvm.obj
 0001:000179a0       _hb_xvmTryEndFin           004189a0 f   xhb:hvm.obj
 0001:00017a80       _hb_xvmTryRecover          00418a80 f   xhb:hvm.obj
 0001:00017ac0       _hb_xvmBeginFinally        00418ac0 f   xhb:hvm.obj
 0001:00017ae0       _hb_xvmEndFinally          00418ae0 f   xhb:hvm.obj
 0001:00017b20       _hb_xvmSetLine             00418b20 f   xhb:hvm.obj
 0001:00017b50       _hb_xvmBaseLine            00418b50 f   xhb:hvm.obj
 0001:00017b90       _hb_xvmLineOffset          00418b90 f   xhb:hvm.obj
 0001:00017bd0       _hb_xvmClassSetModule      00418bd0 f   xhb:hvm.obj
 0001:00017c80       _hb_xvmIVarRef             00418c80 f   xhb:hvm.obj
 0001:00017fe0       _hb_xvmFrame               00418fe0 f   xhb:hvm.obj
 0001:00018000       _hb_xvmSFrame              00419000 f   xhb:hvm.obj
 0001:00018010       _hb_xvmDo                  00419010 f   xhb:hvm.obj
 0001:00018040       _hb_xvmFunction            00419040 f   xhb:hvm.obj
 0001:000180c0       _hb_xvmSend                004190c0 f   xhb:hvm.obj
 0001:00018140       _hb_xvmSendWith            00419140 f   xhb:hvm.obj
 0001:000181c0       _hb_xvmRetValue            004191c0 f   xhb:hvm.obj
 0001:00018230       _hb_xvmStatics             00419230 f   xhb:hvm.obj
 0001:00018250       _hb_xvmParameter           00419250 f   xhb:hvm.obj
 0001:00018270       _hb_xvmPushLocal           00419270 f   xhb:hvm.obj
 0001:00018280       _hb_xvmPushLocalByRef      00419280 f   xhb:hvm.obj
 0001:00018290       _hb_xvmPopLocal            00419290 f   xhb:hvm.obj
 0001:000182a0       _hb_xvmPushStatic          004192a0 f   xhb:hvm.obj
 0001:000182b0       _hb_xvmPushStaticByRef     004192b0 f   xhb:hvm.obj
 0001:000182c0       _hb_xvmPopStatic           004192c0 f   xhb:hvm.obj
 0001:000182d0       _hb_xvmPushGlobal          004192d0 f   xhb:hvm.obj
 0001:000182f0       _hb_xvmPushGlobalByRef     004192f0 f   xhb:hvm.obj
 0001:00018340       _hb_xvmPopGlobal           00419340 f   xhb:hvm.obj
 0001:00018420       _hb_xvmPushVariable        00419420 f   xhb:hvm.obj
 0001:00018450       _hb_xvmPopVariable         00419450 f   xhb:hvm.obj
 0001:000184e0       _hb_xvmPushBlockShort      004194e0 f   xhb:hvm.obj
 0001:00018500       _hb_xvmPushBlock           00419500 f   xhb:hvm.obj
 0001:00018520       _hb_xvmPushSelf            00419520 f   xhb:hvm.obj
 0001:00018540       _hb_xvmPopLogical          00419540 f   xhb:hvm.obj
 0001:00018570       _hb_xvmPopAlias            00419570 f   xhb:hvm.obj
 0001:000185d0       _hb_xvmSwapAlias           004195d0 f   xhb:hvm.obj
 0001:00018600       _hb_xvmPushField           00419600 f   xhb:hvm.obj
 0001:00018660       _hb_xvmPushAlias           00419660 f   xhb:hvm.obj
 0001:00018690       _hb_xvmPushAliasedField    00419690 f   xhb:hvm.obj
 0001:000186c0       _hb_xvmPushAliasedVar      004196c0 f   xhb:hvm.obj
 0001:000186f0       _hb_xvmPopField            004196f0 f   xhb:hvm.obj
 0001:00018780       _hb_xvmPushMemvar          00419780 f   xhb:hvm.obj
 0001:000187e0       _hb_xvmPushMemvarByRef     004197e0 f   xhb:hvm.obj
 0001:00018840       _hb_xvmPopMemvar           00419840 f   xhb:hvm.obj
 0001:000188d0       _hb_xvmPopAliasedField     004198d0 f   xhb:hvm.obj
 0001:00018900       _hb_xvmPopAliasedVar       00419900 f   xhb:hvm.obj
 0001:00018930       _hb_xvmLocalAddInt         00419930 f   xhb:hvm.obj
 0001:00018970       _hb_xvmLocalAdd            00419970 f   xhb:hvm.obj
 0001:00018a40       _hb_xvmEqual               00419a40 f   xhb:hvm.obj
 0001:00018a70       _hb_xvmAnd                 00419a70 f   xhb:hvm.obj
 0001:00018aa0       _hb_xvmOr                  00419aa0 f   xhb:hvm.obj
 0001:00018ad0       _hb_xvmNot                 00419ad0 f   xhb:hvm.obj
 0001:00018b00       _hb_xvmNegate              00419b00 f   xhb:hvm.obj
 0001:00018b30       _hb_xvmPower               00419b30 f   xhb:hvm.obj
 0001:00018b60       _hb_xvmDuplicate           00419b60 f   xhb:hvm.obj
 0001:00018b70       _hb_xvmDuplTwo             00419b70 f   xhb:hvm.obj
 0001:00018b80       _hb_xvmForTest             00419b80 f   xhb:hvm.obj
 0001:00018bb0       _hb_xvmFuncPtr             00419bb0 f   xhb:hvm.obj
 0001:00018bc0       _hb_xvmNotEqual            00419bc0 f   xhb:hvm.obj
 0001:00018bf0       _hb_xvmLess                00419bf0 f   xhb:hvm.obj
 0001:00018c20       _hb_xvmLessEqual           00419c20 f   xhb:hvm.obj
 0001:00018c50       _hb_xvmGreater             00419c50 f   xhb:hvm.obj
 0001:00018c80       _hb_xvmGreaterEqual        00419c80 f   xhb:hvm.obj
 0001:00018cb0       _hb_xvmInstring            00419cb0 f   xhb:hvm.obj
 0001:00018ce0       _hb_xvmAddInt              00419ce0 f   xhb:hvm.obj
 0001:00018d20       _hb_xvmPlus                00419d20 f   xhb:hvm.obj
 0001:00018dc0       _hb_xvmMinus               00419dc0 f   xhb:hvm.obj
 0001:00018df0       _hb_xvmMultByInt           00419df0 f   xhb:hvm.obj
 0001:00018f60       _hb_xvmMult                00419f60 f   xhb:hvm.obj
 0001:00018f90       _hb_xvmDivideByInt         00419f90 f   xhb:hvm.obj
 0001:000191b0       _hb_xvmDivide              0041a1b0 f   xhb:hvm.obj
 0001:000191e0       _hb_xvmModulus             0041a1e0 f   xhb:hvm.obj
 0001:00019210       _hb_xvmInc                 0041a210 f   xhb:hvm.obj
 0001:00019240       _hb_xvmDec                 0041a240 f   xhb:hvm.obj
 0001:00019270       _hb_xvmBitAnd              0041a270 f   xhb:hvm.obj
 0001:000192a0       _hb_xvmBitOr               0041a2a0 f   xhb:hvm.obj
 0001:000192d0       _hb_xvmBitXor              0041a2d0 f   xhb:hvm.obj
 0001:00019300       _hb_xvmBitShiftL           0041a300 f   xhb:hvm.obj
 0001:00019330       _hb_xvmBitShiftR           0041a330 f   xhb:hvm.obj
 0001:00019360       _hb_xvmLeft                0041a360 f   xhb:hvm.obj
 0001:00019460       _hb_xvmRight               0041a460 f   xhb:hvm.obj
 0001:000194d0       _hb_xvmLike                0041a4d0 f   xhb:hvm.obj
 0001:00019580       _hb_xvmMatch               0041a580 f   xhb:hvm.obj
 0001:00019630       _hb_xvmArrayDim            0041a630 f   xhb:hvm.obj
 0001:00019640       _hb_xvmArrayGen            0041a640 f   xhb:hvm.obj
 0001:00019660       _hb_xvmHashGen             0041a660 f   xhb:hvm.obj
 0001:00019d60       _hb_xvmArrayPush           0041ad60 f   xhb:hvm.obj
 0001:00019d90       _hb_xvmArrayPushRef        0041ad90 f   xhb:hvm.obj
 0001:00019dc0       _hb_xvmArrayItemPush       0041adc0 f   xhb:hvm.obj
 0001:00019df0       _hb_xvmArrayPop            0041adf0 f   xhb:hvm.obj
 0001:00019e20       _hb_xvmArrayPopPlus        0041ae20 f   xhb:hvm.obj
 0001:00019e50       _hb_xvmArrayItemPop        0041ae50 f   xhb:hvm.obj
 0001:00019e80       _hb_xvmPushDouble          0041ae80 f   xhb:hvm.obj
 0001:00019ea0       _hb_xvmPushLongLong        0041aea0 f   xhb:hvm.obj
 0001:00019ec0       _hb_xvmLocalName           0041aec0 f   xhb:hvm.obj
 0001:00019ee0       _hb_xvmStaticName          0041aee0 f   xhb:hvm.obj
 0001:00019f00       _hb_xvmModuleName          0041af00 f   xhb:hvm.obj
 0001:00019f10       _hb_xvmMacroList           0041af10 f   xhb:hvm.obj
 0001:00019f30       _hb_xvmMacroListEnd        0041af30 f   xhb:hvm.obj
 0001:00019f50       _hb_xvmMacroPush           0041af50 f   xhb:hvm.obj
 0001:00019f90       _hb_xvmPushMacroRef        0041af90 f   xhb:hvm.obj
 0001:00019fd0       _hb_xvmMacroPushIndex      0041afd0 f   xhb:hvm.obj
 0001:0001a100       _hb_xvmMacroPushArg        0041b100 f   xhb:hvm.obj
 0001:0001a160       _hb_xvmMacroPushList       0041b160 f   xhb:hvm.obj
 0001:0001a1a0       _hb_xvmMacroPushPare       0041b1a0 f   xhb:hvm.obj
 0001:0001a1e0       _hb_xvmMacroPushAliased    0041b1e0 f   xhb:hvm.obj
 0001:0001a220       _hb_xvmMacroPop            0041b220 f   xhb:hvm.obj
 0001:0001a260       _hb_xvmMacroPopAliased     0041b260 f   xhb:hvm.obj
 0001:0001a2a0       _hb_xvmMacroSymbol         0041b2a0 f   xhb:hvm.obj
 0001:0001a2d0       _hb_xvmMacroText           0041b2d0 f   xhb:hvm.obj
 0001:0001a300       _hb_xvmLocalSetInt         0041b300 f   xhb:hvm.obj
 0001:0001a390       _hb_xvmLocalSetStr         0041b390 f   xhb:hvm.obj
 0001:0001a430       _hb_xvmSwitchCase          0041b430 f   xhb:hvm.obj
 0001:0001a540       _hb_xvmPushWith            0041b540 f   xhb:hvm.obj
 0001:0001a570       _hb_xvmWithObject          0041b570 f   xhb:hvm.obj
 0001:0001a670       _hb_xvmEndWithObject       0041b670 f   xhb:hvm.obj
 0001:0001a6c0       _hb_xvmEnumIndex           0041b6c0 f   xhb:hvm.obj
 0001:0001a730       _hb_xvmForEach             0041b730 f   xhb:hvm.obj
 0001:0001a960       _hb_xvmEnumerate           0041b960 f   xhb:hvm.obj
 0001:0001ab30       _hb_xvmEndEnumerate        0041bb30 f   xhb:hvm.obj
 0001:0001ac20       _hb_xvmLocalSetStringHidden 0041bc20 f   xhb:hvm.obj
 0001:0001ace0       _hb_xvmPushStringHidden    0041bce0 f   xhb:hvm.obj
 0001:0001ad10       _hb_xvmDivert              0041bd10 f   xhb:hvm.obj
 0001:0001ad20       _hb_vmRequestDebug         0041bd20 f   xhb:hvm.obj
 0001:0001ad30       _hb_dbg_InvokeDebug        0041bd30 f   xhb:hvm.obj
 0001:0001ad50       _hb_dbg_SetEntry           0041bd50 f   xhb:hvm.obj
 0001:0001ad70       _hb_dbg_vmVarSGet          0041bd70 f   xhb:hvm.obj
 0001:0001ad90       _hb_dbg_ProcLevel          0041bd90 f   xhb:hvm.obj
 0001:0001ada0       _HB_FUN_HB_DBG_INVOKEDEBUG 0041bda0 f   xhb:hvm.obj
 0001:0001ae00       _HB_FUN_HB_DBG_VMVARSLIST  0041be00 f   xhb:hvm.obj
 0001:0001ae30       _HB_FUN_HB_DBG_VMVARSLEN   0041be30 f   xhb:hvm.obj
 0001:0001ae50       _HB_FUN_HB_DBG_VMVARSGET   0041be50 f   xhb:hvm.obj
 0001:0001ae90       _HB_FUN_HB_DBG_VMVARSSET   0041be90 f   xhb:hvm.obj
 0001:0001aee0       _HB_FUN_HB_DBG_PROCLEVEL   0041bee0 f   xhb:hvm.obj
 0001:0001af00       _hb_dbg_vmVarGCount        0041bf00 f   xhb:hvm.obj
 0001:0001af10       _hb_dbg_vmVarGGet          0041bf10 f   xhb:hvm.obj
 0001:0001af30       _HB_FUN_HB_DBG_VMVARGLIST  0041bf30 f   xhb:hvm.obj
 0001:0001af60       _HB_FUN_HB_DBG_VMVARGGET   0041bf60 f   xhb:hvm.obj
 0001:0001afa0       _HB_FUN_HB_DBG_VMVARGSET   0041bfa0 f   xhb:hvm.obj
 0001:0001aff0       _HB_FUN___VMVARGLIST       0041bff0 f   xhb:hvm.obj
 0001:0001b000       _HB_FUN___VMVARSLIST       0041c000 f   xhb:hvm.obj
 0001:0001b010       _HB_FUN___VMVARSLEN        0041c010 f   xhb:hvm.obj
 0001:0001b020       _HB_FUN___VMVARSGET        0041c020 f   xhb:hvm.obj
 0001:0001b030       _HB_FUN___VMVARSSET        0041c030 f   xhb:hvm.obj
 0001:0001b040       _hb_itemPushForward        0041c040 f   xhb:fastitem.obj
 0001:0001b080       _hb_itemForwardValue       0041c080 f   xhb:fastitem.obj
 0001:0001b0e0       _hb_itemReturn             0041c0e0 f   xhb:fastitem.obj
 0001:0001b100       _hb_itemReturnForward      0041c100 f   xhb:fastitem.obj
 0001:0001b120       _hb_itemReturnRelease      0041c120 f   xhb:fastitem.obj
 0001:0001b150       _hb_itemReleaseString      0041c150 f   xhb:fastitem.obj
 0001:0001b1b0       _hb_itemClear              0041c1b0 f   xhb:fastitem.obj
 0001:0001b380       _hb_itemSwap               0041c380 f   xhb:fastitem.obj
 0001:0001b3c0       _hb_itemCopy               0041c3c0 f   xhb:fastitem.obj
 0001:0001b5a0       _hb_itemPutC               0041c5a0 f   xhb:fastitem.obj
 0001:0001b5d0       _hb_itemPutCL              0041c5d0 f   xhb:fastitem.obj
 0001:0001b810       _hb_itemPutCPtr            0041c810 f   xhb:fastitem.obj
 0001:0001b860       _hb_itemPutCRaw            0041c860 f   xhb:fastitem.obj
 0001:0001b8f0       _hb_itemPutCRawStatic      0041c8f0 f   xhb:fastitem.obj
 0001:0001b950       _hb_itemPutCStatic         0041c950 f   xhb:fastitem.obj
 0001:0001b980       _hb_itemPutCLStatic        0041c980 f   xhb:fastitem.obj
 0001:0001b9f0       _hb_itemPutPtr             0041c9f0 f   xhb:fastitem.obj
 0001:0001ba40       _hb_itemPutPtrGC           0041ca40 f   xhb:fastitem.obj
 0001:0001ba70       _hb_itemPushStaticString   0041ca70 f   xhb:fastitem.obj
 0001:0001bac0       _hb_retcAdopt              0041cac0 f   xhb:fastitem.obj
 0001:0001bb60       _hb_retclenAdopt           0041cb60 f   xhb:fastitem.obj
 0001:0001bbe0       _hb_retclenAdoptRaw        0041cbe0 f   xhb:fastitem.obj
 0001:0001bc50       _hb_retcStatic             0041cc50 f   xhb:fastitem.obj
 0001:0001bcb0       _hb_retclenStatic          0041ccb0 f   xhb:fastitem.obj
 0001:0001bcf0       _hb_itemParamId            0041ccf0 f   xhb:fastitem.obj
 0001:0001bd50       _hb_xalloc                 0041cd50 f   xhb:fm.obj
 0001:0001bda0       _hb_xgrab                  0041cda0 f   xhb:fm.obj
 0001:0001be00       _hb_xrealloc               0041ce00 f   xhb:fm.obj
 0001:0001bea0       _hb_xfree                  0041cea0 f   xhb:fm.obj
 0001:0001bee0       _hb_xRefInc                0041cee0 f   xhb:fm.obj
 0001:0001bef0       _hb_xRefDec                0041cef0 f   xhb:fm.obj
 0001:0001bf20       _hb_xRefFree               0041cf20 f   xhb:fm.obj
 0001:0001bf50       _hb_xRefCount              0041cf50 f   xhb:fm.obj
 0001:0001bf60       _hb_xRefResize             0041cf60 f   xhb:fm.obj
 0001:0001c030       _hb_xautorelease           0041d030 f   xhb:fm.obj
 0001:0001c040       _hb_xsize                  0041d040 f   xhb:fm.obj
 0001:0001c050       _hb_xinit                  0041d050 f   xhb:fm.obj
 0001:0001c070       _hb_xexit                  0041d070 f   xhb:fm.obj
 0001:0001c080       _hb_xquery                 0041d080 f   xhb:fm.obj
 0001:0001c220       _HB_FUN_MEMORY             0041d220 f   xhb:fm.obj
 0001:0001c250       _HB_FUN_HB_FM_NOSTAT       0041d250 f   xhb:fm.obj
 0001:0001c260       _hb_itemNew                0041d260 f   xhb:itemapi.obj
 0001:0001c280       _hb_itemParam              0041d280 f   xhb:itemapi.obj
 0001:0001c2a0       _hb_itemParamPtr           0041d2a0 f   xhb:itemapi.obj
 0001:0001c2c0       _hb_itemPCount             0041d2c0 f   xhb:itemapi.obj
 0001:0001c2e0       _hb_itemRelease            0041d2e0 f   xhb:itemapi.obj
 0001:0001c300       _hb_itemArrayNew           0041d300 f   xhb:itemapi.obj
 0001:0001c320       _hb_itemArrayGet           0041d320 f   xhb:itemapi.obj
 0001:0001c350       _hb_itemArrayPut           0041d350 f   xhb:itemapi.obj
 0001:0001c380       _hb_itemSetCMemo           0041d380 f   xhb:itemapi.obj
 0001:0001c3a0       _hb_itemGetC               0041d3a0 f   xhb:itemapi.obj
 0001:0001c3f0       _hb_itemGetCPtr            0041d3f0 f   xhb:itemapi.obj
 0001:0001c420       _hb_itemGetCLen            0041d420 f   xhb:itemapi.obj
 0001:0001c450       _hb_itemCopyC              0041d450 f   xhb:itemapi.obj
 0001:0001c4a0       _hb_itemFreeC              0041d4a0 f   xhb:itemapi.obj
 0001:0001c4c0       _hb_itemGetDS              0041d4c0 f   xhb:itemapi.obj
 0001:0001c500       _hb_itemGetDTS             0041d500 f   xhb:itemapi.obj
 0001:0001c540       _hb_itemGetDL              0041d540 f   xhb:itemapi.obj
 0001:0001c560       _hb_itemGetT               0041d560 f   xhb:itemapi.obj
 0001:0001c580       _hb_itemGetTsec            0041d580 f   xhb:itemapi.obj
 0001:0001c5b0       _hb_itemGetDTsec           0041d5b0 f   xhb:itemapi.obj
 0001:0001c5f0       _hb_itemGetDTD             0041d5f0 f   xhb:itemapi.obj
 0001:0001c630       _hb_itemGetDTL             0041d630 f   xhb:itemapi.obj
 0001:0001c670       _hb_itemGetD               0041d670 f   xhb:itemapi.obj
 0001:0001c6d0       _hb_itemGetDT              0041d6d0 f   xhb:itemapi.obj
 0001:0001c770       _hb_itemGetL               0041d770 f   xhb:itemapi.obj
 0001:0001c870       _hb_itemGetND              0041d870 f   xhb:itemapi.obj
 0001:0001c940       _hb_itemGetNDDec           0041d940 f   xhb:itemapi.obj
 0001:0001ca40       _hb_itemGetNI              0041da40 f   xhb:itemapi.obj
 0001:0001caf0       _hb_itemGetNL              0041daf0 f   xhb:itemapi.obj
 0001:0001cba0       _hb_itemGetPtr             0041dba0 f   xhb:itemapi.obj
 0001:0001cbc0       _hb_itemGetPtrGC           0041dbc0 f   xhb:itemapi.obj
 0001:0001cc00       _hb_itemGetSymbol          0041dc00 f   xhb:itemapi.obj
 0001:0001cc30       _hb_itemPutDate            0041dc30 f   xhb:itemapi.obj
 0001:0001cc80       _hb_itemPutDS              0041dc80 f   xhb:itemapi.obj
 0001:0001cca0       _hb_itemPutDTS             0041dca0 f   xhb:itemapi.obj
 0001:0001cce0       _hb_itemPutD               0041dce0 f   xhb:itemapi.obj
 0001:0001cd10       _hb_itemPutDT              0041dd10 f   xhb:itemapi.obj
 0001:0001cd70       _hb_itemPutTDT             0041dd70 f   xhb:itemapi.obj
 0001:0001cdc0       _hb_itemPutDL              0041ddc0 f   xhb:itemapi.obj
 0001:0001cde0       _hb_itemPutDTL             0041dde0 f   xhb:itemapi.obj
 0001:0001ce20       _hb_itemPutDTsec           0041de20 f   xhb:itemapi.obj
 0001:0001ce70       _hb_itemPutDTD             0041de70 f   xhb:itemapi.obj
 0001:0001ceb0       _hb_itemPutL               0041deb0 f   xhb:itemapi.obj
 0001:0001cf00       _hb_itemPutND              0041df00 f   xhb:itemapi.obj
 0001:0001cf20       _hb_itemPutNDDec           0041df20 f   xhb:itemapi.obj
 0001:0001cfc0       _hb_itemPutNI              0041dfc0 f   xhb:itemapi.obj
 0001:0001d030       _hb_itemPutNL              0041e030 f   xhb:itemapi.obj
 0001:0001d0a0       _hb_itemPutNLen            0041e0a0 f   xhb:itemapi.obj
 0001:0001d1a0       _hb_itemPutNDLen           0041e1a0 f   xhb:itemapi.obj
 0001:0001d250       _hb_itemPutNILen           0041e250 f   xhb:itemapi.obj
 0001:0001d2d0       _hb_itemPutNLLen           0041e2d0 f   xhb:itemapi.obj
 0001:0001d350       _hb_itemPutSymbol          0041e350 f   xhb:itemapi.obj
 0001:0001d3d0       _hb_itemGetNLen            0041e3d0 f   xhb:itemapi.obj
 0001:0001d480       _hb_itemSize               0041e480 f   xhb:itemapi.obj
 0001:0001d4d0       _hb_itemType               0041e4d0 f   xhb:itemapi.obj
 0001:0001d4f0       _hb_itemTypeStr            0041e4f0 f   xhb:itemapi.obj
 0001:0001d6a0       _hb_itemUnRef              0041e6a0 f   xhb:itemapi.obj
 0001:0001d6d0       _hb_itemUnRefOnce          0041e6d0 f   xhb:itemapi.obj
 0001:0001d800       _hb_itemUnShareString      0041e800 f   xhb:itemapi.obj
 0001:0001d8c0       _hb_itemUnShare            0041e8c0 f   xhb:itemapi.obj
 0001:0001d900       _hb_itemGetWriteCL         0041e900 f   xhb:itemapi.obj
 0001:0001d960       _hb_itemClone              0041e960 f   xhb:itemapi.obj
 0001:0001d9b0       _hb_itemStrCmp             0041e9b0 f   xhb:itemapi.obj
 0001:0001daf0       _hb_itemStrBuf             0041eaf0 f   xhb:itemapi.obj
 0001:0001e0e0       _hb_itemStr                0041f0e0 f   xhb:itemapi.obj
 0001:0001e1d0       _hb_itemString             0041f1d0 f   xhb:itemapi.obj
 0001:0001e470       _hb_itemPadConv            0041f470 f   xhb:itemapi.obj
 0001:0001e550       _hb_itemValToStr           0041f550 f   xhb:itemapi.obj
 0001:0001e5a0       _hb_itemGetNLL             0041f5a0 f   xhb:itemapi.obj
 0001:0001e650       _hb_itemPutNLL             0041f650 f   xhb:itemapi.obj
 0001:0001e6e0       _hb_itemPutNLLLen          0041f6e0 f   xhb:itemapi.obj
 0001:0001e780       _hb_itemPutNInt            0041f780 f   xhb:itemapi.obj
 0001:0001e7e0       _hb_itemPutNIntLen         0041f7e0 f   xhb:itemapi.obj
 0001:0001e850       _hb_itemGetNInt            0041f850 f   xhb:itemapi.obj
 0001:0001e900       _hb_itemPutHBLong          0041f900 f   xhb:itemapi.obj
 0001:0001e990       _hb_itemPutNumType         0041f990 f   xhb:itemapi.obj
 0001:0001ea50       _hb_itemPutNull            0041fa50 f   xhb:itemapi.obj
 0001:0001ebd0       _hb_clsInit                0041fbd0 f   xhb:classes.obj
 0001:0001ed40       _hb_clsDisableDestructors  0041fd40 f   xhb:classes.obj
 0001:0001ed50       _hb_clsDestructorsAllowed  0041fd50 f   xhb:classes.obj
 0001:0001ed60       _hb_clsClearAllClassDatas  0041fd60 f   xhb:classes.obj
 0001:0001eda0       _hb_clsClearAll            0041fda0 f   xhb:classes.obj
 0001:0001ede0       _hb_clsReleaseAll          0041fde0 f   xhb:classes.obj
 0001:0001ee90       _hb_clsIsClassRef          0041fe90 f   xhb:classes.obj
 0001:0001f3d0       _hb_clsIsParent            004203d0 f   xhb:classes.obj
 0001:0001f450       _hb_objGetClsName          00420450 f   xhb:classes.obj
 0001:0001f570       _hb_clsName                00420570 f   xhb:classes.obj
 0001:0001f5a0       _hb_objGetRealCls          004205a0 f   xhb:classes.obj
 0001:0001f630       _hb_objGetRealClsName      00420630 f   xhb:classes.obj
 0001:0001f770       _hb_objGetOpOver           00420770 f   xhb:classes.obj
 0001:0001f7a0       _hb_objGetClsSymbol        004207a0 f   xhb:classes.obj
 0001:0001f9b0       _hb_objGetMethod           004209b0 f   xhb:classes.obj
 0001:0001fa00       _hb_objGetMthd             00420a00 f   xhb:classes.obj
 0001:0001fc80       _hb_clsHasMsg              00420c80 f   xhb:classes.obj
 0001:0001fd10       _hb_objGetpMthd            00420d10 f   xhb:classes.obj
 0001:0001fd60       _hb_objGetpMethod          00420d60 f   xhb:classes.obj
 0001:0001fd90       _hb_objHasMsg              00420d90 f   xhb:classes.obj
 0001:0001fdb0       _hb_objHasMessage          00420db0 f   xhb:classes.obj
 0001:00020d60       _HB_FUN___CLSADDMSG        00421d60 f   xhb:classes.obj
 0001:00020f80       ___cls_CntMethods          00421f80 f   xhb:classes.obj
 0001:00021c70       _HB_FUN___CLSNEW           00422c70 f   xhb:classes.obj
 0001:00021df0       _hb_clsDeactiveClass       00422df0 f   xhb:classes.obj
 0001:00021e60       _HB_FUN___CLSISACTIVE      00422e60 f   xhb:classes.obj
 0001:00021ec0       _HB_FUN___CLSACTIVE        00422ec0 f   xhb:classes.obj
 0001:00021f50       _HB_FUN___CLSSETMODULE     00422f50 f   xhb:classes.obj
 0001:00021fd0       _HB_FUN___CLSDELMSG        00422fd0 f   xhb:classes.obj
 0001:00022130       _HB_FUN___CLSINST          00423130 f   xhb:classes.obj
 0001:00022150       _hb_clsInst                00423150 f   xhb:classes.obj
 0001:000225b0       _HB_FUN___CLSMODMSG        004235b0 f   xhb:classes.obj
 0001:000228d0       _HB_FUN___CLSMSGASSIGNED   004238d0 f   xhb:classes.obj
 0001:000229a0       _HB_FUN___OBJGETCLSNAME    004239a0 f   xhb:classes.obj
 0001:000229d0       _HB_FUN___CLSHASMSG        004239d0 f   xhb:classes.obj
 0001:00022aa0       _HB_FUN___OBJHASMSG        00423aa0 f   xhb:classes.obj
 0001:00022b40       _hb_objClone               00423b40 f   xhb:classes.obj
 0001:00022c40       _HB_FUN___OBJCLONE         00423c40 f   xhb:classes.obj
 0001:00022c90       _hb_objSendMsg             00423c90 f   xhb:classes.obj
 0001:00022d20       _hb_objSendSymbol          00423d20 f   xhb:classes.obj
 0001:00022d70       _hb_objSendMessage         00423d70 f   xhb:classes.obj
 0001:00022dc0       _HB_FUN___OBJSENDMSG       00423dc0 f   xhb:classes.obj
 0001:00022ea0       _HB_FUN___OBJSENDMSGCASE   00423ea0 f   xhb:classes.obj
 0001:00022f80       _HB_FUN___CLSINSTSUPER     00423f80 f   xhb:classes.obj
 0001:000230c0       _HB_FUN___CLS_CNTCLSDATA   004240c0 f   xhb:classes.obj
 0001:00023120       _HB_FUN___CLS_CNTSHRDATA   00424120 f   xhb:classes.obj
 0001:00023160       _HB_FUN___CLS_CNTDATA      00424160 f   xhb:classes.obj
 0001:000231b0       _HB_FUN___CLS_DECDATA      004241b0 f   xhb:classes.obj
 0001:00023200       _HB_FUN___CLS_INCDATA      00424200 f   xhb:classes.obj
 0001:00023280       _HB_FUN___CLASSNAME        00424280 f   xhb:classes.obj
 0001:000232e0       _HB_FUN___CLASSSEL         004242e0 f   xhb:classes.obj
 0001:00023390       _HB_FUN___GETMEMBERS       00424390 f   xhb:classes.obj
 0001:000235b0       _HB_FUN___GETMESSAGE       004245b0 f   xhb:classes.obj
 0001:000235e0       _HB_FUN___CLSPARENT        004245e0 f   xhb:classes.obj
 0001:00023630       _HB_FUN___SENDER           00424630 f   xhb:classes.obj
 0001:000236b0       _hb_objClassH              004246b0 f   xhb:classes.obj
 0001:000237d0       _HB_FUN___CLASSH           004247d0 f   xhb:classes.obj
 0001:00023800       _HB_FUN___EVAL             00424800 f   xhb:classes.obj
 0001:00023f00       _hb___msgGetClsData        00424f00 f   xhb:classes.obj
 0001:00023f50       _hb___msgSetClsData        00424f50 f   xhb:classes.obj
 0001:00023fb0       _hb___msgGetShrData        00424fb0 f   xhb:classes.obj
 0001:00024000       _hb___msgSetShrData        00425000 f   xhb:classes.obj
 0001:00024070       _hb___msgGetData           00425070 f   xhb:classes.obj
 0001:000240c0       _hb___msgSetData           004250c0 f   xhb:classes.obj
 0001:00024210       _hb_clsClassesArray        00425210 f   xhb:classes.obj
 0001:00024220       _hb_clsMaxClasses          00425220 f   xhb:classes.obj
 0001:00024230       _HB_FUN___GETMSGPRF        00425230 f   xhb:classes.obj
 0001:00024260       _hb_mthAddTime             00425260 f   xhb:classes.obj
 0001:00024270       _hb_clsFinalize            00425270 f   xhb:classes.obj
 0001:00024430       _HB_FUN___CLSGETPROPERTIES 00425430 f   xhb:classes.obj
 0001:000244f0       _HB_FUN___CLSGETPROPERTIESANDVALUES 004254f0 f   xhb:classes.obj
 0001:00024600       _HB_FUN___CLSGETIVARNAMESANDVALUES 00425600 f   xhb:classes.obj
 0001:00024750       _hb_clsSymbolFromFunction  00425750 f   xhb:classes.obj
 0001:000247c0       _HB_FUN_HB_OBJMSGPTR       004257c0 f   xhb:classes.obj
 0001:00024860       _hb_clsGetHandleFromName   00425860 f   xhb:classes.obj
 0001:000248c0       _HB_FUN___CLSGETHANDLEFROMNAME 004258c0 f   xhb:classes.obj
 0001:000249c0       _hb_clsSetModule           004259c0 f   xhb:classes.obj
 0001:00024a00       _HB_FUN___SETCLASSSCOPE    00425a00 f   xhb:classes.obj
 0001:00024a50       _hb_clsSetScope            00425a50 f   xhb:classes.obj
 0001:00024a70       _HB_FUN___SETCLASSAUTOINIT 00425a70 f   xhb:classes.obj
 0001:00024c00       _HB_FUN___CLSADDFRIEND     00425c00 f   xhb:classes.obj
 0001:00024c40       _HB_FUN___CLSFRIENDLY      00425c40 f   xhb:classes.obj
 0001:00024d60       _HB_FUN___CLSASSOCTYPE     00425d60 f   xhb:classes.obj
 0001:00024f30       _HB_FUN___CLSCNTCLASSES    00425f30 f   xhb:classes.obj
 0001:00024f50       _HB_FUN___CLSINSTNAME      00425f50 f   xhb:classes.obj
 0001:00025030       _hb_clsCreate              00426030 f   xhb:classes.obj
 0001:00025060       _hb_clsAdd                 00426060 f   xhb:classes.obj
 0001:00025090       _hb_clsAddData             00426090 f   xhb:classes.obj
 0001:000250c0       _hb_clsAssociate           004260c0 f   xhb:classes.obj
 0001:000250e0       _hb_clsAddDataInit         004260e0 f   xhb:classes.obj
 0001:00025fb0       _HB_FUN_ERRORNEW           00426fb0 f   xhb:errorapi.obj
 0001:000261c0       _HB_FUN___ERRINHANDLER     004271c0 f   xhb:errorapi.obj
 0001:000261e0       _HB_FUN_ERRORBLOCK         004271e0 f   xhb:errorapi.obj
 0001:00026220       _hb_errorBlock             00427220 f   xhb:errorapi.obj
 0001:00026250       _hb_errorHandler           00427250 f   xhb:errorapi.obj
 0001:00026280       _HB_FUN_DOSERROR           00427280 f   xhb:errorapi.obj
 0001:000262c0       _hb_errInit                004272c0 f   xhb:errorapi.obj
 0001:00026330       _hb_errExit                00427330 f   xhb:errorapi.obj
 0001:00026360       _hb_errNew                 00427360 f   xhb:errorapi.obj
 0001:000264b0       _hb_errLaunch              004274b0 f   xhb:errorapi.obj
 0001:00026740       _hb_errLaunchSubst         00427740 f   xhb:errorapi.obj
 0001:00026910       _hb_errRelease             00427910 f   xhb:errorapi.obj
 0001:00026920       _hb_errGetCargo            00427920 f   xhb:errorapi.obj
 0001:00026940       _hb_errPutCargo            00427940 f   xhb:errorapi.obj
 0001:00026960       _hb_errGetArgs             00427960 f   xhb:errorapi.obj
 0001:00026980       _hb_errPutArgsArray        00427980 f   xhb:errorapi.obj
 0001:000269a0       _hb_errGetDescription      004279a0 f   xhb:errorapi.obj
 0001:000269c0       _hb_errPutDescription      004279c0 f   xhb:errorapi.obj
 0001:000269e0       _hb_errGetFileName         004279e0 f   xhb:errorapi.obj
 0001:00026a00       _hb_errPutFileName         00427a00 f   xhb:errorapi.obj
 0001:00026a20       _hb_errGetGenCode          00427a20 f   xhb:errorapi.obj
 0001:00026a40       _hb_errPutGenCode          00427a40 f   xhb:errorapi.obj
 0001:00026a60       _hb_errGetOperation        00427a60 f   xhb:errorapi.obj
 0001:00026a80       _hb_errPutOperation        00427a80 f   xhb:errorapi.obj
 0001:00026ad0       _hb_errGetOsCode           00427ad0 f   xhb:errorapi.obj
 0001:00026af0       _hb_errPutOsCode           00427af0 f   xhb:errorapi.obj
 0001:00026b10       _hb_errGetSeverity         00427b10 f   xhb:errorapi.obj
 0001:00026b30       _hb_errPutSeverity         00427b30 f   xhb:errorapi.obj
 0001:00026b50       _hb_errGetSubCode          00427b50 f   xhb:errorapi.obj
 0001:00026b70       _hb_errPutSubCode          00427b70 f   xhb:errorapi.obj
 0001:00026b90       _hb_errGetSubSystem        00427b90 f   xhb:errorapi.obj
 0001:00026bb0       _hb_errPutSubSystem        00427bb0 f   xhb:errorapi.obj
 0001:00026bd0       _hb_errGetProcName         00427bd0 f   xhb:errorapi.obj
 0001:00026bf0       _hb_errPutProcName         00427bf0 f   xhb:errorapi.obj
 0001:00026c10       _hb_errGetProcLine         00427c10 f   xhb:errorapi.obj
 0001:00026c30       _hb_errPutProcLine         00427c30 f   xhb:errorapi.obj
 0001:00026c50       _hb_errGetThreadId         00427c50 f   xhb:errorapi.obj
 0001:00026c70       _hb_errPutThreadId         00427c70 f   xhb:errorapi.obj
 0001:00026c90       _hb_errGetRunningThreads   00427c90 f   xhb:errorapi.obj
 0001:00026cb0       _hb_errPutRunningThreads   00427cb0 f   xhb:errorapi.obj
 0001:00026cd0       _hb_errGetVmThreadId       00427cd0 f   xhb:errorapi.obj
 0001:00026cf0       _hb_errPutVmThreadId       00427cf0 f   xhb:errorapi.obj
 0001:00026d10       _hb_errGetModuleName       00427d10 f   xhb:errorapi.obj
 0001:00026d30       _hb_errPutModuleName       00427d30 f   xhb:errorapi.obj
 0001:00026d50       _hb_errGetCallStack        00427d50 f   xhb:errorapi.obj
 0001:00026d70       _hb_errPutCallStack        00427d70 f   xhb:errorapi.obj
 0001:00026d90       _hb_errGetTries            00427d90 f   xhb:errorapi.obj
 0001:00026db0       _hb_errPutTries            00427db0 f   xhb:errorapi.obj
 0001:00026dd0       _hb_errGetFlags            00427dd0 f   xhb:errorapi.obj
 0001:00026df0       _hb_errPutFlags            00427df0 f   xhb:errorapi.obj
 0001:00026e80       _hb_errPutArgs             00427e80 f   xhb:errorapi.obj
 0001:00026ed0       _hb_errRT_New              00427ed0 f   xhb:errorapi.obj
 0001:00026fa0       _hb_errRT_New_Subst        00427fa0 f   xhb:errorapi.obj
 0001:00027080       _hb_errRT_SubstParams      00428080 f   xhb:errorapi.obj
 0001:00027100       _hb_errRT_FileError        00428100 f   xhb:errorapi.obj
 0001:000271c0       _HB_FUN___ERRRT_BASE       004281c0 f   xhb:errorapi.obj
 0001:00027230       _HB_FUN___ERRRT_SBASE      00428230 f   xhb:errorapi.obj
 0001:000272a0       _hb_errRT_BASE             004282a0 f   xhb:errorapi.obj
 0001:00027390       _hb_errRT_BASE_Ext1        00428390 f   xhb:errorapi.obj
 0001:00027490       _hb_errRT_BASE_Subst       00428490 f   xhb:errorapi.obj
 0001:00027580       _hb_errRT_BASE_SubstR      00428580 f   xhb:errorapi.obj
 0001:00027670       _hb_errRT_TERM             00428670 f   xhb:errorapi.obj
 0001:000276c0       _hb_errRT_DBCMD            004286c0 f   xhb:errorapi.obj
 0001:00027720       _hb_errRT_DBCMD_Ext        00428720 f   xhb:errorapi.obj
 0001:00027770       _hb_errRT_TOOLS            00428770 f   xhb:errorapi.obj
 0001:000277c0       _hb_errInternal            004287c0 f   xhb:errorapi.obj
 0001:00027960       _hb_dynsymLog              00428960 f   xhb:dynsym.obj
 0001:000279a0       _hb_symbolNew              004289a0 f   xhb:dynsym.obj
 0001:00027a10       _hb_dynsymNew              00428a10 f   xhb:dynsym.obj
 0001:00027b30       _hb_dynsymGet              00428b30 f   xhb:dynsym.obj
 0001:00027c00       _hb_dynsymGetCase          00428c00 f   xhb:dynsym.obj
 0001:00027c70       _hb_dynsymGetCaseWithNamespaces 00428c70 f   xhb:dynsym.obj
 0001:00027ce0       _hb_dynsymGetWithNamespaces 00428ce0 f   xhb:dynsym.obj
 0001:00027d50       _hb_dynsymFindName         00428d50 f   xhb:dynsym.obj
 0001:00027dd0       _hb_dynsymFind             00428dd0 f   xhb:dynsym.obj
 0001:00027ea0       _hb_dynsymFindWithNamespaces 00428ea0 f   xhb:dynsym.obj
 0001:00027f10       _hb_dynsymFindNameWithNamespaces 00428f10 f   xhb:dynsym.obj
 0001:00028000       _hb_dynsymGetSymbol        00429000 f   xhb:dynsym.obj
 0001:00028020       _hb_dynsymFindSymbol       00429020 f   xhb:dynsym.obj
 0001:00028040       _hb_dynsymSymbol           00429040 f   xhb:dynsym.obj
 0001:00028050       _hb_dynsymName             00429050 f   xhb:dynsym.obj
 0001:00028060       _hb_dynsymIsFunction       00429060 f   xhb:dynsym.obj
 0001:00028080       _hb_dynsymMemvarHandle     00429080 f   xhb:dynsym.obj
 0001:00028090       _hb_dynsymAreaHandle       00429090 f   xhb:dynsym.obj
 0001:000280a0       _hb_dynsymSetAreaHandle    004290a0 f   xhb:dynsym.obj
 0001:000280b0       _hb_dynsymEval             004290b0 f   xhb:dynsym.obj
 0001:000280f0       _hb_dynsymRelease          004290f0 f   xhb:dynsym.obj
 0001:00028160       _hb_dynsymPos              00429160 f   xhb:dynsym.obj
 0001:00028190       _hb_dynsymItems            00429190 f   xhb:dynsym.obj
 0001:000281a0       _hb_dynsymCount            004291a0 f   xhb:dynsym.obj
 0001:000281b0       _HB_FUN___DYNSCOUNT        004291b0 f   xhb:dynsym.obj
 0001:000281d0       _HB_FUN___DYNSGETNAME      004291d0 f   xhb:dynsym.obj
 0001:00028220       _HB_FUN___DYNSGETINDEX     00429220 f   xhb:dynsym.obj
 0001:00028260       _HB_FUN___DYNSISFUN        00429260 f   xhb:dynsym.obj
 0001:000282c0       _HB_FUN___DYNSGETPRF       004292c0 f   xhb:dynsym.obj
 0001:000282f0       _hb_param                  004292f0 f   xhb:extend.obj
 0001:000283a0       _hb_paramError             004293a0 f   xhb:extend.obj
 0001:000283d0       _hb_extIsArray             004293d0 f   xhb:extend.obj
 0001:00028440       _hb_extIsObject            00429440 f   xhb:extend.obj
 0001:000284d0       _hb_parc                   004294d0 f   xhb:extend.obj
 0001:00028570       _hb_parcx                  00429570 f   xhb:extend.obj
 0001:00028620       _hb_parclen                00429620 f   xhb:extend.obj
 0001:000286c0       _hb_parcsiz                004296c0 f   xhb:extend.obj
 0001:00028760       _hb_pards                  00429760 f   xhb:extend.obj
 0001:00028820       _hb_pardts                 00429820 f   xhb:extend.obj
 0001:000288e0       _hb_pardsbuff              004298e0 f   xhb:extend.obj
 0001:000289a0       _hb_pardl                  004299a0 f   xhb:extend.obj
 0001:00028a40       _hb_pardtsbuff             00429a40 f   xhb:extend.obj
 0001:00028b00       _hb_part                   00429b00 f   xhb:extend.obj
 0001:00028ba0       _hb_pardtsec               00429ba0 f   xhb:extend.obj
 0001:00028c50       _hb_pardtd                 00429c50 f   xhb:extend.obj
 0001:00028d00       _hb_parl                   00429d00 f   xhb:extend.obj
 0001:00028e80       _hb_parnd                  00429e80 f   xhb:extend.obj
 0001:00028f80       _hb_parni                  00429f80 f   xhb:extend.obj
 0001:00029070       _hb_parnl                  0042a070 f   xhb:extend.obj
 0001:00029170       _hb_parnint                0042a170 f   xhb:extend.obj
 0001:00029280       _hb_parptr                 0042a280 f   xhb:extend.obj
 0001:00029320       _hb_parptrGC               0042a320 f   xhb:extend.obj
 0001:00029400       _hb_parinfa                0042a400 f   xhb:extend.obj
 0001:00029440       _hb_parinfo                0042a440 f   xhb:extend.obj
 0001:000294f0       _hb_pcount                 0042a4f0 f   xhb:extend.obj
 0001:00029510       _hb_ret                    0042a510 f   xhb:extend.obj
 0001:00029540       _hb_reta                   0042a540 f   xhb:extend.obj
 0001:00029560       _hb_retc                   0042a560 f   xhb:extend.obj
 0001:00029580       _hb_retc_null              0042a580 f   xhb:extend.obj
 0001:000295a0       _hb_retclen                0042a5a0 f   xhb:extend.obj
 0001:000295c0       _hb_retds                  0042a5c0 f   xhb:extend.obj
 0001:000295e0       _hb_retdts                 0042a5e0 f   xhb:extend.obj
 0001:00029600       _hb_retd                   0042a600 f   xhb:extend.obj
 0001:00029620       _hb_retdt                  0042a620 f   xhb:extend.obj
 0001:00029660       _hb_retdl                  0042a660 f   xhb:extend.obj
 0001:00029680       _hb_retdtd                 0042a680 f   xhb:extend.obj
 0001:000296a0       _hb_retdtl                 0042a6a0 f   xhb:extend.obj
 0001:000296c0       _hb_retl                   0042a6c0 f   xhb:extend.obj
 0001:000296f0       _hb_retnd                  0042a6f0 f   xhb:extend.obj
 0001:00029710       _hb_retni                  0042a710 f   xhb:extend.obj
 0001:00029730       _hb_retnl                  0042a730 f   xhb:extend.obj
 0001:00029750       _hb_retnlen                0042a750 f   xhb:extend.obj
 0001:00029780       _hb_retndlen               0042a780 f   xhb:extend.obj
 0001:000297b0       _hb_retnilen               0042a7b0 f   xhb:extend.obj
 0001:000297d0       _hb_retnllen               0042a7d0 f   xhb:extend.obj
 0001:000297f0       _hb_retptr                 0042a7f0 f   xhb:extend.obj
 0001:00029810       _hb_retptrGC               0042a810 f   xhb:extend.obj
 0001:00029830       _hb_retnint                0042a830 f   xhb:extend.obj
 0001:00029850       _hb_retnintlen             0042a850 f   xhb:extend.obj
 0001:00029870       _hb_storc                  0042a870 f   xhb:extend.obj
 0001:00029940       _hb_storclen               0042a940 f   xhb:extend.obj
 0001:00029a10       _hb_storclenAdopt          0042aa10 f   xhb:extend.obj
 0001:00029b00       _hb_stords                 0042ab00 f   xhb:extend.obj
 0001:00029bd0       _hb_stordts                0042abd0 f   xhb:extend.obj
 0001:00029ca0       _hb_stordl                 0042aca0 f   xhb:extend.obj
 0001:00029d70       _hb_stordtd                0042ad70 f   xhb:extend.obj
 0001:00029e40       _hb_stordtl                0042ae40 f   xhb:extend.obj
 0001:00029f10       _hb_stord                  0042af10 f   xhb:extend.obj
 0001:00029ff0       _hb_stordt                 0042aff0 f   xhb:extend.obj
 0001:0002a0f0       _hb_storl                  0042b0f0 f   xhb:extend.obj
 0001:0002a1f0       _hb_storni                 0042b1f0 f   xhb:extend.obj
 0001:0002a2c0       _hb_stornl                 0042b2c0 f   xhb:extend.obj
 0001:0002a390       _hb_stornint               0042b390 f   xhb:extend.obj
 0001:0002a480       _hb_stornd                 0042b480 f   xhb:extend.obj
 0001:0002a550       _hb_storptr                0042b550 f   xhb:extend.obj
 0001:0002a620       _hb_stornll                0042b620 f   xhb:extend.obj
 0001:0002a700       _hb_parnll                 0042b700 f   xhb:extend.obj
 0001:0002a7f0       _hb_retnll                 0042b7f0 f   xhb:extend.obj
 0001:0002a810       _hb_retnlllen              0042b810 f   xhb:extend.obj
 0001:0002a830       _hb_strAt                  0042b830 f   xhb:hbstr.obj
 0001:0002a8a0       _hb_strupr                 0042b8a0 f   xhb:hbstr.obj
 0001:0002a8e0       _hb_strlow                 0042b8e0 f   xhb:hbstr.obj
 0001:0002a920       _hb_strdup                 0042b920 f   xhb:hbstr.obj
 0001:0002a960       _hb_strndup                0042b960 f   xhb:hbstr.obj
 0001:0002a9b0       _hb_strnlen                0042b9b0 f   xhb:hbstr.obj
 0001:0002a9e0       _hb_strduptrim             0042b9e0 f   xhb:hbstr.obj
 0001:0002aa40       _hb_strlentrim             0042ba40 f   xhb:hbstr.obj
 0001:0002aa80       _hb_stricmp                0042ba80 f   xhb:hbstr.obj
 0001:0002ab20       _hb_symcmp                 0042bb20 f   xhb:hbstr.obj
 0001:0002abb0       _hb_strnicmp               0042bbb0 f   xhb:hbstr.obj
 0001:0002ac80       _hb_xstrcat                0042bc80 f   xhb:hbstr.obj
 0001:0002ace0       _hb_xstrcpy                0042bce0 f   xhb:hbstr.obj
 0001:0002add0       _hb_numRound               0042bdd0 f   xhb:hbstr.obj
 0001:0002aef0       _hb_numInt                 0042bef0 f   xhb:hbstr.obj
 0001:0002af20       _hb_numDecConv             0042bf20 f   xhb:hbstr.obj
 0001:0002b680       _hb_compStrToNum           0042c680 f   xhb:hbstr.obj
 0001:0002b6b0       _hb_compStrToNumErr        0042c6b0 f   xhb:hbstr.obj
 0001:0002b6e0       _hb_valStrnToNum           0042c6e0 f   xhb:hbstr.obj
 0001:0002b710       _hb_strToNum               0042c710 f   xhb:hbstr.obj
 0001:0002b750       _hb_strnToNum              0042c750 f   xhb:hbstr.obj
 0001:0002b780       _hb_strVal                 0042c780 f   xhb:hbstr.obj
 0001:0002b7c0       _hb_strValInt              0042c7c0 f   xhb:hbstr.obj
 0001:0002b830       _hb_strncpy                0042c830 f   xhb:hbstr.obj
 0001:0002b890       _hb_strncat                0042c890 f   xhb:hbstr.obj
 0001:0002b8f0       _hb_strncpyUpper           0042c8f0 f   xhb:hbstr.obj
 0001:0002b980       _hb_strncpyUpperTrim       0042c980 f   xhb:hbstr.obj
 0001:0002ba40       _hb_strncpyTrim            0042ca40 f   xhb:hbstr.obj
 0001:0002bad0       _hb_strRemEscSeq           0042cad0 f   xhb:hbstr.obj
 0001:0002bd00       _hb_stripOutComments       0042cd00 f   xhb:hbstr.obj
 0001:0002be60       _hb_strerror               0042ce60 f   xhb:hbstr.obj
 0001:0002be70       _hb_getregex               0042ce70 f   xhb:regex.obj
 0001:0002bf50       _hb_freeregex              0042cf50 f   xhb:regex.obj
 0001:0002bf70       _hb_regexCompile           0042cf70 f   xhb:regex.obj
 0001:0002c000       _hb_regexGet               0042d000 f   xhb:regex.obj
 0001:0002c0c0       _hb_regexFree              0042d0c0 f   xhb:regex.obj
 0001:0002c100       _hb_regexMatch             0042d100 f   xhb:regex.obj
 0001:0002c180       _hb_regex                  0042d180 f   xhb:regex.obj
 0001:0002cc10       _Wild2RegEx                0042dc10 f   xhb:regex.obj
 0001:0002cd40       _Mask2RegEx                0042dd40 f   xhb:regex.obj
 0001:0002ce10       _HB_FUN_HB_ATX             0042de10 f   xhb:regex.obj
 0001:0002d0e0       _HB_FUN_WILD2REGEX         0042e0e0 f   xhb:regex.obj
 0001:0002d140       _HB_FUN_HB_REGEX           0042e140 f   xhb:regex.obj
 0001:0002d160       _HB_FUN_HB_REGEXATX        0042e160 f   xhb:regex.obj
 0001:0002d180       _HB_FUN_HB_REGEXALL        0042e180 f   xhb:regex.obj
 0001:0002d1a0       _HB_FUN_HB_REGEXMATCH      0042e1a0 f   xhb:regex.obj
 0001:0002d1f0       _HB_FUN_HB_REGEXSPLIT      0042e1f0 f   xhb:regex.obj
 0001:0002d210       _HB_FUN_HB_REGEXCOMP       0042e210 f   xhb:regex.obj
 0001:0002d3a0       _HB_FUN_HB_PCRE_VERSION    0042e3a0 f   xhb:regex.obj
 0001:0002d3c0       _HB_FUN_HB_ISREGEXSTRING   0042e3c0 f   xhb:regex.obj
 0001:0002d420       _HB_FUN_HB_FORCELINK_PCREPOS 0042e420 f   xhb:regex.obj
 0001:0002d430       _hb_stack_init             0042e430 f   xhb:estack.obj
 0001:0002d4f0       _hb_stackInit              0042e4f0 f   xhb:estack.obj
 0001:0002d530       _hb_stackFree              0042e530 f   xhb:estack.obj
 0001:0002d600       _hb_stackSetStruct         0042e600 f   xhb:estack.obj
 0001:0002d610       _hb_stackPop               0042e610 f   xhb:estack.obj
 0001:0002d670       _hb_stackPopReturn         0042e670 f   xhb:estack.obj
 0001:0002d6e0       _hb_stackDec               0042e6e0 f   xhb:estack.obj
 0001:0002d710       _hb_stackDecrease          0042e710 f   xhb:estack.obj
 0001:0002d750       _hb_stackPush              0042e750 f   xhb:estack.obj
 0001:0002d780       _hb_stackAllocItem         0042e780 f   xhb:estack.obj
 0001:0002d7b0       _hb_stackPushReturn        0042e7b0 f   xhb:estack.obj
 0001:0002d800       _hb_stackIncrease          0042e800 f   xhb:estack.obj
 0001:0002d8d0       _hb_stackRemove            0042e8d0 f   xhb:estack.obj
 0001:0002d900       _hb_stackNewFrame          0042e900 f   xhb:estack.obj
 0001:0002d970       _hb_stackOldFrame          0042e970 f   xhb:estack.obj
 0001:0002da80       _hb_stackClearPrivateBases 0042ea80 f   xhb:estack.obj
 0001:0002dac0       _hb_stackTopOffset         0042eac0 f   xhb:estack.obj
 0001:0002dae0       _hb_stackBaseOffset        0042eae0 f   xhb:estack.obj
 0001:0002db00       _hb_stackBaseProcOffset    0042eb00 f   xhb:estack.obj
 0001:0002db60       _hb_stackTotalItems        0042eb60 f   xhb:estack.obj
 0001:0002db70       _hb_stackIOErrors          0042eb70 f   xhb:estack.obj
 0001:0002db80       _hb_stackRDD               0042eb80 f   xhb:estack.obj
 0001:0002db90       _hb_stackRDDTLS            0042eb90 f   xhb:estack.obj
 0001:0002dba0       _hb_stackGetStaticsBase    0042eba0 f   xhb:estack.obj
 0001:0002dbb0       _hb_stackSetStaticsBase    0042ebb0 f   xhb:estack.obj
 0001:0002dbc0       _hb_stackItemBasePtr       0042ebc0 f   xhb:estack.obj
 0001:0002dbd0       _hb_stackItem              0042ebd0 f   xhb:estack.obj
 0001:0002dc00       _hb_stackItemFromTop       0042ec00 f   xhb:estack.obj
 0001:0002dc30       _hb_stackItemFromBase      0042ec30 f   xhb:estack.obj
 0001:0002dc60       _hb_stackLocalVariable     0042ec60 f   xhb:estack.obj
 0001:0002dc90       _hb_stackTopItem           0042ec90 f   xhb:estack.obj
 0001:0002dca0       _hb_stackBaseItem          0042eca0 f   xhb:estack.obj
 0001:0002dcb0       _hb_stackSelfItem          0042ecb0 f   xhb:estack.obj
 0001:0002dcc0       _hb_stackReturnItem        0042ecc0 f   xhb:estack.obj
 0001:0002dcd0       _hb_stackDateBuffer        0042ecd0 f   xhb:estack.obj
 0001:0002dce0       _hb_stackGetBase           0042ece0 f   xhb:estack.obj
 0001:0002dd60       _hb_stackGetActionRequest  0042ed60 f   xhb:estack.obj
 0001:0002dd70       _hb_stackSetActionRequest  0042ed70 f   xhb:estack.obj
 0001:0002dd90       _hb_stackDispLocal         0042ed90 f   xhb:estack.obj
 0001:0002e070       _hb_stackDispCall          0042f070 f   xhb:estack.obj
 0001:0002e180       _hb_arrayNew               0042f180 f   xhb:arrays.obj
 0001:0002e240       _hb_arraySize              0042f240 f   xhb:arrays.obj
 0001:0002e4c0       _hb_arrayLen               0042f4c0 f   xhb:arrays.obj
 0001:0002e4e0       _hb_arrayIsObject          0042f4e0 f   xhb:arrays.obj
 0001:0002e520       _hb_arrayId                0042f520 f   xhb:arrays.obj
 0001:0002e540       _hb_arrayAdd               0042f540 f   xhb:arrays.obj
 0001:0002e5c0       _hb_arrayAddForward        0042f5c0 f   xhb:arrays.obj
 0001:0002e640       _hb_arrayDel               0042f640 f   xhb:arrays.obj
 0001:0002e730       _hb_arrayIns               0042f730 f   xhb:arrays.obj
 0001:0002e7d0       _hb_arraySet               0042f7d0 f   xhb:arrays.obj
 0001:0002e840       _hb_arraySetForward        0042f840 f   xhb:arrays.obj
 0001:0002e8b0       _hb_arrayGet               0042f8b0 f   xhb:arrays.obj
 0001:0002e940       _hb_arrayGetForward        0042f940 f   xhb:arrays.obj
 0001:0002e9d0       _hb_arrayGetByRef          0042f9d0 f   xhb:arrays.obj
 0001:0002eaf0       _hb_arrayGetDS             0042faf0 f   xhb:arrays.obj
 0001:0002eb50       _hb_arrayGetDTS            0042fb50 f   xhb:arrays.obj
 0001:0002ebb0       _hb_arrayGetDL             0042fbb0 f   xhb:arrays.obj
 0001:0002ec00       _hb_arrayGetT              0042fc00 f   xhb:arrays.obj
 0001:0002ec50       _hb_arrayGetDTsec          0042fc50 f   xhb:arrays.obj
 0001:0002ecb0       _hb_arrayGetDTD            0042fcb0 f   xhb:arrays.obj
 0001:0002ed10       _hb_arrayGetItemPtr        0042fd10 f   xhb:arrays.obj
 0001:0002ed50       _hb_arrayGetL              0042fd50 f   xhb:arrays.obj
 0001:0002ed90       _hb_arrayGetNI             0042fd90 f   xhb:arrays.obj
 0001:0002edd0       _hb_arrayGetNL             0042fdd0 f   xhb:arrays.obj
 0001:0002ee10       _hb_arrayGetNLL            0042fe10 f   xhb:arrays.obj
 0001:0002ee60       _hb_arrayGetNInt           0042fe60 f   xhb:arrays.obj
 0001:0002eeb0       _hb_arrayGetND             0042feb0 f   xhb:arrays.obj
 0001:0002ef00       _hb_arrayCopyC             0042ff00 f   xhb:arrays.obj
 0001:0002ef70       _hb_arrayGetC              0042ff70 f   xhb:arrays.obj
 0001:0002efd0       _hb_arrayGetCPtr           0042ffd0 f   xhb:arrays.obj
 0001:0002f030       _hb_arrayGetCLen           00430030 f   xhb:arrays.obj
 0001:0002f090       _hb_arrayGetPtr            00430090 f   xhb:arrays.obj
 0001:0002f0d0       _hb_arrayGetType           004300d0 f   xhb:arrays.obj
 0001:0002f110       _hb_arraySetDS             00430110 f   xhb:arrays.obj
 0001:0002f160       _hb_arraySetDL             00430160 f   xhb:arrays.obj
 0001:0002f1b0       _hb_arraySetL              004301b0 f   xhb:arrays.obj
 0001:0002f200       _hb_arraySetNI             00430200 f   xhb:arrays.obj
 0001:0002f250       _hb_arraySetNL             00430250 f   xhb:arrays.obj
 0001:0002f2a0       _hb_arraySetNLL            004302a0 f   xhb:arrays.obj
 0001:0002f2f0       _hb_arraySetNInt           004302f0 f   xhb:arrays.obj
 0001:0002f340       _hb_arraySetND             00430340 f   xhb:arrays.obj
 0001:0002f390       _hb_arraySetC              00430390 f   xhb:arrays.obj
 0001:0002f3e0       _hb_arraySetCL             004303e0 f   xhb:arrays.obj
 0001:0002f430       _hb_arraySetCPtr           00430430 f   xhb:arrays.obj
 0001:0002f480       _hb_arraySetPtr            00430480 f   xhb:arrays.obj
 0001:0002f4d0       _hb_arraySetPtrGC          004304d0 f   xhb:arrays.obj
 0001:0002f520       _hb_arrayLast              00430520 f   xhb:arrays.obj
 0001:0002f5c0       _hb_arrayFill              004305c0 f   xhb:arrays.obj
 0001:0002f650       _hb_arrayScan              00430650 f   xhb:arrays.obj
 0001:0002fbc0       _hb_arrayEval              00430bc0 f   xhb:arrays.obj
 0001:0002fe70       _hb_arrayReleaseBase       00430e70 f   xhb:arrays.obj
 0001:0002ff40       _hb_arrayRelease           00430f40 f   xhb:arrays.obj
 0001:0002ff80       _hb_arrayCopy              00430f80 f   xhb:arrays.obj
 0001:00030090       _hb_arrayClone2            00431090 f   xhb:arrays.obj
 0001:000300b0       _hb_arrayCloneEx           004310b0 f   xhb:arrays.obj
 0001:00030260       _hb_arrayClone             00431260 f   xhb:arrays.obj
 0001:000302a0       _hb_arrayFromStack         004312a0 f   xhb:arrays.obj
 0001:00030300       _hb_arrayFromParams        00431300 f   xhb:arrays.obj
 0001:000303d0       _hb_arrayBaseParams        004313d0 f   xhb:arrays.obj
 0001:000303f0       _hb_arraySelfParams        004313f0 f   xhb:arrays.obj
 0001:00030460       _hb_arrayReleaseGarbage    00431460 f   xhb:arrays.obj
 0001:000304f0       _hb_arrayMode              004314f0 f   xhb:arrays.obj
 0001:000306f0       _hb_fsGetOsHandle          004316f0 f   xhb:filesys.obj
 0001:00030700       _hb_fsPOpen                00431700 f   xhb:filesys.obj
 0001:00030720       _hb_fsOpenProcess          00431720 f   xhb:filesys.obj
 0001:00030b60       _hb_fsProcessValue         00431b60 f   xhb:filesys.obj
 0001:00030bf0       _hb_fsCloseProcess         00431bf0 f   xhb:filesys.obj
 0001:00030c40       _hb_fsOpen                 00431c40 f   xhb:filesys.obj
 0001:00030ce0       _hb_fsCreate               00431ce0 f   xhb:filesys.obj
 0001:00030d80       _hb_fsCreateEx             00431d80 f   xhb:filesys.obj
 0001:00030e30       _hb_fsClose                00431e30 f   xhb:filesys.obj
 0001:00030e60       _hb_fsSetDevMode           00431e60 f   xhb:filesys.obj
 0001:00030f00       _hb_fsGetFileTime          00431f00 f   xhb:filesys.obj
 0001:00030fd0       _hb_fsGetAttr              00431fd0 f   xhb:filesys.obj
 0001:00031040       _hb_fsSetFileTime          00432040 f   xhb:filesys.obj
 0001:00031180       _hb_fsSetAttr              00432180 f   xhb:filesys.obj
 0001:00031210       _hb_fsRead                 00432210 f   xhb:filesys.obj
 0001:00031280       _hb_fsWrite                00432280 f   xhb:filesys.obj
 0001:00031310       _hb_fsReadLarge            00432310 f   xhb:filesys.obj
 0001:00031360       _hb_fsWriteLarge           00432360 f   xhb:filesys.obj
 0001:000313d0       _hb_fsReadAt               004323d0 f   xhb:filesys.obj
 0001:000314b0       _hb_fsWriteAt              004324b0 f   xhb:filesys.obj
 0001:00031590       _hb_fsTruncAt              00432590 f   xhb:filesys.obj
 0001:00031640       _hb_fsCommit               00432640 f   xhb:filesys.obj
 0001:00031670       _hb_fsLock                 00432670 f   xhb:filesys.obj
 0001:000317d0       _hb_fsLockLarge            004327d0 f   xhb:filesys.obj
 0001:000319a0       _hb_fsSeek                 004329a0 f   xhb:filesys.obj
 0001:00031a40       _hb_fsSeekLarge            00432a40 f   xhb:filesys.obj
 0001:00031ba0       _hb_fsTell                 00432ba0 f   xhb:filesys.obj
 0001:00031bc0       _hb_fsDelete               00432bc0 f   xhb:filesys.obj
 0001:00031c10       _hb_fsRename               00432c10 f   xhb:filesys.obj
 0001:00031c90       _hb_fsMkDir                00432c90 f   xhb:filesys.obj
 0001:00031cf0       _hb_fsChDir                00432cf0 f   xhb:filesys.obj
 0001:00031d40       _hb_fsRmDir                00432d40 f   xhb:filesys.obj
 0001:00031d90       _hb_fsCurDir               00432d90 f   xhb:filesys.obj
 0001:00031dc0       _hb_fsCurDirBuff           00432dc0 f   xhb:filesys.obj
 0001:00031f10       _hb_fsChDrv                00432f10 f   xhb:filesys.obj
 0001:00031fb0       _hb_fsCurDrv               00432fb0 f   xhb:filesys.obj
 0001:00031ff0       _hb_fsIsDrv                00432ff0 f   xhb:filesys.obj
 0001:00032050       _hb_fsIsDevice             00433050 f   xhb:filesys.obj
 0001:000320a0       _hb_fsExtName              004330a0 f   xhb:filesys.obj
 0001:00032240       _hb_fsExtOpen              00433240 f   xhb:filesys.obj
 0001:00032370       _hb_fsEof                  00433370 f   xhb:filesys.obj
 0001:00032490       _hb_fsCurDirEx             00433490 f   xhb:filesys.obj
 0001:000324c0       _hb_fsCurDirBuffEx         004334c0 f   xhb:filesys.obj
 0001:00032590       _hb_fsNameConv             00433590 f   xhb:filesys.obj
 0001:00032890       _HB_FUN_HB_DISABLEWAITLOCKS 00433890 f   xhb:filesys.obj
 0001:000328e0       _HB_FUN_DISABLEWAITLOCKS   004338e0 f   xhb:filesys.obj
 0001:000328f0       _hb_dateEncode             004338f0 f   xhb:hbdate.obj
 0001:00032a20       _hb_dateDecode             00433a20 f   xhb:hbdate.obj
 0001:00032b20       _hb_dateStrPut             00433b20 f   xhb:hbdate.obj
 0001:00032c50       _hb_dateStrGet             00433c50 f   xhb:hbdate.obj
 0001:00032d20       _hb_dateDecStr             00433d20 f   xhb:hbdate.obj
 0001:00032d80       _hb_dateEncStr             00433d80 f   xhb:hbdate.obj
 0001:00032dc0       _hb_dateFormat             00433dc0 f   xhb:hbdate.obj
 0001:00033170       _hb_dateJulianDOW          00434170 f   xhb:hbdate.obj
 0001:000331a0       _hb_timeFormat             004341a0 f   xhb:hbdate.obj
 0001:000336e0       _hb_datetimeFormat         004346e0 f   xhb:hbdate.obj
 0001:00033760       _hb_dateDOW                00434760 f   xhb:hbdate.obj
 0001:000337f0       _hb_dateToday              004347f0 f   xhb:hbdate.obj
 0001:00033820       _hb_dateTimeStr            00434820 f   xhb:hbdate.obj
 0001:00033860       _hb_dbaselockEncode        00434860 f   xhb:hbdate.obj
 0001:000338b0       _hb_timeStampEncode        004348b0 f   xhb:hbdate.obj
 0001:00033910       _hb_timeStampDecode        00434910 f   xhb:hbdate.obj
 0001:000339f0       _hb_timeStampStr           004349f0 f   xhb:hbdate.obj
 0001:00033a50       _hb_dateTimeStampStr       00434a50 f   xhb:hbdate.obj
 0001:00033ad0       _hb_dateTimeStampStrGet    00434ad0 f   xhb:hbdate.obj
 0001:00033cb0       _hb_dateTime               00434cb0 f   xhb:hbdate.obj
 0001:00033cf0       _hb_timeEncodeSec          00434cf0 f   xhb:hbdate.obj
 0001:00033d50       _hb_timeEncode             00434d50 f   xhb:hbdate.obj
 0001:00033dc0       _hb_timeDecode             00434dc0 f   xhb:hbdate.obj
 0001:00033e50       _hb_timeDecodeSec          00434e50 f   xhb:hbdate.obj
 0001:00033ea0       _hb_timeStrGet             00434ea0 f   xhb:hbdate.obj
 0001:00033fe0       _hb_datetimeEncode         00434fe0 f   xhb:hbdate.obj
 0001:00034110       _hb_datetimeDecode         00435110 f   xhb:hbdate.obj
 0001:00034150       _hb_timeEncStr             00435150 f   xhb:hbdate.obj
 0001:00034200       _hb_timeDecStr             00435200 f   xhb:hbdate.obj
 0001:00034250       _hb_datetimeEncStr         00435250 f   xhb:hbdate.obj
 0001:000342a0       _hb_datetimeDecStr         004352a0 f   xhb:hbdate.obj
 0001:000342d0       _hb_datetimePack           004352d0 f   xhb:hbdate.obj
 0001:000342f0       _hb_datetimePackInSec      004352f0 f   xhb:hbdate.obj
 0001:00034310       _hb_datetimeUnpack         00435310 f   xhb:hbdate.obj
 0001:00034370       _hb_timeStampUnpackDT      00435370 f   xhb:hbdate.obj
 0001:000343e0       _hb_comp_datetimeEncStr    004353e0 f   xhb:hbdate.obj
 0001:00034410       _hb_comp_datetimeDecStr    00435410 f   xhb:hbdate.obj
 0001:00034450       _hb_comp_datetimeEncode    00435450 f   xhb:hbdate.obj
 0001:00034490       _hb_fsAddSearchPath        00435490 f   xhb:hbfsapi.obj
 0001:00034530       _hb_fsFreeSearchPath       00435530 f   xhb:hbfsapi.obj
 0001:00034570       _hb_fsFNameSplit           00435570 f   xhb:hbfsapi.obj
 0001:000346c0       _hb_fsFNameMerge           004356c0 f   xhb:hbfsapi.obj
 0001:00034800       _hb_fsNameExists           00435800 f   xhb:hbfsapi.obj
 0001:00034860       _hb_fsFileExists           00435860 f   xhb:hbfsapi.obj
 0001:000348d0       _hb_fsDirExists            004358d0 f   xhb:hbfsapi.obj
 0001:00034940       _hb_fsMaxFilesError        00435940 f   xhb:hbfsapi.obj
 0001:000349c0       _hb_fsGetFError            004359c0 f   xhb:fserror.obj
 0001:000349d0       _hb_fsError                004359d0 f   xhb:fserror.obj
 0001:000349e0       _hb_fsOsError              004359e0 f   xhb:fserror.obj
 0001:000349f0       _hb_fsSetFError            004359f0 f   xhb:fserror.obj
 0001:00034a10       _hb_fsSetError             00435a10 f   xhb:fserror.obj
 0001:00034a30       _hb_fsSetIOError           00435a30 f   xhb:fserror.obj
 0001:00035760       _hb_printf_params          00436760 f   xhb:hbprintf.obj
 0001:00035b10       _hb_vsnprintf              00436b10 f   xhb:hbprintf.obj
 0001:00037000       _hb_snprintf               00438000 f   xhb:hbprintf.obj
 0001:000370d0       _hb_gcAlloc                004380d0 f   xhb:garbage.obj
 0001:00037130       _hb_gcIncRef               00438130 f   xhb:garbage.obj
 0001:00037150       _hb_gcDecRef               00438150 f   xhb:garbage.obj
 0001:000371b0       _hb_gcFree                 004381b0 f   xhb:garbage.obj
 0001:00037240       _hb_gcFunc                 00438240 f   xhb:garbage.obj
 0001:00037260       _hb_gcGripGet              00438260 f   xhb:garbage.obj
 0001:000372c0       _hb_gcGripDrop             004382c0 f   xhb:garbage.obj
 0001:00037320       _hb_gcLock                 00438320 f   xhb:garbage.obj
 0001:00037370       _hb_gcUnlock               00438370 f   xhb:garbage.obj
 0001:000373d0       _hb_gcItemRef              004383d0 f   xhb:garbage.obj
 0001:00037cf0       _hb_gcCollect              00438cf0 f   xhb:garbage.obj
 0001:00037d00       _hb_gcCollectAll           00438d00 f   xhb:garbage.obj
 0001:00037f30       _hb_gcReleaseAll           00438f30 f   xhb:garbage.obj
 0001:00038070       _hb_gcInit                 00439070 f   xhb:garbage.obj
 0001:000380b0       _hb_gcSetCollecting        004390b0 f   xhb:garbage.obj
 0001:000380d0       _HB_FUN_HB_GCSTEP          004390d0 f   xhb:garbage.obj
 0001:000380e0       _HB_FUN_HB_GCALL           004390e0 f   xhb:garbage.obj
 0001:00038100       _HB_FUN_HB_GCALLOCATED     00439100 f   xhb:garbage.obj
 0001:00038120       _hb_winmainArgInit         00439120 f   xhb:cmdarg.obj
 0001:00038150       _hb_winmainArgGet          00439150 f   xhb:cmdarg.obj
 0001:00038190       _hb_cmdargInit             00439190 f   xhb:cmdarg.obj
 0001:000381b0       _hb_cmdargARGC             004391b0 f   xhb:cmdarg.obj
 0001:000381c0       _hb_cmdargARGV             004391c0 f   xhb:cmdarg.obj
 0001:000381d0       _hb_cmdargIsInternal       004391d0 f   xhb:cmdarg.obj
 0001:00038420       _hb_cmdargCheck            00439420 f   xhb:cmdarg.obj
 0001:00038450       _hb_cmdargString           00439450 f   xhb:cmdarg.obj
 0001:00038470       _hb_cmdargNum              00439470 f   xhb:cmdarg.obj
 0001:000384b0       _HB_FUN_HB_ARGCHECK        004394b0 f   xhb:cmdarg.obj
 0001:00038500       _HB_FUN_HB_ARGSTRING       00439500 f   xhb:cmdarg.obj
 0001:00038560       _HB_FUN_HB_ARGC            00439560 f   xhb:cmdarg.obj
 0001:00038580       _HB_FUN_HB_ARGV            00439580 f   xhb:cmdarg.obj
 0001:000385f0       _hb_cmdargProcessVM        004395f0 f   xhb:cmdarg.obj
 0001:000387f0       _hb_verCvsID               004397f0 f   xhb:cmdarg.obj
 0001:00038800       _hb_verCvsChangeLogID      00439800 f   xhb:cmdarg.obj
 0001:00038810       _hb_verCvsLastEntry        00439810 f   xhb:cmdarg.obj
 0001:00038820       _hb_verFlagsC              00439820 f   xhb:cmdarg.obj
 0001:00038830       _hb_verFlagsL              00439830 f   xhb:cmdarg.obj
 0001:00038840       _hb_verFlagsPRG            00439840 f   xhb:cmdarg.obj
 0001:00038850       _HB_FUN_HB_CMDARGARGV      00439850 f   xhb:cmdarg.obj
 0001:000388b0       _hb_gtInit                 004398b0 f   xhb:gtapi.obj
 0001:00038960       _hb_gtExit                 00439960 f   xhb:gtapi.obj
 0001:000389c0       _hb_gtReadKey              004399c0 f   xhb:gtapi.obj
 0001:000389f0       _hb_gtBox                  004399f0 f   xhb:gtapi.obj
 0001:00038a60       _hb_gtBoxD                 00439a60 f   xhb:gtapi.obj
 0001:00038ad0       _hb_gtBoxS                 00439ad0 f   xhb:gtapi.obj
 0001:00038b40       _hb_gtDrawBox              00439b40 f   xhb:gtapi.obj
 0001:00038ba0       _hb_gtColorSelect          00439ba0 f   xhb:gtapi.obj
 0001:00038bd0       _hb_gtDispBegin            00439bd0 f   xhb:gtapi.obj
 0001:00038c00       _hb_gtDispCount            00439c00 f   xhb:gtapi.obj
 0001:00038c30       _hb_gtDispEnd              00439c30 f   xhb:gtapi.obj
 0001:00038c60       _hb_gtPreExt               00439c60 f   xhb:gtapi.obj
 0001:00038c90       _hb_gtPostExt              00439c90 f   xhb:gtapi.obj
 0001:00038cc0       _hb_gtGetColorStr          00439cc0 f   xhb:gtapi.obj
 0001:00038cf0       _hb_gtColorToN             00439cf0 f   xhb:gtapi.obj
 0001:00038d20       _hb_gtColorsToString       00439d20 f   xhb:gtapi.obj
 0001:00038d60       _hb_gtSetColorStr          00439d60 f   xhb:gtapi.obj
 0001:00038d90       _hb_gtGetCursor            00439d90 f   xhb:gtapi.obj
 0001:00038dd0       _hb_gtSetCursor            00439dd0 f   xhb:gtapi.obj
 0001:00038e10       _hb_gtGetPos               00439e10 f   xhb:gtapi.obj
 0001:00038e70       _hb_gtSetPos               00439e70 f   xhb:gtapi.obj
 0001:00038eb0       _hb_gtMaxCol               00439eb0 f   xhb:gtapi.obj
 0001:00038ee0       _hb_gtMaxRow               00439ee0 f   xhb:gtapi.obj
 0001:00038f10       _hb_gtScrDim               00439f10 f   xhb:gtapi.obj
 0001:00038f70       _hb_gtSetSnowFlag          00439f70 f   xhb:gtapi.obj
 0001:00038fa0       _hb_gtRectSize             00439fa0 f   xhb:gtapi.obj
 0001:00038ff0       _hb_gtIsColor              00439ff0 f   xhb:gtapi.obj
 0001:00039020       _hb_gtRepChar              0043a020 f   xhb:gtapi.obj
 0001:00039080       _hb_gtSave                 0043a080 f   xhb:gtapi.obj
 0001:000390c0       _hb_gtRest                 0043a0c0 f   xhb:gtapi.obj
 0001:00039110       _hb_gtGetChar              0043a110 f   xhb:gtapi.obj
 0001:00039160       _hb_gtPutChar              0043a160 f   xhb:gtapi.obj
 0001:000391b0       _hb_gtBeginWrite           0043a1b0 f   xhb:gtapi.obj
 0001:000391c0       _hb_gtEndWrite             0043a1c0 f   xhb:gtapi.obj
 0001:000391f0       _hb_gtGetBlink             0043a1f0 f   xhb:gtapi.obj
 0001:00039230       _hb_gtSetBlink             0043a230 f   xhb:gtapi.obj
 0001:00039260       _hb_gtSetMode              0043a260 f   xhb:gtapi.obj
 0001:000392a0       _hb_gtPutText              0043a2a0 f   xhb:gtapi.obj
 0001:00039300       _hb_gtWriteAt              0043a300 f   xhb:gtapi.obj
 0001:00039340       _hb_gtWrite                0043a340 f   xhb:gtapi.obj
 0001:00039380       _hb_gtWriteCon             0043a380 f   xhb:gtapi.obj
 0001:000393c0       _hb_gtScroll               0043a3c0 f   xhb:gtapi.obj
 0001:00039440       _hb_gtScrollUp             0043a440 f   xhb:gtapi.obj
 0001:00039490       _hb_gtDrawShadow           0043a490 f   xhb:gtapi.obj
 0001:000394e0       _hb_gtTone                 0043a4e0 f   xhb:gtapi.obj
 0001:00039520       _hb_gtVersion              0043a520 f   xhb:gtapi.obj
 0001:00039550       _hb_gtSetAttribute         0043a550 f   xhb:gtapi.obj
 0001:000395a0       _hb_gtSuspend              0043a5a0 f   xhb:gtapi.obj
 0001:000395d0       _hb_gtResume               0043a5d0 f   xhb:gtapi.obj
 0001:00039600       _hb_gtOutStd               0043a600 f   xhb:gtapi.obj
 0001:00039640       _hb_gtOutErr               0043a640 f   xhb:gtapi.obj
 0001:00039680       _hb_gtSetDispCP            0043a680 f   xhb:gtapi.obj
 0001:000396c0       _hb_gtSetKeyCP             0043a6c0 f   xhb:gtapi.obj
 0001:00039700       _hb_gtInfo                 0043a700 f   xhb:gtapi.obj
 0001:00039740       _hb_gtAlert                0043a740 f   xhb:gtapi.obj
 0001:00039790       _hb_gtSetFlag              0043a790 f   xhb:gtapi.obj
 0001:000397c0       _hb_gtGetCurrColor         0043a7c0 f   xhb:gtapi.obj
 0001:000397f0       _hb_gtGetClearColor        0043a7f0 f   xhb:gtapi.obj
 0001:00039820       _hb_gtSetClearColor        0043a820 f   xhb:gtapi.obj
 0001:00039850       _hb_gtGetClearChar         0043a850 f   xhb:gtapi.obj
 0001:00039880       _hb_gtSetClearChar         0043a880 f   xhb:gtapi.obj
 0001:000398b0       _hb_gtGetScrChar           0043a8b0 f   xhb:gtapi.obj
 0001:000398f0       _hb_gtPutScrChar           0043a8f0 f   xhb:gtapi.obj
 0001:00039940       _hb_gtFlush                0043a940 f   xhb:gtapi.obj
 0001:00039970       _hb_gtGetPosEx             0043a970 f   xhb:gtapi.obj
 0001:000399b0       _hb_gtScrollEx             0043a9b0 f   xhb:gtapi.obj
 0001:00039a40       _hb_gtBoxEx                0043aa40 f   xhb:gtapi.obj
 0001:00039ab0       _hb_gtGfxPrimitive         0043aab0 f   xhb:gtapi.obj
 0001:00039b00       _hb_gtGfxText              0043ab00 f   xhb:gtapi.obj
 0001:00039b50       _hb_setkeyInit             0043ab50 f   xhb:setkey.obj
 0001:00039b60       _hb_setkeyExit             0043ab60 f   xhb:setkey.obj
 0001:00039d40       _HB_FUN_SETKEY             0043ad40 f   xhb:setkey.obj
 0001:00039e30       _HB_FUN_HB_SETKEYARRAY     0043ae30 f   xhb:setkey.obj
 0001:00039ec0       _HB_FUN_HB_SETKEYGET       0043aec0 f   xhb:setkey.obj
[...]
 0001:000a8d40       _hb_fptCountFlexItemLength 004a9d40 f   DBF:dbffpt1.obj
 0001:000a8f9e       _hb_fptStoreFlexItem       004a9f9e f   DBF:dbffpt1.obj
 0001:000a9473       _hb_fptReadFlexItem        004aa473 f   DBF:dbffpt1.obj
 0001:000a9ef6       _hb_fptCopyToRawFile       004aaef6 f   DBF:dbffpt1.obj
 0001:000a70ec       _hb_fptGetMemoLen          004a80ec f   DBF:dbffpt1.obj
 0001:000a65e9       _hb_fptInitGCdata          004a75e9 f   DBF:dbffpt1.obj
 0001:000a663e       _hb_fptReadGCdata          004a763e f   DBF:dbffpt1.obj
 0001:000a6020       _hb_fptGCfreeBlock         004a7020 f   DBF:dbffpt1.obj
 0001:000a6a5a       _hb_fptWriteGCdata         004a7a5a f   DBF:dbffpt1.obj
 0001:000aae32       _hb_fptWriteMemo           004abe32 f   DBF:dbffpt1.obj
 0001:000abb03       _hb_fptLockForRead         004acb03 f   DBF:dbffpt1.obj
 0001:000aa237       _hb_fptReadRawBlock        004ab237 f   DBF:dbffpt1.obj
 0001:000aa48d       _hb_fptReadSMTBlock        004ab48d f   DBF:dbffpt1.obj
 0001:000aa2fc       _hb_fptReadBlobBlock       004ab2fc f   DBF:dbffpt1.obj
 0001:000aa5ad       _hb_fptGetMemo             004ab5ad f   DBF:dbffpt1.obj
 0001:000a5930       _hb_fptFileUnLockSh        004a6930 f   DBF:dbffpt1.obj
 0001:000a55f0       _hb_memoErrorRT            004a65f0 f   DBF:dbffpt1.obj
 0001:000a578e       _hb_fptFileLockEx          004a678e f   DBF:dbffpt1.obj
 0001:000a58d1       _hb_fptFileUnLockEx        004a68d1 f   DBF:dbffpt1.obj
 0001:000ab451       _hb_fptPutMemo             004ac451 f   DBF:dbffpt1.obj
 0001:000abb2e       _hb_fptGetVarField         004acb2e f   DBF:dbffpt1.obj
 0001:000ac486       _hb_fptPutVarField         004ad486 f   DBF:dbffpt1.obj
 0001:000a582d       _hb_fptFileLockSh          004a682d f   DBF:dbffpt1.obj
 0001:000aa08f       _hb_fptCopyToFile          004ab08f f   DBF:dbffpt1.obj
 0001:000ae3af       _hb_fptDoPackRec           004af3af f   DBF:dbffpt1.obj
 0001:000a5722       _hb_memoDefaultFileExt     004a6722 f   DBF:dbffpt1.obj
 0001:000ae919       _hb_fptDoPack              004af919 f   DBF:dbffpt1.obj
 0001:000ac16d       _hb_fptGetVarFile          004ad16d f   DBF:dbffpt1.obj
 0001:000ac2b4       _hb_fptPutVarFile          004ad2b4 f   DBF:dbffpt1.obj
 0001:000a5a92       _hb_fptGetRootBlock        004a6a92 f   DBF:dbffpt1.obj
 0001:000a5b08       _hb_fptPutRootBlock        004a6b08 f   DBF:dbffpt1.obj
 0001:000a59db       _hb_fptRootBlockLock       004a69db f   DBF:dbffpt1.obj
 0001:000a5a33       _hb_fptRootBlockUnLock     004a6a33 f   DBF:dbffpt1.obj
 0001:000a727a       _hb_fptGetMemoType         004a827a f   DBF:dbffpt1.obj
 0001:000b02c8       _hb_dbffptRegisterRDD      004b12c8 f   DBF:dbffpt1.obj
 0001:000b0390       _hb_dbffptRddInit          004b1390 f   DBF:dbffpt1.obj
 0001:000afbbc       _hb_fptFieldInfo           004b0bbc f   DBF:dbffpt1.obj
 0001:000ace4b       _hb_fptGetValue            004ade4b f   DBF:dbffpt1.obj
 0001:000acd64       _hb_fptGetVarLen           004add64 f   DBF:dbffpt1.obj
 0001:000acedd       _hb_fptPutValue            004adedd f   DBF:dbffpt1.obj
 0001:000af27b       _hb_fptInfo                004b027b f   DBF:dbffpt1.obj
 0001:000acd52       _hb_fptStructSize          004add52 f   DBF:dbffpt1.obj
 0001:000aef2d       _hb_fptPack                004aff2d f   DBF:dbffpt1.obj
 0001:000aee76       _hb_fptPackRec             004afe76 f   DBF:dbffpt1.obj
 0001:000acf6d       _hb_fptCreateMemFile       004adf6d f   DBF:dbffpt1.obj
 0001:000ad766       _hb_fptGetValueFile        004ae766 f   DBF:dbffpt1.obj
 0001:000ad955       _hb_fptOpenMemFile         004ae955 f   DBF:dbffpt1.obj
 0001:000adec5       _hb_fptPutValueFile        004aeec5 f   DBF:dbffpt1.obj
 0001:000afe74       _hb_fptRddInfo             004b0e74 f   DBF:dbffpt1.obj
 0001:000b0439       __hb_dbffpt_rdd_init_      004b1439 f   DBF:dbffpt1.obj
 0001:000b03f5       _dbffpt1__InitSymbols      004b13f5 f   DBF:dbffpt1.obj
 0001:000b0450       _hb_sxInitSeed             004b1450 f   DBF:sxcrypt.obj
 0001:000b04be       _hb_sxNextSeed             004b14be f   DBF:sxcrypt.obj
 0001:000b06e2       __hb_sxGetKey              004b16e2 f   DBF:sxcrypt.obj
 0001:000b0cc0       _hb_dbQSortIsLess          004b1cc0 f   DBF:hbdbsort.obj
 0001:000b1060       _hb_dbQSortSwap            004b2060 f   DBF:hbdbsort.obj
 0001:000b1182       _hb_dbQSortDo              004b2182 f   DBF:hbdbsort.obj
 0001:000b16ad       _hb_ntxKeyNew              004b26ad f   NTX:dbfntx1.obj
 0001:000b1783       _hb_ntxItemType            004b2783 f   NTX:dbfntx1.obj
 0001:000b14f4       _hb_ntxNumToStr            004b24f4 f   NTX:dbfntx1.obj
 0001:000b15a0       _hb_ntxStrToNum            004b25a0 f   NTX:dbfntx1.obj
 0001:000b1b1e       _hb_ntxKeyGetItem          004b2b1e f   NTX:dbfntx1.obj
 0001:000b18a5       _hb_ntxKeyPutItem          004b28a5 f   NTX:dbfntx1.obj
 0001:000b1fd9       _hb_ntxValCompare          004b2fd9 f   NTX:dbfntx1.obj
 0001:000b2131       _hb_ntxInTopScope          004b3131 f   NTX:dbfntx1.obj
 0001:000b2203       _hb_ntxInBottomScope       004b3203 f   NTX:dbfntx1.obj
 0001:000b1875       _hb_ntxItemTypeCmp         004b2875 f   NTX:dbfntx1.obj
 0001:000b232d       _hb_ntxTagClearScope       004b332d f   NTX:dbfntx1.obj
 0001:000b13e0       _hb_ntxErrorRT             004b23e0 f   NTX:dbfntx1.obj
 0001:000b28d6       _hb_ntxBlockWrite          004b38d6 f   NTX:dbfntx1.obj
 0001:000b2818       _hb_ntxBlockRead           004b3818 f   NTX:dbfntx1.obj
 0001:000b2aa5       _hb_ntxTagUpdateFlags      004b3aa5 f   NTX:dbfntx1.obj
 0001:000b2c65       _hb_ntxFreePageBuffer      004b3c65 f   NTX:dbfntx1.obj
 0001:000b2bc8       _hb_ntxTagHeaderCheck      004b3bc8 f   NTX:dbfntx1.obj
 0001:000b2d99       _hb_ntxPageFind            004b3d99 f   NTX:dbfntx1.obj
 0001:000b2e09       _hb_ntxPageGetBuffer       004b3e09 f   NTX:dbfntx1.obj
 0001:000b30e1       _hb_ntxPageRelease         004b40e1 f   NTX:dbfntx1.obj
 0001:000b31cd       _hb_ntxPageLoad            004b41cd f   NTX:dbfntx1.obj
 0001:000b335d       _hb_ntxPageInit            004b435d f   NTX:dbfntx1.obj
 0001:000b33dc       _hb_ntxPageAlloc           004b43dc f   NTX:dbfntx1.obj
 0001:000b309a       _hb_ntxPageFree            004b409a f   NTX:dbfntx1.obj
 0001:000b298a       _hb_ntxPageSave            004b398a f   NTX:dbfntx1.obj
 0001:000b3475       _hb_ntxPageNew             004b4475 f   NTX:dbfntx1.obj
 0001:000b3812       _hb_ntxTagFree             004b4812 f   NTX:dbfntx1.obj
 0001:000b361a       _hb_ntxTagNew              004b461a f   NTX:dbfntx1.obj
 0001:000b1dd0       _hb_ntxGetKeyType          004b2dd0 f   NTX:dbfntx1.obj
 0001:000b35c7       _hb_ntxPageGetFree         004b45c7 f   NTX:dbfntx1.obj
 0001:000b3e7e       _hb_ntxIndexTagAdd         004b4e7e f   NTX:dbfntx1.obj
 0001:000b355a       _hb_ntxPageAddFree         004b455a f   NTX:dbfntx1.obj
 0001:000b3ace       _hb_ntxTagLoad             004b4ace f   NTX:dbfntx1.obj
 0001:000b3a36       _hb_ntxTagAdd              004b4a36 f   NTX:dbfntx1.obj
 0001:000b29f8       _hb_ntxDiscardBuffers      004b39f8 f   NTX:dbfntx1.obj
 0001:000b4024       _hb_ntxIndexTagFind        004b5024 f   NTX:dbfntx1.obj
 0001:000b4090       _hb_ntxTagHeaderSave       004b5090 f   NTX:dbfntx1.obj
 0001:000b4753       _hb_ntxIndexHeaderSave     004b5753 f   NTX:dbfntx1.obj
 0001:000b4ab7       _hb_ntxIndexHeaderRead     004b5ab7 f   NTX:dbfntx1.obj
 0001:000b4d19       _hb_ntxIndexFlush          004b5d19 f   NTX:dbfntx1.obj
 0001:000b4e4f       _hb_ntxIndexLockRead       004b5e4f f   NTX:dbfntx1.obj
 0001:000b50af       _hb_ntxIndexUnLockRead     004b60af f   NTX:dbfntx1.obj
 0001:000b4f75       _hb_ntxIndexLockWrite      004b5f75 f   NTX:dbfntx1.obj
 0001:000b5193       _hb_ntxIndexUnLockWrite    004b6193 f   NTX:dbfntx1.obj
 0001:000b5410       _hb_ntxTagSetPageStack     004b6410 f   NTX:dbfntx1.obj
 0001:000b54c6       _hb_ntxPageTopMove         004b64c6 f   NTX:dbfntx1.obj
 0001:000b5398       _hb_ntxPageGetKey          004b6398 f   NTX:dbfntx1.obj
 0001:000b554d       _hb_ntxPageBottomMove      004b654d f   NTX:dbfntx1.obj
 0001:000b5b38       _hb_ntxPageKeyFind         004b6b38 f   NTX:dbfntx1.obj
 0001:000b5d22       _hb_ntxPageFindRecNo       004b6d22 f   NTX:dbfntx1.obj
 0001:000b5747       _hb_ntxTagNextKey          004b6747 f   NTX:dbfntx1.obj
 0001:000b5953       _hb_ntxTagPrevKey          004b6953 f   NTX:dbfntx1.obj
 0001:000b619f       _hb_ntxPageKeySet          004b719f f   NTX:dbfntx1.obj
 0001:000b629f       _hb_ntxPageKeyDel          004b729f f   NTX:dbfntx1.obj
 0001:000b5d7e       _hb_ntxTagKeyFind          004b6d7e f   NTX:dbfntx1.obj
 0001:000b172b       _hb_ntxKeyCopy             004b272b f   NTX:dbfntx1.obj
 0001:000b61ff       _hb_ntxPageKeyAdd          004b71ff f   NTX:dbfntx1.obj
 0001:000b67e1       _hb_ntxBalancePages        004b77e1 f   NTX:dbfntx1.obj
 0001:000b6322       _hb_ntxPageSplit           004b7322 f   NTX:dbfntx1.obj
 0001:000b6680       _hb_ntxPageJoin            004b7680 f   NTX:dbfntx1.obj
 0001:000b1eb0       _hb_ntxEvalKey             004b2eb0 f   NTX:dbfntx1.obj
 0001:000b22d5       _hb_ntxKeyInScope          004b32d5 f   NTX:dbfntx1.obj
 0001:000b27ce       _hb_ntxCheckRecordScope    004b37ce f   NTX:dbfntx1.obj
 0001:000b56a5       _hb_ntxTagBottomKey        004b66a5 f   NTX:dbfntx1.obj
 0001:000b5614       _hb_ntxTagTopKey           004b6614 f   NTX:dbfntx1.obj
 0001:000b7a44       _hb_ntxTagSkipFilter       004b8a44 f   NTX:dbfntx1.obj
 0001:000b7bb4       _hb_ntxTagGoTop            004b8bb4 f   NTX:dbfntx1.obj
 0001:000b7cbc       _hb_ntxTagGoBottom         004b8cbc f   NTX:dbfntx1.obj
 0001:000b8010       _hb_ntxPageCountKeys       004b9010 f   NTX:dbfntx1.obj
 0001:000b839f       _hb_ntxTagPagesFree        004b939f f   NTX:dbfntx1.obj
 0001:000b3f6f       _hb_ntxIndexTagDel         004b4f6f f   NTX:dbfntx1.obj
 0001:000b394b       _hb_ntxTagDelete           004b494b f   NTX:dbfntx1.obj
 0001:000b87fb       _hb_ntxFindBag             004b97fb f   NTX:dbfntx1.obj
 0001:000b894b       _hb_ntxFindTagByName       004b994b f   NTX:dbfntx1.obj
 0001:000b526a       _hb_ntxTagLockRead         004b626a f   NTX:dbfntx1.obj
 0001:000b26dd       _hb_ntxTagRefreshScope     004b36dd f   NTX:dbfntx1.obj
 0001:000b7dc4       _hb_ntxTagSkipNext         004b8dc4 f   NTX:dbfntx1.obj
 0001:000b536a       _hb_ntxTagUnLockRead       004b636a f   NTX:dbfntx1.obj
 0001:000b7782       _hb_ntxCurKeyRefresh       004b8782 f   NTX:dbfntx1.obj
 0001:000b7f01       _hb_ntxTagSkipPrev         004b8f01 f   NTX:dbfntx1.obj
 0001:000b80bb       _hb_ntxTagCountRelKeyPos   004b90bb f   NTX:dbfntx1.obj
 0001:000b81ba       _hb_ntxTagGoToRelKeyPos    004b91ba f   NTX:dbfntx1.obj
 0001:000b1d52       _hb_ntxEvalSeekCond        004b2d52 f   NTX:dbfntx1.obj
 0001:000ba2d4       _hb_ntxRegexMatch          004bb2d4 f   NTX:dbfntx1.obj
 0001:000b1cd2       _hb_ntxEvalCond            004b2cd2 f   NTX:dbfntx1.obj
 0001:000b52e9       _hb_ntxTagLockWrite        004b62e9 f   NTX:dbfntx1.obj
 0001:000b6bab       _hb_ntxTagKeyAdd           004b7bab f   NTX:dbfntx1.obj
 0001:000b5381       _hb_ntxTagUnLockWrite      004b6381 f   NTX:dbfntx1.obj
 0001:000b728d       _hb_ntxTagKeyDel           004b828d f   NTX:dbfntx1.obj
 0001:000b2608       _hb_ntxTagGetScope         004b3608 f   NTX:dbfntx1.obj
 0001:000b2434       _hb_ntxTagSetScope         004b3434 f   NTX:dbfntx1.obj
 0001:000bad5e       _hb_ntxQSort               004bbd5e f   NTX:dbfntx1.obj
 0001:000bacca       _hb_ntxQuickSortCompare    004bbcca f   NTX:dbfntx1.obj
 0001:000baf8e       _hb_ntxSortBufferFlush     004bbf8e f   NTX:dbfntx1.obj
 0001:000bb077       _hb_ntxSortStorePage       004bc077 f   NTX:dbfntx1.obj
 0001:000baf2c       _hb_ntxSortSortPage        004bbf2c f   NTX:dbfntx1.obj
 0001:000bb4e9       _hb_ntxSortGetPageKey      004bc4e9 f   NTX:dbfntx1.obj
 0001:000bb32d       _hb_ntxSortWritePage       004bc32d f   NTX:dbfntx1.obj
 0001:000bb6c9       _hb_ntxSortOrderPages      004bc6c9 f   NTX:dbfntx1.obj
 0001:000bb8b5       _hb_ntxSortKeyGet          004bc8b5 f   NTX:dbfntx1.obj
 0001:000bb1f2       _hb_ntxSortAddNodeKey      004bc1f2 f   NTX:dbfntx1.obj
 0001:000bbee3       _hb_ntxSortFree            004bcee3 f   NTX:dbfntx1.obj
 0001:000bbc33       _hb_ntxSortNew             004bcc33 f   NTX:dbfntx1.obj
 0001:000bbb77       _hb_ntxSortKeyAdd          004bcb77 f   NTX:dbfntx1.obj
 0001:000bc00d       _hb_ntxSortOut             004bd00d f   NTX:dbfntx1.obj
 0001:000b2d17       _hb_ntxIndexTrunc          004b3d17 f   NTX:dbfntx1.obj
 0001:000bc4cb       _hb_ntxTagCreate           004bd4cb f   NTX:dbfntx1.obj
 0001:000b462c       _hb_ntxIndexFree           004b562c f   NTX:dbfntx1.obj
 0001:000b8536       _hb_ntxCreateFName         004b9536 f   NTX:dbfntx1.obj
 0001:000b45e9       _hb_ntxIndexNew            004b55e9 f   NTX:dbfntx1.obj
 0001:000b4848       _hb_ntxIndexLoad           004b5848 f   NTX:dbfntx1.obj
 0001:000b89a9       _hb_ntxFindTag             004b99a9 f   NTX:dbfntx1.obj
 0001:000b84a4       _hb_ntxTagSpaceFree        004b94a4 f   NTX:dbfntx1.obj
 0001:000b8c10       _hb_ntxFindTagNum          004b9c10 f   NTX:dbfntx1.obj
 0001:000b8cb5       _hb_ntxOrdKeyCount         004b9cb5 f   NTX:dbfntx1.obj
 0001:000b8ffb       _hb_ntxOrdKeyGoto          004b9ffb f   NTX:dbfntx1.obj
 0001:000b8dc9       _hb_ntxOrdKeyNo            004b9dc9 f   NTX:dbfntx1.obj
 0001:000b9353       _hb_ntxOrdSetRelKeyPos     004ba353 f   NTX:dbfntx1.obj
 0001:000b910f       _hb_ntxOrdGetRelKeyPos     004ba10f f   NTX:dbfntx1.obj
 0001:000ba6f8       _hb_ntxOrdKeyAdd           004bb6f8 f   NTX:dbfntx1.obj
 0001:000ba880       _hb_ntxOrdKeyDel           004bb880 f   NTX:dbfntx1.obj
 0001:000b972b       _hb_ntxOrdSkipUnique       004ba72b f   NTX:dbfntx1.obj
 0001:000b9a10       _hb_ntxOrdSkipEval         004baa10 f   NTX:dbfntx1.obj
 0001:000b9d5f       _hb_ntxOrdSkipWild         004bad5f f   NTX:dbfntx1.obj
 0001:000ba36c       _hb_ntxOrdSkipRegEx        004bb36c f   NTX:dbfntx1.obj
 0001:000baa4c       _hb_ntxOrdFindRec          004bba4c f   NTX:dbfntx1.obj
 0001:000baba0       _hb_ntxOrdScopeEval        004bbba0 f   NTX:dbfntx1.obj
 0001:000bcfc9       _hb_ntxReIndex             004bdfc9 f   NTX:dbfntx1.obj
 0001:000c224a       _hb_dbfntxRddInit          004c324a f   NTX:dbfntx1.obj
 0001:000bd088       _hb_ntxGoBottom            004be088 f   NTX:dbfntx1.obj
 0001:000bd1f4       _hb_ntxGoTop               004be1f4 f   NTX:dbfntx1.obj
 0001:000bd360       _hb_ntxSeek                004be360 f   NTX:dbfntx1.obj
 0001:000bd7ac       _hb_ntxSkipRaw             004be7ac f   NTX:dbfntx1.obj
 0001:000bda58       _hb_ntxFlush               004bea58 f   NTX:dbfntx1.obj
 0001:000bdaee       _hb_ntxGoCold              004beaee f   NTX:dbfntx1.obj
 0001:000bdfc5       _hb_ntxGoHot               004befc5 f   NTX:dbfntx1.obj
 0001:000be0dd       _hb_ntxClose               004bf0dd f   NTX:dbfntx1.obj
 0001:000be1bd       _hb_ntxOpen                004bf1bd f   NTX:dbfntx1.obj
 0001:000be1ab       _hb_ntxStructSize          004bf1ab f   NTX:dbfntx1.obj
 0001:000be384       _hb_ntxPack                004bf384 f   NTX:dbfntx1.obj
 0001:000be3c7       _hb_ntxZap                 004bf3c7 f   NTX:dbfntx1.obj
 0001:000c15fd       _hb_ntxOrderListAdd        004c25fd f   NTX:dbfntx1.obj
 0001:000c19af       _hb_ntxOrderListClear      004c29af f   NTX:dbfntx1.obj
 0001:000c1aa9       _hb_ntxOrderListDelete     004c2aa9 f   NTX:dbfntx1.obj
 0001:000c1bfd       _hb_ntxOrderListFocus      004c2bfd f   NTX:dbfntx1.obj
 0001:000c1c82       _hb_ntxOrderListRebuild    004c2c82 f   NTX:dbfntx1.obj
 0001:000be40a       _hb_ntxOrderCreate         004bf40a f   NTX:dbfntx1.obj
 0001:000bf67c       _hb_ntxOrderDestroy        004c067c f   NTX:dbfntx1.obj
 0001:000bf8aa       _hb_ntxOrderInfo           004c08aa f   NTX:dbfntx1.obj
 0001:000c1dea       _hb_ntxCountScope          004c2dea f   NTX:dbfntx1.obj
 0001:000c1e1d       _hb_ntxInit                004c2e1d f   NTX:dbfntx1.obj
 0001:000c1e89       _hb_ntxRddInfo             004c2e89 f   NTX:dbfntx1.obj
 0001:000c22ef       __hb_dbfntx_rdd_init_      004c32ef f   NTX:dbfntx1.obj
 0001:000c22ab       _dbfntx1__InitSymbols      004c32ab f   NTX:dbfntx1.obj
 0001:000c3270       _closeall                  004c4270 f   crt:fclose.obj
 0001:000c3390       _prout                     004c4390 f   crt:printf.obj
 0001:000c3a20       _prout                     004c4a20 f   crt:vfprintf.obj
 0001:000c3ac0       _prout                     004c4ac0 f   crt:fprintf.obj
 0001:000c3e20       _prout                     004c4e20 f   crt:sprintf.obj
 0001:000c3ec0       _grabhunk                  004c4ec0 f   crt:malloc.obj
 0001:000c5430       _swap                      004c6430 f   crt:qsort.obj
 0001:000c5660       _med3                      004c6660 f   crt:qsort.obj
 0001:000c56d0       _median                    004c66d0 f   crt:qsort.obj
 0001:000c54e0       _rot3                      004c64e0 f   crt:qsort.obj
 0001:000c5860       _intro_sort                004c6860 f   crt:qsort.obj
 0001:000c5790       _adjust_heap               004c6790 f   crt:qsort.obj
 0001:000c55c0       _rotate                    004c65c0 f   crt:qsort.obj
 0001:000c6270       _parse_cmdline             004c7270 f   crt:_setargv.obj
 0001:000c7c60       _ctrlevent_capture@4       004c8c60 f   crt:signal.obj
 0001:000cd230       _hb_gt_FuncInit            004ce230 f   xhb:gtwin.obj
 0001:000cb440       _hb_gt_win_xSetCursorStyle 004cc440 f   xhb:gtwin.obj
 0001:000cb400       _hb_gt_win_xSetCursorPos   004cc400 f   xhb:gtwin.obj
 0001:000cb730       _hb_gt_win_xGetScreenContents 004cc730 f   xhb:gtwin.obj
 0001:000cb6e0       _hb_gt_win_CtrlHandler@4   004cc6e0 f   xhb:gtwin.obj
 0001:000cb7d0       _hb_gt_win_xInitScreenParam 004cc7d0 f   xhb:gtwin.obj
 0001:000cbf50       _Handle_Alt_Key            004ccf50 f   xhb:gtwin.obj
 0001:000cc0b0       _SpecialHandling           004cd0b0 f   xhb:gtwin.obj
 0001:000cb270       _hb_gt_win_getKbdState     004cc270 f   xhb:gtwin.obj
 0001:000cb620       _hb_gt_win_xUpdtSet        004cc620 f   xhb:gtwin.obj
 0001:000cb4d0       _hb_gt_win_xScreenUpdate   004cc4d0 f   xhb:gtwin.obj
 0001:000cb950       _hb_gt_win_Init            004cc950 f   xhb:gtwin.obj
 0001:000cbc60       _hb_gt_win_Exit            004ccc60 f   xhb:gtwin.obj
 0001:000cbd20       _hb_gt_win_SetMode         004ccd20 f   xhb:gtwin.obj
 0001:000cd0b0       _hb_gt_win_Redraw          004ce0b0 f   xhb:gtwin.obj
 0001:000cd1a0       _hb_gt_win_Refresh         004ce1a0 f   xhb:gtwin.obj
 0001:000cbe40       _hb_gt_win_Version         004cce40 f   xhb:gtwin.obj
 0001:000cbe60       _hb_gt_win_PostExt         004cce60 f   xhb:gtwin.obj
 0001:000cbe90       _hb_gt_win_Suspend         004cce90 f   xhb:gtwin.obj
 0001:000cbee0       _hb_gt_win_Resume          004ccee0 f   xhb:gtwin.obj
 0001:000cca00       _hb_gt_win_Tone            004cda00 f   xhb:gtwin.obj
 0001:000ccbe0       _hb_gt_win_Info            004cdbe0 f   xhb:gtwin.obj
 0001:000cca20       _hb_gt_win_SetDispCP       004cda20 f   xhb:gtwin.obj
 0001:000ccb10       _hb_gt_win_SetKeyCP        004cdb10 f   xhb:gtwin.obj
 0001:000cc300       _hb_gt_win_ReadKey         004cd300 f   xhb:gtwin.obj
 0001:000ccfd0       _hb_gt_win_mouse_IsPresent 004cdfd0 f   xhb:gtwin.obj
 0001:000ccfe0       _hb_gt_win_mouse_GetPos    004cdfe0 f   xhb:gtwin.obj
 0001:000cd000       _hb_gt_win_mouse_ButtonState 004ce000 f   xhb:gtwin.obj
 0001:000cd090       _hb_gt_win_mouse_CountButton 004ce090 f   xhb:gtwin.obj
 0001:000cd360       __hb_startup_gt_Init_      004ce360 f   xhb:gtwin.obj
 0001:000cd580       _hb_Outp9x                 004ce580 f   xhb:gttone.obj
 0001:000cd560       _hb_Inp9x                  004ce560 f   xhb:gttone.obj
 0001:000cd6a0       _hb_gt_wNtTone             004ce6a0 f   xhb:gttone.obj
 0001:000cd5a0       _hb_gt_w9xTone             004ce5a0 f   xhb:gttone.obj
