 consultamarca.exe

 Timestamp is 62f14875 (Mon Aug  8 14:31:33 2022)

 Preferred load address is 00400000

 Start         Length     Name                   Class
 0001:00000000 000d3a90H .text                   CODE                  
 0002:00000000 0001ec6cH .rdata                  DATA                  
 0002:0001ec6c 00000078H .CRT$XIC                DATA                  
 0003:00000000 00007af0H .data                   DATA                  
 0003:00007af0 00000078H .idata$2                DATA                  
 0003:00007b68 00000014H .idata$3                DATA                  
 0003:00007b7c 000002c4H .idata$4                DATA                  
 0003:00007e40 000002c4H .idata$5                DATA                  
 0003:00008104 00000beeH .idata$6                DATA                  
 0003:00008cf4 00007cc8H .bss                    DATA                  

  Address         Publics by Value              Rva+Base     Lib:Object

 0001:00000040       _HB_FUN_MAIN               00401040 f   consultaMarca.obj
 0001:00000060       _HB_FUN_MARCAS             00401060 f   consultaMarca.obj
 0001:00000080       _HB_FUN_MODELOS            00401080 f   consultaMarca.obj
 0001:000000a0       _HB_FUN_ANOS               004010a0 f   consultaMarca.obj
 0001:000000c0       _HB_FUN_VEICULOS           004010c0 f   consultaMarca.obj
 0001:000000e0       _hb_memvarsClear           004010e0 f   xhb:memvars.obj
 0001:00000160       _hb_memvarsInit            00401160 f   xhb:memvars.obj
 0001:000001d0       _hb_memvarsRelease         004011d0 f   xhb:memvars.obj
 0001:00000280       _hb_memvarValueBaseAddress 00401280 f   xhb:memvars.obj
 0001:00000290       _hb_memvarValueNew         00401290 f   xhb:memvars.obj
 0001:00000390       _hb_memvarDetachLocal      00401390 f   xhb:memvars.obj
 0001:00000440       _hb_memvarGetPrivatesBase  00401440 f   xhb:memvars.obj
 0001:00000460       _hb_memvarSetPrivatesBase  00401460 f   xhb:memvars.obj
 0001:000004f0       _hb_memvarValueIncRef      004014f0 f   xhb:memvars.obj
 0001:00000560       _hb_memvarValueDecRef      00401560 f   xhb:memvars.obj
 0001:000005c0       _hb_memvarValueDecGarbageRef 004015c0 f   xhb:memvars.obj
 0001:00000630       _hb_memvarSetValue         00401630 f   xhb:memvars.obj
 0001:00000710       _hb_memvarGet              00401710 f   xhb:memvars.obj
 0001:000007a0       _hb_memvarGetValue         004017a0 f   xhb:memvars.obj
 0001:00000830       _hb_memvarGetRefer         00401830 f   xhb:memvars.obj
 0001:00000990       _hb_memvarNewParameter     00401990 f   xhb:memvars.obj
 0001:000009b0       _hb_memvarGetStrValuePtr   004019b0 f   xhb:memvars.obj
 0001:00000a60       _hb_memvarCreateFromItem   00401a60 f   xhb:memvars.obj
 0001:00000e20       _hb_memvarScope            00401e20 f   xhb:memvars.obj
 0001:00000f40       _hb_memvarReleasePublic    00401f40 f   xhb:memvars.obj
 0001:000010d0       _HB_FUN___MVPUBLIC         004020d0 f   xhb:memvars.obj
 0001:00001170       _HB_FUN___MVPRIVATE        00402170 f   xhb:memvars.obj
 0001:00001210       _HB_FUN___MVXRELEASE       00402210 f   xhb:memvars.obj
 0001:000012a0       _HB_FUN___MVRELEASE        004022a0 f   xhb:memvars.obj
 0001:00001340       _HB_FUN___MVSCOPE          00402340 f   xhb:memvars.obj
 0001:00001400       _HB_FUN___MVCLEAR          00402400 f   xhb:memvars.obj
 0001:00001410       _HB_FUN___MVDBGINFO        00402410 f   xhb:memvars.obj
 0001:00001510       _HB_FUN___MVEXIST          00402510 f   xhb:memvars.obj
 0001:00001560       _HB_FUN___MVGET            00402560 f   xhb:memvars.obj
 0001:00001660       _HB_FUN___MVPUT            00402660 f   xhb:memvars.obj
 0001:00001a90       _HB_FUN___MVSAVE           00402a90 f   xhb:memvars.obj
 0001:00001d50       _HB_FUN___MVRESTORE        00402d50 f   xhb:memvars.obj
 0001:00002520       _hb_memvarsIsMemvarRef     00403520 f   xhb:memvars.obj
 0001:00002580       _hb_memvarGetVarHandle     00403580 f   xhb:memvars.obj
 0001:000025b0       _hb_memvarGetValueByHandle 004035b0 f   xhb:memvars.obj
 0001:00002670       _HB_FUN___MVSYMBOLINFO     00403670 f   xhb:memvars.obj
 0001:000026b0       _hb_memvarGetValueBySym    004036b0 f   xhb:memvars.obj
 0001:00002730       _HB_FUN_TIPCLIENTHTTP      00403730 f   xhb:httpcln.obj
 0001:00003a20       _hb_jsonEncode             00404a20 f   xhb:hbjson.obj
 0001:00003ab0       _hb_jsonDecode             00404ab0 f   xhb:hbjson.obj
 0001:00003b20       _HB_FUN_HB_JSONENCODE      00404b20 f   xhb:hbjson.obj
 0001:00003b70       _HB_FUN_HB_JSONDECODE      00404b70 f   xhb:hbjson.obj
 0001:00003bd0       _hb_conInit                00404bd0 f   xhb:console.obj
 0001:00003c60       _hb_conRelease             00404c60 f   xhb:console.obj
 0001:00003c90       _hb_conNewLine             00404c90 f   xhb:console.obj
 0001:00003ca0       _HB_FUN_HB_OSNEWLINE       00404ca0 f   xhb:console.obj
 0001:00003cb0       _hb_conOutStd              00404cb0 f   xhb:console.obj
 0001:00003cf0       _hb_conOutErr              00404cf0 f   xhb:console.obj
 0001:00003d50       _hb_conOutAlt              00404d50 f   xhb:console.obj
 0001:00003fd0       _HB_FUN_OUTSTD             00404fd0 f   xhb:console.obj
 0001:00004020       _HB_FUN_OUTERR             00405020 f   xhb:console.obj
 0001:00004070       _HB_FUN_QQOUT              00405070 f   xhb:console.obj
 0001:000040c0       _HB_FUN_QOUT               004050c0 f   xhb:console.obj
 0001:000041d0       _HB_FUN___EJECT            004051d0 f   xhb:console.obj
 0001:00004230       _HB_FUN_PROW               00405230 f   xhb:console.obj
 0001:00004250       _HB_FUN_PCOL               00405250 f   xhb:console.obj
 0001:00004490       _HB_FUN_DEVPOS             00405490 f   xhb:console.obj
 0001:000044e0       _HB_FUN_SETPRC             004054e0 f   xhb:console.obj
 0001:00004530       _HB_FUN_DEVOUT             00405530 f   xhb:console.obj
 0001:000045e0       _HB_FUN_DISPOUT            004055e0 f   xhb:console.obj
 0001:000046b0       _HB_FUN_DISPOUTAT          004056b0 f   xhb:console.obj
 0001:000047b0       _HB_FUN_HB_DISPOUTAT       004057b0 f   xhb:console.obj
 0001:00004880       _HB_FUN_HB_GETSTDIN        00405880 f   xhb:console.obj
 0001:000048a0       _HB_FUN_HB_GETSTDOUT       004058a0 f   xhb:console.obj
 0001:000048c0       _HB_FUN_HB_GETSTDERR       004058c0 f   xhb:console.obj
 0001:000048e0       _HB_FUN_HBCONSOLELOCK      004058e0 f   xhb:console.obj
 0001:000048f0       _HB_FUN_HBCONSOLEUNLOCK    004058f0 f   xhb:console.obj
 0001:00004900       _HB_FUN_LEN                00405900 f   xhb:len.obj
 0001:00004980       _HB_FUN___ACCEPTSTR        00405980 f   xhb:accept.obj
 0001:00004990       _HB_FUN___ACCEPT           00405990 f   xhb:accept.obj
 0001:00004a80       _HB_FUN_EMPTY              00405a80 f   xhb:empty.obj
 0001:00004ce0       _HB_FUN_STR                00405ce0 f   xhb:str.obj
 0001:00004f10       _hb_strLTrim               00405f10 f   xhb:trim.obj
 0001:00004f50       _hb_strRTrimLen            00405f50 f   xhb:trim.obj
 0001:00004fb0       _HB_FUN_LTRIM              00405fb0 f   xhb:trim.obj
 0001:00005040       _HB_FUN_RTRIM              00406040 f   xhb:trim.obj
 0001:000050f0       _HB_FUN_TRIM               004060f0 f   xhb:trim.obj
 0001:00005100       _HB_FUN_ALLTRIM            00406100 f   xhb:trim.obj
 0001:000051c0       _hb_vmAtInit               004061c0 f   xhb:hvm.obj
 0001:00005210       _hb_vmAtExit               00406210 f   xhb:hvm.obj
 0001:000052b0       _hb_vmIsMt                 004062b0 f   xhb:hvm.obj
 0001:000052c0       _hb_vmLock                 004062c0 f   xhb:hvm.obj
 0001:000052d0       _hb_vmUnlock               004062d0 f   xhb:hvm.obj
 0001:00005420       _hb_vmSymbolResolveDeferred 00406420 f   xhb:hvm.obj
 0001:00005560       _hb_vmInit                 00406560 f   xhb:hvm.obj
 0001:00005870       _hb_vmReleaseLocalSymbols  00406870 f   xhb:hvm.obj
 0001:00005920       _hb_vmQuit                 00406920 f   xhb:hvm.obj
 0001:00005c30       _hb_vmExecute              00406c30 f   xhb:hvm.obj
 0001:00009fc0       _HB_FUN_HB_VMEXECUTE       0040afc0 f   xhb:hvm.obj
 0001:00013390       _hb_vmOperatorCall         00414390 f   xhb:hvm.obj
 0001:00013460       _hb_vmOperatorCallUnary    00414460 f   xhb:hvm.obj
 0001:00013760       _hb_vmDo                   00414760 f   xhb:hvm.obj
 0001:00013a50       _hb_vmSend                 00414a50 f   xhb:hvm.obj
 0001:00014440       _hb_vmEvalBlock            00415440 f   xhb:hvm.obj
 0001:00014470       _hb_vmEvalBlockV           00415470 f   xhb:hvm.obj
 0001:000144c0       _hb_vmEvalBlockOrMacro     004154c0 f   xhb:hvm.obj
 0001:000145a0       _hb_vmDestroyBlockOrMacro  004155a0 f   xhb:hvm.obj
 0001:000145e0       _hb_vmFunction             004155e0 f   xhb:hvm.obj
 0001:00015af0       _hb_vmPush                 00416af0 f   xhb:hvm.obj
 0001:00015b30       _hb_vmPushState            00416b30 f   xhb:hvm.obj
 0001:00015b90       _hb_vmPushNil              00416b90 f   xhb:hvm.obj
 0001:00015bd0       _hb_vmPushLogical          00416bd0 f   xhb:hvm.obj
 0001:00015c20       _hb_vmPushNumber           00416c20 f   xhb:hvm.obj
 0001:00015c40       _hb_vmPushNumType          00416c40 f   xhb:hvm.obj
 0001:00015d00       _hb_vmPushNumInt           00416d00 f   xhb:hvm.obj
 0001:00015dd0       _hb_vmPushInteger          00416dd0 f   xhb:hvm.obj
 0001:00015e80       _hb_vmPushLong             00416e80 f   xhb:hvm.obj
 0001:00015fd0       _hb_vmPushDouble           00416fd0 f   xhb:hvm.obj
 0001:00016100       _hb_vmPushDate             00417100 f   xhb:hvm.obj
 0001:00016140       _hb_vmPushDateTime         00417140 f   xhb:hvm.obj
 0001:00016180       _hb_vmPushPointer          00417180 f   xhb:hvm.obj
 0001:000161c0       _hb_vmPushString           004171c0 f   xhb:hvm.obj
 0001:00016200       _hb_vmPushSymbol           00417200 f   xhb:hvm.obj
 0001:00016270       _hb_vmPushDynSym           00417270 f   xhb:hvm.obj
 0001:00016290       _hb_vmPushEvalSym          00417290 f   xhb:hvm.obj
 0001:00016a20       _hb_vmPopState             00417a20 f   xhb:hvm.obj
 0001:000173c0       _hb_vmGetRealFuncSym       004183c0 f   xhb:hvm.obj
 0001:00017410       _hb_vmFindModuleSymbols    00418410 f   xhb:hvm.obj
 0001:00017540       _hb_vmFreeSymbols          00418540 f   xhb:hvm.obj
 0001:000175c0       _hb_vmBeginSymbolGroup     004185c0 f   xhb:hvm.obj
 0001:000175e0       _hb_vmInitSymbolGroup      004185e0 f   xhb:hvm.obj
 0001:00017760       _hb_vmExitSymbolGroup      00418760 f   xhb:hvm.obj
 0001:00017820       _hb_vmRegisterSymbols      00418820 f   xhb:hvm.obj
 0001:00017e80       _hb_vmProcessSymbols       00418e80 f   xhb:hvm.obj
 0001:00017f00       _hb_vmProcessSysDllSymbols 00418f00 f   xhb:hvm.obj
 0001:00017f80       _hb_vmProcessPrgDllSymbols 00418f80 f   xhb:hvm.obj
 0001:00018010       _hb_vmProcessExeUsesDllSymbols 00419010 f   xhb:hvm.obj
 0001:00018090       _hb_vmSymbols              00419090 f   xhb:hvm.obj
 0001:000180a0       _hb_vmLastModule           004190a0 f   xhb:hvm.obj
 0001:000180d0       _hb_vmExplicitStartup      004190d0 f   xhb:hvm.obj
 0001:00018150       _hb_vmDoExitFunctions      00419150 f   xhb:hvm.obj
 0001:000182d0       _hb_vmFindModule           004192d0 f   xhb:hvm.obj
 0001:00018300       _hb_vmFindModuleByName     00419300 f   xhb:hvm.obj
 0001:00018380       _hb_vmForceLink            00419380 f   xhb:hvm.obj
 0001:00018390       _HB_FUN_ERRORLEVEL         00419390 f   xhb:hvm.obj
 0001:000183d0       _hb_vmRequestQuit          004193d0 f   xhb:hvm.obj
 0001:000183f0       _hb_vmRequestEndProc       004193f0 f   xhb:hvm.obj
 0001:00018410       _hb_vmRequestBreak         00419410 f   xhb:hvm.obj
 0001:00018480       _hb_vmRequestCancel        00419480 f   xhb:hvm.obj
 0001:000185c0       _hb_vmRequestQuery         004195c0 f   xhb:hvm.obj
 0001:000185d0       _hb_vmRequestReenter       004195d0 f   xhb:hvm.obj
 0001:00018630       _hb_vmRequestRestore       00419630 f   xhb:hvm.obj
 0001:00018730       _hb_vmRequestReset         00419730 f   xhb:hvm.obj
 0001:00018750       _hb_vmRequest              00419750 f   xhb:hvm.obj
 0001:00018770       _hb_vmIsLocalRef           00419770 f   xhb:hvm.obj
 0001:00018840       _hb_vmIsStaticRef          00419840 f   xhb:hvm.obj
 0001:00018850       _hb_vmRegisterGlobals      00419850 f   xhb:hvm.obj
 0001:000188d0       _hb_vmIsGlobalRef          004198d0 f   xhb:hvm.obj
 0001:000188e0       _HB_FUN___SETPROFILER      004198e0 f   xhb:hvm.obj
 0001:000188f0       _HB_FUN___TRACEPRGCALLS    004198f0 f   xhb:hvm.obj
 0001:00018910       _hb_vmPushBaseArray        00419910 f   xhb:hvm.obj
 0001:000189b0       _hb_vmPushItemRef          004199b0 f   xhb:hvm.obj
 0001:00018a00       _HB_FUN_HB_FUNCPTR         00419a00 f   xhb:hvm.obj
 0001:00018aa0       _HB_FUN_HB_QSELF           00419aa0 f   xhb:hvm.obj
 0001:00018b10       _HB_FUN___OPCOUNT          00419b10 f   xhb:hvm.obj
 0001:00018b30       _HB_FUN___OPGETPRF         00419b30 f   xhb:hvm.obj
 0001:00018b60       _HB_FUN_HB_SAVEBLOCK       00419b60 f   xhb:hvm.obj
 0001:00018c80       _HB_FUN_HB_RESTOREBLOCK    00419c80 f   xhb:hvm.obj
 0001:00018fa0       _HB_FUN_HB_GUIERRORMESSAGE 00419fa0 f   xhb:hvm.obj
 0001:00018fb0       _HB_FUN_HB_NOMOUSE         00419fb0 f   xhb:hvm.obj
 0001:00018fc0       _HB_FUN_HB_NOSTARTUPWINDOW 00419fc0 f   xhb:hvm.obj
 0001:00018fd0       _HB_FUN_HB_RESETWITH       00419fd0 f   xhb:hvm.obj
 0001:00019030       _HB_FUN_HB_WITHOBJECTCOUNTER 0041a030 f   xhb:hvm.obj
 0001:00019050       _HB_FUN___TEXTINTO         0041a050 f   xhb:hvm.obj
 0001:00019090       _HB_FUN_HB_MULTITHREAD     0041a090 f   xhb:hvm.obj
 0001:000190b0       _HB_FUN_HB_VMMODE          0041a0b0 f   xhb:hvm.obj
 0001:00019110       _hb_xvmExitProc            0041a110 f   xhb:hvm.obj
 0001:00019130       _hb_xvmSeqBegin            0041a130 f   xhb:hvm.obj
 0001:000191c0       _hb_xvmSeqEnd              0041a1c0 f   xhb:hvm.obj
 0001:000192a0       _hb_xvmSeqRecover          0041a2a0 f   xhb:hvm.obj
 0001:00019320       _hb_xvmTryBegin            0041a320 f   xhb:hvm.obj
 0001:00019350       _hb_xvmTryEnd              0041a350 f   xhb:hvm.obj
 0001:00019390       _hb_xvmTryEndFin           0041a390 f   xhb:hvm.obj
 0001:00019470       _hb_xvmTryRecover          0041a470 f   xhb:hvm.obj
 0001:000194b0       _hb_xvmBeginFinally        0041a4b0 f   xhb:hvm.obj
 0001:000194d0       _hb_xvmEndFinally          0041a4d0 f   xhb:hvm.obj
 0001:00019510       _hb_xvmSetLine             0041a510 f   xhb:hvm.obj
 0001:00019540       _hb_xvmBaseLine            0041a540 f   xhb:hvm.obj
 0001:00019580       _hb_xvmLineOffset          0041a580 f   xhb:hvm.obj
 0001:000195c0       _hb_xvmClassSetModule      0041a5c0 f   xhb:hvm.obj
 0001:00019670       _hb_xvmIVarRef             0041a670 f   xhb:hvm.obj
 0001:000199d0       _hb_xvmFrame               0041a9d0 f   xhb:hvm.obj
 0001:000199f0       _hb_xvmSFrame              0041a9f0 f   xhb:hvm.obj
 0001:00019a00       _hb_xvmDo                  0041aa00 f   xhb:hvm.obj
 0001:00019a30       _hb_xvmFunction            0041aa30 f   xhb:hvm.obj
 0001:00019ab0       _hb_xvmSend                0041aab0 f   xhb:hvm.obj
 0001:00019b30       _hb_xvmSendWith            0041ab30 f   xhb:hvm.obj
 0001:00019bb0       _hb_xvmRetValue            0041abb0 f   xhb:hvm.obj
 0001:00019c20       _hb_xvmStatics             0041ac20 f   xhb:hvm.obj
 0001:00019c40       _hb_xvmParameter           0041ac40 f   xhb:hvm.obj
 0001:00019c60       _hb_xvmPushLocal           0041ac60 f   xhb:hvm.obj
 0001:00019c70       _hb_xvmPushLocalByRef      0041ac70 f   xhb:hvm.obj
 0001:00019c80       _hb_xvmPopLocal            0041ac80 f   xhb:hvm.obj
 0001:00019c90       _hb_xvmPushStatic          0041ac90 f   xhb:hvm.obj
 0001:00019ca0       _hb_xvmPushStaticByRef     0041aca0 f   xhb:hvm.obj
 0001:00019cb0       _hb_xvmPopStatic           0041acb0 f   xhb:hvm.obj
 0001:00019cc0       _hb_xvmPushGlobal          0041acc0 f   xhb:hvm.obj
 0001:00019ce0       _hb_xvmPushGlobalByRef     0041ace0 f   xhb:hvm.obj
 0001:00019d30       _hb_xvmPopGlobal           0041ad30 f   xhb:hvm.obj
 0001:00019e10       _hb_xvmPushVariable        0041ae10 f   xhb:hvm.obj
 0001:00019e40       _hb_xvmPopVariable         0041ae40 f   xhb:hvm.obj
 0001:00019ed0       _hb_xvmPushBlockShort      0041aed0 f   xhb:hvm.obj
 0001:00019ef0       _hb_xvmPushBlock           0041aef0 f   xhb:hvm.obj
 0001:00019f10       _hb_xvmPushSelf            0041af10 f   xhb:hvm.obj
 0001:00019f30       _hb_xvmPopLogical          0041af30 f   xhb:hvm.obj
 0001:00019f60       _hb_xvmPopAlias            0041af60 f   xhb:hvm.obj
 0001:00019fc0       _hb_xvmSwapAlias           0041afc0 f   xhb:hvm.obj
 0001:00019ff0       _hb_xvmPushField           0041aff0 f   xhb:hvm.obj
 0001:0001a050       _hb_xvmPushAlias           0041b050 f   xhb:hvm.obj
 0001:0001a080       _hb_xvmPushAliasedField    0041b080 f   xhb:hvm.obj
 0001:0001a0b0       _hb_xvmPushAliasedVar      0041b0b0 f   xhb:hvm.obj
 0001:0001a0e0       _hb_xvmPopField            0041b0e0 f   xhb:hvm.obj
 0001:0001a170       _hb_xvmPushMemvar          0041b170 f   xhb:hvm.obj
 0001:0001a1d0       _hb_xvmPushMemvarByRef     0041b1d0 f   xhb:hvm.obj
 0001:0001a230       _hb_xvmPopMemvar           0041b230 f   xhb:hvm.obj
 0001:0001a2c0       _hb_xvmPopAliasedField     0041b2c0 f   xhb:hvm.obj
 0001:0001a2f0       _hb_xvmPopAliasedVar       0041b2f0 f   xhb:hvm.obj
 0001:0001a320       _hb_xvmLocalAddInt         0041b320 f   xhb:hvm.obj
 0001:0001a360       _hb_xvmLocalAdd            0041b360 f   xhb:hvm.obj
 0001:0001a430       _hb_xvmEqual               0041b430 f   xhb:hvm.obj
 0001:0001a460       _hb_xvmAnd                 0041b460 f   xhb:hvm.obj
 0001:0001a490       _hb_xvmOr                  0041b490 f   xhb:hvm.obj
 0001:0001a4c0       _hb_xvmNot                 0041b4c0 f   xhb:hvm.obj
 0001:0001a4f0       _hb_xvmNegate              0041b4f0 f   xhb:hvm.obj
 0001:0001a520       _hb_xvmPower               0041b520 f   xhb:hvm.obj
 0001:0001a550       _hb_xvmDuplicate           0041b550 f   xhb:hvm.obj
 0001:0001a560       _hb_xvmDuplTwo             0041b560 f   xhb:hvm.obj
 0001:0001a570       _hb_xvmForTest             0041b570 f   xhb:hvm.obj
 0001:0001a5a0       _hb_xvmFuncPtr             0041b5a0 f   xhb:hvm.obj
 0001:0001a5b0       _hb_xvmNotEqual            0041b5b0 f   xhb:hvm.obj
 0001:0001a5e0       _hb_xvmLess                0041b5e0 f   xhb:hvm.obj
 0001:0001a610       _hb_xvmLessEqual           0041b610 f   xhb:hvm.obj
 0001:0001a640       _hb_xvmGreater             0041b640 f   xhb:hvm.obj
 0001:0001a670       _hb_xvmGreaterEqual        0041b670 f   xhb:hvm.obj
 0001:0001a6a0       _hb_xvmInstring            0041b6a0 f   xhb:hvm.obj
 0001:0001a6d0       _hb_xvmAddInt              0041b6d0 f   xhb:hvm.obj
 0001:0001a710       _hb_xvmPlus                0041b710 f   xhb:hvm.obj
 0001:0001a7b0       _hb_xvmMinus               0041b7b0 f   xhb:hvm.obj
 0001:0001a7e0       _hb_xvmMultByInt           0041b7e0 f   xhb:hvm.obj
 0001:0001a950       _hb_xvmMult                0041b950 f   xhb:hvm.obj
 0001:0001a980       _hb_xvmDivideByInt         0041b980 f   xhb:hvm.obj
 0001:0001aba0       _hb_xvmDivide              0041bba0 f   xhb:hvm.obj
 0001:0001abd0       _hb_xvmModulus             0041bbd0 f   xhb:hvm.obj
 0001:0001ac00       _hb_xvmInc                 0041bc00 f   xhb:hvm.obj
 0001:0001ac30       _hb_xvmDec                 0041bc30 f   xhb:hvm.obj
 0001:0001ac60       _hb_xvmBitAnd              0041bc60 f   xhb:hvm.obj
 0001:0001ac90       _hb_xvmBitOr               0041bc90 f   xhb:hvm.obj
 0001:0001acc0       _hb_xvmBitXor              0041bcc0 f   xhb:hvm.obj
 0001:0001acf0       _hb_xvmBitShiftL           0041bcf0 f   xhb:hvm.obj
 0001:0001ad20       _hb_xvmBitShiftR           0041bd20 f   xhb:hvm.obj
 0001:0001ad50       _hb_xvmLeft                0041bd50 f   xhb:hvm.obj
 0001:0001ae50       _hb_xvmRight               0041be50 f   xhb:hvm.obj
 0001:0001aec0       _hb_xvmLike                0041bec0 f   xhb:hvm.obj
 0001:0001af70       _hb_xvmMatch               0041bf70 f   xhb:hvm.obj
 0001:0001b020       _hb_xvmArrayDim            0041c020 f   xhb:hvm.obj
 0001:0001b030       _hb_xvmArrayGen            0041c030 f   xhb:hvm.obj
 0001:0001b050       _hb_xvmHashGen             0041c050 f   xhb:hvm.obj
 0001:0001b750       _hb_xvmArrayPush           0041c750 f   xhb:hvm.obj
 0001:0001b780       _hb_xvmArrayPushRef        0041c780 f   xhb:hvm.obj
 0001:0001b7b0       _hb_xvmArrayItemPush       0041c7b0 f   xhb:hvm.obj
 0001:0001b7e0       _hb_xvmArrayPop            0041c7e0 f   xhb:hvm.obj
 0001:0001b810       _hb_xvmArrayPopPlus        0041c810 f   xhb:hvm.obj
 0001:0001b840       _hb_xvmArrayItemPop        0041c840 f   xhb:hvm.obj
 0001:0001b870       _hb_xvmPushDouble          0041c870 f   xhb:hvm.obj
 0001:0001b890       _hb_xvmPushLongLong        0041c890 f   xhb:hvm.obj
 0001:0001b8b0       _hb_xvmLocalName           0041c8b0 f   xhb:hvm.obj
 0001:0001b8d0       _hb_xvmStaticName          0041c8d0 f   xhb:hvm.obj
 0001:0001b8f0       _hb_xvmModuleName          0041c8f0 f   xhb:hvm.obj
 0001:0001b900       _hb_xvmMacroList           0041c900 f   xhb:hvm.obj
 0001:0001b920       _hb_xvmMacroListEnd        0041c920 f   xhb:hvm.obj
 0001:0001b940       _hb_xvmMacroPush           0041c940 f   xhb:hvm.obj
 0001:0001b980       _hb_xvmPushMacroRef        0041c980 f   xhb:hvm.obj
 0001:0001b9c0       _hb_xvmMacroPushIndex      0041c9c0 f   xhb:hvm.obj
 0001:0001baf0       _hb_xvmMacroPushArg        0041caf0 f   xhb:hvm.obj
 0001:0001bb50       _hb_xvmMacroPushList       0041cb50 f   xhb:hvm.obj
 0001:0001bb90       _hb_xvmMacroPushPare       0041cb90 f   xhb:hvm.obj
 0001:0001bbd0       _hb_xvmMacroPushAliased    0041cbd0 f   xhb:hvm.obj
 0001:0001bc10       _hb_xvmMacroPop            0041cc10 f   xhb:hvm.obj
 0001:0001bc50       _hb_xvmMacroPopAliased     0041cc50 f   xhb:hvm.obj
 0001:0001bc90       _hb_xvmMacroSymbol         0041cc90 f   xhb:hvm.obj
 0001:0001bcc0       _hb_xvmMacroText           0041ccc0 f   xhb:hvm.obj
 0001:0001bcf0       _hb_xvmLocalSetInt         0041ccf0 f   xhb:hvm.obj
 0001:0001bd80       _hb_xvmLocalSetStr         0041cd80 f   xhb:hvm.obj
 0001:0001be20       _hb_xvmSwitchCase          0041ce20 f   xhb:hvm.obj
 0001:0001bf30       _hb_xvmPushWith            0041cf30 f   xhb:hvm.obj
 0001:0001bf60       _hb_xvmWithObject          0041cf60 f   xhb:hvm.obj
 0001:0001c060       _hb_xvmEndWithObject       0041d060 f   xhb:hvm.obj
 0001:0001c0b0       _hb_xvmEnumIndex           0041d0b0 f   xhb:hvm.obj
 0001:0001c120       _hb_xvmForEach             0041d120 f   xhb:hvm.obj
 0001:0001c350       _hb_xvmEnumerate           0041d350 f   xhb:hvm.obj
 0001:0001c520       _hb_xvmEndEnumerate        0041d520 f   xhb:hvm.obj
 0001:0001c610       _hb_xvmLocalSetStringHidden 0041d610 f   xhb:hvm.obj
 0001:0001c6d0       _hb_xvmPushStringHidden    0041d6d0 f   xhb:hvm.obj
 0001:0001c700       _hb_xvmDivert              0041d700 f   xhb:hvm.obj
 0001:0001c710       _hb_vmRequestDebug         0041d710 f   xhb:hvm.obj
 0001:0001c720       _hb_dbg_InvokeDebug        0041d720 f   xhb:hvm.obj
 0001:0001c740       _hb_dbg_SetEntry           0041d740 f   xhb:hvm.obj
 0001:0001c760       _hb_dbg_vmVarSGet          0041d760 f   xhb:hvm.obj
 0001:0001c780       _hb_dbg_ProcLevel          0041d780 f   xhb:hvm.obj
 0001:0001c790       _HB_FUN_HB_DBG_INVOKEDEBUG 0041d790 f   xhb:hvm.obj
 0001:0001c7f0       _HB_FUN_HB_DBG_VMVARSLIST  0041d7f0 f   xhb:hvm.obj
 0001:0001c820       _HB_FUN_HB_DBG_VMVARSLEN   0041d820 f   xhb:hvm.obj
 0001:0001c840       _HB_FUN_HB_DBG_VMVARSGET   0041d840 f   xhb:hvm.obj
 0001:0001c880       _HB_FUN_HB_DBG_VMVARSSET   0041d880 f   xhb:hvm.obj
 0001:0001c8d0       _HB_FUN_HB_DBG_PROCLEVEL   0041d8d0 f   xhb:hvm.obj
 0001:0001c8f0       _hb_dbg_vmVarGCount        0041d8f0 f   xhb:hvm.obj
 0001:0001c900       _hb_dbg_vmVarGGet          0041d900 f   xhb:hvm.obj
 0001:0001c920       _HB_FUN_HB_DBG_VMVARGLIST  0041d920 f   xhb:hvm.obj
 0001:0001c950       _HB_FUN_HB_DBG_VMVARGGET   0041d950 f   xhb:hvm.obj
 0001:0001c990       _HB_FUN_HB_DBG_VMVARGSET   0041d990 f   xhb:hvm.obj
 0001:0001c9e0       _HB_FUN___VMVARGLIST       0041d9e0 f   xhb:hvm.obj
 0001:0001c9f0       _HB_FUN___VMVARSLIST       0041d9f0 f   xhb:hvm.obj
 0001:0001ca00       _HB_FUN___VMVARSLEN        0041da00 f   xhb:hvm.obj
 0001:0001ca10       _HB_FUN___VMVARSGET        0041da10 f   xhb:hvm.obj
 0001:0001ca20       _HB_FUN___VMVARSSET        0041da20 f   xhb:hvm.obj
 0001:0001ca30       _hb_itemPushForward        0041da30 f   xhb:fastitem.obj
 0001:0001ca70       _hb_itemForwardValue       0041da70 f   xhb:fastitem.obj
 0001:0001cad0       _hb_itemReturn             0041dad0 f   xhb:fastitem.obj
 0001:0001caf0       _hb_itemReturnForward      0041daf0 f   xhb:fastitem.obj
 0001:0001cb10       _hb_itemReturnRelease      0041db10 f   xhb:fastitem.obj
 0001:0001cb40       _hb_itemReleaseString      0041db40 f   xhb:fastitem.obj
 0001:0001cba0       _hb_itemClear              0041dba0 f   xhb:fastitem.obj
 0001:0001cd70       _hb_itemSwap               0041dd70 f   xhb:fastitem.obj
 0001:0001cdb0       _hb_itemCopy               0041ddb0 f   xhb:fastitem.obj
 0001:0001cf90       _hb_itemPutC               0041df90 f   xhb:fastitem.obj
 0001:0001cfc0       _hb_itemPutCL              0041dfc0 f   xhb:fastitem.obj
 0001:0001d200       _hb_itemPutCPtr            0041e200 f   xhb:fastitem.obj
 0001:0001d250       _hb_itemPutCRaw            0041e250 f   xhb:fastitem.obj
 0001:0001d2e0       _hb_itemPutCRawStatic      0041e2e0 f   xhb:fastitem.obj
 0001:0001d340       _hb_itemPutCStatic         0041e340 f   xhb:fastitem.obj
 0001:0001d370       _hb_itemPutCLStatic        0041e370 f   xhb:fastitem.obj
 0001:0001d3e0       _hb_itemPutPtr             0041e3e0 f   xhb:fastitem.obj
 0001:0001d430       _hb_itemPutPtrGC           0041e430 f   xhb:fastitem.obj
 0001:0001d460       _hb_itemPushStaticString   0041e460 f   xhb:fastitem.obj
 0001:0001d4b0       _hb_retcAdopt              0041e4b0 f   xhb:fastitem.obj
 0001:0001d550       _hb_retclenAdopt           0041e550 f   xhb:fastitem.obj
 0001:0001d5d0       _hb_retclenAdoptRaw        0041e5d0 f   xhb:fastitem.obj
 0001:0001d640       _hb_retcStatic             0041e640 f   xhb:fastitem.obj
 0001:0001d6a0       _hb_retclenStatic          0041e6a0 f   xhb:fastitem.obj
 0001:0001d6e0       _hb_itemParamId            0041e6e0 f   xhb:fastitem.obj
 0001:0001d740       _hb_xalloc                 0041e740 f   xhb:fm.obj
 0001:0001d790       _hb_xgrab                  0041e790 f   xhb:fm.obj
 0001:0001d7f0       _hb_xrealloc               0041e7f0 f   xhb:fm.obj
 0001:0001d890       _hb_xfree                  0041e890 f   xhb:fm.obj
 0001:0001d8d0       _hb_xRefInc                0041e8d0 f   xhb:fm.obj
 0001:0001d8e0       _hb_xRefDec                0041e8e0 f   xhb:fm.obj
 0001:0001d910       _hb_xRefFree               0041e910 f   xhb:fm.obj
 0001:0001d940       _hb_xRefCount              0041e940 f   xhb:fm.obj
 0001:0001d950       _hb_xRefResize             0041e950 f   xhb:fm.obj
 0001:0001da20       _hb_xautorelease           0041ea20 f   xhb:fm.obj
 0001:0001da30       _hb_xsize                  0041ea30 f   xhb:fm.obj
 0001:0001da40       _hb_xinit                  0041ea40 f   xhb:fm.obj
 0001:0001da60       _hb_xexit                  0041ea60 f   xhb:fm.obj
 0001:0001da70       _hb_xquery                 0041ea70 f   xhb:fm.obj
 0001:0001dc10       _HB_FUN_MEMORY             0041ec10 f   xhb:fm.obj
 0001:0001dc40       _HB_FUN_HB_FM_NOSTAT       0041ec40 f   xhb:fm.obj
 0001:0001dc50       _hb_itemNew                0041ec50 f   xhb:itemapi.obj
 0001:0001dc70       _hb_itemParam              0041ec70 f   xhb:itemapi.obj
 0001:0001dc90       _hb_itemParamPtr           0041ec90 f   xhb:itemapi.obj
 0001:0001dcb0       _hb_itemPCount             0041ecb0 f   xhb:itemapi.obj
 0001:0001dcd0       _hb_itemRelease            0041ecd0 f   xhb:itemapi.obj
 0001:0001dcf0       _hb_itemArrayNew           0041ecf0 f   xhb:itemapi.obj
 0001:0001dd10       _hb_itemArrayGet           0041ed10 f   xhb:itemapi.obj
 0001:0001dd40       _hb_itemArrayPut           0041ed40 f   xhb:itemapi.obj
 0001:0001dd70       _hb_itemSetCMemo           0041ed70 f   xhb:itemapi.obj
 0001:0001dd90       _hb_itemGetC               0041ed90 f   xhb:itemapi.obj
 0001:0001dde0       _hb_itemGetCPtr            0041ede0 f   xhb:itemapi.obj
 0001:0001de10       _hb_itemGetCLen            0041ee10 f   xhb:itemapi.obj
 0001:0001de40       _hb_itemCopyC              0041ee40 f   xhb:itemapi.obj
 0001:0001de90       _hb_itemFreeC              0041ee90 f   xhb:itemapi.obj
 0001:0001deb0       _hb_itemGetDS              0041eeb0 f   xhb:itemapi.obj
 0001:0001def0       _hb_itemGetDTS             0041eef0 f   xhb:itemapi.obj
 0001:0001df30       _hb_itemGetDL              0041ef30 f   xhb:itemapi.obj
 0001:0001df50       _hb_itemGetT               0041ef50 f   xhb:itemapi.obj
 0001:0001df70       _hb_itemGetTsec            0041ef70 f   xhb:itemapi.obj
 0001:0001dfa0       _hb_itemGetDTsec           0041efa0 f   xhb:itemapi.obj
 0001:0001dfe0       _hb_itemGetDTD             0041efe0 f   xhb:itemapi.obj
 0001:0001e020       _hb_itemGetDTL             0041f020 f   xhb:itemapi.obj
 0001:0001e060       _hb_itemGetD               0041f060 f   xhb:itemapi.obj
 0001:0001e0c0       _hb_itemGetDT              0041f0c0 f   xhb:itemapi.obj
 0001:0001e160       _hb_itemGetL               0041f160 f   xhb:itemapi.obj
 0001:0001e260       _hb_itemGetND              0041f260 f   xhb:itemapi.obj
 0001:0001e330       _hb_itemGetNDDec           0041f330 f   xhb:itemapi.obj
 0001:0001e430       _hb_itemGetNI              0041f430 f   xhb:itemapi.obj
 0001:0001e4e0       _hb_itemGetNL              0041f4e0 f   xhb:itemapi.obj
 0001:0001e590       _hb_itemGetPtr             0041f590 f   xhb:itemapi.obj
 0001:0001e5b0       _hb_itemGetPtrGC           0041f5b0 f   xhb:itemapi.obj
 0001:0001e5f0       _hb_itemGetSymbol          0041f5f0 f   xhb:itemapi.obj
 0001:0001e620       _hb_itemPutDate            0041f620 f   xhb:itemapi.obj
 0001:0001e670       _hb_itemPutDS              0041f670 f   xhb:itemapi.obj
 0001:0001e690       _hb_itemPutDTS             0041f690 f   xhb:itemapi.obj
 0001:0001e6d0       _hb_itemPutD               0041f6d0 f   xhb:itemapi.obj
 0001:0001e700       _hb_itemPutDT              0041f700 f   xhb:itemapi.obj
 0001:0001e760       _hb_itemPutTDT             0041f760 f   xhb:itemapi.obj
 0001:0001e7b0       _hb_itemPutDL              0041f7b0 f   xhb:itemapi.obj
 0001:0001e7d0       _hb_itemPutDTL             0041f7d0 f   xhb:itemapi.obj
 0001:0001e810       _hb_itemPutDTsec           0041f810 f   xhb:itemapi.obj
 0001:0001e860       _hb_itemPutDTD             0041f860 f   xhb:itemapi.obj
 0001:0001e8a0       _hb_itemPutL               0041f8a0 f   xhb:itemapi.obj
 0001:0001e8f0       _hb_itemPutND              0041f8f0 f   xhb:itemapi.obj
 0001:0001e910       _hb_itemPutNDDec           0041f910 f   xhb:itemapi.obj
 0001:0001e9b0       _hb_itemPutNI              0041f9b0 f   xhb:itemapi.obj
 0001:0001ea20       _hb_itemPutNL              0041fa20 f   xhb:itemapi.obj
 0001:0001ea90       _hb_itemPutNLen            0041fa90 f   xhb:itemapi.obj
 0001:0001eb90       _hb_itemPutNDLen           0041fb90 f   xhb:itemapi.obj
 0001:0001ec40       _hb_itemPutNILen           0041fc40 f   xhb:itemapi.obj
 0001:0001ecc0       _hb_itemPutNLLen           0041fcc0 f   xhb:itemapi.obj
 0001:0001ed40       _hb_itemPutSymbol          0041fd40 f   xhb:itemapi.obj
 0001:0001edc0       _hb_itemGetNLen            0041fdc0 f   xhb:itemapi.obj
 0001:0001ee70       _hb_itemSize               0041fe70 f   xhb:itemapi.obj
 0001:0001eec0       _hb_itemType               0041fec0 f   xhb:itemapi.obj
 0001:0001eee0       _hb_itemTypeStr            0041fee0 f   xhb:itemapi.obj
 0001:0001f090       _hb_itemUnRef              00420090 f   xhb:itemapi.obj
 0001:0001f0c0       _hb_itemUnRefOnce          004200c0 f   xhb:itemapi.obj
 0001:0001f1f0       _hb_itemUnShareString      004201f0 f   xhb:itemapi.obj
 0001:0001f2b0       _hb_itemUnShare            004202b0 f   xhb:itemapi.obj
 0001:0001f2f0       _hb_itemGetWriteCL         004202f0 f   xhb:itemapi.obj
 0001:0001f350       _hb_itemClone              00420350 f   xhb:itemapi.obj
 0001:0001f3a0       _hb_itemStrCmp             004203a0 f   xhb:itemapi.obj
 0001:0001f4e0       _hb_itemStrBuf             004204e0 f   xhb:itemapi.obj
 0001:0001fad0       _hb_itemStr                00420ad0 f   xhb:itemapi.obj
 0001:0001fbc0       _hb_itemString             00420bc0 f   xhb:itemapi.obj
 0001:0001fe60       _hb_itemPadConv            00420e60 f   xhb:itemapi.obj
 0001:0001ff40       _hb_itemValToStr           00420f40 f   xhb:itemapi.obj
 0001:0001ff90       _hb_itemGetNLL             00420f90 f   xhb:itemapi.obj
 0001:00020040       _hb_itemPutNLL             00421040 f   xhb:itemapi.obj
 0001:000200d0       _hb_itemPutNLLLen          004210d0 f   xhb:itemapi.obj
 0001:00020170       _hb_itemPutNInt            00421170 f   xhb:itemapi.obj
 0001:000201d0       _hb_itemPutNIntLen         004211d0 f   xhb:itemapi.obj
 0001:00020240       _hb_itemGetNInt            00421240 f   xhb:itemapi.obj
 0001:000202f0       _hb_itemPutHBLong          004212f0 f   xhb:itemapi.obj
 0001:00020380       _hb_itemPutNumType         00421380 f   xhb:itemapi.obj
 0001:00020440       _hb_itemPutNull            00421440 f   xhb:itemapi.obj
 0001:000205c0       _hb_clsInit                004215c0 f   xhb:classes.obj
 0001:00020730       _hb_clsDisableDestructors  00421730 f   xhb:classes.obj
 0001:00020740       _hb_clsDestructorsAllowed  00421740 f   xhb:classes.obj
 0001:00020750       _hb_clsClearAllClassDatas  00421750 f   xhb:classes.obj
 0001:00020790       _hb_clsClearAll            00421790 f   xhb:classes.obj
 0001:000207d0       _hb_clsReleaseAll          004217d0 f   xhb:classes.obj
 0001:00020880       _hb_clsIsClassRef          00421880 f   xhb:classes.obj
 0001:00020dc0       _hb_clsIsParent            00421dc0 f   xhb:classes.obj
 0001:00020e40       _hb_objGetClsName          00421e40 f   xhb:classes.obj
 0001:00020f60       _hb_clsName                00421f60 f   xhb:classes.obj
 0001:00020f90       _hb_objGetRealCls          00421f90 f   xhb:classes.obj
 0001:00021020       _hb_objGetRealClsName      00422020 f   xhb:classes.obj
 0001:00021160       _hb_objGetOpOver           00422160 f   xhb:classes.obj
 0001:00021190       _hb_objGetClsSymbol        00422190 f   xhb:classes.obj
 0001:000213a0       _hb_objGetMethod           004223a0 f   xhb:classes.obj
 0001:000213f0       _hb_objGetMthd             004223f0 f   xhb:classes.obj
 0001:00021670       _hb_clsHasMsg              00422670 f   xhb:classes.obj
 0001:00021700       _hb_objGetpMthd            00422700 f   xhb:classes.obj
 0001:00021750       _hb_objGetpMethod          00422750 f   xhb:classes.obj
 0001:00021780       _hb_objHasMsg              00422780 f   xhb:classes.obj
 0001:000217a0       _hb_objHasMessage          004227a0 f   xhb:classes.obj
 0001:00022750       _HB_FUN___CLSADDMSG        00423750 f   xhb:classes.obj
 0001:00022970       ___cls_CntMethods          00423970 f   xhb:classes.obj
 0001:00023660       _HB_FUN___CLSNEW           00424660 f   xhb:classes.obj
 0001:000237e0       _hb_clsDeactiveClass       004247e0 f   xhb:classes.obj
 0001:00023850       _HB_FUN___CLSISACTIVE      00424850 f   xhb:classes.obj
 0001:000238b0       _HB_FUN___CLSACTIVE        004248b0 f   xhb:classes.obj
 0001:00023940       _HB_FUN___CLSSETMODULE     00424940 f   xhb:classes.obj
 0001:000239c0       _HB_FUN___CLSDELMSG        004249c0 f   xhb:classes.obj
 0001:00023b20       _HB_FUN___CLSINST          00424b20 f   xhb:classes.obj
 0001:00023b40       _hb_clsInst                00424b40 f   xhb:classes.obj
 0001:00023fa0       _HB_FUN___CLSMODMSG        00424fa0 f   xhb:classes.obj
 0001:000242c0       _HB_FUN___CLSMSGASSIGNED   004252c0 f   xhb:classes.obj
 0001:00024390       _HB_FUN___OBJGETCLSNAME    00425390 f   xhb:classes.obj
 0001:000243c0       _HB_FUN___CLSHASMSG        004253c0 f   xhb:classes.obj
 0001:00024490       _HB_FUN___OBJHASMSG        00425490 f   xhb:classes.obj
 0001:00024530       _hb_objClone               00425530 f   xhb:classes.obj
 0001:00024630       _HB_FUN___OBJCLONE         00425630 f   xhb:classes.obj
 0001:00024680       _hb_objSendMsg             00425680 f   xhb:classes.obj
 0001:00024710       _hb_objSendSymbol          00425710 f   xhb:classes.obj
 0001:00024760       _hb_objSendMessage         00425760 f   xhb:classes.obj
 0001:000247b0       _HB_FUN___OBJSENDMSG       004257b0 f   xhb:classes.obj
 0001:00024890       _HB_FUN___OBJSENDMSGCASE   00425890 f   xhb:classes.obj
 0001:00024970       _HB_FUN___CLSINSTSUPER     00425970 f   xhb:classes.obj
 0001:00024ab0       _HB_FUN___CLS_CNTCLSDATA   00425ab0 f   xhb:classes.obj
 0001:00024b10       _HB_FUN___CLS_CNTSHRDATA   00425b10 f   xhb:classes.obj
 0001:00024b50       _HB_FUN___CLS_CNTDATA      00425b50 f   xhb:classes.obj
 0001:00024ba0       _HB_FUN___CLS_DECDATA      00425ba0 f   xhb:classes.obj
 0001:00024bf0       _HB_FUN___CLS_INCDATA      00425bf0 f   xhb:classes.obj
 0001:00024c70       _HB_FUN___CLASSNAME        00425c70 f   xhb:classes.obj
 0001:00024cd0       _HB_FUN___CLASSSEL         00425cd0 f   xhb:classes.obj
 0001:00024d80       _HB_FUN___GETMEMBERS       00425d80 f   xhb:classes.obj
 0001:00024fa0       _HB_FUN___GETMESSAGE       00425fa0 f   xhb:classes.obj
 0001:00024fd0       _HB_FUN___CLSPARENT        00425fd0 f   xhb:classes.obj
 0001:00025020       _HB_FUN___SENDER           00426020 f   xhb:classes.obj
 0001:000250a0       _hb_objClassH              004260a0 f   xhb:classes.obj
 0001:000251c0       _HB_FUN___CLASSH           004261c0 f   xhb:classes.obj
 0001:000251f0       _HB_FUN___EVAL             004261f0 f   xhb:classes.obj
 0001:000258f0       _hb___msgGetClsData        004268f0 f   xhb:classes.obj
 0001:00025940       _hb___msgSetClsData        00426940 f   xhb:classes.obj
 0001:000259a0       _hb___msgGetShrData        004269a0 f   xhb:classes.obj
 0001:000259f0       _hb___msgSetShrData        004269f0 f   xhb:classes.obj
 0001:00025a60       _hb___msgGetData           00426a60 f   xhb:classes.obj
 0001:00025ab0       _hb___msgSetData           00426ab0 f   xhb:classes.obj
 0001:00025c00       _hb_clsClassesArray        00426c00 f   xhb:classes.obj
 0001:00025c10       _hb_clsMaxClasses          00426c10 f   xhb:classes.obj
 0001:00025c20       _HB_FUN___GETMSGPRF        00426c20 f   xhb:classes.obj
 0001:00025c50       _hb_mthAddTime             00426c50 f   xhb:classes.obj
 0001:00025c60       _hb_clsFinalize            00426c60 f   xhb:classes.obj
 0001:00025e20       _HB_FUN___CLSGETPROPERTIES 00426e20 f   xhb:classes.obj
 0001:00025ee0       _HB_FUN___CLSGETPROPERTIESANDVALUES 00426ee0 f   xhb:classes.obj
 0001:00025ff0       _HB_FUN___CLSGETIVARNAMESANDVALUES 00426ff0 f   xhb:classes.obj
 0001:00026140       _hb_clsSymbolFromFunction  00427140 f   xhb:classes.obj
 0001:000261b0       _HB_FUN_HB_OBJMSGPTR       004271b0 f   xhb:classes.obj
 0001:00026250       _hb_clsGetHandleFromName   00427250 f   xhb:classes.obj
 0001:000262b0       _HB_FUN___CLSGETHANDLEFROMNAME 004272b0 f   xhb:classes.obj
 0001:000263b0       _hb_clsSetModule           004273b0 f   xhb:classes.obj
 0001:000263f0       _HB_FUN___SETCLASSSCOPE    004273f0 f   xhb:classes.obj
 0001:00026440       _hb_clsSetScope            00427440 f   xhb:classes.obj
 0001:00026460       _HB_FUN___SETCLASSAUTOINIT 00427460 f   xhb:classes.obj
 0001:000265f0       _HB_FUN___CLSADDFRIEND     004275f0 f   xhb:classes.obj
 0001:00026630       _HB_FUN___CLSFRIENDLY      00427630 f   xhb:classes.obj
 0001:00026750       _HB_FUN___CLSASSOCTYPE     00427750 f   xhb:classes.obj
 0001:00026920       _HB_FUN___CLSCNTCLASSES    00427920 f   xhb:classes.obj
 0001:00026940       _HB_FUN___CLSINSTNAME      00427940 f   xhb:classes.obj
 0001:00026a20       _hb_clsCreate              00427a20 f   xhb:classes.obj
 0001:00026a50       _hb_clsAdd                 00427a50 f   xhb:classes.obj
 0001:00026a80       _hb_clsAddData             00427a80 f   xhb:classes.obj
 0001:00026ab0       _hb_clsAssociate           00427ab0 f   xhb:classes.obj
 0001:00026ad0       _hb_clsAddDataInit         00427ad0 f   xhb:classes.obj
 0001:000279a0       _HB_FUN_ERRORNEW           004289a0 f   xhb:errorapi.obj
 0001:00027bb0       _HB_FUN___ERRINHANDLER     00428bb0 f   xhb:errorapi.obj
 0001:00027bd0       _HB_FUN_ERRORBLOCK         00428bd0 f   xhb:errorapi.obj
 0001:00027c10       _hb_errorBlock             00428c10 f   xhb:errorapi.obj
 0001:00027c40       _hb_errorHandler           00428c40 f   xhb:errorapi.obj
 0001:00027c70       _HB_FUN_DOSERROR           00428c70 f   xhb:errorapi.obj
 0001:00027cb0       _hb_errInit                00428cb0 f   xhb:errorapi.obj
 0001:00027d20       _hb_errExit                00428d20 f   xhb:errorapi.obj
 0001:00027d50       _hb_errNew                 00428d50 f   xhb:errorapi.obj
 0001:00027ea0       _hb_errLaunch              00428ea0 f   xhb:errorapi.obj
 0001:00028130       _hb_errLaunchSubst         00429130 f   xhb:errorapi.obj
 0001:00028300       _hb_errRelease             00429300 f   xhb:errorapi.obj
 0001:00028310       _hb_errGetCargo            00429310 f   xhb:errorapi.obj
 0001:00028330       _hb_errPutCargo            00429330 f   xhb:errorapi.obj
 0001:00028350       _hb_errGetArgs             00429350 f   xhb:errorapi.obj
 0001:00028370       _hb_errPutArgsArray        00429370 f   xhb:errorapi.obj
 0001:00028390       _hb_errGetDescription      00429390 f   xhb:errorapi.obj
 0001:000283b0       _hb_errPutDescription      004293b0 f   xhb:errorapi.obj
 0001:000283d0       _hb_errGetFileName         004293d0 f   xhb:errorapi.obj
 0001:000283f0       _hb_errPutFileName         004293f0 f   xhb:errorapi.obj
 0001:00028410       _hb_errGetGenCode          00429410 f   xhb:errorapi.obj
 0001:00028430       _hb_errPutGenCode          00429430 f   xhb:errorapi.obj
 0001:00028450       _hb_errGetOperation        00429450 f   xhb:errorapi.obj
 0001:00028470       _hb_errPutOperation        00429470 f   xhb:errorapi.obj
 0001:000284c0       _hb_errGetOsCode           004294c0 f   xhb:errorapi.obj
 0001:000284e0       _hb_errPutOsCode           004294e0 f   xhb:errorapi.obj
 0001:00028500       _hb_errGetSeverity         00429500 f   xhb:errorapi.obj
 0001:00028520       _hb_errPutSeverity         00429520 f   xhb:errorapi.obj
 0001:00028540       _hb_errGetSubCode          00429540 f   xhb:errorapi.obj
 0001:00028560       _hb_errPutSubCode          00429560 f   xhb:errorapi.obj
 0001:00028580       _hb_errGetSubSystem        00429580 f   xhb:errorapi.obj
 0001:000285a0       _hb_errPutSubSystem        004295a0 f   xhb:errorapi.obj
 0001:000285c0       _hb_errGetProcName         004295c0 f   xhb:errorapi.obj
 0001:000285e0       _hb_errPutProcName         004295e0 f   xhb:errorapi.obj
 0001:00028600       _hb_errGetProcLine         00429600 f   xhb:errorapi.obj
 0001:00028620       _hb_errPutProcLine         00429620 f   xhb:errorapi.obj
 0001:00028640       _hb_errGetThreadId         00429640 f   xhb:errorapi.obj
 0001:00028660       _hb_errPutThreadId         00429660 f   xhb:errorapi.obj
 0001:00028680       _hb_errGetRunningThreads   00429680 f   xhb:errorapi.obj
 0001:000286a0       _hb_errPutRunningThreads   004296a0 f   xhb:errorapi.obj
 0001:000286c0       _hb_errGetVmThreadId       004296c0 f   xhb:errorapi.obj
 0001:000286e0       _hb_errPutVmThreadId       004296e0 f   xhb:errorapi.obj
 0001:00028700       _hb_errGetModuleName       00429700 f   xhb:errorapi.obj
 0001:00028720       _hb_errPutModuleName       00429720 f   xhb:errorapi.obj
 0001:00028740       _hb_errGetCallStack        00429740 f   xhb:errorapi.obj
 0001:00028760       _hb_errPutCallStack        00429760 f   xhb:errorapi.obj
 0001:00028780       _hb_errGetTries            00429780 f   xhb:errorapi.obj
 0001:000287a0       _hb_errPutTries            004297a0 f   xhb:errorapi.obj
 0001:000287c0       _hb_errGetFlags            004297c0 f   xhb:errorapi.obj
 0001:000287e0       _hb_errPutFlags            004297e0 f   xhb:errorapi.obj
 0001:00028870       _hb_errPutArgs             00429870 f   xhb:errorapi.obj
 0001:000288c0       _hb_errRT_New              004298c0 f   xhb:errorapi.obj
 0001:00028990       _hb_errRT_New_Subst        00429990 f   xhb:errorapi.obj
 0001:00028a70       _hb_errRT_SubstParams      00429a70 f   xhb:errorapi.obj
 0001:00028af0       _hb_errRT_FileError        00429af0 f   xhb:errorapi.obj
 0001:00028bb0       _HB_FUN___ERRRT_BASE       00429bb0 f   xhb:errorapi.obj
 0001:00028c20       _HB_FUN___ERRRT_SBASE      00429c20 f   xhb:errorapi.obj
 0001:00028c90       _hb_errRT_BASE             00429c90 f   xhb:errorapi.obj
 0001:00028d80       _hb_errRT_BASE_Ext1        00429d80 f   xhb:errorapi.obj
 0001:00028e80       _hb_errRT_BASE_Subst       00429e80 f   xhb:errorapi.obj
 0001:00028f70       _hb_errRT_BASE_SubstR      00429f70 f   xhb:errorapi.obj
 0001:00029060       _hb_errRT_TERM             0042a060 f   xhb:errorapi.obj
 0001:000290b0       _hb_errRT_DBCMD            0042a0b0 f   xhb:errorapi.obj
 0001:00029110       _hb_errRT_DBCMD_Ext        0042a110 f   xhb:errorapi.obj
 0001:00029160       _hb_errRT_TOOLS            0042a160 f   xhb:errorapi.obj
 0001:000291b0       _hb_errInternal            0042a1b0 f   xhb:errorapi.obj
 0001:00029350       _hb_dynsymLog              0042a350 f   xhb:dynsym.obj
 0001:00029390       _hb_symbolNew              0042a390 f   xhb:dynsym.obj
 0001:00029400       _hb_dynsymNew              0042a400 f   xhb:dynsym.obj
 0001:00029520       _hb_dynsymGet              0042a520 f   xhb:dynsym.obj
 0001:000295f0       _hb_dynsymGetCase          0042a5f0 f   xhb:dynsym.obj
 0001:00029660       _hb_dynsymGetCaseWithNamespaces 0042a660 f   xhb:dynsym.obj
 0001:000296d0       _hb_dynsymGetWithNamespaces 0042a6d0 f   xhb:dynsym.obj
 0001:00029740       _hb_dynsymFindName         0042a740 f   xhb:dynsym.obj
 0001:000297c0       _hb_dynsymFind             0042a7c0 f   xhb:dynsym.obj
 0001:00029890       _hb_dynsymFindWithNamespaces 0042a890 f   xhb:dynsym.obj
 0001:00029900       _hb_dynsymFindNameWithNamespaces 0042a900 f   xhb:dynsym.obj
 0001:000299f0       _hb_dynsymGetSymbol        0042a9f0 f   xhb:dynsym.obj
 0001:00029a10       _hb_dynsymFindSymbol       0042aa10 f   xhb:dynsym.obj
 0001:00029a30       _hb_dynsymSymbol           0042aa30 f   xhb:dynsym.obj
 0001:00029a40       _hb_dynsymName             0042aa40 f   xhb:dynsym.obj
 0001:00029a50       _hb_dynsymIsFunction       0042aa50 f   xhb:dynsym.obj
 0001:00029a70       _hb_dynsymMemvarHandle     0042aa70 f   xhb:dynsym.obj
 0001:00029a80       _hb_dynsymAreaHandle       0042aa80 f   xhb:dynsym.obj
 0001:00029a90       _hb_dynsymSetAreaHandle    0042aa90 f   xhb:dynsym.obj
 0001:00029aa0       _hb_dynsymEval             0042aaa0 f   xhb:dynsym.obj
 0001:00029ae0       _hb_dynsymRelease          0042aae0 f   xhb:dynsym.obj
 0001:00029b50       _hb_dynsymPos              0042ab50 f   xhb:dynsym.obj
 0001:00029b80       _hb_dynsymItems            0042ab80 f   xhb:dynsym.obj
 0001:00029b90       _hb_dynsymCount            0042ab90 f   xhb:dynsym.obj
 0001:00029ba0       _HB_FUN___DYNSCOUNT        0042aba0 f   xhb:dynsym.obj
 0001:00029bc0       _HB_FUN___DYNSGETNAME      0042abc0 f   xhb:dynsym.obj
 0001:00029c10       _HB_FUN___DYNSGETINDEX     0042ac10 f   xhb:dynsym.obj
 0001:00029c50       _HB_FUN___DYNSISFUN        0042ac50 f   xhb:dynsym.obj
 0001:00029cb0       _HB_FUN___DYNSGETPRF       0042acb0 f   xhb:dynsym.obj
 0001:00029ce0       _hb_param                  0042ace0 f   xhb:extend.obj
 0001:00029d90       _hb_paramError             0042ad90 f   xhb:extend.obj
 0001:00029dc0       _hb_extIsArray             0042adc0 f   xhb:extend.obj
 0001:00029e30       _hb_extIsObject            0042ae30 f   xhb:extend.obj
 0001:00029ec0       _hb_parc                   0042aec0 f   xhb:extend.obj
 0001:00029f60       _hb_parcx                  0042af60 f   xhb:extend.obj
 0001:0002a010       _hb_parclen                0042b010 f   xhb:extend.obj
 0001:0002a0b0       _hb_parcsiz                0042b0b0 f   xhb:extend.obj
 0001:0002a150       _hb_pards                  0042b150 f   xhb:extend.obj
 0001:0002a210       _hb_pardts                 0042b210 f   xhb:extend.obj
 0001:0002a2d0       _hb_pardsbuff              0042b2d0 f   xhb:extend.obj
 0001:0002a390       _hb_pardl                  0042b390 f   xhb:extend.obj
 0001:0002a430       _hb_pardtsbuff             0042b430 f   xhb:extend.obj
 0001:0002a4f0       _hb_part                   0042b4f0 f   xhb:extend.obj
 0001:0002a590       _hb_pardtsec               0042b590 f   xhb:extend.obj
 0001:0002a640       _hb_pardtd                 0042b640 f   xhb:extend.obj
 0001:0002a6f0       _hb_parl                   0042b6f0 f   xhb:extend.obj
 0001:0002a870       _hb_parnd                  0042b870 f   xhb:extend.obj
 0001:0002a970       _hb_parni                  0042b970 f   xhb:extend.obj
 0001:0002aa60       _hb_parnl                  0042ba60 f   xhb:extend.obj
 0001:0002ab60       _hb_parnint                0042bb60 f   xhb:extend.obj
 0001:0002ac70       _hb_parptr                 0042bc70 f   xhb:extend.obj
 0001:0002ad10       _hb_parptrGC               0042bd10 f   xhb:extend.obj
 0001:0002adf0       _hb_parinfa                0042bdf0 f   xhb:extend.obj
 0001:0002ae30       _hb_parinfo                0042be30 f   xhb:extend.obj
 0001:0002aee0       _hb_pcount                 0042bee0 f   xhb:extend.obj
 0001:0002af00       _hb_ret                    0042bf00 f   xhb:extend.obj
 0001:0002af30       _hb_reta                   0042bf30 f   xhb:extend.obj
 0001:0002af50       _hb_retc                   0042bf50 f   xhb:extend.obj
 0001:0002af70       _hb_retc_null              0042bf70 f   xhb:extend.obj
 0001:0002af90       _hb_retclen                0042bf90 f   xhb:extend.obj
 0001:0002afb0       _hb_retds                  0042bfb0 f   xhb:extend.obj
 0001:0002afd0       _hb_retdts                 0042bfd0 f   xhb:extend.obj
 0001:0002aff0       _hb_retd                   0042bff0 f   xhb:extend.obj
 0001:0002b010       _hb_retdt                  0042c010 f   xhb:extend.obj
 0001:0002b050       _hb_retdl                  0042c050 f   xhb:extend.obj
 0001:0002b070       _hb_retdtd                 0042c070 f   xhb:extend.obj
 0001:0002b090       _hb_retdtl                 0042c090 f   xhb:extend.obj
 0001:0002b0b0       _hb_retl                   0042c0b0 f   xhb:extend.obj
 0001:0002b0e0       _hb_retnd                  0042c0e0 f   xhb:extend.obj
 0001:0002b100       _hb_retni                  0042c100 f   xhb:extend.obj
 0001:0002b120       _hb_retnl                  0042c120 f   xhb:extend.obj
 0001:0002b140       _hb_retnlen                0042c140 f   xhb:extend.obj
 0001:0002b170       _hb_retndlen               0042c170 f   xhb:extend.obj
 0001:0002b1a0       _hb_retnilen               0042c1a0 f   xhb:extend.obj
 0001:0002b1c0       _hb_retnllen               0042c1c0 f   xhb:extend.obj
 0001:0002b1e0       _hb_retptr                 0042c1e0 f   xhb:extend.obj
 0001:0002b200       _hb_retptrGC               0042c200 f   xhb:extend.obj
 0001:0002b220       _hb_retnint                0042c220 f   xhb:extend.obj
 0001:0002b240       _hb_retnintlen             0042c240 f   xhb:extend.obj
 0001:0002b260       _hb_storc                  0042c260 f   xhb:extend.obj
 0001:0002b330       _hb_storclen               0042c330 f   xhb:extend.obj
 0001:0002b400       _hb_storclenAdopt          0042c400 f   xhb:extend.obj
 0001:0002b4f0       _hb_stords                 0042c4f0 f   xhb:extend.obj
 0001:0002b5c0       _hb_stordts                0042c5c0 f   xhb:extend.obj
 0001:0002b690       _hb_stordl                 0042c690 f   xhb:extend.obj
 0001:0002b760       _hb_stordtd                0042c760 f   xhb:extend.obj
 0001:0002b830       _hb_stordtl                0042c830 f   xhb:extend.obj
 0001:0002b900       _hb_stord                  0042c900 f   xhb:extend.obj
 0001:0002b9e0       _hb_stordt                 0042c9e0 f   xhb:extend.obj
 0001:0002bae0       _hb_storl                  0042cae0 f   xhb:extend.obj
 0001:0002bbe0       _hb_storni                 0042cbe0 f   xhb:extend.obj
 0001:0002bcb0       _hb_stornl                 0042ccb0 f   xhb:extend.obj
 0001:0002bd80       _hb_stornint               0042cd80 f   xhb:extend.obj
 0001:0002be70       _hb_stornd                 0042ce70 f   xhb:extend.obj
 0001:0002bf40       _hb_storptr                0042cf40 f   xhb:extend.obj
 0001:0002c010       _hb_stornll                0042d010 f   xhb:extend.obj
 0001:0002c0f0       _hb_parnll                 0042d0f0 f   xhb:extend.obj
 0001:0002c1e0       _hb_retnll                 0042d1e0 f   xhb:extend.obj
 0001:0002c200       _hb_retnlllen              0042d200 f   xhb:extend.obj
 0001:0002c220       _hb_strAt                  0042d220 f   xhb:hbstr.obj
 0001:0002c290       _hb_strupr                 0042d290 f   xhb:hbstr.obj
 0001:0002c2d0       _hb_strlow                 0042d2d0 f   xhb:hbstr.obj
 0001:0002c310       _hb_strdup                 0042d310 f   xhb:hbstr.obj
 0001:0002c350       _hb_strndup                0042d350 f   xhb:hbstr.obj
 0001:0002c3a0       _hb_strnlen                0042d3a0 f   xhb:hbstr.obj
 0001:0002c3d0       _hb_strduptrim             0042d3d0 f   xhb:hbstr.obj
 0001:0002c430       _hb_strlentrim             0042d430 f   xhb:hbstr.obj
 0001:0002c470       _hb_stricmp                0042d470 f   xhb:hbstr.obj
 0001:0002c510       _hb_symcmp                 0042d510 f   xhb:hbstr.obj
 0001:0002c5a0       _hb_strnicmp               0042d5a0 f   xhb:hbstr.obj
 0001:0002c670       _hb_xstrcat                0042d670 f   xhb:hbstr.obj
 0001:0002c6d0       _hb_xstrcpy                0042d6d0 f   xhb:hbstr.obj
 0001:0002c7c0       _hb_numRound               0042d7c0 f   xhb:hbstr.obj
 0001:0002c8e0       _hb_numInt                 0042d8e0 f   xhb:hbstr.obj
 0001:0002c910       _hb_numDecConv             0042d910 f   xhb:hbstr.obj
 0001:0002d070       _hb_compStrToNum           0042e070 f   xhb:hbstr.obj
 0001:0002d0a0       _hb_compStrToNumErr        0042e0a0 f   xhb:hbstr.obj
 0001:0002d0d0       _hb_valStrnToNum           0042e0d0 f   xhb:hbstr.obj
 0001:0002d100       _hb_strToNum               0042e100 f   xhb:hbstr.obj
 0001:0002d140       _hb_strnToNum              0042e140 f   xhb:hbstr.obj
 0001:0002d170       _hb_strVal                 0042e170 f   xhb:hbstr.obj
 0001:0002d1b0       _hb_strValInt              0042e1b0 f   xhb:hbstr.obj
 0001:0002d220       _hb_strncpy                0042e220 f   xhb:hbstr.obj
 0001:0002d280       _hb_strncat                0042e280 f   xhb:hbstr.obj
 0001:0002d2e0       _hb_strncpyUpper           0042e2e0 f   xhb:hbstr.obj
 0001:0002d370       _hb_strncpyUpperTrim       0042e370 f   xhb:hbstr.obj
 0001:0002d430       _hb_strncpyTrim            0042e430 f   xhb:hbstr.obj
 0001:0002d4c0       _hb_strRemEscSeq           0042e4c0 f   xhb:hbstr.obj
 0001:0002d6f0       _hb_stripOutComments       0042e6f0 f   xhb:hbstr.obj
 0001:0002d850       _hb_strerror               0042e850 f   xhb:hbstr.obj
 0001:0002d860       _hb_getregex               0042e860 f   xhb:regex.obj
 0001:0002d940       _hb_freeregex              0042e940 f   xhb:regex.obj
 0001:0002d960       _hb_regexCompile           0042e960 f   xhb:regex.obj
 0001:0002d9f0       _hb_regexGet               0042e9f0 f   xhb:regex.obj
 0001:0002dab0       _hb_regexFree              0042eab0 f   xhb:regex.obj
 0001:0002daf0       _hb_regexMatch             0042eaf0 f   xhb:regex.obj
 0001:0002db70       _hb_regex                  0042eb70 f   xhb:regex.obj
 0001:0002e600       _Wild2RegEx                0042f600 f   xhb:regex.obj
 0001:0002e730       _Mask2RegEx                0042f730 f   xhb:regex.obj
 0001:0002e800       _HB_FUN_HB_ATX             0042f800 f   xhb:regex.obj
 0001:0002ead0       _HB_FUN_WILD2REGEX         0042fad0 f   xhb:regex.obj
 0001:0002eb30       _HB_FUN_HB_REGEX           0042fb30 f   xhb:regex.obj
 0001:0002eb50       _HB_FUN_HB_REGEXATX        0042fb50 f   xhb:regex.obj
 0001:0002eb70       _HB_FUN_HB_REGEXALL        0042fb70 f   xhb:regex.obj
 0001:0002eb90       _HB_FUN_HB_REGEXMATCH      0042fb90 f   xhb:regex.obj
 0001:0002ebe0       _HB_FUN_HB_REGEXSPLIT      0042fbe0 f   xhb:regex.obj
 0001:0002ec00       _HB_FUN_HB_REGEXCOMP       0042fc00 f   xhb:regex.obj
 0001:0002ed90       _HB_FUN_HB_PCRE_VERSION    0042fd90 f   xhb:regex.obj
 0001:0002edb0       _HB_FUN_HB_ISREGEXSTRING   0042fdb0 f   xhb:regex.obj
 0001:0002ee10       _HB_FUN_HB_FORCELINK_PCREPOS 0042fe10 f   xhb:regex.obj
 0001:0002ee20       _hb_stack_init             0042fe20 f   xhb:estack.obj
 0001:0002eee0       _hb_stackInit              0042fee0 f   xhb:estack.obj
 0001:0002ef20       _hb_stackFree              0042ff20 f   xhb:estack.obj
 0001:0002eff0       _hb_stackSetStruct         0042fff0 f   xhb:estack.obj
 0001:0002f000       _hb_stackPop               00430000 f   xhb:estack.obj
 0001:0002f060       _hb_stackPopReturn         00430060 f   xhb:estack.obj
 0001:0002f0d0       _hb_stackDec               004300d0 f   xhb:estack.obj
 0001:0002f100       _hb_stackDecrease          00430100 f   xhb:estack.obj
 0001:0002f140       _hb_stackPush              00430140 f   xhb:estack.obj
 0001:0002f170       _hb_stackAllocItem         00430170 f   xhb:estack.obj
 0001:0002f1a0       _hb_stackPushReturn        004301a0 f   xhb:estack.obj
 0001:0002f1f0       _hb_stackIncrease          004301f0 f   xhb:estack.obj
 0001:0002f2c0       _hb_stackRemove            004302c0 f   xhb:estack.obj
 0001:0002f2f0       _hb_stackNewFrame          004302f0 f   xhb:estack.obj
 0001:0002f360       _hb_stackOldFrame          00430360 f   xhb:estack.obj
 0001:0002f470       _hb_stackClearPrivateBases 00430470 f   xhb:estack.obj
 0001:0002f4b0       _hb_stackTopOffset         004304b0 f   xhb:estack.obj
 0001:0002f4d0       _hb_stackBaseOffset        004304d0 f   xhb:estack.obj
 0001:0002f4f0       _hb_stackBaseProcOffset    004304f0 f   xhb:estack.obj
 0001:0002f550       _hb_stackTotalItems        00430550 f   xhb:estack.obj
 0001:0002f560       _hb_stackIOErrors          00430560 f   xhb:estack.obj
 0001:0002f570       _hb_stackRDD               00430570 f   xhb:estack.obj
 0001:0002f580       _hb_stackRDDTLS            00430580 f   xhb:estack.obj
 0001:0002f590       _hb_stackGetStaticsBase    00430590 f   xhb:estack.obj
 0001:0002f5a0       _hb_stackSetStaticsBase    004305a0 f   xhb:estack.obj
 0001:0002f5b0       _hb_stackItemBasePtr       004305b0 f   xhb:estack.obj
 0001:0002f5c0       _hb_stackItem              004305c0 f   xhb:estack.obj
 0001:0002f5f0       _hb_stackItemFromTop       004305f0 f   xhb:estack.obj
 0001:0002f620       _hb_stackItemFromBase      00430620 f   xhb:estack.obj
 0001:0002f650       _hb_stackLocalVariable     00430650 f   xhb:estack.obj
 0001:0002f680       _hb_stackTopItem           00430680 f   xhb:estack.obj
 0001:0002f690       _hb_stackBaseItem          00430690 f   xhb:estack.obj
 0001:0002f6a0       _hb_stackSelfItem          004306a0 f   xhb:estack.obj
 0001:0002f6b0       _hb_stackReturnItem        004306b0 f   xhb:estack.obj
 0001:0002f6c0       _hb_stackDateBuffer        004306c0 f   xhb:estack.obj
 0001:0002f6d0       _hb_stackGetBase           004306d0 f   xhb:estack.obj
 0001:0002f750       _hb_stackGetActionRequest  00430750 f   xhb:estack.obj
 0001:0002f760       _hb_stackSetActionRequest  00430760 f   xhb:estack.obj
 0001:0002f780       _hb_stackDispLocal         00430780 f   xhb:estack.obj
 0001:0002fa60       _hb_stackDispCall          00430a60 f   xhb:estack.obj
 0001:0002fb70       _hb_arrayNew               00430b70 f   xhb:arrays.obj
 0001:0002fc30       _hb_arraySize              00430c30 f   xhb:arrays.obj
 0001:0002feb0       _hb_arrayLen               00430eb0 f   xhb:arrays.obj
 0001:0002fed0       _hb_arrayIsObject          00430ed0 f   xhb:arrays.obj
 0001:0002ff10       _hb_arrayId                00430f10 f   xhb:arrays.obj
 0001:0002ff30       _hb_arrayAdd               00430f30 f   xhb:arrays.obj
 0001:0002ffb0       _hb_arrayAddForward        00430fb0 f   xhb:arrays.obj
 0001:00030030       _hb_arrayDel               00431030 f   xhb:arrays.obj
 0001:00030120       _hb_arrayIns               00431120 f   xhb:arrays.obj
 0001:000301c0       _hb_arraySet               004311c0 f   xhb:arrays.obj
 0001:00030230       _hb_arraySetForward        00431230 f   xhb:arrays.obj
 0001:000302a0       _hb_arrayGet               004312a0 f   xhb:arrays.obj
 0001:00030330       _hb_arrayGetForward        00431330 f   xhb:arrays.obj
 0001:000303c0       _hb_arrayGetByRef          004313c0 f   xhb:arrays.obj
 0001:000304e0       _hb_arrayGetDS             004314e0 f   xhb:arrays.obj
 0001:00030540       _hb_arrayGetDTS            00431540 f   xhb:arrays.obj
 0001:000305a0       _hb_arrayGetDL             004315a0 f   xhb:arrays.obj
 0001:000305f0       _hb_arrayGetT              004315f0 f   xhb:arrays.obj
 0001:00030640       _hb_arrayGetDTsec          00431640 f   xhb:arrays.obj
 0001:000306a0       _hb_arrayGetDTD            004316a0 f   xhb:arrays.obj
 0001:00030700       _hb_arrayGetItemPtr        00431700 f   xhb:arrays.obj
 0001:00030740       _hb_arrayGetL              00431740 f   xhb:arrays.obj
 0001:00030780       _hb_arrayGetNI             00431780 f   xhb:arrays.obj
 0001:000307c0       _hb_arrayGetNL             004317c0 f   xhb:arrays.obj
 0001:00030800       _hb_arrayGetNLL            00431800 f   xhb:arrays.obj
 0001:00030850       _hb_arrayGetNInt           00431850 f   xhb:arrays.obj
 0001:000308a0       _hb_arrayGetND             004318a0 f   xhb:arrays.obj
 0001:000308f0       _hb_arrayCopyC             004318f0 f   xhb:arrays.obj
 0001:00030960       _hb_arrayGetC              00431960 f   xhb:arrays.obj
 0001:000309c0       _hb_arrayGetCPtr           004319c0 f   xhb:arrays.obj
 0001:00030a20       _hb_arrayGetCLen           00431a20 f   xhb:arrays.obj
 0001:00030a80       _hb_arrayGetPtr            00431a80 f   xhb:arrays.obj
 0001:00030ac0       _hb_arrayGetType           00431ac0 f   xhb:arrays.obj
 0001:00030b00       _hb_arraySetDS             00431b00 f   xhb:arrays.obj
 0001:00030b50       _hb_arraySetDL             00431b50 f   xhb:arrays.obj
 0001:00030ba0       _hb_arraySetL              00431ba0 f   xhb:arrays.obj
 0001:00030bf0       _hb_arraySetNI             00431bf0 f   xhb:arrays.obj
 0001:00030c40       _hb_arraySetNL             00431c40 f   xhb:arrays.obj
 0001:00030c90       _hb_arraySetNLL            00431c90 f   xhb:arrays.obj
 0001:00030ce0       _hb_arraySetNInt           00431ce0 f   xhb:arrays.obj
 0001:00030d30       _hb_arraySetND             00431d30 f   xhb:arrays.obj
 0001:00030d80       _hb_arraySetC              00431d80 f   xhb:arrays.obj
 0001:00030dd0       _hb_arraySetCL             00431dd0 f   xhb:arrays.obj
 0001:00030e20       _hb_arraySetCPtr           00431e20 f   xhb:arrays.obj
 0001:00030e70       _hb_arraySetPtr            00431e70 f   xhb:arrays.obj
 0001:00030ec0       _hb_arraySetPtrGC          00431ec0 f   xhb:arrays.obj
 0001:00030f10       _hb_arrayLast              00431f10 f   xhb:arrays.obj
 0001:00030fb0       _hb_arrayFill              00431fb0 f   xhb:arrays.obj
 0001:00031040       _hb_arrayScan              00432040 f   xhb:arrays.obj
 0001:000315b0       _hb_arrayEval              004325b0 f   xhb:arrays.obj
 0001:00031860       _hb_arrayReleaseBase       00432860 f   xhb:arrays.obj
 0001:00031930       _hb_arrayRelease           00432930 f   xhb:arrays.obj
 0001:00031970       _hb_arrayCopy              00432970 f   xhb:arrays.obj
 0001:00031a80       _hb_arrayClone2            00432a80 f   xhb:arrays.obj
 0001:00031aa0       _hb_arrayCloneEx           00432aa0 f   xhb:arrays.obj
 0001:00031c50       _hb_arrayClone             00432c50 f   xhb:arrays.obj
 0001:00031c90       _hb_arrayFromStack         00432c90 f   xhb:arrays.obj
 0001:00031cf0       _hb_arrayFromParams        00432cf0 f   xhb:arrays.obj
 0001:00031dc0       _hb_arrayBaseParams        00432dc0 f   xhb:arrays.obj
 0001:00031de0       _hb_arraySelfParams        00432de0 f   xhb:arrays.obj
 0001:00031e50       _hb_arrayReleaseGarbage    00432e50 f   xhb:arrays.obj
 0001:00031ee0       _hb_arrayMode              00432ee0 f   xhb:arrays.obj
 0001:000320e0       _hb_fsGetOsHandle          004330e0 f   xhb:filesys.obj
 0001:000320f0       _hb_fsPOpen                004330f0 f   xhb:filesys.obj
 0001:00032110       _hb_fsOpenProcess          00433110 f   xhb:filesys.obj
 0001:00032550       _hb_fsProcessValue         00433550 f   xhb:filesys.obj
 0001:000325e0       _hb_fsCloseProcess         004335e0 f   xhb:filesys.obj
 0001:00032630       _hb_fsOpen                 00433630 f   xhb:filesys.obj
 0001:000326d0       _hb_fsCreate               004336d0 f   xhb:filesys.obj
 0001:00032770       _hb_fsCreateEx             00433770 f   xhb:filesys.obj
 0001:00032820       _hb_fsClose                00433820 f   xhb:filesys.obj
 0001:00032850       _hb_fsSetDevMode           00433850 f   xhb:filesys.obj
 0001:000328f0       _hb_fsGetFileTime          004338f0 f   xhb:filesys.obj
 0001:000329c0       _hb_fsGetAttr              004339c0 f   xhb:filesys.obj
 0001:00032a30       _hb_fsSetFileTime          00433a30 f   xhb:filesys.obj
 0001:00032b70       _hb_fsSetAttr              00433b70 f   xhb:filesys.obj
 0001:00032c00       _hb_fsRead                 00433c00 f   xhb:filesys.obj
 0001:00032c70       _hb_fsWrite                00433c70 f   xhb:filesys.obj
 0001:00032d00       _hb_fsReadLarge            00433d00 f   xhb:filesys.obj
 0001:00032d50       _hb_fsWriteLarge           00433d50 f   xhb:filesys.obj
 0001:00032dc0       _hb_fsReadAt               00433dc0 f   xhb:filesys.obj
 0001:00032ea0       _hb_fsWriteAt              00433ea0 f   xhb:filesys.obj
 0001:00032f80       _hb_fsTruncAt              00433f80 f   xhb:filesys.obj
 0001:00033030       _hb_fsCommit               00434030 f   xhb:filesys.obj
 0001:00033060       _hb_fsLock                 00434060 f   xhb:filesys.obj
 0001:000331c0       _hb_fsLockLarge            004341c0 f   xhb:filesys.obj
 0001:00033390       _hb_fsSeek                 00434390 f   xhb:filesys.obj
 0001:00033430       _hb_fsSeekLarge            00434430 f   xhb:filesys.obj
 0001:00033590       _hb_fsTell                 00434590 f   xhb:filesys.obj
 0001:000335b0       _hb_fsDelete               004345b0 f   xhb:filesys.obj
 0001:00033600       _hb_fsRename               00434600 f   xhb:filesys.obj
 0001:00033680       _hb_fsMkDir                00434680 f   xhb:filesys.obj
 0001:000336e0       _hb_fsChDir                004346e0 f   xhb:filesys.obj
 0001:00033730       _hb_fsRmDir                00434730 f   xhb:filesys.obj
 0001:00033780       _hb_fsCurDir               00434780 f   xhb:filesys.obj
 0001:000337b0       _hb_fsCurDirBuff           004347b0 f   xhb:filesys.obj
 0001:00033900       _hb_fsChDrv                00434900 f   xhb:filesys.obj
 0001:000339a0       _hb_fsCurDrv               004349a0 f   xhb:filesys.obj
 0001:000339e0       _hb_fsIsDrv                004349e0 f   xhb:filesys.obj
 0001:00033a40       _hb_fsIsDevice             00434a40 f   xhb:filesys.obj
 0001:00033a90       _hb_fsExtName              00434a90 f   xhb:filesys.obj
 0001:00033c30       _hb_fsExtOpen              00434c30 f   xhb:filesys.obj
 0001:00033d60       _hb_fsEof                  00434d60 f   xhb:filesys.obj
 0001:00033e80       _hb_fsCurDirEx             00434e80 f   xhb:filesys.obj
 0001:00033eb0       _hb_fsCurDirBuffEx         00434eb0 f   xhb:filesys.obj
 0001:00033f80       _hb_fsNameConv             00434f80 f   xhb:filesys.obj
 0001:00034280       _HB_FUN_HB_DISABLEWAITLOCKS 00435280 f   xhb:filesys.obj
 0001:000342d0       _HB_FUN_DISABLEWAITLOCKS   004352d0 f   xhb:filesys.obj
 0001:000342e0       _hb_dateEncode             004352e0 f   xhb:hbdate.obj
 0001:00034410       _hb_dateDecode             00435410 f   xhb:hbdate.obj
 0001:00034510       _hb_dateStrPut             00435510 f   xhb:hbdate.obj
 0001:00034640       _hb_dateStrGet             00435640 f   xhb:hbdate.obj
 0001:00034710       _hb_dateDecStr             00435710 f   xhb:hbdate.obj
 0001:00034770       _hb_dateEncStr             00435770 f   xhb:hbdate.obj
 0001:000347b0       _hb_dateFormat             004357b0 f   xhb:hbdate.obj
 0001:00034b60       _hb_dateJulianDOW          00435b60 f   xhb:hbdate.obj
 0001:00034b90       _hb_timeFormat             00435b90 f   xhb:hbdate.obj
 0001:000350d0       _hb_datetimeFormat         004360d0 f   xhb:hbdate.obj
 0001:00035150       _hb_dateDOW                00436150 f   xhb:hbdate.obj
 0001:000351e0       _hb_dateToday              004361e0 f   xhb:hbdate.obj
 0001:00035210       _hb_dateTimeStr            00436210 f   xhb:hbdate.obj
 0001:00035250       _hb_dbaselockEncode        00436250 f   xhb:hbdate.obj
 0001:000352a0       _hb_timeStampEncode        004362a0 f   xhb:hbdate.obj
 0001:00035300       _hb_timeStampDecode        00436300 f   xhb:hbdate.obj
 0001:000353e0       _hb_timeStampStr           004363e0 f   xhb:hbdate.obj
 0001:00035440       _hb_dateTimeStampStr       00436440 f   xhb:hbdate.obj
 0001:000354c0       _hb_dateTimeStampStrGet    004364c0 f   xhb:hbdate.obj
 0001:000356a0       _hb_dateTime               004366a0 f   xhb:hbdate.obj
 0001:000356e0       _hb_timeEncodeSec          004366e0 f   xhb:hbdate.obj
 0001:00035740       _hb_timeEncode             00436740 f   xhb:hbdate.obj
 0001:000357b0       _hb_timeDecode             004367b0 f   xhb:hbdate.obj
 0001:00035840       _hb_timeDecodeSec          00436840 f   xhb:hbdate.obj
 0001:00035890       _hb_timeStrGet             00436890 f   xhb:hbdate.obj
 0001:000359d0       _hb_datetimeEncode         004369d0 f   xhb:hbdate.obj
 0001:00035b00       _hb_datetimeDecode         00436b00 f   xhb:hbdate.obj
 0001:00035b40       _hb_timeEncStr             00436b40 f   xhb:hbdate.obj
 0001:00035bf0       _hb_timeDecStr             00436bf0 f   xhb:hbdate.obj
 0001:00035c40       _hb_datetimeEncStr         00436c40 f   xhb:hbdate.obj
 0001:00035c90       _hb_datetimeDecStr         00436c90 f   xhb:hbdate.obj
 0001:00035cc0       _hb_datetimePack           00436cc0 f   xhb:hbdate.obj
 0001:00035ce0       _hb_datetimePackInSec      00436ce0 f   xhb:hbdate.obj
 0001:00035d00       _hb_datetimeUnpack         00436d00 f   xhb:hbdate.obj
 0001:00035d60       _hb_timeStampUnpackDT      00436d60 f   xhb:hbdate.obj
 0001:00035dd0       _hb_comp_datetimeEncStr    00436dd0 f   xhb:hbdate.obj
 0001:00035e00       _hb_comp_datetimeDecStr    00436e00 f   xhb:hbdate.obj
 0001:00035e40       _hb_comp_datetimeEncode    00436e40 f   xhb:hbdate.obj
 0001:00035e80       _hb_fsAddSearchPath        00436e80 f   xhb:hbfsapi.obj
 0001:00035f20       _hb_fsFreeSearchPath       00436f20 f   xhb:hbfsapi.obj
 0001:00035f60       _hb_fsFNameSplit           00436f60 f   xhb:hbfsapi.obj
 0001:000360b0       _hb_fsFNameMerge           004370b0 f   xhb:hbfsapi.obj
 0001:000361f0       _hb_fsNameExists           004371f0 f   xhb:hbfsapi.obj
 0001:00036250       _hb_fsFileExists           00437250 f   xhb:hbfsapi.obj
 0001:000362c0       _hb_fsDirExists            004372c0 f   xhb:hbfsapi.obj
 0001:00036330       _hb_fsMaxFilesError        00437330 f   xhb:hbfsapi.obj
 0001:000363b0       _hb_fsGetFError            004373b0 f   xhb:fserror.obj
 0001:000363c0       _hb_fsError                004373c0 f   xhb:fserror.obj
 0001:000363d0       _hb_fsOsError              004373d0 f   xhb:fserror.obj
 0001:000363e0       _hb_fsSetFError            004373e0 f   xhb:fserror.obj
 0001:00036400       _hb_fsSetError             00437400 f   xhb:fserror.obj
 0001:00036420       _hb_fsSetIOError           00437420 f   xhb:fserror.obj
 0001:00037150       _hb_printf_params          00438150 f   xhb:hbprintf.obj
 0001:00037500       _hb_vsnprintf              00438500 f   xhb:hbprintf.obj
 0001:000389f0       _hb_snprintf               004399f0 f   xhb:hbprintf.obj
 0001:00038ac0       _hb_gcAlloc                00439ac0 f   xhb:garbage.obj
 0001:00038b20       _hb_gcIncRef               00439b20 f   xhb:garbage.obj
 0001:00038b40       _hb_gcDecRef               00439b40 f   xhb:garbage.obj
 0001:00038ba0       _hb_gcFree                 00439ba0 f   xhb:garbage.obj
 0001:00038c30       _hb_gcFunc                 00439c30 f   xhb:garbage.obj
 0001:00038c50       _hb_gcGripGet              00439c50 f   xhb:garbage.obj
 0001:00038cb0       _hb_gcGripDrop             00439cb0 f   xhb:garbage.obj
 0001:00038d10       _hb_gcLock                 00439d10 f   xhb:garbage.obj
 0001:00038d60       _hb_gcUnlock               00439d60 f   xhb:garbage.obj
 0001:00038dc0       _hb_gcItemRef              00439dc0 f   xhb:garbage.obj
 0001:000396e0       _hb_gcCollect              0043a6e0 f   xhb:garbage.obj
 0001:000396f0       _hb_gcCollectAll           0043a6f0 f   xhb:garbage.obj
 0001:00039920       _hb_gcReleaseAll           0043a920 f   xhb:garbage.obj
 0001:00039a60       _hb_gcInit                 0043aa60 f   xhb:garbage.obj
 0001:00039aa0       _hb_gcSetCollecting        0043aaa0 f   xhb:garbage.obj
 0001:00039ac0       _HB_FUN_HB_GCSTEP          0043aac0 f   xhb:garbage.obj
 0001:00039ad0       _HB_FUN_HB_GCALL           0043aad0 f   xhb:garbage.obj
 0001:00039af0       _HB_FUN_HB_GCALLOCATED     0043aaf0 f   xhb:garbage.obj
 0001:00039b50       _HB_FUN_HBCLASS            0043ab50 f   xhb:tclass.obj
 0001:00039e80       _HB_FUN_TIPCLIENT          0043ae80 f   xhb:client.obj
 0001:0003a200       _HB_FUN_ARRAY              0043b200 f   xhb:arrayshb.obj
 0001:0003a2a0       _HB_FUN_AADD               0043b2a0 f   xhb:arrayshb.obj
 0001:0003a3e0       _HB_FUN_HB_ARRAYID         0043b3e0 f   xhb:arrayshb.obj
 0001:0003a410       _HB_FUN_HB_THISARRAY       0043b410 f   xhb:arrayshb.obj
 0001:0003a470       _HB_FUN_ASIZE              0043b470 f   xhb:arrayshb.obj
 0001:0003a560       _HB_FUN_ASIZEALLOC         0043b560 f   xhb:arrayshb.obj
 0001:0003a5d0       _HB_FUN_ALENALLOC          0043b5d0 f   xhb:arrayshb.obj
 0001:0003a600       _HB_FUN_ATAIL              0043b600 f   xhb:arrayshb.obj
 0001:0003a630       _HB_FUN_AINS               0043b630 f   xhb:arrayshb.obj
 0001:0003a730       _HB_FUN_HB_AINS            0043b730 f   xhb:arrayshb.obj
 0001:0003a740       _HB_FUN_ADEL               0043b740 f   xhb:arrayshb.obj
 0001:0003a820       _HB_FUN_AFILL              0043b820 f   xhb:arrayshb.obj
 0001:0003aa30       _HB_FUN_ASCAN              0043ba30 f   xhb:arrayshb.obj
 0001:0003ab10       _HB_FUN_AEVAL              0043bb10 f   xhb:arrayshb.obj
 0001:0003ac60       _HB_FUN_ACOPY              0043bc60 f   xhb:arrayshb.obj
 0001:0003ad80       _HB_FUN_ACLONE             0043bd80 f   xhb:arrayshb.obj
 0001:0003adc0       _HB_FUN_HB_APARAMS         0043bdc0 f   xhb:arrayshb.obj
 0001:0003ae20       _HB_FUN_HB_AEXPRESSIONS    0043be20 f   xhb:arrayshb.obj
 0001:0003b0d0       _SizeOfCStructure          0043c0d0 f   xhb:arrayshb.obj
 0001:0003b410       _HB_FUN_HB_SIZEOFCSTRUCTURE 0043c410 f   xhb:arrayshb.obj
 0001:0003b4b0       _ArrayToStructure          0043c4b0 f   xhb:arrayshb.obj
 0001:0003d110       _HB_FUN_HB_ARRAYTOSTRUCTURE 0043e110 f   xhb:arrayshb.obj
 0001:0003d1e0       _StructureToArray          0043e1e0 f   xhb:arrayshb.obj
 0001:0003daf0       _HB_FUN_HB_STRUCTURETOARRAY 0043eaf0 f   xhb:arrayshb.obj
 0001:0003dc00       _HB_FUN_RASCAN             0043ec00 f   xhb:arrayshb.obj
 0001:0003e090       _HB_FUN_ASPLICE            0043f090 f   xhb:arrayshb.obj
 0001:0003e400       _HB_FUN_AREMOVE            0043f400 f   xhb:arrayshb.obj
 0001:0003e410       _HB_FUN_AMERGE             0043f410 f   xhb:arrayshb.obj
 0001:0003e560       _HB_FUN_PCOUNT             0043f560 f   xhb:pcount.obj
 0001:0003e590       _HB_FUN_FOPEN              0043f590 f   xhb:philes.obj
 0001:0003e630       _HB_FUN_FCREATE            0043f630 f   xhb:philes.obj
 0001:0003e6c0       _HB_FUN_HB_FCREATE         0043f6c0 f   xhb:philes.obj
 0001:0003e780       _HB_FUN_FREAD              0043f780 f   xhb:philes.obj
 0001:0003e870       _HB_FUN_FWRITE             0043f870 f   xhb:philes.obj
 0001:0003e940       _HB_FUN_FERROR             0043f940 f   xhb:philes.obj
 0001:0003e970       _HB_FUN_FCLOSE             0043f970 f   xhb:philes.obj
 0001:0003e9e0       _HB_FUN_FERASE             0043f9e0 f   xhb:philes.obj
 0001:0003ea40       _HB_FUN_FRENAME            0043fa40 f   xhb:philes.obj
 0001:0003eac0       _HB_FUN_FSEEK              0043fac0 f   xhb:philes.obj
 0001:0003eb80       _HB_FUN_FREADSTR           0043fb80 f   xhb:philes.obj
 0001:0003ec30       _HB_FUN_CURDIR             0043fc30 f   xhb:philes.obj
 0001:0003ecb0       _HB_FUN_HB_F_EOF           0043fcb0 f   xhb:philes.obj
 0001:0003ed00       _HB_FUN_CURDIRX            0043fd00 f   xhb:philes.obj
 0001:0003edd0       _HB_FUN_HB_FCOMMIT         0043fdd0 f   xhb:philes.obj
 0001:0003ee10       _HB_FUN_HB_FLOCK           0043fe10 f   xhb:philes.obj
 0001:0003eee0       _HB_FUN_HB_FUNLOCK         0043fee0 f   xhb:philes.obj
 0001:0003ef90       _HB_FUN_HB_OSERROR         0043ff90 f   xhb:philes.obj
 0001:0003efb0       _HB_FUN_HB_OSPATHSEPARATOR 0043ffb0 f   xhb:philes.obj
 0001:0003efc0       _HB_FUN_HB_OSPATHLISTSEPARATOR 0043ffc0 f   xhb:philes.obj
 0001:0003efd0       _HB_FUN_HB_OSPATHDELIMITERS 0043ffd0 f   xhb:philes.obj
 0001:0003efe0       _HB_FUN_HB_OSDRIVESEPARATOR 0043ffe0 f   xhb:philes.obj
 0001:0003eff0       _HB_FUN_HB_OSFILEMASK      0043fff0 f   xhb:philes.obj
 0001:0003f000       _HB_FUN_HB_OPENPROCESS     00440000 f   xhb:philes.obj
 0001:0003f340       _HB_FUN_HB_CLOSEPROCESS    00440340 f   xhb:philes.obj
 0001:0003f3f0       _HB_FUN_HB_PROCESSVALUE    004403f0 f   xhb:philes.obj
 0001:0003f4a0       _HB_FUN_FILE               004404a0 f   xhb:filehb.obj
 0001:0003f4d0       _HB_FUN_ISDIRECTORY        004404d0 f   xhb:filehb.obj
 0001:0003f500       _HB_FUN_INT                00440500 f   xhb:round.obj
 0001:0003f5a0       _HB_FUN_ROUND              004405a0 f   xhb:round.obj
 0001:0003fb60       _hb_hashNew                00440b60 f   xhb:hash.obj
 0001:0003fc50       _hb_hashAdd                00440c50 f   xhb:hash.obj
 0001:00040300       _hb_hashAddForward         00441300 f   xhb:hash.obj
 0001:00040580       _hb_hashScan               00441580 f   xhb:hash.obj
 0001:00040660       _hb_hashRemove             00441660 f   xhb:hash.obj
 0001:00040900       _hb_hashSet                00441900 f   xhb:hash.obj
 0001:000409e0       _hb_hashSetForward         004419e0 f   xhb:hash.obj
 0001:00040ad0       _hb_hashGet                00441ad0 f   xhb:hash.obj
 0001:00040bd0       _hb_hashGetForward         00441bd0 f   xhb:hash.obj
 0001:00040cd0       _hb_hashPreallocate        00441cd0 f   xhb:hash.obj
 0001:00040db0       _hb_hashClone              00441db0 f   xhb:hash.obj
 0001:00040f00       _hb_hashMerge              00441f00 f   xhb:hash.obj
 0001:00041390       _hb_hashSetAACompatibility 00442390 f   xhb:hash.obj
 0001:00041440       _hb_hashReleaseBase        00442440 f   xhb:hash.obj
 0001:00041540       _hb_hashRelease            00442540 f   xhb:hash.obj
 0001:000415c0       _hb_hashReleaseGarbage     004425c0 f   xhb:hash.obj
 0001:00041670       _hb_hashGetKeys            00442670 f   xhb:hash.obj
[...]
 0001:000aebe0       _hb_fptCountFlexItemLength 004afbe0 f   DBF:dbffpt1.obj
 0001:000aee3e       _hb_fptStoreFlexItem       004afe3e f   DBF:dbffpt1.obj
 0001:000af313       _hb_fptReadFlexItem        004b0313 f   DBF:dbffpt1.obj
 0001:000afd96       _hb_fptCopyToRawFile       004b0d96 f   DBF:dbffpt1.obj
 0001:000acf8c       _hb_fptGetMemoLen          004adf8c f   DBF:dbffpt1.obj
 0001:000ac489       _hb_fptInitGCdata          004ad489 f   DBF:dbffpt1.obj
 0001:000ac4de       _hb_fptReadGCdata          004ad4de f   DBF:dbffpt1.obj
 0001:000abec0       _hb_fptGCfreeBlock         004acec0 f   DBF:dbffpt1.obj
 0001:000ac8fa       _hb_fptWriteGCdata         004ad8fa f   DBF:dbffpt1.obj
 0001:000b0cd2       _hb_fptWriteMemo           004b1cd2 f   DBF:dbffpt1.obj
 0001:000b19a3       _hb_fptLockForRead         004b29a3 f   DBF:dbffpt1.obj
 0001:000b00d7       _hb_fptReadRawBlock        004b10d7 f   DBF:dbffpt1.obj
 0001:000b032d       _hb_fptReadSMTBlock        004b132d f   DBF:dbffpt1.obj
 0001:000b019c       _hb_fptReadBlobBlock       004b119c f   DBF:dbffpt1.obj
 0001:000b044d       _hb_fptGetMemo             004b144d f   DBF:dbffpt1.obj
 0001:000ab7d0       _hb_fptFileUnLockSh        004ac7d0 f   DBF:dbffpt1.obj
 0001:000ab490       _hb_memoErrorRT            004ac490 f   DBF:dbffpt1.obj
 0001:000ab62e       _hb_fptFileLockEx          004ac62e f   DBF:dbffpt1.obj
 0001:000ab771       _hb_fptFileUnLockEx        004ac771 f   DBF:dbffpt1.obj
 0001:000b12f1       _hb_fptPutMemo             004b22f1 f   DBF:dbffpt1.obj
 0001:000b19ce       _hb_fptGetVarField         004b29ce f   DBF:dbffpt1.obj
 0001:000b2326       _hb_fptPutVarField         004b3326 f   DBF:dbffpt1.obj
 0001:000ab6cd       _hb_fptFileLockSh          004ac6cd f   DBF:dbffpt1.obj
 0001:000aff2f       _hb_fptCopyToFile          004b0f2f f   DBF:dbffpt1.obj
 0001:000b424f       _hb_fptDoPackRec           004b524f f   DBF:dbffpt1.obj
 0001:000ab5c2       _hb_memoDefaultFileExt     004ac5c2 f   DBF:dbffpt1.obj
 0001:000b47b9       _hb_fptDoPack              004b57b9 f   DBF:dbffpt1.obj
 0001:000b200d       _hb_fptGetVarFile          004b300d f   DBF:dbffpt1.obj
 0001:000b2154       _hb_fptPutVarFile          004b3154 f   DBF:dbffpt1.obj
 0001:000ab932       _hb_fptGetRootBlock        004ac932 f   DBF:dbffpt1.obj
 0001:000ab9a8       _hb_fptPutRootBlock        004ac9a8 f   DBF:dbffpt1.obj
 0001:000ab87b       _hb_fptRootBlockLock       004ac87b f   DBF:dbffpt1.obj
 0001:000ab8d3       _hb_fptRootBlockUnLock     004ac8d3 f   DBF:dbffpt1.obj
 0001:000ad11a       _hb_fptGetMemoType         004ae11a f   DBF:dbffpt1.obj
 0001:000b6168       _hb_dbffptRegisterRDD      004b7168 f   DBF:dbffpt1.obj
 0001:000b6230       _hb_dbffptRddInit          004b7230 f   DBF:dbffpt1.obj
 0001:000b5a5c       _hb_fptFieldInfo           004b6a5c f   DBF:dbffpt1.obj
 0001:000b2ceb       _hb_fptGetValue            004b3ceb f   DBF:dbffpt1.obj
 0001:000b2c04       _hb_fptGetVarLen           004b3c04 f   DBF:dbffpt1.obj
 0001:000b2d7d       _hb_fptPutValue            004b3d7d f   DBF:dbffpt1.obj
 0001:000b511b       _hb_fptInfo                004b611b f   DBF:dbffpt1.obj
 0001:000b2bf2       _hb_fptStructSize          004b3bf2 f   DBF:dbffpt1.obj
 0001:000b4dcd       _hb_fptPack                004b5dcd f   DBF:dbffpt1.obj
 0001:000b4d16       _hb_fptPackRec             004b5d16 f   DBF:dbffpt1.obj
 0001:000b2e0d       _hb_fptCreateMemFile       004b3e0d f   DBF:dbffpt1.obj
 0001:000b3606       _hb_fptGetValueFile        004b4606 f   DBF:dbffpt1.obj
 0001:000b37f5       _hb_fptOpenMemFile         004b47f5 f   DBF:dbffpt1.obj
 0001:000b3d65       _hb_fptPutValueFile        004b4d65 f   DBF:dbffpt1.obj
 0001:000b5d14       _hb_fptRddInfo             004b6d14 f   DBF:dbffpt1.obj
 0001:000b62d9       __hb_dbffpt_rdd_init_      004b72d9 f   DBF:dbffpt1.obj
 0001:000b6295       _dbffpt1__InitSymbols      004b7295 f   DBF:dbffpt1.obj
 0001:000b62f0       _hb_sxInitSeed             004b72f0 f   DBF:sxcrypt.obj
 0001:000b635e       _hb_sxNextSeed             004b735e f   DBF:sxcrypt.obj
 0001:000b6582       __hb_sxGetKey              004b7582 f   DBF:sxcrypt.obj
 0001:000b6b60       _hb_dbQSortIsLess          004b7b60 f   DBF:hbdbsort.obj
 0001:000b6f00       _hb_dbQSortSwap            004b7f00 f   DBF:hbdbsort.obj
 0001:000b7022       _hb_dbQSortDo              004b8022 f   DBF:hbdbsort.obj
 0001:000b754d       _hb_ntxKeyNew              004b854d f   NTX:dbfntx1.obj
 0001:000b7623       _hb_ntxItemType            004b8623 f   NTX:dbfntx1.obj
 0001:000b7394       _hb_ntxNumToStr            004b8394 f   NTX:dbfntx1.obj
 0001:000b7440       _hb_ntxStrToNum            004b8440 f   NTX:dbfntx1.obj
 0001:000b79be       _hb_ntxKeyGetItem          004b89be f   NTX:dbfntx1.obj
 0001:000b7745       _hb_ntxKeyPutItem          004b8745 f   NTX:dbfntx1.obj
 0001:000b7e79       _hb_ntxValCompare          004b8e79 f   NTX:dbfntx1.obj
 0001:000b7fd1       _hb_ntxInTopScope          004b8fd1 f   NTX:dbfntx1.obj
 0001:000b80a3       _hb_ntxInBottomScope       004b90a3 f   NTX:dbfntx1.obj
 0001:000b7715       _hb_ntxItemTypeCmp         004b8715 f   NTX:dbfntx1.obj
 0001:000b81cd       _hb_ntxTagClearScope       004b91cd f   NTX:dbfntx1.obj
 0001:000b7280       _hb_ntxErrorRT             004b8280 f   NTX:dbfntx1.obj
 0001:000b8776       _hb_ntxBlockWrite          004b9776 f   NTX:dbfntx1.obj
 0001:000b86b8       _hb_ntxBlockRead           004b96b8 f   NTX:dbfntx1.obj
 0001:000b8945       _hb_ntxTagUpdateFlags      004b9945 f   NTX:dbfntx1.obj
 0001:000b8b05       _hb_ntxFreePageBuffer      004b9b05 f   NTX:dbfntx1.obj
 0001:000b8a68       _hb_ntxTagHeaderCheck      004b9a68 f   NTX:dbfntx1.obj
 0001:000b8c39       _hb_ntxPageFind            004b9c39 f   NTX:dbfntx1.obj
 0001:000b8ca9       _hb_ntxPageGetBuffer       004b9ca9 f   NTX:dbfntx1.obj
 0001:000b8f81       _hb_ntxPageRelease         004b9f81 f   NTX:dbfntx1.obj
 0001:000b906d       _hb_ntxPageLoad            004ba06d f   NTX:dbfntx1.obj
 0001:000b91fd       _hb_ntxPageInit            004ba1fd f   NTX:dbfntx1.obj
 0001:000b927c       _hb_ntxPageAlloc           004ba27c f   NTX:dbfntx1.obj
 0001:000b8f3a       _hb_ntxPageFree            004b9f3a f   NTX:dbfntx1.obj
 0001:000b882a       _hb_ntxPageSave            004b982a f   NTX:dbfntx1.obj
 0001:000b9315       _hb_ntxPageNew             004ba315 f   NTX:dbfntx1.obj
 0001:000b96b2       _hb_ntxTagFree             004ba6b2 f   NTX:dbfntx1.obj
 0001:000b94ba       _hb_ntxTagNew              004ba4ba f   NTX:dbfntx1.obj
 0001:000b7c70       _hb_ntxGetKeyType          004b8c70 f   NTX:dbfntx1.obj
 0001:000b9467       _hb_ntxPageGetFree         004ba467 f   NTX:dbfntx1.obj
 0001:000b9d1e       _hb_ntxIndexTagAdd         004bad1e f   NTX:dbfntx1.obj
 0001:000b93fa       _hb_ntxPageAddFree         004ba3fa f   NTX:dbfntx1.obj
 0001:000b996e       _hb_ntxTagLoad             004ba96e f   NTX:dbfntx1.obj
 0001:000b98d6       _hb_ntxTagAdd              004ba8d6 f   NTX:dbfntx1.obj
 0001:000b8898       _hb_ntxDiscardBuffers      004b9898 f   NTX:dbfntx1.obj
 0001:000b9ec4       _hb_ntxIndexTagFind        004baec4 f   NTX:dbfntx1.obj
 0001:000b9f30       _hb_ntxTagHeaderSave       004baf30 f   NTX:dbfntx1.obj
 0001:000ba5f3       _hb_ntxIndexHeaderSave     004bb5f3 f   NTX:dbfntx1.obj
 0001:000ba957       _hb_ntxIndexHeaderRead     004bb957 f   NTX:dbfntx1.obj
 0001:000babb9       _hb_ntxIndexFlush          004bbbb9 f   NTX:dbfntx1.obj
 0001:000bacef       _hb_ntxIndexLockRead       004bbcef f   NTX:dbfntx1.obj
 0001:000baf4f       _hb_ntxIndexUnLockRead     004bbf4f f   NTX:dbfntx1.obj
 0001:000bae15       _hb_ntxIndexLockWrite      004bbe15 f   NTX:dbfntx1.obj
 0001:000bb033       _hb_ntxIndexUnLockWrite    004bc033 f   NTX:dbfntx1.obj
 0001:000bb2b0       _hb_ntxTagSetPageStack     004bc2b0 f   NTX:dbfntx1.obj
 0001:000bb366       _hb_ntxPageTopMove         004bc366 f   NTX:dbfntx1.obj
 0001:000bb238       _hb_ntxPageGetKey          004bc238 f   NTX:dbfntx1.obj
 0001:000bb3ed       _hb_ntxPageBottomMove      004bc3ed f   NTX:dbfntx1.obj
 0001:000bb9d8       _hb_ntxPageKeyFind         004bc9d8 f   NTX:dbfntx1.obj
 0001:000bbbc2       _hb_ntxPageFindRecNo       004bcbc2 f   NTX:dbfntx1.obj
 0001:000bb5e7       _hb_ntxTagNextKey          004bc5e7 f   NTX:dbfntx1.obj
 0001:000bb7f3       _hb_ntxTagPrevKey          004bc7f3 f   NTX:dbfntx1.obj
 0001:000bc03f       _hb_ntxPageKeySet          004bd03f f   NTX:dbfntx1.obj
 0001:000bc13f       _hb_ntxPageKeyDel          004bd13f f   NTX:dbfntx1.obj
 0001:000bbc1e       _hb_ntxTagKeyFind          004bcc1e f   NTX:dbfntx1.obj
 0001:000b75cb       _hb_ntxKeyCopy             004b85cb f   NTX:dbfntx1.obj
 0001:000bc09f       _hb_ntxPageKeyAdd          004bd09f f   NTX:dbfntx1.obj
 0001:000bc681       _hb_ntxBalancePages        004bd681 f   NTX:dbfntx1.obj
 0001:000bc1c2       _hb_ntxPageSplit           004bd1c2 f   NTX:dbfntx1.obj
 0001:000bc520       _hb_ntxPageJoin            004bd520 f   NTX:dbfntx1.obj
 0001:000b7d50       _hb_ntxEvalKey             004b8d50 f   NTX:dbfntx1.obj
 0001:000b8175       _hb_ntxKeyInScope          004b9175 f   NTX:dbfntx1.obj
 0001:000b866e       _hb_ntxCheckRecordScope    004b966e f   NTX:dbfntx1.obj
 0001:000bb545       _hb_ntxTagBottomKey        004bc545 f   NTX:dbfntx1.obj
 0001:000bb4b4       _hb_ntxTagTopKey           004bc4b4 f   NTX:dbfntx1.obj
 0001:000bd8e4       _hb_ntxTagSkipFilter       004be8e4 f   NTX:dbfntx1.obj
 0001:000bda54       _hb_ntxTagGoTop            004bea54 f   NTX:dbfntx1.obj
 0001:000bdb5c       _hb_ntxTagGoBottom         004beb5c f   NTX:dbfntx1.obj
 0001:000bdeb0       _hb_ntxPageCountKeys       004beeb0 f   NTX:dbfntx1.obj
 0001:000be23f       _hb_ntxTagPagesFree        004bf23f f   NTX:dbfntx1.obj
 0001:000b9e0f       _hb_ntxIndexTagDel         004bae0f f   NTX:dbfntx1.obj
 0001:000b97eb       _hb_ntxTagDelete           004ba7eb f   NTX:dbfntx1.obj
 0001:000be69b       _hb_ntxFindBag             004bf69b f   NTX:dbfntx1.obj
 0001:000be7eb       _hb_ntxFindTagByName       004bf7eb f   NTX:dbfntx1.obj
 0001:000bb10a       _hb_ntxTagLockRead         004bc10a f   NTX:dbfntx1.obj
 0001:000b857d       _hb_ntxTagRefreshScope     004b957d f   NTX:dbfntx1.obj
 0001:000bdc64       _hb_ntxTagSkipNext         004bec64 f   NTX:dbfntx1.obj
 0001:000bb20a       _hb_ntxTagUnLockRead       004bc20a f   NTX:dbfntx1.obj
 0001:000bd622       _hb_ntxCurKeyRefresh       004be622 f   NTX:dbfntx1.obj
 0001:000bdda1       _hb_ntxTagSkipPrev         004beda1 f   NTX:dbfntx1.obj
 0001:000bdf5b       _hb_ntxTagCountRelKeyPos   004bef5b f   NTX:dbfntx1.obj
 0001:000be05a       _hb_ntxTagGoToRelKeyPos    004bf05a f   NTX:dbfntx1.obj
 0001:000b7bf2       _hb_ntxEvalSeekCond        004b8bf2 f   NTX:dbfntx1.obj
 0001:000c0174       _hb_ntxRegexMatch          004c1174 f   NTX:dbfntx1.obj
 0001:000b7b72       _hb_ntxEvalCond            004b8b72 f   NTX:dbfntx1.obj
 0001:000bb189       _hb_ntxTagLockWrite        004bc189 f   NTX:dbfntx1.obj
 0001:000bca4b       _hb_ntxTagKeyAdd           004bda4b f   NTX:dbfntx1.obj
 0001:000bb221       _hb_ntxTagUnLockWrite      004bc221 f   NTX:dbfntx1.obj
 0001:000bd12d       _hb_ntxTagKeyDel           004be12d f   NTX:dbfntx1.obj
 0001:000b84a8       _hb_ntxTagGetScope         004b94a8 f   NTX:dbfntx1.obj
 0001:000b82d4       _hb_ntxTagSetScope         004b92d4 f   NTX:dbfntx1.obj
 0001:000c0bfe       _hb_ntxQSort               004c1bfe f   NTX:dbfntx1.obj
 0001:000c0b6a       _hb_ntxQuickSortCompare    004c1b6a f   NTX:dbfntx1.obj
 0001:000c0e2e       _hb_ntxSortBufferFlush     004c1e2e f   NTX:dbfntx1.obj
 0001:000c0f17       _hb_ntxSortStorePage       004c1f17 f   NTX:dbfntx1.obj
 0001:000c0dcc       _hb_ntxSortSortPage        004c1dcc f   NTX:dbfntx1.obj
 0001:000c1389       _hb_ntxSortGetPageKey      004c2389 f   NTX:dbfntx1.obj
 0001:000c11cd       _hb_ntxSortWritePage       004c21cd f   NTX:dbfntx1.obj
 0001:000c1569       _hb_ntxSortOrderPages      004c2569 f   NTX:dbfntx1.obj
 0001:000c1755       _hb_ntxSortKeyGet          004c2755 f   NTX:dbfntx1.obj
 0001:000c1092       _hb_ntxSortAddNodeKey      004c2092 f   NTX:dbfntx1.obj
 0001:000c1d83       _hb_ntxSortFree            004c2d83 f   NTX:dbfntx1.obj
 0001:000c1ad3       _hb_ntxSortNew             004c2ad3 f   NTX:dbfntx1.obj
 0001:000c1a17       _hb_ntxSortKeyAdd          004c2a17 f   NTX:dbfntx1.obj
 0001:000c1ead       _hb_ntxSortOut             004c2ead f   NTX:dbfntx1.obj
 0001:000b8bb7       _hb_ntxIndexTrunc          004b9bb7 f   NTX:dbfntx1.obj
 0001:000c236b       _hb_ntxTagCreate           004c336b f   NTX:dbfntx1.obj
 0001:000ba4cc       _hb_ntxIndexFree           004bb4cc f   NTX:dbfntx1.obj
 0001:000be3d6       _hb_ntxCreateFName         004bf3d6 f   NTX:dbfntx1.obj
 0001:000ba489       _hb_ntxIndexNew            004bb489 f   NTX:dbfntx1.obj
 0001:000ba6e8       _hb_ntxIndexLoad           004bb6e8 f   NTX:dbfntx1.obj
 0001:000be849       _hb_ntxFindTag             004bf849 f   NTX:dbfntx1.obj
 0001:000be344       _hb_ntxTagSpaceFree        004bf344 f   NTX:dbfntx1.obj
 0001:000beab0       _hb_ntxFindTagNum          004bfab0 f   NTX:dbfntx1.obj
 0001:000beb55       _hb_ntxOrdKeyCount         004bfb55 f   NTX:dbfntx1.obj
 0001:000bee9b       _hb_ntxOrdKeyGoto          004bfe9b f   NTX:dbfntx1.obj
 0001:000bec69       _hb_ntxOrdKeyNo            004bfc69 f   NTX:dbfntx1.obj
 0001:000bf1f3       _hb_ntxOrdSetRelKeyPos     004c01f3 f   NTX:dbfntx1.obj
 0001:000befaf       _hb_ntxOrdGetRelKeyPos     004bffaf f   NTX:dbfntx1.obj
 0001:000c0598       _hb_ntxOrdKeyAdd           004c1598 f   NTX:dbfntx1.obj
 0001:000c0720       _hb_ntxOrdKeyDel           004c1720 f   NTX:dbfntx1.obj
 0001:000bf5cb       _hb_ntxOrdSkipUnique       004c05cb f   NTX:dbfntx1.obj
 0001:000bf8b0       _hb_ntxOrdSkipEval         004c08b0 f   NTX:dbfntx1.obj
 0001:000bfbff       _hb_ntxOrdSkipWild         004c0bff f   NTX:dbfntx1.obj
 0001:000c020c       _hb_ntxOrdSkipRegEx        004c120c f   NTX:dbfntx1.obj
 0001:000c08ec       _hb_ntxOrdFindRec          004c18ec f   NTX:dbfntx1.obj
 0001:000c0a40       _hb_ntxOrdScopeEval        004c1a40 f   NTX:dbfntx1.obj
 0001:000c2e69       _hb_ntxReIndex             004c3e69 f   NTX:dbfntx1.obj
 0001:000c80ea       _hb_dbfntxRddInit          004c90ea f   NTX:dbfntx1.obj
 0001:000c2f28       _hb_ntxGoBottom            004c3f28 f   NTX:dbfntx1.obj
 0001:000c3094       _hb_ntxGoTop               004c4094 f   NTX:dbfntx1.obj
 0001:000c3200       _hb_ntxSeek                004c4200 f   NTX:dbfntx1.obj
 0001:000c364c       _hb_ntxSkipRaw             004c464c f   NTX:dbfntx1.obj
 0001:000c38f8       _hb_ntxFlush               004c48f8 f   NTX:dbfntx1.obj
 0001:000c398e       _hb_ntxGoCold              004c498e f   NTX:dbfntx1.obj
 0001:000c3e65       _hb_ntxGoHot               004c4e65 f   NTX:dbfntx1.obj
 0001:000c3f7d       _hb_ntxClose               004c4f7d f   NTX:dbfntx1.obj
 0001:000c405d       _hb_ntxOpen                004c505d f   NTX:dbfntx1.obj
 0001:000c404b       _hb_ntxStructSize          004c504b f   NTX:dbfntx1.obj
 0001:000c4224       _hb_ntxPack                004c5224 f   NTX:dbfntx1.obj
 0001:000c4267       _hb_ntxZap                 004c5267 f   NTX:dbfntx1.obj
 0001:000c749d       _hb_ntxOrderListAdd        004c849d f   NTX:dbfntx1.obj
 0001:000c784f       _hb_ntxOrderListClear      004c884f f   NTX:dbfntx1.obj
 0001:000c7949       _hb_ntxOrderListDelete     004c8949 f   NTX:dbfntx1.obj
 0001:000c7a9d       _hb_ntxOrderListFocus      004c8a9d f   NTX:dbfntx1.obj
 0001:000c7b22       _hb_ntxOrderListRebuild    004c8b22 f   NTX:dbfntx1.obj
 0001:000c42aa       _hb_ntxOrderCreate         004c52aa f   NTX:dbfntx1.obj
 0001:000c551c       _hb_ntxOrderDestroy        004c651c f   NTX:dbfntx1.obj
 0001:000c574a       _hb_ntxOrderInfo           004c674a f   NTX:dbfntx1.obj
 0001:000c7c8a       _hb_ntxCountScope          004c8c8a f   NTX:dbfntx1.obj
 0001:000c7cbd       _hb_ntxInit                004c8cbd f   NTX:dbfntx1.obj
 0001:000c7d29       _hb_ntxRddInfo             004c8d29 f   NTX:dbfntx1.obj
 0001:000c818f       __hb_dbfntx_rdd_init_      004c918f f   NTX:dbfntx1.obj
 0001:000c814b       _dbfntx1__InitSymbols      004c914b f   NTX:dbfntx1.obj
 0001:000c9150       _closeall                  004ca150 f   crt:fclose.obj
 0001:000c9270       _prout                     004ca270 f   crt:printf.obj
 0001:000c99e0       _prout                     004ca9e0 f   crt:vfprintf.obj
 0001:000c9a80       _prout                     004caa80 f   crt:fprintf.obj
 0001:000c9de0       _prout                     004cade0 f   crt:sprintf.obj
 0001:000c9e80       _grabhunk                  004cae80 f   crt:malloc.obj
 0001:000cb300       _swap                      004cc300 f   crt:qsort.obj
 0001:000cb530       _med3                      004cc530 f   crt:qsort.obj
 0001:000cb5a0       _median                    004cc5a0 f   crt:qsort.obj
 0001:000cb3b0       _rot3                      004cc3b0 f   crt:qsort.obj
 0001:000cb730       _intro_sort                004cc730 f   crt:qsort.obj
 0001:000cb660       _adjust_heap               004cc660 f   crt:qsort.obj
 0001:000cb490       _rotate                    004cc490 f   crt:qsort.obj
 0001:000cc140       _parse_cmdline             004cd140 f   crt:_setargv.obj
 0001:000cdb00       _ctrlevent_capture@4       004ceb00 f   crt:signal.obj
 0001:000d30d0       _hb_gt_FuncInit            004d40d0 f   xhb:gtwin.obj
 0001:000d12e0       _hb_gt_win_xSetCursorStyle 004d22e0 f   xhb:gtwin.obj
 0001:000d12a0       _hb_gt_win_xSetCursorPos   004d22a0 f   xhb:gtwin.obj
 0001:000d15d0       _hb_gt_win_xGetScreenContents 004d25d0 f   xhb:gtwin.obj
 0001:000d1580       _hb_gt_win_CtrlHandler@4   004d2580 f   xhb:gtwin.obj
 0001:000d1670       _hb_gt_win_xInitScreenParam 004d2670 f   xhb:gtwin.obj
 0001:000d1df0       _Handle_Alt_Key            004d2df0 f   xhb:gtwin.obj
 0001:000d1f50       _SpecialHandling           004d2f50 f   xhb:gtwin.obj
 0001:000d1110       _hb_gt_win_getKbdState     004d2110 f   xhb:gtwin.obj
 0001:000d14c0       _hb_gt_win_xUpdtSet        004d24c0 f   xhb:gtwin.obj
 0001:000d1370       _hb_gt_win_xScreenUpdate   004d2370 f   xhb:gtwin.obj
 0001:000d17f0       _hb_gt_win_Init            004d27f0 f   xhb:gtwin.obj
 0001:000d1b00       _hb_gt_win_Exit            004d2b00 f   xhb:gtwin.obj
 0001:000d1bc0       _hb_gt_win_SetMode         004d2bc0 f   xhb:gtwin.obj
 0001:000d2f50       _hb_gt_win_Redraw          004d3f50 f   xhb:gtwin.obj
 0001:000d3040       _hb_gt_win_Refresh         004d4040 f   xhb:gtwin.obj
 0001:000d1ce0       _hb_gt_win_Version         004d2ce0 f   xhb:gtwin.obj
 0001:000d1d00       _hb_gt_win_PostExt         004d2d00 f   xhb:gtwin.obj
 0001:000d1d30       _hb_gt_win_Suspend         004d2d30 f   xhb:gtwin.obj
 0001:000d1d80       _hb_gt_win_Resume          004d2d80 f   xhb:gtwin.obj
 0001:000d28a0       _hb_gt_win_Tone            004d38a0 f   xhb:gtwin.obj
 0001:000d2a80       _hb_gt_win_Info            004d3a80 f   xhb:gtwin.obj
 0001:000d28c0       _hb_gt_win_SetDispCP       004d38c0 f   xhb:gtwin.obj
 0001:000d29b0       _hb_gt_win_SetKeyCP        004d39b0 f   xhb:gtwin.obj
 0001:000d21a0       _hb_gt_win_ReadKey         004d31a0 f   xhb:gtwin.obj
 0001:000d2e70       _hb_gt_win_mouse_IsPresent 004d3e70 f   xhb:gtwin.obj
 0001:000d2e80       _hb_gt_win_mouse_GetPos    004d3e80 f   xhb:gtwin.obj
 0001:000d2ea0       _hb_gt_win_mouse_ButtonState 004d3ea0 f   xhb:gtwin.obj
 0001:000d2f30       _hb_gt_win_mouse_CountButton 004d3f30 f   xhb:gtwin.obj
 0001:000d3200       __hb_startup_gt_Init_      004d4200 f   xhb:gtwin.obj
 0001:000d3420       _hb_Outp9x                 004d4420 f   xhb:gttone.obj
 0001:000d3400       _hb_Inp9x                  004d4400 f   xhb:gttone.obj
 0001:000d3540       _hb_gt_wNtTone             004d4540 f   xhb:gttone.obj
 0001:000d3440       _hb_gt_w9xTone             004d4440 f   xhb:gttone.obj
