 _consultamarca.exe

 Timestamp is 62f00a1d (Sun Aug  7 15:53:17 2022)

 Preferred load address is 00400000

 Start         Length     Name                   Class
 0001:00000000 000d3910H .text                   CODE                  
 0002:00000000 0001e50cH .rdata                  DATA                  
 0002:0001e50c 00000078H .CRT$XIC                DATA                  
 0003:00000000 00007930H .data                   DATA                  
 0003:00007930 00000078H .idata$2                DATA                  
 0003:000079a8 00000014H .idata$3                DATA                  
 0003:000079bc 000002c4H .idata$4                DATA                  
 0003:00007c80 000002c4H .idata$5                DATA                  
 0003:00007f44 00000beeH .idata$6                DATA                  
 0003:00008b34 00007cc8H .bss                    DATA                  

  Address         Publics by Value              Rva+Base     Lib:Object

 0001:00000040       _HB_FUN_MAIN               00401040 f   consultaMarca.obj
 0001:000000b0       _HB_FUN_TIPCLIENTHTTP      004010b0 f   xhb:httpcln.obj
 0001:000013a0       _hb_jsonEncode             004023a0 f   xhb:hbjson.obj
 0001:00001430       _hb_jsonDecode             00402430 f   xhb:hbjson.obj
 0001:000014a0       _HB_FUN_HB_JSONENCODE      004024a0 f   xhb:hbjson.obj
 0001:000014f0       _HB_FUN_HB_JSONDECODE      004024f0 f   xhb:hbjson.obj
 0001:00001550       _hb_conInit                00402550 f   xhb:console.obj
 0001:000015e0       _hb_conRelease             004025e0 f   xhb:console.obj
 0001:00001610       _hb_conNewLine             00402610 f   xhb:console.obj
 0001:00001620       _HB_FUN_HB_OSNEWLINE       00402620 f   xhb:console.obj
 0001:00001630       _hb_conOutStd              00402630 f   xhb:console.obj
 0001:00001670       _hb_conOutErr              00402670 f   xhb:console.obj
 0001:000016d0       _hb_conOutAlt              004026d0 f   xhb:console.obj
 0001:00001950       _HB_FUN_OUTSTD             00402950 f   xhb:console.obj
 0001:000019a0       _HB_FUN_OUTERR             004029a0 f   xhb:console.obj
 0001:000019f0       _HB_FUN_QQOUT              004029f0 f   xhb:console.obj
 0001:00001a40       _HB_FUN_QOUT               00402a40 f   xhb:console.obj
 0001:00001b50       _HB_FUN___EJECT            00402b50 f   xhb:console.obj
 0001:00001bb0       _HB_FUN_PROW               00402bb0 f   xhb:console.obj
 0001:00001bd0       _HB_FUN_PCOL               00402bd0 f   xhb:console.obj
 0001:00001e10       _HB_FUN_DEVPOS             00402e10 f   xhb:console.obj
 0001:00001e60       _HB_FUN_SETPRC             00402e60 f   xhb:console.obj
 0001:00001eb0       _HB_FUN_DEVOUT             00402eb0 f   xhb:console.obj
 0001:00001f60       _HB_FUN_DISPOUT            00402f60 f   xhb:console.obj
 0001:00002030       _HB_FUN_DISPOUTAT          00403030 f   xhb:console.obj
 0001:00002130       _HB_FUN_HB_DISPOUTAT       00403130 f   xhb:console.obj
 0001:00002200       _HB_FUN_HB_GETSTDIN        00403200 f   xhb:console.obj
 0001:00002220       _HB_FUN_HB_GETSTDOUT       00403220 f   xhb:console.obj
 0001:00002240       _HB_FUN_HB_GETSTDERR       00403240 f   xhb:console.obj
 0001:00002260       _HB_FUN_HBCONSOLELOCK      00403260 f   xhb:console.obj
 0001:00002270       _HB_FUN_HBCONSOLEUNLOCK    00403270 f   xhb:console.obj
 0001:00002280       _hb_vmAtInit               00403280 f   xhb:hvm.obj
 0001:000022d0       _hb_vmAtExit               004032d0 f   xhb:hvm.obj
 0001:00002370       _hb_vmIsMt                 00403370 f   xhb:hvm.obj
 0001:00002380       _hb_vmLock                 00403380 f   xhb:hvm.obj
 0001:00002390       _hb_vmUnlock               00403390 f   xhb:hvm.obj
 0001:000024e0       _hb_vmSymbolResolveDeferred 004034e0 f   xhb:hvm.obj
 0001:00002620       _hb_vmInit                 00403620 f   xhb:hvm.obj
 0001:00002930       _hb_vmReleaseLocalSymbols  00403930 f   xhb:hvm.obj
 0001:000029e0       _hb_vmQuit                 004039e0 f   xhb:hvm.obj
 0001:00002cf0       _hb_vmExecute              00403cf0 f   xhb:hvm.obj
 0001:00007080       _HB_FUN_HB_VMEXECUTE       00408080 f   xhb:hvm.obj
 0001:00010450       _hb_vmOperatorCall         00411450 f   xhb:hvm.obj
 0001:00010520       _hb_vmOperatorCallUnary    00411520 f   xhb:hvm.obj
 0001:00010820       _hb_vmDo                   00411820 f   xhb:hvm.obj
 0001:00010b10       _hb_vmSend                 00411b10 f   xhb:hvm.obj
 0001:00011500       _hb_vmEvalBlock            00412500 f   xhb:hvm.obj
 0001:00011530       _hb_vmEvalBlockV           00412530 f   xhb:hvm.obj
 0001:00011580       _hb_vmEvalBlockOrMacro     00412580 f   xhb:hvm.obj
 0001:00011660       _hb_vmDestroyBlockOrMacro  00412660 f   xhb:hvm.obj
 0001:000116a0       _hb_vmFunction             004126a0 f   xhb:hvm.obj
 0001:00012bb0       _hb_vmPush                 00413bb0 f   xhb:hvm.obj
 0001:00012bf0       _hb_vmPushState            00413bf0 f   xhb:hvm.obj
 0001:00012c50       _hb_vmPushNil              00413c50 f   xhb:hvm.obj
 0001:00012c90       _hb_vmPushLogical          00413c90 f   xhb:hvm.obj
 0001:00012ce0       _hb_vmPushNumber           00413ce0 f   xhb:hvm.obj
 0001:00012d00       _hb_vmPushNumType          00413d00 f   xhb:hvm.obj
 0001:00012dc0       _hb_vmPushNumInt           00413dc0 f   xhb:hvm.obj
 0001:00012e90       _hb_vmPushInteger          00413e90 f   xhb:hvm.obj
 0001:00012f40       _hb_vmPushLong             00413f40 f   xhb:hvm.obj
 0001:00013090       _hb_vmPushDouble           00414090 f   xhb:hvm.obj
 0001:000131c0       _hb_vmPushDate             004141c0 f   xhb:hvm.obj
 0001:00013200       _hb_vmPushDateTime         00414200 f   xhb:hvm.obj
 0001:00013240       _hb_vmPushPointer          00414240 f   xhb:hvm.obj
 0001:00013280       _hb_vmPushString           00414280 f   xhb:hvm.obj
 0001:000132c0       _hb_vmPushSymbol           004142c0 f   xhb:hvm.obj
 0001:00013330       _hb_vmPushDynSym           00414330 f   xhb:hvm.obj
 0001:00013350       _hb_vmPushEvalSym          00414350 f   xhb:hvm.obj
 0001:00013ae0       _hb_vmPopState             00414ae0 f   xhb:hvm.obj
 0001:00014480       _hb_vmGetRealFuncSym       00415480 f   xhb:hvm.obj
 0001:000144d0       _hb_vmFindModuleSymbols    004154d0 f   xhb:hvm.obj
 0001:00014600       _hb_vmFreeSymbols          00415600 f   xhb:hvm.obj
 0001:00014680       _hb_vmBeginSymbolGroup     00415680 f   xhb:hvm.obj
 0001:000146a0       _hb_vmInitSymbolGroup      004156a0 f   xhb:hvm.obj
 0001:00014820       _hb_vmExitSymbolGroup      00415820 f   xhb:hvm.obj
 0001:000148e0       _hb_vmRegisterSymbols      004158e0 f   xhb:hvm.obj
 0001:00014f40       _hb_vmProcessSymbols       00415f40 f   xhb:hvm.obj
 0001:00014fc0       _hb_vmProcessSysDllSymbols 00415fc0 f   xhb:hvm.obj
 0001:00015040       _hb_vmProcessPrgDllSymbols 00416040 f   xhb:hvm.obj
 0001:000150d0       _hb_vmProcessExeUsesDllSymbols 004160d0 f   xhb:hvm.obj
 0001:00015150       _hb_vmSymbols              00416150 f   xhb:hvm.obj
 0001:00015160       _hb_vmLastModule           00416160 f   xhb:hvm.obj
 0001:00015190       _hb_vmExplicitStartup      00416190 f   xhb:hvm.obj
 0001:00015210       _hb_vmDoExitFunctions      00416210 f   xhb:hvm.obj
 0001:00015390       _hb_vmFindModule           00416390 f   xhb:hvm.obj
 0001:000153c0       _hb_vmFindModuleByName     004163c0 f   xhb:hvm.obj
 0001:00015440       _hb_vmForceLink            00416440 f   xhb:hvm.obj
 0001:00015450       _HB_FUN_ERRORLEVEL         00416450 f   xhb:hvm.obj
 0001:00015490       _hb_vmRequestQuit          00416490 f   xhb:hvm.obj
 0001:000154b0       _hb_vmRequestEndProc       004164b0 f   xhb:hvm.obj
 0001:000154d0       _hb_vmRequestBreak         004164d0 f   xhb:hvm.obj
 0001:00015540       _hb_vmRequestCancel        00416540 f   xhb:hvm.obj
 0001:00015680       _hb_vmRequestQuery         00416680 f   xhb:hvm.obj
 0001:00015690       _hb_vmRequestReenter       00416690 f   xhb:hvm.obj
 0001:000156f0       _hb_vmRequestRestore       004166f0 f   xhb:hvm.obj
 0001:000157f0       _hb_vmRequestReset         004167f0 f   xhb:hvm.obj
 0001:00015810       _hb_vmRequest              00416810 f   xhb:hvm.obj
 0001:00015830       _hb_vmIsLocalRef           00416830 f   xhb:hvm.obj
 0001:00015900       _hb_vmIsStaticRef          00416900 f   xhb:hvm.obj
 0001:00015910       _hb_vmRegisterGlobals      00416910 f   xhb:hvm.obj
 0001:00015990       _hb_vmIsGlobalRef          00416990 f   xhb:hvm.obj
 0001:000159a0       _HB_FUN___SETPROFILER      004169a0 f   xhb:hvm.obj
 0001:000159b0       _HB_FUN___TRACEPRGCALLS    004169b0 f   xhb:hvm.obj
 0001:000159d0       _hb_vmPushBaseArray        004169d0 f   xhb:hvm.obj
 0001:00015a70       _hb_vmPushItemRef          00416a70 f   xhb:hvm.obj
 0001:00015ac0       _HB_FUN_HB_FUNCPTR         00416ac0 f   xhb:hvm.obj
 0001:00015b60       _HB_FUN_HB_QSELF           00416b60 f   xhb:hvm.obj
 0001:00015bd0       _HB_FUN___OPCOUNT          00416bd0 f   xhb:hvm.obj
 0001:00015bf0       _HB_FUN___OPGETPRF         00416bf0 f   xhb:hvm.obj
 0001:00015c20       _HB_FUN_HB_SAVEBLOCK       00416c20 f   xhb:hvm.obj
 0001:00015d40       _HB_FUN_HB_RESTOREBLOCK    00416d40 f   xhb:hvm.obj
 0001:00016060       _HB_FUN_HB_GUIERRORMESSAGE 00417060 f   xhb:hvm.obj
 0001:00016070       _HB_FUN_HB_NOMOUSE         00417070 f   xhb:hvm.obj
 0001:00016080       _HB_FUN_HB_NOSTARTUPWINDOW 00417080 f   xhb:hvm.obj
 0001:00016090       _HB_FUN_HB_RESETWITH       00417090 f   xhb:hvm.obj
 0001:000160f0       _HB_FUN_HB_WITHOBJECTCOUNTER 004170f0 f   xhb:hvm.obj
 0001:00016110       _HB_FUN___TEXTINTO         00417110 f   xhb:hvm.obj
 0001:00016150       _HB_FUN_HB_MULTITHREAD     00417150 f   xhb:hvm.obj
 0001:00016170       _HB_FUN_HB_VMMODE          00417170 f   xhb:hvm.obj
 0001:000161d0       _hb_xvmExitProc            004171d0 f   xhb:hvm.obj
 0001:000161f0       _hb_xvmSeqBegin            004171f0 f   xhb:hvm.obj
 0001:00016280       _hb_xvmSeqEnd              00417280 f   xhb:hvm.obj
 0001:00016360       _hb_xvmSeqRecover          00417360 f   xhb:hvm.obj
 0001:000163e0       _hb_xvmTryBegin            004173e0 f   xhb:hvm.obj
 0001:00016410       _hb_xvmTryEnd              00417410 f   xhb:hvm.obj
 0001:00016450       _hb_xvmTryEndFin           00417450 f   xhb:hvm.obj
 0001:00016530       _hb_xvmTryRecover          00417530 f   xhb:hvm.obj
 0001:00016570       _hb_xvmBeginFinally        00417570 f   xhb:hvm.obj
 0001:00016590       _hb_xvmEndFinally          00417590 f   xhb:hvm.obj
 0001:000165d0       _hb_xvmSetLine             004175d0 f   xhb:hvm.obj
 0001:00016600       _hb_xvmBaseLine            00417600 f   xhb:hvm.obj
 0001:00016640       _hb_xvmLineOffset          00417640 f   xhb:hvm.obj
 0001:00016680       _hb_xvmClassSetModule      00417680 f   xhb:hvm.obj
 0001:00016730       _hb_xvmIVarRef             00417730 f   xhb:hvm.obj
 0001:00016a90       _hb_xvmFrame               00417a90 f   xhb:hvm.obj
 0001:00016ab0       _hb_xvmSFrame              00417ab0 f   xhb:hvm.obj
 0001:00016ac0       _hb_xvmDo                  00417ac0 f   xhb:hvm.obj
 0001:00016af0       _hb_xvmFunction            00417af0 f   xhb:hvm.obj
 0001:00016b70       _hb_xvmSend                00417b70 f   xhb:hvm.obj
 0001:00016bf0       _hb_xvmSendWith            00417bf0 f   xhb:hvm.obj
 0001:00016c70       _hb_xvmRetValue            00417c70 f   xhb:hvm.obj
 0001:00016ce0       _hb_xvmStatics             00417ce0 f   xhb:hvm.obj
 0001:00016d00       _hb_xvmParameter           00417d00 f   xhb:hvm.obj
 0001:00016d20       _hb_xvmPushLocal           00417d20 f   xhb:hvm.obj
 0001:00016d30       _hb_xvmPushLocalByRef      00417d30 f   xhb:hvm.obj
 0001:00016d40       _hb_xvmPopLocal            00417d40 f   xhb:hvm.obj
 0001:00016d50       _hb_xvmPushStatic          00417d50 f   xhb:hvm.obj
 0001:00016d60       _hb_xvmPushStaticByRef     00417d60 f   xhb:hvm.obj
 0001:00016d70       _hb_xvmPopStatic           00417d70 f   xhb:hvm.obj
 0001:00016d80       _hb_xvmPushGlobal          00417d80 f   xhb:hvm.obj
 0001:00016da0       _hb_xvmPushGlobalByRef     00417da0 f   xhb:hvm.obj
 0001:00016df0       _hb_xvmPopGlobal           00417df0 f   xhb:hvm.obj
 0001:00016ed0       _hb_xvmPushVariable        00417ed0 f   xhb:hvm.obj
 0001:00016f00       _hb_xvmPopVariable         00417f00 f   xhb:hvm.obj
 0001:00016f90       _hb_xvmPushBlockShort      00417f90 f   xhb:hvm.obj
 0001:00016fb0       _hb_xvmPushBlock           00417fb0 f   xhb:hvm.obj
 0001:00016fd0       _hb_xvmPushSelf            00417fd0 f   xhb:hvm.obj
 0001:00016ff0       _hb_xvmPopLogical          00417ff0 f   xhb:hvm.obj
 0001:00017020       _hb_xvmPopAlias            00418020 f   xhb:hvm.obj
 0001:00017080       _hb_xvmSwapAlias           00418080 f   xhb:hvm.obj
 0001:000170b0       _hb_xvmPushField           004180b0 f   xhb:hvm.obj
 0001:00017110       _hb_xvmPushAlias           00418110 f   xhb:hvm.obj
 0001:00017140       _hb_xvmPushAliasedField    00418140 f   xhb:hvm.obj
 0001:00017170       _hb_xvmPushAliasedVar      00418170 f   xhb:hvm.obj
 0001:000171a0       _hb_xvmPopField            004181a0 f   xhb:hvm.obj
 0001:00017230       _hb_xvmPushMemvar          00418230 f   xhb:hvm.obj
 0001:00017290       _hb_xvmPushMemvarByRef     00418290 f   xhb:hvm.obj
 0001:000172f0       _hb_xvmPopMemvar           004182f0 f   xhb:hvm.obj
 0001:00017380       _hb_xvmPopAliasedField     00418380 f   xhb:hvm.obj
 0001:000173b0       _hb_xvmPopAliasedVar       004183b0 f   xhb:hvm.obj
 0001:000173e0       _hb_xvmLocalAddInt         004183e0 f   xhb:hvm.obj
 0001:00017420       _hb_xvmLocalAdd            00418420 f   xhb:hvm.obj
 0001:000174f0       _hb_xvmEqual               004184f0 f   xhb:hvm.obj
 0001:00017520       _hb_xvmAnd                 00418520 f   xhb:hvm.obj
 0001:00017550       _hb_xvmOr                  00418550 f   xhb:hvm.obj
 0001:00017580       _hb_xvmNot                 00418580 f   xhb:hvm.obj
 0001:000175b0       _hb_xvmNegate              004185b0 f   xhb:hvm.obj
 0001:000175e0       _hb_xvmPower               004185e0 f   xhb:hvm.obj
 0001:00017610       _hb_xvmDuplicate           00418610 f   xhb:hvm.obj
 0001:00017620       _hb_xvmDuplTwo             00418620 f   xhb:hvm.obj
 0001:00017630       _hb_xvmForTest             00418630 f   xhb:hvm.obj
 0001:00017660       _hb_xvmFuncPtr             00418660 f   xhb:hvm.obj
 0001:00017670       _hb_xvmNotEqual            00418670 f   xhb:hvm.obj
 0001:000176a0       _hb_xvmLess                004186a0 f   xhb:hvm.obj
 0001:000176d0       _hb_xvmLessEqual           004186d0 f   xhb:hvm.obj
 0001:00017700       _hb_xvmGreater             00418700 f   xhb:hvm.obj
 0001:00017730       _hb_xvmGreaterEqual        00418730 f   xhb:hvm.obj
 0001:00017760       _hb_xvmInstring            00418760 f   xhb:hvm.obj
 0001:00017790       _hb_xvmAddInt              00418790 f   xhb:hvm.obj
 0001:000177d0       _hb_xvmPlus                004187d0 f   xhb:hvm.obj
 0001:00017870       _hb_xvmMinus               00418870 f   xhb:hvm.obj
 0001:000178a0       _hb_xvmMultByInt           004188a0 f   xhb:hvm.obj
 0001:00017a10       _hb_xvmMult                00418a10 f   xhb:hvm.obj
 0001:00017a40       _hb_xvmDivideByInt         00418a40 f   xhb:hvm.obj
 0001:00017c60       _hb_xvmDivide              00418c60 f   xhb:hvm.obj
 0001:00017c90       _hb_xvmModulus             00418c90 f   xhb:hvm.obj
 0001:00017cc0       _hb_xvmInc                 00418cc0 f   xhb:hvm.obj
 0001:00017cf0       _hb_xvmDec                 00418cf0 f   xhb:hvm.obj
 0001:00017d20       _hb_xvmBitAnd              00418d20 f   xhb:hvm.obj
 0001:00017d50       _hb_xvmBitOr               00418d50 f   xhb:hvm.obj
 0001:00017d80       _hb_xvmBitXor              00418d80 f   xhb:hvm.obj
 0001:00017db0       _hb_xvmBitShiftL           00418db0 f   xhb:hvm.obj
 0001:00017de0       _hb_xvmBitShiftR           00418de0 f   xhb:hvm.obj
 0001:00017e10       _hb_xvmLeft                00418e10 f   xhb:hvm.obj
 0001:00017f10       _hb_xvmRight               00418f10 f   xhb:hvm.obj
 0001:00017f80       _hb_xvmLike                00418f80 f   xhb:hvm.obj
 0001:00018030       _hb_xvmMatch               00419030 f   xhb:hvm.obj
 0001:000180e0       _hb_xvmArrayDim            004190e0 f   xhb:hvm.obj
 0001:000180f0       _hb_xvmArrayGen            004190f0 f   xhb:hvm.obj
 0001:00018110       _hb_xvmHashGen             00419110 f   xhb:hvm.obj
 0001:00018810       _hb_xvmArrayPush           00419810 f   xhb:hvm.obj
 0001:00018840       _hb_xvmArrayPushRef        00419840 f   xhb:hvm.obj
 0001:00018870       _hb_xvmArrayItemPush       00419870 f   xhb:hvm.obj
 0001:000188a0       _hb_xvmArrayPop            004198a0 f   xhb:hvm.obj
 0001:000188d0       _hb_xvmArrayPopPlus        004198d0 f   xhb:hvm.obj
 0001:00018900       _hb_xvmArrayItemPop        00419900 f   xhb:hvm.obj
 0001:00018930       _hb_xvmPushDouble          00419930 f   xhb:hvm.obj
 0001:00018950       _hb_xvmPushLongLong        00419950 f   xhb:hvm.obj
 0001:00018970       _hb_xvmLocalName           00419970 f   xhb:hvm.obj
 0001:00018990       _hb_xvmStaticName          00419990 f   xhb:hvm.obj
 0001:000189b0       _hb_xvmModuleName          004199b0 f   xhb:hvm.obj
 0001:000189c0       _hb_xvmMacroList           004199c0 f   xhb:hvm.obj
 0001:000189e0       _hb_xvmMacroListEnd        004199e0 f   xhb:hvm.obj
 0001:00018a00       _hb_xvmMacroPush           00419a00 f   xhb:hvm.obj
 0001:00018a40       _hb_xvmPushMacroRef        00419a40 f   xhb:hvm.obj
 0001:00018a80       _hb_xvmMacroPushIndex      00419a80 f   xhb:hvm.obj
 0001:00018bb0       _hb_xvmMacroPushArg        00419bb0 f   xhb:hvm.obj
 0001:00018c10       _hb_xvmMacroPushList       00419c10 f   xhb:hvm.obj
 0001:00018c50       _hb_xvmMacroPushPare       00419c50 f   xhb:hvm.obj
 0001:00018c90       _hb_xvmMacroPushAliased    00419c90 f   xhb:hvm.obj
 0001:00018cd0       _hb_xvmMacroPop            00419cd0 f   xhb:hvm.obj
 0001:00018d10       _hb_xvmMacroPopAliased     00419d10 f   xhb:hvm.obj
 0001:00018d50       _hb_xvmMacroSymbol         00419d50 f   xhb:hvm.obj
 0001:00018d80       _hb_xvmMacroText           00419d80 f   xhb:hvm.obj
 0001:00018db0       _hb_xvmLocalSetInt         00419db0 f   xhb:hvm.obj
 0001:00018e40       _hb_xvmLocalSetStr         00419e40 f   xhb:hvm.obj
 0001:00018ee0       _hb_xvmSwitchCase          00419ee0 f   xhb:hvm.obj
 0001:00018ff0       _hb_xvmPushWith            00419ff0 f   xhb:hvm.obj
 0001:00019020       _hb_xvmWithObject          0041a020 f   xhb:hvm.obj
 0001:00019120       _hb_xvmEndWithObject       0041a120 f   xhb:hvm.obj
 0001:00019170       _hb_xvmEnumIndex           0041a170 f   xhb:hvm.obj
 0001:000191e0       _hb_xvmForEach             0041a1e0 f   xhb:hvm.obj
 0001:00019410       _hb_xvmEnumerate           0041a410 f   xhb:hvm.obj
 0001:000195e0       _hb_xvmEndEnumerate        0041a5e0 f   xhb:hvm.obj
 0001:000196d0       _hb_xvmLocalSetStringHidden 0041a6d0 f   xhb:hvm.obj
 0001:00019790       _hb_xvmPushStringHidden    0041a790 f   xhb:hvm.obj
 0001:000197c0       _hb_xvmDivert              0041a7c0 f   xhb:hvm.obj
 0001:000197d0       _hb_vmRequestDebug         0041a7d0 f   xhb:hvm.obj
 0001:000197e0       _hb_dbg_InvokeDebug        0041a7e0 f   xhb:hvm.obj
 0001:00019800       _hb_dbg_SetEntry           0041a800 f   xhb:hvm.obj
 0001:00019820       _hb_dbg_vmVarSGet          0041a820 f   xhb:hvm.obj
 0001:00019840       _hb_dbg_ProcLevel          0041a840 f   xhb:hvm.obj
 0001:00019850       _HB_FUN_HB_DBG_INVOKEDEBUG 0041a850 f   xhb:hvm.obj
 0001:000198b0       _HB_FUN_HB_DBG_VMVARSLIST  0041a8b0 f   xhb:hvm.obj
 0001:000198e0       _HB_FUN_HB_DBG_VMVARSLEN   0041a8e0 f   xhb:hvm.obj
 0001:00019900       _HB_FUN_HB_DBG_VMVARSGET   0041a900 f   xhb:hvm.obj
 0001:00019940       _HB_FUN_HB_DBG_VMVARSSET   0041a940 f   xhb:hvm.obj
 0001:00019990       _HB_FUN_HB_DBG_PROCLEVEL   0041a990 f   xhb:hvm.obj
 0001:000199b0       _hb_dbg_vmVarGCount        0041a9b0 f   xhb:hvm.obj
 0001:000199c0       _hb_dbg_vmVarGGet          0041a9c0 f   xhb:hvm.obj
 0001:000199e0       _HB_FUN_HB_DBG_VMVARGLIST  0041a9e0 f   xhb:hvm.obj
 0001:00019a10       _HB_FUN_HB_DBG_VMVARGGET   0041aa10 f   xhb:hvm.obj
 0001:00019a50       _HB_FUN_HB_DBG_VMVARGSET   0041aa50 f   xhb:hvm.obj
 0001:00019aa0       _HB_FUN___VMVARGLIST       0041aaa0 f   xhb:hvm.obj
 0001:00019ab0       _HB_FUN___VMVARSLIST       0041aab0 f   xhb:hvm.obj
 0001:00019ac0       _HB_FUN___VMVARSLEN        0041aac0 f   xhb:hvm.obj
 0001:00019ad0       _HB_FUN___VMVARSGET        0041aad0 f   xhb:hvm.obj
 0001:00019ae0       _HB_FUN___VMVARSSET        0041aae0 f   xhb:hvm.obj
 0001:00019c50       _hb_clsInit                0041ac50 f   xhb:classes.obj
 0001:00019dc0       _hb_clsDisableDestructors  0041adc0 f   xhb:classes.obj
 0001:00019dd0       _hb_clsDestructorsAllowed  0041add0 f   xhb:classes.obj
 0001:00019de0       _hb_clsClearAllClassDatas  0041ade0 f   xhb:classes.obj
 0001:00019e20       _hb_clsClearAll            0041ae20 f   xhb:classes.obj
 0001:00019e60       _hb_clsReleaseAll          0041ae60 f   xhb:classes.obj
 0001:00019f10       _hb_clsIsClassRef          0041af10 f   xhb:classes.obj
 0001:0001a450       _hb_clsIsParent            0041b450 f   xhb:classes.obj
 0001:0001a4d0       _hb_objGetClsName          0041b4d0 f   xhb:classes.obj
 0001:0001a5f0       _hb_clsName                0041b5f0 f   xhb:classes.obj
 0001:0001a620       _hb_objGetRealCls          0041b620 f   xhb:classes.obj
 0001:0001a6b0       _hb_objGetRealClsName      0041b6b0 f   xhb:classes.obj
 0001:0001a7f0       _hb_objGetOpOver           0041b7f0 f   xhb:classes.obj
 0001:0001a820       _hb_objGetClsSymbol        0041b820 f   xhb:classes.obj
 0001:0001aa30       _hb_objGetMethod           0041ba30 f   xhb:classes.obj
 0001:0001aa80       _hb_objGetMthd             0041ba80 f   xhb:classes.obj
 0001:0001ad00       _hb_clsHasMsg              0041bd00 f   xhb:classes.obj
 0001:0001ad90       _hb_objGetpMthd            0041bd90 f   xhb:classes.obj
 0001:0001ade0       _hb_objGetpMethod          0041bde0 f   xhb:classes.obj
 0001:0001ae10       _hb_objHasMsg              0041be10 f   xhb:classes.obj
 0001:0001ae30       _hb_objHasMessage          0041be30 f   xhb:classes.obj
 0001:0001bde0       _HB_FUN___CLSADDMSG        0041cde0 f   xhb:classes.obj
 0001:0001c000       ___cls_CntMethods          0041d000 f   xhb:classes.obj
 0001:0001ccf0       _HB_FUN___CLSNEW           0041dcf0 f   xhb:classes.obj
 0001:0001ce70       _hb_clsDeactiveClass       0041de70 f   xhb:classes.obj
 0001:0001cee0       _HB_FUN___CLSISACTIVE      0041dee0 f   xhb:classes.obj
 0001:0001cf40       _HB_FUN___CLSACTIVE        0041df40 f   xhb:classes.obj
 0001:0001cfd0       _HB_FUN___CLSSETMODULE     0041dfd0 f   xhb:classes.obj
 0001:0001d050       _HB_FUN___CLSDELMSG        0041e050 f   xhb:classes.obj
 0001:0001d1b0       _HB_FUN___CLSINST          0041e1b0 f   xhb:classes.obj
 0001:0001d1d0       _hb_clsInst                0041e1d0 f   xhb:classes.obj
 0001:0001d630       _HB_FUN___CLSMODMSG        0041e630 f   xhb:classes.obj
 0001:0001d950       _HB_FUN___CLSMSGASSIGNED   0041e950 f   xhb:classes.obj
 0001:0001da20       _HB_FUN___OBJGETCLSNAME    0041ea20 f   xhb:classes.obj
 0001:0001da50       _HB_FUN___CLSHASMSG        0041ea50 f   xhb:classes.obj
 0001:0001db20       _HB_FUN___OBJHASMSG        0041eb20 f   xhb:classes.obj
 0001:0001dbc0       _hb_objClone               0041ebc0 f   xhb:classes.obj
 0001:0001dcc0       _HB_FUN___OBJCLONE         0041ecc0 f   xhb:classes.obj
 0001:0001dd10       _hb_objSendMsg             0041ed10 f   xhb:classes.obj
 0001:0001dda0       _hb_objSendSymbol          0041eda0 f   xhb:classes.obj
 0001:0001ddf0       _hb_objSendMessage         0041edf0 f   xhb:classes.obj
 0001:0001de40       _HB_FUN___OBJSENDMSG       0041ee40 f   xhb:classes.obj
 0001:0001df20       _HB_FUN___OBJSENDMSGCASE   0041ef20 f   xhb:classes.obj
 0001:0001e000       _HB_FUN___CLSINSTSUPER     0041f000 f   xhb:classes.obj
 0001:0001e140       _HB_FUN___CLS_CNTCLSDATA   0041f140 f   xhb:classes.obj
 0001:0001e1a0       _HB_FUN___CLS_CNTSHRDATA   0041f1a0 f   xhb:classes.obj
 0001:0001e1e0       _HB_FUN___CLS_CNTDATA      0041f1e0 f   xhb:classes.obj
 0001:0001e230       _HB_FUN___CLS_DECDATA      0041f230 f   xhb:classes.obj
 0001:0001e280       _HB_FUN___CLS_INCDATA      0041f280 f   xhb:classes.obj
 0001:0001e300       _HB_FUN___CLASSNAME        0041f300 f   xhb:classes.obj
 0001:0001e360       _HB_FUN___CLASSSEL         0041f360 f   xhb:classes.obj
 0001:0001e410       _HB_FUN___GETMEMBERS       0041f410 f   xhb:classes.obj
 0001:0001e630       _HB_FUN___GETMESSAGE       0041f630 f   xhb:classes.obj
 0001:0001e660       _HB_FUN___CLSPARENT        0041f660 f   xhb:classes.obj
 0001:0001e6b0       _HB_FUN___SENDER           0041f6b0 f   xhb:classes.obj
 0001:0001e730       _hb_objClassH              0041f730 f   xhb:classes.obj
 0001:0001e850       _HB_FUN___CLASSH           0041f850 f   xhb:classes.obj
 0001:0001e880       _HB_FUN___EVAL             0041f880 f   xhb:classes.obj
 0001:0001ef80       _hb___msgGetClsData        0041ff80 f   xhb:classes.obj
 0001:0001efd0       _hb___msgSetClsData        0041ffd0 f   xhb:classes.obj
 0001:0001f030       _hb___msgGetShrData        00420030 f   xhb:classes.obj
 0001:0001f080       _hb___msgSetShrData        00420080 f   xhb:classes.obj
 0001:0001f0f0       _hb___msgGetData           004200f0 f   xhb:classes.obj
 0001:0001f140       _hb___msgSetData           00420140 f   xhb:classes.obj
 0001:0001f290       _hb_clsClassesArray        00420290 f   xhb:classes.obj
 0001:0001f2a0       _hb_clsMaxClasses          004202a0 f   xhb:classes.obj
 0001:0001f2b0       _HB_FUN___GETMSGPRF        004202b0 f   xhb:classes.obj
 0001:0001f2e0       _hb_mthAddTime             004202e0 f   xhb:classes.obj
 0001:0001f2f0       _hb_clsFinalize            004202f0 f   xhb:classes.obj
 0001:0001f4b0       _HB_FUN___CLSGETPROPERTIES 004204b0 f   xhb:classes.obj
 0001:0001f570       _HB_FUN___CLSGETPROPERTIESANDVALUES 00420570 f   xhb:classes.obj
 0001:0001f680       _HB_FUN___CLSGETIVARNAMESANDVALUES 00420680 f   xhb:classes.obj
 0001:0001f7d0       _hb_clsSymbolFromFunction  004207d0 f   xhb:classes.obj
 0001:0001f840       _HB_FUN_HB_OBJMSGPTR       00420840 f   xhb:classes.obj
 0001:0001f8e0       _hb_clsGetHandleFromName   004208e0 f   xhb:classes.obj
 0001:0001f940       _HB_FUN___CLSGETHANDLEFROMNAME 00420940 f   xhb:classes.obj
 0001:0001fa40       _hb_clsSetModule           00420a40 f   xhb:classes.obj
 0001:0001fa80       _HB_FUN___SETCLASSSCOPE    00420a80 f   xhb:classes.obj
 0001:0001fad0       _hb_clsSetScope            00420ad0 f   xhb:classes.obj
 0001:0001faf0       _HB_FUN___SETCLASSAUTOINIT 00420af0 f   xhb:classes.obj
 0001:0001fc80       _HB_FUN___CLSADDFRIEND     00420c80 f   xhb:classes.obj
 0001:0001fcc0       _HB_FUN___CLSFRIENDLY      00420cc0 f   xhb:classes.obj
 0001:0001fde0       _HB_FUN___CLSASSOCTYPE     00420de0 f   xhb:classes.obj
 0001:0001ffb0       _HB_FUN___CLSCNTCLASSES    00420fb0 f   xhb:classes.obj
 0001:0001ffd0       _HB_FUN___CLSINSTNAME      00420fd0 f   xhb:classes.obj
 0001:000200b0       _hb_clsCreate              004210b0 f   xhb:classes.obj
 0001:000200e0       _hb_clsAdd                 004210e0 f   xhb:classes.obj
 0001:00020110       _hb_clsAddData             00421110 f   xhb:classes.obj
 0001:00020140       _hb_clsAssociate           00421140 f   xhb:classes.obj
 0001:00020160       _hb_clsAddDataInit         00421160 f   xhb:classes.obj
 0001:000201d0       _HB_FUN_HBCLASS            004211d0 f   xhb:tclass.obj
 0001:00020500       _HB_FUN_TIPCLIENT          00421500 f   xhb:client.obj
 0001:00020880       _HB_FUN_ARRAY              00421880 f   xhb:arrayshb.obj
 0001:00020920       _HB_FUN_AADD               00421920 f   xhb:arrayshb.obj
 0001:00020a60       _HB_FUN_HB_ARRAYID         00421a60 f   xhb:arrayshb.obj
 0001:00020a90       _HB_FUN_HB_THISARRAY       00421a90 f   xhb:arrayshb.obj
 0001:00020af0       _HB_FUN_ASIZE              00421af0 f   xhb:arrayshb.obj
 0001:00020be0       _HB_FUN_ASIZEALLOC         00421be0 f   xhb:arrayshb.obj
 0001:00020c50       _HB_FUN_ALENALLOC          00421c50 f   xhb:arrayshb.obj
 0001:00020c80       _HB_FUN_ATAIL              00421c80 f   xhb:arrayshb.obj
 0001:00020cb0       _HB_FUN_AINS               00421cb0 f   xhb:arrayshb.obj
 0001:00020db0       _HB_FUN_HB_AINS            00421db0 f   xhb:arrayshb.obj
 0001:00020dc0       _HB_FUN_ADEL               00421dc0 f   xhb:arrayshb.obj
 0001:00020ea0       _HB_FUN_AFILL              00421ea0 f   xhb:arrayshb.obj
 0001:000210b0       _HB_FUN_ASCAN              004220b0 f   xhb:arrayshb.obj
 0001:00021190       _HB_FUN_AEVAL              00422190 f   xhb:arrayshb.obj
 0001:000212e0       _HB_FUN_ACOPY              004222e0 f   xhb:arrayshb.obj
 0001:00021400       _HB_FUN_ACLONE             00422400 f   xhb:arrayshb.obj
 0001:00021440       _HB_FUN_HB_APARAMS         00422440 f   xhb:arrayshb.obj
 0001:000214a0       _HB_FUN_HB_AEXPRESSIONS    004224a0 f   xhb:arrayshb.obj
 0001:00021750       _SizeOfCStructure          00422750 f   xhb:arrayshb.obj
 0001:00021a90       _HB_FUN_HB_SIZEOFCSTRUCTURE 00422a90 f   xhb:arrayshb.obj
 0001:00021b30       _ArrayToStructure          00422b30 f   xhb:arrayshb.obj
 0001:00023790       _HB_FUN_HB_ARRAYTOSTRUCTURE 00424790 f   xhb:arrayshb.obj
 0001:00023860       _StructureToArray          00424860 f   xhb:arrayshb.obj
 0001:00024170       _HB_FUN_HB_STRUCTURETOARRAY 00425170 f   xhb:arrayshb.obj
 0001:00024280       _HB_FUN_RASCAN             00425280 f   xhb:arrayshb.obj
 0001:00024710       _HB_FUN_ASPLICE            00425710 f   xhb:arrayshb.obj
 0001:00024a80       _HB_FUN_AREMOVE            00425a80 f   xhb:arrayshb.obj
 0001:00024a90       _HB_FUN_AMERGE             00425a90 f   xhb:arrayshb.obj
 0001:00024be0       _HB_FUN_PCOUNT             00425be0 f   xhb:pcount.obj
 0001:00024c10       _HB_FUN_FOPEN              00425c10 f   xhb:philes.obj
 0001:00024cb0       _HB_FUN_FCREATE            00425cb0 f   xhb:philes.obj
 0001:00024d40       _HB_FUN_HB_FCREATE         00425d40 f   xhb:philes.obj
 0001:00024e00       _HB_FUN_FREAD              00425e00 f   xhb:philes.obj
 0001:00024ef0       _HB_FUN_FWRITE             00425ef0 f   xhb:philes.obj
 0001:00024fc0       _HB_FUN_FERROR             00425fc0 f   xhb:philes.obj
 0001:00024ff0       _HB_FUN_FCLOSE             00425ff0 f   xhb:philes.obj
 0001:00025060       _HB_FUN_FERASE             00426060 f   xhb:philes.obj
 0001:000250c0       _HB_FUN_FRENAME            004260c0 f   xhb:philes.obj
 0001:00025140       _HB_FUN_FSEEK              00426140 f   xhb:philes.obj
 0001:00025200       _HB_FUN_FREADSTR           00426200 f   xhb:philes.obj
 0001:000252b0       _HB_FUN_CURDIR             004262b0 f   xhb:philes.obj
 0001:00025330       _HB_FUN_HB_F_EOF           00426330 f   xhb:philes.obj
 0001:00025380       _HB_FUN_CURDIRX            00426380 f   xhb:philes.obj
 0001:00025450       _HB_FUN_HB_FCOMMIT         00426450 f   xhb:philes.obj
 0001:00025490       _HB_FUN_HB_FLOCK           00426490 f   xhb:philes.obj
 0001:00025560       _HB_FUN_HB_FUNLOCK         00426560 f   xhb:philes.obj
 0001:00025610       _HB_FUN_HB_OSERROR         00426610 f   xhb:philes.obj
 0001:00025630       _HB_FUN_HB_OSPATHSEPARATOR 00426630 f   xhb:philes.obj
 0001:00025640       _HB_FUN_HB_OSPATHLISTSEPARATOR 00426640 f   xhb:philes.obj
 0001:00025650       _HB_FUN_HB_OSPATHDELIMITERS 00426650 f   xhb:philes.obj
 0001:00025660       _HB_FUN_HB_OSDRIVESEPARATOR 00426660 f   xhb:philes.obj
 0001:00025670       _HB_FUN_HB_OSFILEMASK      00426670 f   xhb:philes.obj
 0001:00025680       _HB_FUN_HB_OPENPROCESS     00426680 f   xhb:philes.obj
 0001:000259c0       _HB_FUN_HB_CLOSEPROCESS    004269c0 f   xhb:philes.obj
 0001:00025a70       _HB_FUN_HB_PROCESSVALUE    00426a70 f   xhb:philes.obj
 0001:00025b20       _HB_FUN_FILE               00426b20 f   xhb:filehb.obj
 0001:00025b50       _HB_FUN_ISDIRECTORY        00426b50 f   xhb:filehb.obj
 0001:00025b80       _hb_strLTrim               00426b80 f   xhb:trim.obj
 0001:00025bc0       _hb_strRTrimLen            00426bc0 f   xhb:trim.obj
 0001:00025c20       _HB_FUN_LTRIM              00426c20 f   xhb:trim.obj
 0001:00025cb0       _HB_FUN_RTRIM              00426cb0 f   xhb:trim.obj
 0001:00025d60       _HB_FUN_TRIM               00426d60 f   xhb:trim.obj
 0001:00025d70       _HB_FUN_ALLTRIM            00426d70 f   xhb:trim.obj
 0001:00025e30       _HB_FUN_STR                00426e30 f   xhb:str.obj
 0001:00026060       _HB_FUN_INT                00427060 f   xhb:round.obj
 0001:00026100       _HB_FUN_ROUND              00427100 f   xhb:round.obj
 0001:000266c0       _hb_hashNew                004276c0 f   xhb:hash.obj
 0001:000267b0       _hb_hashAdd                004277b0 f   xhb:hash.obj
 0001:00026e60       _hb_hashAddForward         00427e60 f   xhb:hash.obj
 0001:000270e0       _hb_hashScan               004280e0 f   xhb:hash.obj
 0001:000271c0       _hb_hashRemove             004281c0 f   xhb:hash.obj
 0001:00027460       _hb_hashSet                00428460 f   xhb:hash.obj
 0001:00027540       _hb_hashSetForward         00428540 f   xhb:hash.obj
 0001:00027630       _hb_hashGet                00428630 f   xhb:hash.obj
 0001:00027730       _hb_hashGetForward         00428730 f   xhb:hash.obj
 0001:00027830       _hb_hashPreallocate        00428830 f   xhb:hash.obj
 0001:00027910       _hb_hashClone              00428910 f   xhb:hash.obj
 0001:00027a60       _hb_hashMerge              00428a60 f   xhb:hash.obj
 0001:00027ef0       _hb_hashSetAACompatibility 00428ef0 f   xhb:hash.obj
 0001:00027fa0       _hb_hashReleaseBase        00428fa0 f   xhb:hash.obj
 0001:000280a0       _hb_hashRelease            004290a0 f   xhb:hash.obj
 0001:00028120       _hb_hashReleaseGarbage     00429120 f   xhb:hash.obj
 0001:000281d0       _hb_hashGetKeys            004291d0 f   xhb:hash.obj
 0001:000282c0       _hb_hashGetValues          004292c0 f   xhb:hash.obj
 0001:000283b0       _hb_hashGetKeyAt           004293b0 f   xhb:hash.obj
 0001:00028440       _hb_hashGetValueAt         00429440 f   xhb:hash.obj
 0001:000284c0       _HB_FUN_HASH               004294c0 f   xhb:hash.obj
 0001:000285e0       _HB_FUN_HGETPOS            004295e0 f   xhb:hash.obj
 0001:00028680       _HB_FUN_HAAGETPOS          00429680 f   xhb:hash.obj
 0001:00028760       _HB_FUN_HHASKEY            00429760 f   xhb:hash.obj
 0001:00028800       _HB_FUN_HGET               00429800 f   xhb:hash.obj
 0001:000288e0       _HB_FUN_HSET               004298e0 f   xhb:hash.obj
 0001:00028980       _HB_FUN_HDEL               00429980 f   xhb:hash.obj
 0001:00028a40       _HB_FUN_HGETKEYAT          00429a40 f   xhb:hash.obj
 0001:00028b10       _HB_FUN_HAAGETKEYAT        00429b10 f   xhb:hash.obj
 0001:00028c30       _HB_FUN_HGETVALUEAT        00429c30 f   xhb:hash.obj
 0001:00028d00       _HB_FUN_HAAGETVALUEAT      00429d00 f   xhb:hash.obj
 0001:00028e20       _HB_FUN_HSETVALUEAT        00429e20 f   xhb:hash.obj
 0001:00028f30       _HB_FUN_HAASETVALUEAT      00429f30 f   xhb:hash.obj
 0001:000290a0       _HB_FUN_HGETPAIRAT         0042a0a0 f   xhb:hash.obj
 0001:00029280       _HB_FUN_HDELAT             0042a280 f   xhb:hash.obj
 0001:00029340       _HB_FUN_HAADELAT           0042a340 f   xhb:hash.obj
 0001:00029450       _HB_FUN_HGETKEYS           0042a450 f   xhb:hash.obj
 0001:000294c0       _HB_FUN_HGETVALUES         0042a4c0 f   xhb:hash.obj
 0001:00029530       _HB_FUN_HGETVAAPOS         0042a530 f   xhb:hash.obj
 0001:000295e0       _HB_FUN_HFILL              0042a5e0 f   xhb:hash.obj
 0001:000296d0       _HB_FUN_HSCAN              0042a6d0 f   xhb:hash.obj
 0001:00029800       _HB_FUN_HEVAL              0042a800 f   xhb:hash.obj
 0001:00029920       _HB_FUN_HCLONE             0042a920 f   xhb:hash.obj
 0001:00029990       _HB_FUN_HCOPY              0042a990 f   xhb:hash.obj
 0001:00029ad0       _HB_FUN_HMERGE             0042aad0 f   xhb:hash.obj
 0001:00029b80       _hb_hashSetCaseMatch       0042ab80 f   xhb:hash.obj
 0001:00029bc0       _HB_FUN_HSETCASEMATCH      0042abc0 f   xhb:hash.obj
 0001:00029c50       _HB_FUN_HGETCASEMATCH      0042ac50 f   xhb:hash.obj
 0001:00029cb0       _HB_FUN_HSETAUTOADD        0042acb0 f   xhb:hash.obj
 0001:00029d30       _HB_FUN_HGETAUTOADD        0042ad30 f   xhb:hash.obj
 0001:00029d90       _HB_FUN_HSETPARTITION      0042ad90 f   xhb:hash.obj
 0001:00029f60       _HB_FUN_HGETPARTITION      0042af60 f   xhb:hash.obj
 0001:0002a060       _HB_FUN_HALLOCATE          0042b060 f   xhb:hash.obj
 0001:0002a0f0       _HB_FUN_HSETAACOMPATIBILITY 0042b0f0 f   xhb:hash.obj
 0001:0002a190       _HB_FUN_HGETAACOMPATIBILITY 0042b190 f   xhb:hash.obj
 0001:0002a1f0       _HB_FUN_HAAGETREALPOS      0042b1f0 f   xhb:hash.obj
 0001:0002a270       _hb_hashAAGetRealPos       0042b270 f   xhb:hash.obj
 0001:0002a2b0       _hb_hashLen                0042b2b0 f   xhb:hash.obj
 0001:0002a2d0       _hb_hashGetCompatibility   0042b2d0 f   xhb:hash.obj
 0001:0002a300       _hb_hashId                 0042b300 f   xhb:hash.obj
 0001:0002a320       _HB_FUN_HB_HASHID          0042b320 f   xhb:hash.obj
 0001:0002a350       _HB_FUN_VALTYPE            0042b350 f   xhb:valtype.obj
 0001:0002a380       _HB_FUN_ISNULL             0042b380 f   xhb:valtype.obj
 0001:0002a3c0       _HB_FUN_SETNULL            0042b3c0 f   xhb:valtype.obj
 0001:0002a3f0       _HB_FUN_HB_ISBYREF         0042b3f0 f   xhb:valtype.obj
 0001:0002a450       _HB_FUN_HB_ISNIL           0042b450 f   xhb:valtype.obj
 0001:0002a490       _HB_FUN_HB_ISNUMERIC       0042b490 f   xhb:valtype.obj
 0001:0002a4c0       _HB_FUN_HB_ISLOGICAL       0042b4c0 f   xhb:valtype.obj
 0001:0002a4f0       _HB_FUN_HB_ISDATE          0042b4f0 f   xhb:valtype.obj
 0001:0002a520       _HB_FUN_HB_ISDATETIME      0042b520 f   xhb:valtype.obj
 0001:0002a550       _HB_FUN_HB_ISTIMESTAMP     0042b550 f   xhb:valtype.obj
 0001:0002a580       _HB_FUN_HB_ISBLOCK         0042b580 f   xhb:valtype.obj
 0001:0002a5b0       _HB_FUN_HB_ISPOINTER       0042b5b0 f   xhb:valtype.obj
 0001:0002a5e0       _HB_FUN_HB_ISSTRING        0042b5e0 f   xhb:valtype.obj
 0001:0002a610       _HB_FUN_HB_ISCHAR          0042b610 f   xhb:valtype.obj
 0001:0002a640       _HB_FUN_HB_ISMEMO          0042b640 f   xhb:valtype.obj
 0001:0002a670       _HB_FUN_HB_ISARRAY         0042b670 f   xhb:valtype.obj
 0001:0002a6c0       _HB_FUN_HB_ISOBJECT        0042b6c0 f   xhb:valtype.obj
 0001:0002a6e0       _HB_FUN_HB_ISHASH          0042b6e0 f   xhb:valtype.obj
 0001:0002a710       _HB_FUN_HB_ISNULL          0042b710 f   xhb:valtype.obj
 0001:0002a7d0       _HB_FUN_LEN                0042b7d0 f   xhb:len.obj
 0001:0002a890       _HB_FUN_CSTR               0042b890 f   xhb:cstr.obj
 0001:0002a8b0       _HB_FUN_CSTRTOVAL          0042b8b0 f   xhb:cstr.obj
 0001:0002a8d0       _HB_FUN_STRINGTOLITERAL    0042b8d0 f   xhb:cstr.obj
 0001:0002a8f0       _HB_FUN_VALTOPRG           0042b8f0 f   xhb:cstr.obj
 0001:0002a910       _HB_FUN_VALTOPRGEXP        0042b910 f   xhb:cstr.obj
 0001:0002a930       _HB_FUN_PRGEXPTOVAL        0042b930 f   xhb:cstr.obj
 0001:0002a950       _HB_FUN_VALTOARRAY         0042b950 f   xhb:cstr.obj
 0001:0002a970       _HB_FUN_VALTOBLOCK         0042b970 f   xhb:cstr.obj
 0001:0002a990       _HB_FUN_VALTOCHARACTER     0042b990 f   xhb:cstr.obj
 0001:0002a9b0       _HB_FUN_VALTODATE          0042b9b0 f   xhb:cstr.obj
 0001:0002a9d0       _HB_FUN_VALTOHASH          0042b9d0 f   xhb:cstr.obj
 0001:0002a9f0       _HB_FUN_VALTOLOGICAL       0042b9f0 f   xhb:cstr.obj
 0001:0002aa10       _HB_FUN_VALTONUMBER        0042ba10 f   xhb:cstr.obj
 0001:0002aa30       _HB_FUN_VALTOOBJECT        0042ba30 f   xhb:cstr.obj
 0001:0002aa50       _HB_FUN_VALTOTYPE          0042ba50 f   xhb:cstr.obj
 0001:0002aab0       _HB_FUN_TIPENCODERURL      0042bab0 f   xhb:encurl.obj
 0001:0002ab10       _HB_FUN_TIPENCODERURL_ENCODE 0042bb10 f   xhb:encurl.obj
 0001:0002ace0       _HB_FUN_TIPENCODERURL_DECODE 0042bce0 f   xhb:encurl.obj
 0001:0002ae50       _HB_FUN_LEFT               0042be50 f   xhb:left.obj
 0001:0002af70       _HB_FUN_ALERT              0042bf70 f   xhb:alert.obj
 0001:0002af90       _HB_FUN___NONOALERT        0042bf90 f   xhb:alert.obj
 0001:0002b010       _HB_FUN_TIPENCODERBASE64   0042c010 f   xhb:encb64.obj
 0001:0002b070       _HB_FUN_TIPENCODERBASE64_ENCODE 0042c070 f   xhb:encb64.obj
 0001:0002b350       _HB_FUN_TIPENCODERBASE64_DECODE 0042c350 f   xhb:encb64.obj
 0001:0002b530       _HB_FUN_EMPTY              0042c530 f   xhb:empty.obj
 0001:0002b790       _hb_getregex               0042c790 f   xhb:regex.obj
 0001:0002b870       _hb_freeregex              0042c870 f   xhb:regex.obj
 0001:0002b890       _hb_regexCompile           0042c890 f   xhb:regex.obj
 0001:0002b920       _hb_regexGet               0042c920 f   xhb:regex.obj
 0001:0002b9e0       _hb_regexFree              0042c9e0 f   xhb:regex.obj
 0001:0002ba20       _hb_regexMatch             0042ca20 f   xhb:regex.obj
 0001:0002baa0       _hb_regex                  0042caa0 f   xhb:regex.obj
 0001:0002c530       _Wild2RegEx                0042d530 f   xhb:regex.obj
 0001:0002c660       _Mask2RegEx                0042d660 f   xhb:regex.obj
 0001:0002c730       _HB_FUN_HB_ATX             0042d730 f   xhb:regex.obj
 0001:0002ca00       _HB_FUN_WILD2REGEX         0042da00 f   xhb:regex.obj
 0001:0002ca60       _HB_FUN_HB_REGEX           0042da60 f   xhb:regex.obj
 0001:0002ca80       _HB_FUN_HB_REGEXATX        0042da80 f   xhb:regex.obj
 0001:0002caa0       _HB_FUN_HB_REGEXALL        0042daa0 f   xhb:regex.obj
 0001:0002cac0       _HB_FUN_HB_REGEXMATCH      0042dac0 f   xhb:regex.obj
 0001:0002cb10       _HB_FUN_HB_REGEXSPLIT      0042db10 f   xhb:regex.obj
 0001:0002cb30       _HB_FUN_HB_REGEXCOMP       0042db30 f   xhb:regex.obj
 0001:0002ccc0       _HB_FUN_HB_PCRE_VERSION    0042dcc0 f   xhb:regex.obj
 0001:0002cce0       _HB_FUN_HB_ISREGEXSTRING   0042dce0 f   xhb:regex.obj
 0001:0002cd40       _HB_FUN_HB_FORCELINK_PCREPOS 0042dd40 f   xhb:regex.obj
 0001:0002cd50       _HB_FUN_VAL                0042dd50 f   xhb:val.obj
 0001:0002ce00       _hb_strLower               0042de00 f   xhb:strcase.obj
 0001:0002ce80       _hb_strLowerCopy           0042de80 f   xhb:strcase.obj
 0001:0002cf20       _hb_strUpperCopy           0042df20 f   xhb:strcase.obj
 0001:0002cfc0       _hb_strUpper               0042dfc0 f   xhb:strcase.obj
 0001:0002d040       _hb_charLower              0042e040 f   xhb:strcase.obj
 0001:0002d090       _hb_charUpper              0042e090 f   xhb:strcase.obj
 0001:0002d0e0       _HB_FUN_LOWER              0042e0e0 f   xhb:strcase.obj
 0001:0002d150       _HB_FUN_UPPER              0042e150 f   xhb:strcase.obj
 0001:0002d1c0       _HB_FUN_SUBSTR             0042e1c0 f   xhb:substr.obj
 0001:0002d330       _HB_FUN_AT                 0042e330 f   xhb:at.obj
 0001:0002d490       _hb_AtSkipStrings          0042e490 f   xhb:at.obj
 0001:0002d640       _HB_FUN_ATSKIPSTRINGS      0042e640 f   xhb:at.obj
 0001:0002d6d0       _hb_hextonum               0042e6d0 f   xhb:hbhex2n.obj
 0001:0002d7c0       _HB_FUN_NUMTOHEX           0042e7c0 f   xhb:hbhex2n.obj
 0001:0002d960       _HB_FUN_HEXTONUM           0042e960 f   xhb:hbhex2n.obj
 0001:0002d9c0       _HB_FUN_STRTOHEX           0042e9c0 f   xhb:hbhex2n.obj
 0001:0002db50       _HB_FUN_HEXTOSTR           0042eb50 f   xhb:hbhex2n.obj
 0001:0002dc70       _HB_FUN_RIGHT              0042ec70 f   xhb:right.obj
 0001:0002e200       _hb_arraySort              0042f200 f   xhb:asort.obj
 0001:0002e2c0       _HB_FUN_ASORT              0042f2c0 f   xhb:asort.obj
 0001:0002e360       _HB_FUN_REPLICATE          0042f360 f   xhb:replic.obj
 0001:0002e4c0       _HB_FUN_SPACE              0042f4c0 f   xhb:space.obj
 0001:0002e550       _HB_FUN_HB_RANDOM          0042f550 f   xhb:hbrandom.obj
 0001:0002e610       _HB_FUN_HB_RANDOMINT       0042f610 f   xhb:hbrandom.obj
 0001:0002e740       _HB_FUN_HB_RANDOMSEED      0042f740 f   xhb:hbrandom.obj
 0001:0002e780       _hb_random_num             0042f780 f   xhb:hbrandom.obj
 0001:0002e7e0       _HB_FUN_STRTRAN            0042f7e0 f   xhb:strtran.obj
 0001:0002eb40       _HB_FUN_RAT                0042fb40 f   xhb:rat.obj
 0001:0002ec50       _hb_xalloc                 0042fc50 f   xhb:fm.obj
 0001:0002eca0       _hb_xgrab                  0042fca0 f   xhb:fm.obj
 0001:0002ed00       _hb_xrealloc               0042fd00 f   xhb:fm.obj
 0001:0002eda0       _hb_xfree                  0042fda0 f   xhb:fm.obj
 0001:0002ede0       _hb_xRefInc                0042fde0 f   xhb:fm.obj
 0001:0002edf0       _hb_xRefDec                0042fdf0 f   xhb:fm.obj
 0001:0002ee20       _hb_xRefFree               0042fe20 f   xhb:fm.obj
 0001:0002ee50       _hb_xRefCount              0042fe50 f   xhb:fm.obj
 0001:0002ee60       _hb_xRefResize             0042fe60 f   xhb:fm.obj
 0001:0002ef30       _hb_xautorelease           0042ff30 f   xhb:fm.obj
 0001:0002ef40       _hb_xsize                  0042ff40 f   xhb:fm.obj
 0001:0002ef50       _hb_xinit                  0042ff50 f   xhb:fm.obj
 0001:0002ef70       _hb_xexit                  0042ff70 f   xhb:fm.obj
 0001:0002ef80       _hb_xquery                 0042ff80 f   xhb:fm.obj
 0001:0002f120       _HB_FUN_MEMORY             00430120 f   xhb:fm.obj
 0001:0002f150       _HB_FUN_HB_FM_NOSTAT       00430150 f   xhb:fm.obj
 0001:0002f160       _hb_arrayNew               00430160 f   xhb:arrays.obj
 0001:0002f220       _hb_arraySize              00430220 f   xhb:arrays.obj
 0001:0002f4a0       _hb_arrayLen               004304a0 f   xhb:arrays.obj
 0001:0002f4c0       _hb_arrayIsObject          004304c0 f   xhb:arrays.obj
 0001:0002f500       _hb_arrayId                00430500 f   xhb:arrays.obj
 0001:0002f520       _hb_arrayAdd               00430520 f   xhb:arrays.obj
 0001:0002f5a0       _hb_arrayAddForward        004305a0 f   xhb:arrays.obj
 0001:0002f620       _hb_arrayDel               00430620 f   xhb:arrays.obj
 0001:0002f710       _hb_arrayIns               00430710 f   xhb:arrays.obj
 0001:0002f7b0       _hb_arraySet               004307b0 f   xhb:arrays.obj
 0001:0002f820       _hb_arraySetForward        00430820 f   xhb:arrays.obj
 0001:0002f890       _hb_arrayGet               00430890 f   xhb:arrays.obj
 0001:0002f920       _hb_arrayGetForward        00430920 f   xhb:arrays.obj
 0001:0002f9b0       _hb_arrayGetByRef          004309b0 f   xhb:arrays.obj
 0001:0002fad0       _hb_arrayGetDS             00430ad0 f   xhb:arrays.obj
 0001:0002fb30       _hb_arrayGetDTS            00430b30 f   xhb:arrays.obj
 0001:0002fb90       _hb_arrayGetDL             00430b90 f   xhb:arrays.obj
 0001:0002fbe0       _hb_arrayGetT              00430be0 f   xhb:arrays.obj
 0001:0002fc30       _hb_arrayGetDTsec          00430c30 f   xhb:arrays.obj
 0001:0002fc90       _hb_arrayGetDTD            00430c90 f   xhb:arrays.obj
 0001:0002fcf0       _hb_arrayGetItemPtr        00430cf0 f   xhb:arrays.obj
 0001:0002fd30       _hb_arrayGetL              00430d30 f   xhb:arrays.obj
 0001:0002fd70       _hb_arrayGetNI             00430d70 f   xhb:arrays.obj
 0001:0002fdb0       _hb_arrayGetNL             00430db0 f   xhb:arrays.obj
 0001:0002fdf0       _hb_arrayGetNLL            00430df0 f   xhb:arrays.obj
 0001:0002fe40       _hb_arrayGetNInt           00430e40 f   xhb:arrays.obj
 0001:0002fe90       _hb_arrayGetND             00430e90 f   xhb:arrays.obj
 0001:0002fee0       _hb_arrayCopyC             00430ee0 f   xhb:arrays.obj
 0001:0002ff50       _hb_arrayGetC              00430f50 f   xhb:arrays.obj
 0001:0002ffb0       _hb_arrayGetCPtr           00430fb0 f   xhb:arrays.obj
 0001:00030010       _hb_arrayGetCLen           00431010 f   xhb:arrays.obj
 0001:00030070       _hb_arrayGetPtr            00431070 f   xhb:arrays.obj
 0001:000300b0       _hb_arrayGetType           004310b0 f   xhb:arrays.obj
 0001:000300f0       _hb_arraySetDS             004310f0 f   xhb:arrays.obj
 0001:00030140       _hb_arraySetDL             00431140 f   xhb:arrays.obj
 0001:00030190       _hb_arraySetL              00431190 f   xhb:arrays.obj
 0001:000301e0       _hb_arraySetNI             004311e0 f   xhb:arrays.obj
 0001:00030230       _hb_arraySetNL             00431230 f   xhb:arrays.obj
 0001:00030280       _hb_arraySetNLL            00431280 f   xhb:arrays.obj
 0001:000302d0       _hb_arraySetNInt           004312d0 f   xhb:arrays.obj
 0001:00030320       _hb_arraySetND             00431320 f   xhb:arrays.obj
 0001:00030370       _hb_arraySetC              00431370 f   xhb:arrays.obj
 0001:000303c0       _hb_arraySetCL             004313c0 f   xhb:arrays.obj
 0001:00030410       _hb_arraySetCPtr           00431410 f   xhb:arrays.obj
 0001:00030460       _hb_arraySetPtr            00431460 f   xhb:arrays.obj
 0001:000304b0       _hb_arraySetPtrGC          004314b0 f   xhb:arrays.obj
 0001:00030500       _hb_arrayLast              00431500 f   xhb:arrays.obj
 0001:000305a0       _hb_arrayFill              004315a0 f   xhb:arrays.obj
 0001:00030630       _hb_arrayScan              00431630 f   xhb:arrays.obj
 0001:00030ba0       _hb_arrayEval              00431ba0 f   xhb:arrays.obj
 0001:00030e50       _hb_arrayReleaseBase       00431e50 f   xhb:arrays.obj
 0001:00030f20       _hb_arrayRelease           00431f20 f   xhb:arrays.obj
 0001:00030f60       _hb_arrayCopy              00431f60 f   xhb:arrays.obj
 0001:00031070       _hb_arrayClone2            00432070 f   xhb:arrays.obj
 0001:00031090       _hb_arrayCloneEx           00432090 f   xhb:arrays.obj
 0001:00031240       _hb_arrayClone             00432240 f   xhb:arrays.obj
 0001:00031280       _hb_arrayFromStack         00432280 f   xhb:arrays.obj
 0001:000312e0       _hb_arrayFromParams        004322e0 f   xhb:arrays.obj
 0001:000313b0       _hb_arrayBaseParams        004323b0 f   xhb:arrays.obj
 0001:000313d0       _hb_arraySelfParams        004323d0 f   xhb:arrays.obj
 0001:00031440       _hb_arrayReleaseGarbage    00432440 f   xhb:arrays.obj
 0001:000314d0       _hb_arrayMode              004324d0 f   xhb:arrays.obj
 0001:000314e0       _hb_itemNew                004324e0 f   xhb:itemapi.obj
 0001:00031500       _hb_itemParam              00432500 f   xhb:itemapi.obj
 0001:00031520       _hb_itemParamPtr           00432520 f   xhb:itemapi.obj
 0001:00031540       _hb_itemPCount             00432540 f   xhb:itemapi.obj
 0001:00031560       _hb_itemRelease            00432560 f   xhb:itemapi.obj
 0001:00031580       _hb_itemArrayNew           00432580 f   xhb:itemapi.obj
 0001:000315a0       _hb_itemArrayGet           004325a0 f   xhb:itemapi.obj
 0001:000315d0       _hb_itemArrayPut           004325d0 f   xhb:itemapi.obj
 0001:00031600       _hb_itemSetCMemo           00432600 f   xhb:itemapi.obj
 0001:00031620       _hb_itemGetC               00432620 f   xhb:itemapi.obj
 0001:00031670       _hb_itemGetCPtr            00432670 f   xhb:itemapi.obj
 0001:000316a0       _hb_itemGetCLen            004326a0 f   xhb:itemapi.obj
 0001:000316d0       _hb_itemCopyC              004326d0 f   xhb:itemapi.obj
 0001:00031720       _hb_itemFreeC              00432720 f   xhb:itemapi.obj
 0001:00031740       _hb_itemGetDS              00432740 f   xhb:itemapi.obj
 0001:00031780       _hb_itemGetDTS             00432780 f   xhb:itemapi.obj
 0001:000317c0       _hb_itemGetDL              004327c0 f   xhb:itemapi.obj
 0001:000317e0       _hb_itemGetT               004327e0 f   xhb:itemapi.obj
 0001:00031800       _hb_itemGetTsec            00432800 f   xhb:itemapi.obj
 0001:00031830       _hb_itemGetDTsec           00432830 f   xhb:itemapi.obj
 0001:00031870       _hb_itemGetDTD             00432870 f   xhb:itemapi.obj
 0001:000318b0       _hb_itemGetDTL             004328b0 f   xhb:itemapi.obj
 0001:000318f0       _hb_itemGetD               004328f0 f   xhb:itemapi.obj
 0001:00031950       _hb_itemGetDT              00432950 f   xhb:itemapi.obj
 0001:000319f0       _hb_itemGetL               004329f0 f   xhb:itemapi.obj
 0001:00031af0       _hb_itemGetND              00432af0 f   xhb:itemapi.obj
 0001:00031bc0       _hb_itemGetNDDec           00432bc0 f   xhb:itemapi.obj
 0001:00031cc0       _hb_itemGetNI              00432cc0 f   xhb:itemapi.obj
 0001:00031d70       _hb_itemGetNL              00432d70 f   xhb:itemapi.obj
 0001:00031e20       _hb_itemGetPtr             00432e20 f   xhb:itemapi.obj
 0001:00031e40       _hb_itemGetPtrGC           00432e40 f   xhb:itemapi.obj
 0001:00031e80       _hb_itemGetSymbol          00432e80 f   xhb:itemapi.obj
 0001:00031eb0       _hb_itemPutDate            00432eb0 f   xhb:itemapi.obj
 0001:00031f00       _hb_itemPutDS              00432f00 f   xhb:itemapi.obj
 0001:00031f20       _hb_itemPutDTS             00432f20 f   xhb:itemapi.obj
 0001:00031f60       _hb_itemPutD               00432f60 f   xhb:itemapi.obj
 0001:00031f90       _hb_itemPutDT              00432f90 f   xhb:itemapi.obj
 0001:00031ff0       _hb_itemPutTDT             00432ff0 f   xhb:itemapi.obj
 0001:00032040       _hb_itemPutDL              00433040 f   xhb:itemapi.obj
 0001:00032060       _hb_itemPutDTL             00433060 f   xhb:itemapi.obj
 0001:000320a0       _hb_itemPutDTsec           004330a0 f   xhb:itemapi.obj
 0001:000320f0       _hb_itemPutDTD             004330f0 f   xhb:itemapi.obj
 0001:00032130       _hb_itemPutL               00433130 f   xhb:itemapi.obj
 0001:00032180       _hb_itemPutND              00433180 f   xhb:itemapi.obj
 0001:000321a0       _hb_itemPutNDDec           004331a0 f   xhb:itemapi.obj
 0001:00032240       _hb_itemPutNI              00433240 f   xhb:itemapi.obj
 0001:000322b0       _hb_itemPutNL              004332b0 f   xhb:itemapi.obj
 0001:00032320       _hb_itemPutNLen            00433320 f   xhb:itemapi.obj
 0001:00032420       _hb_itemPutNDLen           00433420 f   xhb:itemapi.obj
 0001:000324d0       _hb_itemPutNILen           004334d0 f   xhb:itemapi.obj
 0001:00032550       _hb_itemPutNLLen           00433550 f   xhb:itemapi.obj
 0001:000325d0       _hb_itemPutSymbol          004335d0 f   xhb:itemapi.obj
 0001:00032650       _hb_itemGetNLen            00433650 f   xhb:itemapi.obj
 0001:00032700       _hb_itemSize               00433700 f   xhb:itemapi.obj
 0001:00032750       _hb_itemType               00433750 f   xhb:itemapi.obj
 0001:00032770       _hb_itemTypeStr            00433770 f   xhb:itemapi.obj
 0001:00032920       _hb_itemUnRef              00433920 f   xhb:itemapi.obj
 0001:00032950       _hb_itemUnRefOnce          00433950 f   xhb:itemapi.obj
 0001:00032a80       _hb_itemUnShareString      00433a80 f   xhb:itemapi.obj
 0001:00032b40       _hb_itemUnShare            00433b40 f   xhb:itemapi.obj
 0001:00032b80       _hb_itemGetWriteCL         00433b80 f   xhb:itemapi.obj
 0001:00032be0       _hb_itemClone              00433be0 f   xhb:itemapi.obj
 0001:00032c30       _hb_itemStrCmp             00433c30 f   xhb:itemapi.obj
 0001:00032d70       _hb_itemStrBuf             00433d70 f   xhb:itemapi.obj
 0001:00033360       _hb_itemStr                00434360 f   xhb:itemapi.obj
 0001:00033450       _hb_itemString             00434450 f   xhb:itemapi.obj
 0001:000336f0       _hb_itemPadConv            004346f0 f   xhb:itemapi.obj
 0001:000337d0       _hb_itemValToStr           004347d0 f   xhb:itemapi.obj
 0001:00033820       _hb_itemGetNLL             00434820 f   xhb:itemapi.obj
 0001:000338d0       _hb_itemPutNLL             004348d0 f   xhb:itemapi.obj
 0001:00033960       _hb_itemPutNLLLen          00434960 f   xhb:itemapi.obj
 0001:00033a00       _hb_itemPutNInt            00434a00 f   xhb:itemapi.obj
 0001:00033a60       _hb_itemPutNIntLen         00434a60 f   xhb:itemapi.obj
 0001:00033ad0       _hb_itemGetNInt            00434ad0 f   xhb:itemapi.obj
 0001:00033b80       _hb_itemPutHBLong          00434b80 f   xhb:itemapi.obj
 0001:00033c10       _hb_itemPutNumType         00434c10 f   xhb:itemapi.obj
 0001:00033cd0       _hb_itemPutNull            00434cd0 f   xhb:itemapi.obj
 0001:00033cf0       _hb_dateEncode             00434cf0 f   xhb:hbdate.obj
 0001:00033e20       _hb_dateDecode             00434e20 f   xhb:hbdate.obj
 0001:00033f20       _hb_dateStrPut             00434f20 f   xhb:hbdate.obj
 0001:00034050       _hb_dateStrGet             00435050 f   xhb:hbdate.obj
 0001:00034120       _hb_dateDecStr             00435120 f   xhb:hbdate.obj
 0001:00034180       _hb_dateEncStr             00435180 f   xhb:hbdate.obj
 0001:000341c0       _hb_dateFormat             004351c0 f   xhb:hbdate.obj
 0001:00034570       _hb_dateJulianDOW          00435570 f   xhb:hbdate.obj
 0001:000345a0       _hb_timeFormat             004355a0 f   xhb:hbdate.obj
 0001:00034ae0       _hb_datetimeFormat         00435ae0 f   xhb:hbdate.obj
 0001:00034b60       _hb_dateDOW                00435b60 f   xhb:hbdate.obj
 0001:00034bf0       _hb_dateToday              00435bf0 f   xhb:hbdate.obj
 0001:00034c20       _hb_dateTimeStr            00435c20 f   xhb:hbdate.obj
 0001:00034c60       _hb_dbaselockEncode        00435c60 f   xhb:hbdate.obj
 0001:00034cb0       _hb_timeStampEncode        00435cb0 f   xhb:hbdate.obj
 0001:00034d10       _hb_timeStampDecode        00435d10 f   xhb:hbdate.obj
 0001:00034df0       _hb_timeStampStr           00435df0 f   xhb:hbdate.obj
 0001:00034e50       _hb_dateTimeStampStr       00435e50 f   xhb:hbdate.obj
 0001:00034ed0       _hb_dateTimeStampStrGet    00435ed0 f   xhb:hbdate.obj
 0001:000350b0       _hb_dateTime               004360b0 f   xhb:hbdate.obj
 0001:000350f0       _hb_timeEncodeSec          004360f0 f   xhb:hbdate.obj
 0001:00035150       _hb_timeEncode             00436150 f   xhb:hbdate.obj
 0001:000351c0       _hb_timeDecode             004361c0 f   xhb:hbdate.obj
 0001:00035250       _hb_timeDecodeSec          00436250 f   xhb:hbdate.obj
 0001:000352a0       _hb_timeStrGet             004362a0 f   xhb:hbdate.obj
 0001:000353e0       _hb_datetimeEncode         004363e0 f   xhb:hbdate.obj
 0001:00035510       _hb_datetimeDecode         00436510 f   xhb:hbdate.obj
 0001:00035550       _hb_timeEncStr             00436550 f   xhb:hbdate.obj
 0001:00035600       _hb_timeDecStr             00436600 f   xhb:hbdate.obj
 0001:00035650       _hb_datetimeEncStr         00436650 f   xhb:hbdate.obj
 0001:000356a0       _hb_datetimeDecStr         004366a0 f   xhb:hbdate.obj
 0001:000356d0       _hb_datetimePack           004366d0 f   xhb:hbdate.obj
 0001:000356f0       _hb_datetimePackInSec      004366f0 f   xhb:hbdate.obj
 0001:00035710       _hb_datetimeUnpack         00436710 f   xhb:hbdate.obj
 0001:00035770       _hb_timeStampUnpackDT      00436770 f   xhb:hbdate.obj
 0001:000357e0       _hb_comp_datetimeEncStr    004367e0 f   xhb:hbdate.obj
 0001:00035810       _hb_comp_datetimeDecStr    00436810 f   xhb:hbdate.obj
 0001:00035850       _hb_comp_datetimeEncode    00436850 f   xhb:hbdate.obj
 0001:00036580       _hb_printf_params          00437580 f   xhb:hbprintf.obj
 0001:00036930       _hb_vsnprintf              00437930 f   xhb:hbprintf.obj
 0001:00037e20       _hb_snprintf               00438e20 f   xhb:hbprintf.obj
 0001:00037e50       _HB_FUN_HB_CODEPAGE_EN     00438e50 f   xhb:cdpapi.obj
 0001:00037e60       _hb_cdppage                00438e60 f   xhb:cdpapi.obj
 0001:00038180       _hb_cdpRegister            00439180 f   xhb:cdpapi.obj
 0001:000386e0       _hb_cdpFind                004396e0 f   xhb:cdpapi.obj
 0001:00038710       _hb_cdpcharsetFind         00439710 f   xhb:cdpapi.obj
 0001:00038760       _hb_cdpSelect              00439760 f   xhb:cdpapi.obj
 0001:00038780       _hb_cdpID                  00439780 f   xhb:cdpapi.obj
 0001:000387a0       _hb_cdpSelectID            004397a0 f   xhb:cdpapi.obj
 0001:000387d0       _hb_cdpTranslate           004397d0 f   xhb:cdpapi.obj
 0001:00038930       _hb_cdpnTranslate          00439930 f   xhb:cdpapi.obj
 0001:00038a90       _hb_cdpGetU16              00439a90 f   xhb:cdpapi.obj
 0001:00038ae0       _hb_cdpGetChar             00439ae0 f   xhb:cdpapi.obj
 0001:00038b70       _hb_cdpUTF8StringSubstr    00439b70 f   xhb:cdpapi.obj
 0001:00038c70       _hb_cdpUTF8StringPeek      00439c70 f   xhb:cdpapi.obj
 0001:00038d10       _hb_cdpUTF8StringLength    00439d10 f   xhb:cdpapi.obj
 0001:00038d60       _hb_cdpStringInUTF8Length  00439d60 f   xhb:cdpapi.obj
 0001:00038da0       _hb_cdpStringInUTF8Length2 00439da0 f   xhb:cdpapi.obj
 0001:00038df0       _hb_cdpUTF8ToStrn          00439df0 f   xhb:cdpapi.obj
 0001:00038ef0       _hb_cdpGetFromUTF8         00439ef0 f   xhb:cdpapi.obj
 0001:00038fa0       _hb_cdpStrnToUTF8          00439fa0 f   xhb:cdpapi.obj
 0001:000390b0       _hb_cdpStrnToUTF8n         0043a0b0 f   xhb:cdpapi.obj
 0001:00039220       _hb_cdpStrnToU16           0043a220 f   xhb:cdpapi.obj
 0001:00039320       _hb_cdpnDupLen             0043a320 f   xhb:cdpapi.obj
 0001:00039390       _hb_cdpnDup2Len            0043a390 f   xhb:cdpapi.obj
 0001:00039410       _hb_cdpDup                 0043a410 f   xhb:cdpapi.obj
 0001:00039450       _hb_cdpnDup                0043a450 f   xhb:cdpapi.obj
 0001:00039580       _hb_cdpnDup2               0043a580 f   xhb:cdpapi.obj
 0001:000396b0       _hb_cdpnDup3               0043a6b0 f   xhb:cdpapi.obj
 0001:00039850       _hb_cdpchrcmp              0043a850 f   xhb:cdpapi.obj
 0001:00039980       _hb_cdpcmp                 0043a980 f   xhb:cdpapi.obj
 0001:00039d90       _hb_cdpicmp                0043ad90 f   xhb:cdpapi.obj
 0001:0003a110       _hb_cdpReleaseAll          0043b110 f   xhb:cdpapi.obj
 0001:0003a200       _HB_FUN_HB_CDPSELECT       0043b200 f   xhb:cdpapi.obj
 0001:0003a240       _HB_FUN_HB_CDPUNIID        0043b240 f   xhb:cdpapi.obj
 0001:0003a270       _HB_FUN_HB_SETCODEPAGE     0043b270 f   xhb:cdpapi.obj
 0001:0003a280       _HB_FUN_HB_TRANSLATE       0043b280 f   xhb:cdpapi.obj
 0001:0003a370       _HB_FUN_HB_CDPLIST         0043b370 f   xhb:cdpapi.obj
 0001:0003a3c0       _HB_FUN_HB_STRTOUTF8       0043b3c0 f   xhb:cdpapi.obj
 0001:0003a480       _HB_FUN_HB_UTF8CHR         0043b480 f   xhb:cdpapi.obj
 0001:0003a4e0       _HB_FUN_HB_UTF8TOSTR       0043b4e0 f   xhb:cdpapi.obj
 0001:0003a5d0       _HB_FUN_HB_UTF8SUBSTR      0043b5d0 f   xhb:cdpapi.obj
 0001:0003a6f0       _HB_FUN_HB_UTF8LEFT        0043b6f0 f   xhb:cdpapi.obj
 0001:0003a790       _HB_FUN_HB_UTF8RIGHT       0043b790 f   xhb:cdpapi.obj
 0001:0003a860       _HB_FUN_HB_UTF8PEEK        0043b860 f   xhb:cdpapi.obj
 0001:0003a8f0       _HB_FUN_HB_UTF8POKE        0043b8f0 f   xhb:cdpapi.obj
 0001:0003aac0       _HB_FUN_HB_UTF8STUFF       0043bac0 f   xhb:cdpapi.obj
 0001:0003ac40       _HB_FUN_HB_UTF8LEN         0043bc40 f   xhb:cdpapi.obj
 0001:0003ac90       _HB_FUN_HB_UTF8STRTRAN     0043bc90 f   xhb:cdpapi.obj
 0001:0003aca0       _hb_itemPushForward        0043bca0 f   xhb:fastitem.obj
 0001:0003ace0       _hb_itemForwardValue       0043bce0 f   xhb:fastitem.obj
 0001:0003ad40       _hb_itemReturn             0043bd40 f   xhb:fastitem.obj
 0001:0003ad60       _hb_itemReturnForward      0043bd60 f   xhb:fastitem.obj
 0001:0003ad80       _hb_itemReturnRelease      0043bd80 f   xhb:fastitem.obj
 0001:0003adb0       _hb_itemReleaseString      0043bdb0 f   xhb:fastitem.obj
 0001:0003ae10       _hb_itemClear              0043be10 f   xhb:fastitem.obj
 0001:0003afe0       _hb_itemSwap               0043bfe0 f   xhb:fastitem.obj
 0001:0003b020       _hb_itemCopy               0043c020 f   xhb:fastitem.obj
 0001:0003b200       _hb_itemPutC               0043c200 f   xhb:fastitem.obj
 0001:0003b230       _hb_itemPutCL              0043c230 f   xhb:fastitem.obj
 0001:0003b470       _hb_itemPutCPtr            0043c470 f   xhb:fastitem.obj
 0001:0003b4c0       _hb_itemPutCRaw            0043c4c0 f   xhb:fastitem.obj
 0001:0003b550       _hb_itemPutCRawStatic      0043c550 f   xhb:fastitem.obj
 0001:0003b5b0       _hb_itemPutCStatic         0043c5b0 f   xhb:fastitem.obj
 0001:0003b5e0       _hb_itemPutCLStatic        0043c5e0 f   xhb:fastitem.obj
 0001:0003b650       _hb_itemPutPtr             0043c650 f   xhb:fastitem.obj
 0001:0003b6a0       _hb_itemPutPtrGC           0043c6a0 f   xhb:fastitem.obj
 0001:0003b6d0       _hb_itemPushStaticString   0043c6d0 f   xhb:fastitem.obj
 0001:0003b720       _hb_retcAdopt              0043c720 f   xhb:fastitem.obj
 0001:0003b7c0       _hb_retclenAdopt           0043c7c0 f   xhb:fastitem.obj
 0001:0003b840       _hb_retclenAdoptRaw        0043c840 f   xhb:fastitem.obj
 0001:0003b8b0       _hb_retcStatic             0043c8b0 f   xhb:fastitem.obj
 0001:0003b910       _hb_retclenStatic          0043c910 f   xhb:fastitem.obj
 0001:0003b950       _hb_itemParamId            0043c950 f   xhb:fastitem.obj
 0001:0003b9b0       _hb_param                  0043c9b0 f   xhb:extend.obj
 0001:0003ba60       _hb_paramError             0043ca60 f   xhb:extend.obj
 0001:0003ba90       _hb_extIsArray             0043ca90 f   xhb:extend.obj
 0001:0003bb00       _hb_extIsObject            0043cb00 f   xhb:extend.obj
 0001:0003bb90       _hb_parc                   0043cb90 f   xhb:extend.obj
 0001:0003bc30       _hb_parcx                  0043cc30 f   xhb:extend.obj
 0001:0003bce0       _hb_parclen                0043cce0 f   xhb:extend.obj
 0001:0003bd80       _hb_parcsiz                0043cd80 f   xhb:extend.obj
 0001:0003be20       _hb_pards                  0043ce20 f   xhb:extend.obj
 0001:0003bee0       _hb_pardts                 0043cee0 f   xhb:extend.obj
 0001:0003bfa0       _hb_pardsbuff              0043cfa0 f   xhb:extend.obj
 0001:0003c060       _hb_pardl                  0043d060 f   xhb:extend.obj
 0001:0003c100       _hb_pardtsbuff             0043d100 f   xhb:extend.obj
 0001:0003c1c0       _hb_part                   0043d1c0 f   xhb:extend.obj
 0001:0003c260       _hb_pardtsec               0043d260 f   xhb:extend.obj
 0001:0003c310       _hb_pardtd                 0043d310 f   xhb:extend.obj
 0001:0003c3c0       _hb_parl                   0043d3c0 f   xhb:extend.obj
 0001:0003c540       _hb_parnd                  0043d540 f   xhb:extend.obj
 0001:0003c640       _hb_parni                  0043d640 f   xhb:extend.obj
 0001:0003c730       _hb_parnl                  0043d730 f   xhb:extend.obj
 0001:0003c830       _hb_parnint                0043d830 f   xhb:extend.obj
 0001:0003c940       _hb_parptr                 0043d940 f   xhb:extend.obj
 0001:0003c9e0       _hb_parptrGC               0043d9e0 f   xhb:extend.obj
 0001:0003cac0       _hb_parinfa                0043dac0 f   xhb:extend.obj
 0001:0003cb00       _hb_parinfo                0043db00 f   xhb:extend.obj
 0001:0003cbb0       _hb_pcount                 0043dbb0 f   xhb:extend.obj
 0001:0003cbd0       _hb_ret                    0043dbd0 f   xhb:extend.obj
 0001:0003cc00       _hb_reta                   0043dc00 f   xhb:extend.obj
 0001:0003cc20       _hb_retc                   0043dc20 f   xhb:extend.obj
 0001:0003cc40       _hb_retc_null              0043dc40 f   xhb:extend.obj
 0001:0003cc60       _hb_retclen                0043dc60 f   xhb:extend.obj
 0001:0003cc80       _hb_retds                  0043dc80 f   xhb:extend.obj
 0001:0003cca0       _hb_retdts                 0043dca0 f   xhb:extend.obj
 0001:0003ccc0       _hb_retd                   0043dcc0 f   xhb:extend.obj
 0001:0003cce0       _hb_retdt                  0043dce0 f   xhb:extend.obj
 0001:0003cd20       _hb_retdl                  0043dd20 f   xhb:extend.obj
 0001:0003cd40       _hb_retdtd                 0043dd40 f   xhb:extend.obj
 0001:0003cd60       _hb_retdtl                 0043dd60 f   xhb:extend.obj
 0001:0003cd80       _hb_retl                   0043dd80 f   xhb:extend.obj
 0001:0003cdb0       _hb_retnd                  0043ddb0 f   xhb:extend.obj
 0001:0003cdd0       _hb_retni                  0043ddd0 f   xhb:extend.obj
 0001:0003cdf0       _hb_retnl                  0043ddf0 f   xhb:extend.obj
 0001:0003ce10       _hb_retnlen                0043de10 f   xhb:extend.obj
 0001:0003ce40       _hb_retndlen               0043de40 f   xhb:extend.obj
 0001:0003ce70       _hb_retnilen               0043de70 f   xhb:extend.obj
 0001:0003ce90       _hb_retnllen               0043de90 f   xhb:extend.obj
 0001:0003ceb0       _hb_retptr                 0043deb0 f   xhb:extend.obj
 0001:0003ced0       _hb_retptrGC               0043ded0 f   xhb:extend.obj
 0001:0003cef0       _hb_retnint                0043def0 f   xhb:extend.obj
 0001:0003cf10       _hb_retnintlen             0043df10 f   xhb:extend.obj
 0001:0003cf30       _hb_storc                  0043df30 f   xhb:extend.obj
 0001:0003d000       _hb_storclen               0043e000 f   xhb:extend.obj
 0001:0003d0d0       _hb_storclenAdopt          0043e0d0 f   xhb:extend.obj
 0001:0003d1c0       _hb_stords                 0043e1c0 f   xhb:extend.obj
 0001:0003d290       _hb_stordts                0043e290 f   xhb:extend.obj
 0001:0003d360       _hb_stordl                 0043e360 f   xhb:extend.obj
 0001:0003d430       _hb_stordtd                0043e430 f   xhb:extend.obj
 0001:0003d500       _hb_stordtl                0043e500 f   xhb:extend.obj
 0001:0003d5d0       _hb_stord                  0043e5d0 f   xhb:extend.obj
 0001:0003d6b0       _hb_stordt                 0043e6b0 f   xhb:extend.obj
 0001:0003d7b0       _hb_storl                  0043e7b0 f   xhb:extend.obj
 0001:0003d8b0       _hb_storni                 0043e8b0 f   xhb:extend.obj
 0001:0003d980       _hb_stornl                 0043e980 f   xhb:extend.obj
 0001:0003da50       _hb_stornint               0043ea50 f   xhb:extend.obj
 0001:0003db40       _hb_stornd                 0043eb40 f   xhb:extend.obj
 0001:0003dc10       _hb_storptr                0043ec10 f   xhb:extend.obj
 0001:0003dce0       _hb_stornll                0043ece0 f   xhb:extend.obj
 0001:0003ddc0       _hb_parnll                 0043edc0 f   xhb:extend.obj
 0001:0003deb0       _hb_retnll                 0043eeb0 f   xhb:extend.obj
 0001:0003ded0       _hb_retnlllen              0043eed0 f   xhb:extend.obj
 0001:0003def0       _hb_winmainArgInit         0043eef0 f   xhb:cmdarg.obj
 0001:0003df20       _hb_winmainArgGet          0043ef20 f   xhb:cmdarg.obj
 0001:0003df60       _hb_cmdargInit             0043ef60 f   xhb:cmdarg.obj
 0001:0003df80       _hb_cmdargARGC             0043ef80 f   xhb:cmdarg.obj
 0001:0003df90       _hb_cmdargARGV             0043ef90 f   xhb:cmdarg.obj
 0001:0003dfa0       _hb_cmdargIsInternal       0043efa0 f   xhb:cmdarg.obj
 0001:0003e1f0       _hb_cmdargCheck            0043f1f0 f   xhb:cmdarg.obj
 0001:0003e220       _hb_cmdargString           0043f220 f   xhb:cmdarg.obj
 0001:0003e240       _hb_cmdargNum              0043f240 f   xhb:cmdarg.obj
 0001:0003e280       _HB_FUN_HB_ARGCHECK        0043f280 f   xhb:cmdarg.obj
 0001:0003e2d0       _HB_FUN_HB_ARGSTRING       0043f2d0 f   xhb:cmdarg.obj
 0001:0003e330       _HB_FUN_HB_ARGC            0043f330 f   xhb:cmdarg.obj
 0001:0003e350       _HB_FUN_HB_ARGV            0043f350 f   xhb:cmdarg.obj
 0001:0003e3c0       _hb_cmdargProcessVM        0043f3c0 f   xhb:cmdarg.obj
 0001:0003e5c0       _hb_verCvsID               0043f5c0 f   xhb:cmdarg.obj
 0001:0003e5d0       _hb_verCvsChangeLogID      0043f5d0 f   xhb:cmdarg.obj
 0001:0003e5e0       _hb_verCvsLastEntry        0043f5e0 f   xhb:cmdarg.obj
 0001:0003e5f0       _hb_verFlagsC              0043f5f0 f   xhb:cmdarg.obj
 0001:0003e600       _hb_verFlagsL              0043f600 f   xhb:cmdarg.obj
 0001:0003e610       _hb_verFlagsPRG            0043f610 f   xhb:cmdarg.obj
 0001:0003e620       _HB_FUN_HB_CMDARGARGV      0043f620 f   xhb:cmdarg.obj
 0001:0003e870       _hb_fsGetOsHandle          0043f870 f   xhb:filesys.obj
 0001:0003e880       _hb_fsPOpen                0043f880 f   xhb:filesys.obj
 0001:0003e8a0       _hb_fsOpenProcess          0043f8a0 f   xhb:filesys.obj
 0001:0003ece0       _hb_fsProcessValue         0043fce0 f   xhb:filesys.obj
 0001:0003ed70       _hb_fsCloseProcess         0043fd70 f   xhb:filesys.obj
 0001:0003edc0       _hb_fsOpen                 0043fdc0 f   xhb:filesys.obj
 0001:0003ee60       _hb_fsCreate               0043fe60 f   xhb:filesys.obj
 0001:0003ef00       _hb_fsCreateEx             0043ff00 f   xhb:filesys.obj
 0001:0003efb0       _hb_fsClose                0043ffb0 f   xhb:filesys.obj
 0001:0003efe0       _hb_fsSetDevMode           0043ffe0 f   xhb:filesys.obj
 0001:0003f080       _hb_fsGetFileTime          00440080 f   xhb:filesys.obj
 0001:0003f150       _hb_fsGetAttr              00440150 f   xhb:filesys.obj
 0001:0003f1c0       _hb_fsSetFileTime          004401c0 f   xhb:filesys.obj
 0001:0003f300       _hb_fsSetAttr              00440300 f   xhb:filesys.obj
 0001:0003f390       _hb_fsRead                 00440390 f   xhb:filesys.obj
 0001:0003f400       _hb_fsWrite                00440400 f   xhb:filesys.obj
 0001:0003f490       _hb_fsReadLarge            00440490 f   xhb:filesys.obj
 0001:0003f4e0       _hb_fsWriteLarge           004404e0 f   xhb:filesys.obj
 0001:0003f550       _hb_fsReadAt               00440550 f   xhb:filesys.obj
 0001:0003f630       _hb_fsWriteAt              00440630 f   xhb:filesys.obj
 0001:0003f710       _hb_fsTruncAt              00440710 f   xhb:filesys.obj
 0001:0003f7c0       _hb_fsCommit               004407c0 f   xhb:filesys.obj
 0001:0003f7f0       _hb_fsLock                 004407f0 f   xhb:filesys.obj
 0001:0003f950       _hb_fsLockLarge            00440950 f   xhb:filesys.obj
 0001:0003fb20       _hb_fsSeek                 00440b20 f   xhb:filesys.obj
 0001:0003fbc0       _hb_fsSeekLarge            00440bc0 f   xhb:filesys.obj
 0001:0003fd20       _hb_fsTell                 00440d20 f   xhb:filesys.obj
 0001:0003fd40       _hb_fsDelete               00440d40 f   xhb:filesys.obj
 0001:0003fd90       _hb_fsRename               00440d90 f   xhb:filesys.obj
 0001:0003fe10       _hb_fsMkDir                00440e10 f   xhb:filesys.obj
 0001:0003fe70       _hb_fsChDir                00440e70 f   xhb:filesys.obj
 0001:0003fec0       _hb_fsRmDir                00440ec0 f   xhb:filesys.obj
 0001:0003ff10       _hb_fsCurDir               00440f10 f   xhb:filesys.obj
 0001:0003ff40       _hb_fsCurDirBuff           00440f40 f   xhb:filesys.obj
 0001:00040090       _hb_fsChDrv                00441090 f   xhb:filesys.obj
 0001:00040130       _hb_fsCurDrv               00441130 f   xhb:filesys.obj
 0001:00040170       _hb_fsIsDrv                00441170 f   xhb:filesys.obj
 0001:000401d0       _hb_fsIsDevice             004411d0 f   xhb:filesys.obj
 0001:00040220       _hb_fsExtName              00441220 f   xhb:filesys.obj
 0001:000403c0       _hb_fsExtOpen              004413c0 f   xhb:filesys.obj
 0001:000404f0       _hb_fsEof                  004414f0 f   xhb:filesys.obj
 0001:00040610       _hb_fsCurDirEx             00441610 f   xhb:filesys.obj
 0001:00040640       _hb_fsCurDirBuffEx         00441640 f   xhb:filesys.obj
 0001:00040710       _hb_fsNameConv             00441710 f   xhb:filesys.obj
 0001:00040a10       _HB_FUN_HB_DISABLEWAITLOCKS 00441a10 f   xhb:filesys.obj
 0001:00040a60       _HB_FUN_DISABLEWAITLOCKS   00441a60 f   xhb:filesys.obj
 0001:00040a70       _hb_gtInit                 00441a70 f   xhb:gtapi.obj
 0001:00040b20       _hb_gtExit                 00441b20 f   xhb:gtapi.obj
 0001:00040b80       _hb_gtReadKey              00441b80 f   xhb:gtapi.obj
 0001:00040bb0       _hb_gtBox                  00441bb0 f   xhb:gtapi.obj
 0001:00040c20       _hb_gtBoxD                 00441c20 f   xhb:gtapi.obj
 0001:00040c90       _hb_gtBoxS                 00441c90 f   xhb:gtapi.obj
 0001:00040d00       _hb_gtDrawBox              00441d00 f   xhb:gtapi.obj
 0001:00040d60       _hb_gtColorSelect          00441d60 f   xhb:gtapi.obj
 0001:00040d90       _hb_gtDispBegin            00441d90 f   xhb:gtapi.obj
 0001:00040dc0       _hb_gtDispCount            00441dc0 f   xhb:gtapi.obj
 0001:00040df0       _hb_gtDispEnd              00441df0 f   xhb:gtapi.obj
 0001:00040e20       _hb_gtPreExt               00441e20 f   xhb:gtapi.obj
 0001:00040e50       _hb_gtPostExt              00441e50 f   xhb:gtapi.obj
 0001:00040e80       _hb_gtGetColorStr          00441e80 f   xhb:gtapi.obj
 0001:00040eb0       _hb_gtColorToN             00441eb0 f   xhb:gtapi.obj
 0001:00040ee0       _hb_gtColorsToString       00441ee0 f   xhb:gtapi.obj
 0001:00040f20       _hb_gtSetColorStr          00441f20 f   xhb:gtapi.obj
 0001:00040f50       _hb_gtGetCursor            00441f50 f   xhb:gtapi.obj
 0001:00040f90       _hb_gtSetCursor            00441f90 f   xhb:gtapi.obj
 0001:00040fd0       _hb_gtGetPos               00441fd0 f   xhb:gtapi.obj
 0001:00041030       _hb_gtSetPos               00442030 f   xhb:gtapi.obj
 0001:00041070       _hb_gtMaxCol               00442070 f   xhb:gtapi.obj
 0001:000410a0       _hb_gtMaxRow               004420a0 f   xhb:gtapi.obj
 0001:000410d0       _hb_gtScrDim               004420d0 f   xhb:gtapi.obj
 0001:00041130       _hb_gtSetSnowFlag          00442130 f   xhb:gtapi.obj
 0001:00041160       _hb_gtRectSize             00442160 f   xhb:gtapi.obj
 0001:000411b0       _hb_gtIsColor              004421b0 f   xhb:gtapi.obj
 0001:000411e0       _hb_gtRepChar              004421e0 f   xhb:gtapi.obj
 0001:00041240       _hb_gtSave                 00442240 f   xhb:gtapi.obj
 0001:00041280       _hb_gtRest                 00442280 f   xhb:gtapi.obj
 0001:000412d0       _hb_gtGetChar              004422d0 f   xhb:gtapi.obj
 0001:00041320       _hb_gtPutChar              00442320 f   xhb:gtapi.obj
 0001:00041370       _hb_gtBeginWrite           00442370 f   xhb:gtapi.obj
 0001:00041380       _hb_gtEndWrite             00442380 f   xhb:gtapi.obj
 0001:000413b0       _hb_gtGetBlink             004423b0 f   xhb:gtapi.obj
 0001:000413f0       _hb_gtSetBlink             004423f0 f   xhb:gtapi.obj
 0001:00041420       _hb_gtSetMode              00442420 f   xhb:gtapi.obj
 0001:00041460       _hb_gtPutText              00442460 f   xhb:gtapi.obj
 0001:000414c0       _hb_gtWriteAt              004424c0 f   xhb:gtapi.obj
 0001:00041500       _hb_gtWrite                00442500 f   xhb:gtapi.obj
 0001:00041540       _hb_gtWriteCon             00442540 f   xhb:gtapi.obj
 0001:00041580       _hb_gtScroll               00442580 f   xhb:gtapi.obj
 0001:00041600       _hb_gtScrollUp             00442600 f   xhb:gtapi.obj
 0001:00041650       _hb_gtDrawShadow           00442650 f   xhb:gtapi.obj
 0001:000416a0       _hb_gtTone                 004426a0 f   xhb:gtapi.obj
 0001:000416e0       _hb_gtVersion              004426e0 f   xhb:gtapi.obj
 0001:00041710       _hb_gtSetAttribute         00442710 f   xhb:gtapi.obj
 0001:00041760       _hb_gtSuspend              00442760 f   xhb:gtapi.obj
 0001:00041790       _hb_gtResume               00442790 f   xhb:gtapi.obj
 0001:000417c0       _hb_gtOutStd               004427c0 f   xhb:gtapi.obj
 0001:00041800       _hb_gtOutErr               00442800 f   xhb:gtapi.obj
 0001:00041840       _hb_gtSetDispCP            00442840 f   xhb:gtapi.obj
 0001:00041880       _hb_gtSetKeyCP             00442880 f   xhb:gtapi.obj
 0001:000418c0       _hb_gtInfo                 004428c0 f   xhb:gtapi.obj
 0001:00041900       _hb_gtAlert                00442900 f   xhb:gtapi.obj
 0001:00041950       _hb_gtSetFlag              00442950 f   xhb:gtapi.obj
 0001:00041980       _hb_gtGetCurrColor         00442980 f   xhb:gtapi.obj
 0001:000419b0       _hb_gtGetClearColor        004429b0 f   xhb:gtapi.obj
 0001:000419e0       _hb_gtSetClearColor        004429e0 f   xhb:gtapi.obj
 0001:00041a10       _hb_gtGetClearChar         00442a10 f   xhb:gtapi.obj
[...]
 0001:000aea60       _hb_fptCountFlexItemLength 004afa60 f   DBF:dbffpt1.obj
 0001:000aecbe       _hb_fptStoreFlexItem       004afcbe f   DBF:dbffpt1.obj
 0001:000af193       _hb_fptReadFlexItem        004b0193 f   DBF:dbffpt1.obj
 0001:000afc16       _hb_fptCopyToRawFile       004b0c16 f   DBF:dbffpt1.obj
 0001:000ace0c       _hb_fptGetMemoLen          004ade0c f   DBF:dbffpt1.obj
 0001:000ac309       _hb_fptInitGCdata          004ad309 f   DBF:dbffpt1.obj
 0001:000ac35e       _hb_fptReadGCdata          004ad35e f   DBF:dbffpt1.obj
 0001:000abd40       _hb_fptGCfreeBlock         004acd40 f   DBF:dbffpt1.obj
 0001:000ac77a       _hb_fptWriteGCdata         004ad77a f   DBF:dbffpt1.obj
 0001:000b0b52       _hb_fptWriteMemo           004b1b52 f   DBF:dbffpt1.obj
 0001:000b1823       _hb_fptLockForRead         004b2823 f   DBF:dbffpt1.obj
 0001:000aff57       _hb_fptReadRawBlock        004b0f57 f   DBF:dbffpt1.obj
 0001:000b01ad       _hb_fptReadSMTBlock        004b11ad f   DBF:dbffpt1.obj
 0001:000b001c       _hb_fptReadBlobBlock       004b101c f   DBF:dbffpt1.obj
 0001:000b02cd       _hb_fptGetMemo             004b12cd f   DBF:dbffpt1.obj
 0001:000ab650       _hb_fptFileUnLockSh        004ac650 f   DBF:dbffpt1.obj
 0001:000ab310       _hb_memoErrorRT            004ac310 f   DBF:dbffpt1.obj
 0001:000ab4ae       _hb_fptFileLockEx          004ac4ae f   DBF:dbffpt1.obj
 0001:000ab5f1       _hb_fptFileUnLockEx        004ac5f1 f   DBF:dbffpt1.obj
 0001:000b1171       _hb_fptPutMemo             004b2171 f   DBF:dbffpt1.obj
 0001:000b184e       _hb_fptGetVarField         004b284e f   DBF:dbffpt1.obj
 0001:000b21a6       _hb_fptPutVarField         004b31a6 f   DBF:dbffpt1.obj
 0001:000ab54d       _hb_fptFileLockSh          004ac54d f   DBF:dbffpt1.obj
 0001:000afdaf       _hb_fptCopyToFile          004b0daf f   DBF:dbffpt1.obj
 0001:000b40cf       _hb_fptDoPackRec           004b50cf f   DBF:dbffpt1.obj
 0001:000ab442       _hb_memoDefaultFileExt     004ac442 f   DBF:dbffpt1.obj
 0001:000b4639       _hb_fptDoPack              004b5639 f   DBF:dbffpt1.obj
 0001:000b1e8d       _hb_fptGetVarFile          004b2e8d f   DBF:dbffpt1.obj
 0001:000b1fd4       _hb_fptPutVarFile          004b2fd4 f   DBF:dbffpt1.obj
 0001:000ab7b2       _hb_fptGetRootBlock        004ac7b2 f   DBF:dbffpt1.obj
 0001:000ab828       _hb_fptPutRootBlock        004ac828 f   DBF:dbffpt1.obj
 0001:000ab6fb       _hb_fptRootBlockLock       004ac6fb f   DBF:dbffpt1.obj
 0001:000ab753       _hb_fptRootBlockUnLock     004ac753 f   DBF:dbffpt1.obj
 0001:000acf9a       _hb_fptGetMemoType         004adf9a f   DBF:dbffpt1.obj
 0001:000b5fe8       _hb_dbffptRegisterRDD      004b6fe8 f   DBF:dbffpt1.obj
 0001:000b60b0       _hb_dbffptRddInit          004b70b0 f   DBF:dbffpt1.obj
 0001:000b58dc       _hb_fptFieldInfo           004b68dc f   DBF:dbffpt1.obj
 0001:000b2b6b       _hb_fptGetValue            004b3b6b f   DBF:dbffpt1.obj
 0001:000b2a84       _hb_fptGetVarLen           004b3a84 f   DBF:dbffpt1.obj
 0001:000b2bfd       _hb_fptPutValue            004b3bfd f   DBF:dbffpt1.obj
 0001:000b4f9b       _hb_fptInfo                004b5f9b f   DBF:dbffpt1.obj
 0001:000b2a72       _hb_fptStructSize          004b3a72 f   DBF:dbffpt1.obj
 0001:000b4c4d       _hb_fptPack                004b5c4d f   DBF:dbffpt1.obj
 0001:000b4b96       _hb_fptPackRec             004b5b96 f   DBF:dbffpt1.obj
 0001:000b2c8d       _hb_fptCreateMemFile       004b3c8d f   DBF:dbffpt1.obj
 0001:000b3486       _hb_fptGetValueFile        004b4486 f   DBF:dbffpt1.obj
 0001:000b3675       _hb_fptOpenMemFile         004b4675 f   DBF:dbffpt1.obj
 0001:000b3be5       _hb_fptPutValueFile        004b4be5 f   DBF:dbffpt1.obj
 0001:000b5b94       _hb_fptRddInfo             004b6b94 f   DBF:dbffpt1.obj
 0001:000b6159       __hb_dbffpt_rdd_init_      004b7159 f   DBF:dbffpt1.obj
 0001:000b6115       _dbffpt1__InitSymbols      004b7115 f   DBF:dbffpt1.obj
 0001:000b6170       _hb_sxInitSeed             004b7170 f   DBF:sxcrypt.obj
 0001:000b61de       _hb_sxNextSeed             004b71de f   DBF:sxcrypt.obj
 0001:000b6402       __hb_sxGetKey              004b7402 f   DBF:sxcrypt.obj
 0001:000b69e0       _hb_dbQSortIsLess          004b79e0 f   DBF:hbdbsort.obj
 0001:000b6d80       _hb_dbQSortSwap            004b7d80 f   DBF:hbdbsort.obj
 0001:000b6ea2       _hb_dbQSortDo              004b7ea2 f   DBF:hbdbsort.obj
 0001:000b73cd       _hb_ntxKeyNew              004b83cd f   NTX:dbfntx1.obj
 0001:000b74a3       _hb_ntxItemType            004b84a3 f   NTX:dbfntx1.obj
 0001:000b7214       _hb_ntxNumToStr            004b8214 f   NTX:dbfntx1.obj
 0001:000b72c0       _hb_ntxStrToNum            004b82c0 f   NTX:dbfntx1.obj
 0001:000b783e       _hb_ntxKeyGetItem          004b883e f   NTX:dbfntx1.obj
 0001:000b75c5       _hb_ntxKeyPutItem          004b85c5 f   NTX:dbfntx1.obj
 0001:000b7cf9       _hb_ntxValCompare          004b8cf9 f   NTX:dbfntx1.obj
 0001:000b7e51       _hb_ntxInTopScope          004b8e51 f   NTX:dbfntx1.obj
 0001:000b7f23       _hb_ntxInBottomScope       004b8f23 f   NTX:dbfntx1.obj
 0001:000b7595       _hb_ntxItemTypeCmp         004b8595 f   NTX:dbfntx1.obj
 0001:000b804d       _hb_ntxTagClearScope       004b904d f   NTX:dbfntx1.obj
 0001:000b7100       _hb_ntxErrorRT             004b8100 f   NTX:dbfntx1.obj
 0001:000b85f6       _hb_ntxBlockWrite          004b95f6 f   NTX:dbfntx1.obj
 0001:000b8538       _hb_ntxBlockRead           004b9538 f   NTX:dbfntx1.obj
 0001:000b87c5       _hb_ntxTagUpdateFlags      004b97c5 f   NTX:dbfntx1.obj
 0001:000b8985       _hb_ntxFreePageBuffer      004b9985 f   NTX:dbfntx1.obj
 0001:000b88e8       _hb_ntxTagHeaderCheck      004b98e8 f   NTX:dbfntx1.obj
 0001:000b8ab9       _hb_ntxPageFind            004b9ab9 f   NTX:dbfntx1.obj
 0001:000b8b29       _hb_ntxPageGetBuffer       004b9b29 f   NTX:dbfntx1.obj
 0001:000b8e01       _hb_ntxPageRelease         004b9e01 f   NTX:dbfntx1.obj
 0001:000b8eed       _hb_ntxPageLoad            004b9eed f   NTX:dbfntx1.obj
 0001:000b907d       _hb_ntxPageInit            004ba07d f   NTX:dbfntx1.obj
 0001:000b90fc       _hb_ntxPageAlloc           004ba0fc f   NTX:dbfntx1.obj
 0001:000b8dba       _hb_ntxPageFree            004b9dba f   NTX:dbfntx1.obj
 0001:000b86aa       _hb_ntxPageSave            004b96aa f   NTX:dbfntx1.obj
 0001:000b9195       _hb_ntxPageNew             004ba195 f   NTX:dbfntx1.obj
 0001:000b9532       _hb_ntxTagFree             004ba532 f   NTX:dbfntx1.obj
 0001:000b933a       _hb_ntxTagNew              004ba33a f   NTX:dbfntx1.obj
 0001:000b7af0       _hb_ntxGetKeyType          004b8af0 f   NTX:dbfntx1.obj
 0001:000b92e7       _hb_ntxPageGetFree         004ba2e7 f   NTX:dbfntx1.obj
 0001:000b9b9e       _hb_ntxIndexTagAdd         004bab9e f   NTX:dbfntx1.obj
 0001:000b927a       _hb_ntxPageAddFree         004ba27a f   NTX:dbfntx1.obj
 0001:000b97ee       _hb_ntxTagLoad             004ba7ee f   NTX:dbfntx1.obj
 0001:000b9756       _hb_ntxTagAdd              004ba756 f   NTX:dbfntx1.obj
 0001:000b8718       _hb_ntxDiscardBuffers      004b9718 f   NTX:dbfntx1.obj
 0001:000b9d44       _hb_ntxIndexTagFind        004bad44 f   NTX:dbfntx1.obj
 0001:000b9db0       _hb_ntxTagHeaderSave       004badb0 f   NTX:dbfntx1.obj
 0001:000ba473       _hb_ntxIndexHeaderSave     004bb473 f   NTX:dbfntx1.obj
 0001:000ba7d7       _hb_ntxIndexHeaderRead     004bb7d7 f   NTX:dbfntx1.obj
 0001:000baa39       _hb_ntxIndexFlush          004bba39 f   NTX:dbfntx1.obj
 0001:000bab6f       _hb_ntxIndexLockRead       004bbb6f f   NTX:dbfntx1.obj
 0001:000badcf       _hb_ntxIndexUnLockRead     004bbdcf f   NTX:dbfntx1.obj
 0001:000bac95       _hb_ntxIndexLockWrite      004bbc95 f   NTX:dbfntx1.obj
 0001:000baeb3       _hb_ntxIndexUnLockWrite    004bbeb3 f   NTX:dbfntx1.obj
 0001:000bb130       _hb_ntxTagSetPageStack     004bc130 f   NTX:dbfntx1.obj
 0001:000bb1e6       _hb_ntxPageTopMove         004bc1e6 f   NTX:dbfntx1.obj
 0001:000bb0b8       _hb_ntxPageGetKey          004bc0b8 f   NTX:dbfntx1.obj
 0001:000bb26d       _hb_ntxPageBottomMove      004bc26d f   NTX:dbfntx1.obj
 0001:000bb858       _hb_ntxPageKeyFind         004bc858 f   NTX:dbfntx1.obj
 0001:000bba42       _hb_ntxPageFindRecNo       004bca42 f   NTX:dbfntx1.obj
 0001:000bb467       _hb_ntxTagNextKey          004bc467 f   NTX:dbfntx1.obj
 0001:000bb673       _hb_ntxTagPrevKey          004bc673 f   NTX:dbfntx1.obj
 0001:000bbebf       _hb_ntxPageKeySet          004bcebf f   NTX:dbfntx1.obj
 0001:000bbfbf       _hb_ntxPageKeyDel          004bcfbf f   NTX:dbfntx1.obj
 0001:000bba9e       _hb_ntxTagKeyFind          004bca9e f   NTX:dbfntx1.obj
 0001:000b744b       _hb_ntxKeyCopy             004b844b f   NTX:dbfntx1.obj
 0001:000bbf1f       _hb_ntxPageKeyAdd          004bcf1f f   NTX:dbfntx1.obj
 0001:000bc501       _hb_ntxBalancePages        004bd501 f   NTX:dbfntx1.obj
 0001:000bc042       _hb_ntxPageSplit           004bd042 f   NTX:dbfntx1.obj
 0001:000bc3a0       _hb_ntxPageJoin            004bd3a0 f   NTX:dbfntx1.obj
 0001:000b7bd0       _hb_ntxEvalKey             004b8bd0 f   NTX:dbfntx1.obj
 0001:000b7ff5       _hb_ntxKeyInScope          004b8ff5 f   NTX:dbfntx1.obj
 0001:000b84ee       _hb_ntxCheckRecordScope    004b94ee f   NTX:dbfntx1.obj
 0001:000bb3c5       _hb_ntxTagBottomKey        004bc3c5 f   NTX:dbfntx1.obj
 0001:000bb334       _hb_ntxTagTopKey           004bc334 f   NTX:dbfntx1.obj
 0001:000bd764       _hb_ntxTagSkipFilter       004be764 f   NTX:dbfntx1.obj
 0001:000bd8d4       _hb_ntxTagGoTop            004be8d4 f   NTX:dbfntx1.obj
 0001:000bd9dc       _hb_ntxTagGoBottom         004be9dc f   NTX:dbfntx1.obj
 0001:000bdd30       _hb_ntxPageCountKeys       004bed30 f   NTX:dbfntx1.obj
 0001:000be0bf       _hb_ntxTagPagesFree        004bf0bf f   NTX:dbfntx1.obj
 0001:000b9c8f       _hb_ntxIndexTagDel         004bac8f f   NTX:dbfntx1.obj
 0001:000b966b       _hb_ntxTagDelete           004ba66b f   NTX:dbfntx1.obj
 0001:000be51b       _hb_ntxFindBag             004bf51b f   NTX:dbfntx1.obj
 0001:000be66b       _hb_ntxFindTagByName       004bf66b f   NTX:dbfntx1.obj
 0001:000baf8a       _hb_ntxTagLockRead         004bbf8a f   NTX:dbfntx1.obj
 0001:000b83fd       _hb_ntxTagRefreshScope     004b93fd f   NTX:dbfntx1.obj
 0001:000bdae4       _hb_ntxTagSkipNext         004beae4 f   NTX:dbfntx1.obj
 0001:000bb08a       _hb_ntxTagUnLockRead       004bc08a f   NTX:dbfntx1.obj
 0001:000bd4a2       _hb_ntxCurKeyRefresh       004be4a2 f   NTX:dbfntx1.obj
 0001:000bdc21       _hb_ntxTagSkipPrev         004bec21 f   NTX:dbfntx1.obj
 0001:000bdddb       _hb_ntxTagCountRelKeyPos   004beddb f   NTX:dbfntx1.obj
 0001:000bdeda       _hb_ntxTagGoToRelKeyPos    004beeda f   NTX:dbfntx1.obj
 0001:000b7a72       _hb_ntxEvalSeekCond        004b8a72 f   NTX:dbfntx1.obj
 0001:000bfff4       _hb_ntxRegexMatch          004c0ff4 f   NTX:dbfntx1.obj
 0001:000b79f2       _hb_ntxEvalCond            004b89f2 f   NTX:dbfntx1.obj
 0001:000bb009       _hb_ntxTagLockWrite        004bc009 f   NTX:dbfntx1.obj
 0001:000bc8cb       _hb_ntxTagKeyAdd           004bd8cb f   NTX:dbfntx1.obj
 0001:000bb0a1       _hb_ntxTagUnLockWrite      004bc0a1 f   NTX:dbfntx1.obj
 0001:000bcfad       _hb_ntxTagKeyDel           004bdfad f   NTX:dbfntx1.obj
 0001:000b8328       _hb_ntxTagGetScope         004b9328 f   NTX:dbfntx1.obj
 0001:000b8154       _hb_ntxTagSetScope         004b9154 f   NTX:dbfntx1.obj
 0001:000c0a7e       _hb_ntxQSort               004c1a7e f   NTX:dbfntx1.obj
 0001:000c09ea       _hb_ntxQuickSortCompare    004c19ea f   NTX:dbfntx1.obj
 0001:000c0cae       _hb_ntxSortBufferFlush     004c1cae f   NTX:dbfntx1.obj
 0001:000c0d97       _hb_ntxSortStorePage       004c1d97 f   NTX:dbfntx1.obj
 0001:000c0c4c       _hb_ntxSortSortPage        004c1c4c f   NTX:dbfntx1.obj
 0001:000c1209       _hb_ntxSortGetPageKey      004c2209 f   NTX:dbfntx1.obj
 0001:000c104d       _hb_ntxSortWritePage       004c204d f   NTX:dbfntx1.obj
 0001:000c13e9       _hb_ntxSortOrderPages      004c23e9 f   NTX:dbfntx1.obj
 0001:000c15d5       _hb_ntxSortKeyGet          004c25d5 f   NTX:dbfntx1.obj
 0001:000c0f12       _hb_ntxSortAddNodeKey      004c1f12 f   NTX:dbfntx1.obj
 0001:000c1c03       _hb_ntxSortFree            004c2c03 f   NTX:dbfntx1.obj
 0001:000c1953       _hb_ntxSortNew             004c2953 f   NTX:dbfntx1.obj
 0001:000c1897       _hb_ntxSortKeyAdd          004c2897 f   NTX:dbfntx1.obj
 0001:000c1d2d       _hb_ntxSortOut             004c2d2d f   NTX:dbfntx1.obj
 0001:000b8a37       _hb_ntxIndexTrunc          004b9a37 f   NTX:dbfntx1.obj
 0001:000c21eb       _hb_ntxTagCreate           004c31eb f   NTX:dbfntx1.obj
 0001:000ba34c       _hb_ntxIndexFree           004bb34c f   NTX:dbfntx1.obj
 0001:000be256       _hb_ntxCreateFName         004bf256 f   NTX:dbfntx1.obj
 0001:000ba309       _hb_ntxIndexNew            004bb309 f   NTX:dbfntx1.obj
 0001:000ba568       _hb_ntxIndexLoad           004bb568 f   NTX:dbfntx1.obj
 0001:000be6c9       _hb_ntxFindTag             004bf6c9 f   NTX:dbfntx1.obj
 0001:000be1c4       _hb_ntxTagSpaceFree        004bf1c4 f   NTX:dbfntx1.obj
 0001:000be930       _hb_ntxFindTagNum          004bf930 f   NTX:dbfntx1.obj
 0001:000be9d5       _hb_ntxOrdKeyCount         004bf9d5 f   NTX:dbfntx1.obj
 0001:000bed1b       _hb_ntxOrdKeyGoto          004bfd1b f   NTX:dbfntx1.obj
 0001:000beae9       _hb_ntxOrdKeyNo            004bfae9 f   NTX:dbfntx1.obj
 0001:000bf073       _hb_ntxOrdSetRelKeyPos     004c0073 f   NTX:dbfntx1.obj
 0001:000bee2f       _hb_ntxOrdGetRelKeyPos     004bfe2f f   NTX:dbfntx1.obj
 0001:000c0418       _hb_ntxOrdKeyAdd           004c1418 f   NTX:dbfntx1.obj
 0001:000c05a0       _hb_ntxOrdKeyDel           004c15a0 f   NTX:dbfntx1.obj
 0001:000bf44b       _hb_ntxOrdSkipUnique       004c044b f   NTX:dbfntx1.obj
 0001:000bf730       _hb_ntxOrdSkipEval         004c0730 f   NTX:dbfntx1.obj
 0001:000bfa7f       _hb_ntxOrdSkipWild         004c0a7f f   NTX:dbfntx1.obj
 0001:000c008c       _hb_ntxOrdSkipRegEx        004c108c f   NTX:dbfntx1.obj
 0001:000c076c       _hb_ntxOrdFindRec          004c176c f   NTX:dbfntx1.obj
 0001:000c08c0       _hb_ntxOrdScopeEval        004c18c0 f   NTX:dbfntx1.obj
 0001:000c2ce9       _hb_ntxReIndex             004c3ce9 f   NTX:dbfntx1.obj
 0001:000c7f6a       _hb_dbfntxRddInit          004c8f6a f   NTX:dbfntx1.obj
 0001:000c2da8       _hb_ntxGoBottom            004c3da8 f   NTX:dbfntx1.obj
 0001:000c2f14       _hb_ntxGoTop               004c3f14 f   NTX:dbfntx1.obj
 0001:000c3080       _hb_ntxSeek                004c4080 f   NTX:dbfntx1.obj
 0001:000c34cc       _hb_ntxSkipRaw             004c44cc f   NTX:dbfntx1.obj
 0001:000c3778       _hb_ntxFlush               004c4778 f   NTX:dbfntx1.obj
 0001:000c380e       _hb_ntxGoCold              004c480e f   NTX:dbfntx1.obj
 0001:000c3ce5       _hb_ntxGoHot               004c4ce5 f   NTX:dbfntx1.obj
 0001:000c3dfd       _hb_ntxClose               004c4dfd f   NTX:dbfntx1.obj
 0001:000c3edd       _hb_ntxOpen                004c4edd f   NTX:dbfntx1.obj
 0001:000c3ecb       _hb_ntxStructSize          004c4ecb f   NTX:dbfntx1.obj
 0001:000c40a4       _hb_ntxPack                004c50a4 f   NTX:dbfntx1.obj
 0001:000c40e7       _hb_ntxZap                 004c50e7 f   NTX:dbfntx1.obj
 0001:000c731d       _hb_ntxOrderListAdd        004c831d f   NTX:dbfntx1.obj
 0001:000c76cf       _hb_ntxOrderListClear      004c86cf f   NTX:dbfntx1.obj
 0001:000c77c9       _hb_ntxOrderListDelete     004c87c9 f   NTX:dbfntx1.obj
 0001:000c791d       _hb_ntxOrderListFocus      004c891d f   NTX:dbfntx1.obj
 0001:000c79a2       _hb_ntxOrderListRebuild    004c89a2 f   NTX:dbfntx1.obj
 0001:000c412a       _hb_ntxOrderCreate         004c512a f   NTX:dbfntx1.obj
 0001:000c539c       _hb_ntxOrderDestroy        004c639c f   NTX:dbfntx1.obj
 0001:000c55ca       _hb_ntxOrderInfo           004c65ca f   NTX:dbfntx1.obj
 0001:000c7b0a       _hb_ntxCountScope          004c8b0a f   NTX:dbfntx1.obj
 0001:000c7b3d       _hb_ntxInit                004c8b3d f   NTX:dbfntx1.obj
 0001:000c7ba9       _hb_ntxRddInfo             004c8ba9 f   NTX:dbfntx1.obj
 0001:000c800f       __hb_dbfntx_rdd_init_      004c900f f   NTX:dbfntx1.obj
 0001:000c7fcb       _dbfntx1__InitSymbols      004c8fcb f   NTX:dbfntx1.obj
 0001:000c9660       _closeall                  004ca660 f   crt:fclose.obj
 0001:000c97f0       _prout                     004ca7f0 f   crt:printf.obj
 0001:000c9860       _prout                     004ca860 f   crt:vfprintf.obj
 0001:000c9900       _prout                     004ca900 f   crt:fprintf.obj
 0001:000c9c70       _prout                     004cac70 f   crt:sprintf.obj
 0001:000c9d10       _grabhunk                  004cad10 f   crt:malloc.obj
 0001:000cb180       _swap                      004cc180 f   crt:qsort.obj
 0001:000cb3b0       _med3                      004cc3b0 f   crt:qsort.obj
 0001:000cb420       _median                    004cc420 f   crt:qsort.obj
 0001:000cb230       _rot3                      004cc230 f   crt:qsort.obj
 0001:000cb5b0       _intro_sort                004cc5b0 f   crt:qsort.obj
 0001:000cb4e0       _adjust_heap               004cc4e0 f   crt:qsort.obj
 0001:000cb310       _rotate                    004cc310 f   crt:qsort.obj
 0001:000cbfc0       _parse_cmdline             004ccfc0 f   crt:_setargv.obj
 0001:000cd980       _ctrlevent_capture@4       004ce980 f   crt:signal.obj
 0001:000d2f50       _hb_gt_FuncInit            004d3f50 f   xhb:gtwin.obj
 0001:000d1160       _hb_gt_win_xSetCursorStyle 004d2160 f   xhb:gtwin.obj
 0001:000d1120       _hb_gt_win_xSetCursorPos   004d2120 f   xhb:gtwin.obj
 0001:000d1450       _hb_gt_win_xGetScreenContents 004d2450 f   xhb:gtwin.obj
 0001:000d1400       _hb_gt_win_CtrlHandler@4   004d2400 f   xhb:gtwin.obj
 0001:000d14f0       _hb_gt_win_xInitScreenParam 004d24f0 f   xhb:gtwin.obj
 0001:000d1c70       _Handle_Alt_Key            004d2c70 f   xhb:gtwin.obj
 0001:000d1dd0       _SpecialHandling           004d2dd0 f   xhb:gtwin.obj
 0001:000d0f90       _hb_gt_win_getKbdState     004d1f90 f   xhb:gtwin.obj
 0001:000d1340       _hb_gt_win_xUpdtSet        004d2340 f   xhb:gtwin.obj
 0001:000d11f0       _hb_gt_win_xScreenUpdate   004d21f0 f   xhb:gtwin.obj
 0001:000d1670       _hb_gt_win_Init            004d2670 f   xhb:gtwin.obj
 0001:000d1980       _hb_gt_win_Exit            004d2980 f   xhb:gtwin.obj
 0001:000d1a40       _hb_gt_win_SetMode         004d2a40 f   xhb:gtwin.obj
 0001:000d2dd0       _hb_gt_win_Redraw          004d3dd0 f   xhb:gtwin.obj
 0001:000d2ec0       _hb_gt_win_Refresh         004d3ec0 f   xhb:gtwin.obj
 0001:000d1b60       _hb_gt_win_Version         004d2b60 f   xhb:gtwin.obj
 0001:000d1b80       _hb_gt_win_PostExt         004d2b80 f   xhb:gtwin.obj
 0001:000d1bb0       _hb_gt_win_Suspend         004d2bb0 f   xhb:gtwin.obj
 0001:000d1c00       _hb_gt_win_Resume          004d2c00 f   xhb:gtwin.obj
 0001:000d2720       _hb_gt_win_Tone            004d3720 f   xhb:gtwin.obj
 0001:000d2900       _hb_gt_win_Info            004d3900 f   xhb:gtwin.obj
 0001:000d2740       _hb_gt_win_SetDispCP       004d3740 f   xhb:gtwin.obj
 0001:000d2830       _hb_gt_win_SetKeyCP        004d3830 f   xhb:gtwin.obj
 0001:000d2020       _hb_gt_win_ReadKey         004d3020 f   xhb:gtwin.obj
 0001:000d2cf0       _hb_gt_win_mouse_IsPresent 004d3cf0 f   xhb:gtwin.obj
 0001:000d2d00       _hb_gt_win_mouse_GetPos    004d3d00 f   xhb:gtwin.obj
 0001:000d2d20       _hb_gt_win_mouse_ButtonState 004d3d20 f   xhb:gtwin.obj
 0001:000d2db0       _hb_gt_win_mouse_CountButton 004d3db0 f   xhb:gtwin.obj
 0001:000d3080       __hb_startup_gt_Init_      004d4080 f   xhb:gtwin.obj
 0001:000d32a0       _hb_Outp9x                 004d42a0 f   xhb:gttone.obj
 0001:000d3280       _hb_Inp9x                  004d4280 f   xhb:gttone.obj
 0001:000d33c0       _hb_gt_wNtTone             004d43c0 f   xhb:gttone.obj
 0001:000d32c0       _hb_gt_w9xTone             004d42c0 f   xhb:gttone.obj
