 _consultamarca.exe

 Timestamp is 62ef27de (Sat Aug  6 23:47:58 2022)

 Preferred load address is 00400000

 Start         Length     Name                   Class
 0001:00000000 000d2670H .text                   CODE                  
 0002:00000000 0001e440H .rdata                  DATA                  
 0002:0001e440 00000078H .CRT$XIC                DATA                  
 0003:00000000 00007910H .data                   DATA                  
 0003:00007910 00000078H .idata$2                DATA                  
 0003:00007988 00000014H .idata$3                DATA                  
 0003:0000799c 000002c4H .idata$4                DATA                  
 0003:00007c60 000002c4H .idata$5                DATA                  
 0003:00007f24 00000beeH .idata$6                DATA                  
 0003:00008b14 00007cc8H .bss                    DATA                  

  Address         Publics by Value              Rva+Base     Lib:Object

 0001:00000040       _HB_FUN_MAIN               00401040 f   consultaMarca.obj
 0001:000000b0       _HB_FUN_TIPCLIENTHTTP      004010b0 f   xhb:httpcln.obj
 0001:000007a0       _hb_hashNew                004017a0 f   xhb:hash.obj
 0001:00000890       _hb_hashAdd                00401890 f   xhb:hash.obj
 0001:00000f40       _hb_hashAddForward         00401f40 f   xhb:hash.obj
 0001:000011c0       _hb_hashScan               004021c0 f   xhb:hash.obj
 0001:000012a0       _hb_hashRemove             004022a0 f   xhb:hash.obj
 0001:00001540       _hb_hashSet                00402540 f   xhb:hash.obj
 0001:00001620       _hb_hashSetForward         00402620 f   xhb:hash.obj
 0001:00001710       _hb_hashGet                00402710 f   xhb:hash.obj
 0001:00001810       _hb_hashGetForward         00402810 f   xhb:hash.obj
 0001:00001910       _hb_hashPreallocate        00402910 f   xhb:hash.obj
 0001:000019f0       _hb_hashClone              004029f0 f   xhb:hash.obj
 0001:00001b40       _hb_hashMerge              00402b40 f   xhb:hash.obj
 0001:00001fd0       _hb_hashSetAACompatibility 00402fd0 f   xhb:hash.obj
 0001:00002080       _hb_hashReleaseBase        00403080 f   xhb:hash.obj
 0001:00002180       _hb_hashRelease            00403180 f   xhb:hash.obj
 0001:00002200       _hb_hashReleaseGarbage     00403200 f   xhb:hash.obj
 0001:000022b0       _hb_hashGetKeys            004032b0 f   xhb:hash.obj
 0001:000023a0       _hb_hashGetValues          004033a0 f   xhb:hash.obj
 0001:00002490       _hb_hashGetKeyAt           00403490 f   xhb:hash.obj
 0001:00002520       _hb_hashGetValueAt         00403520 f   xhb:hash.obj
 0001:000025a0       _HB_FUN_HASH               004035a0 f   xhb:hash.obj
 0001:000026c0       _HB_FUN_HGETPOS            004036c0 f   xhb:hash.obj
 0001:00002760       _HB_FUN_HAAGETPOS          00403760 f   xhb:hash.obj
 0001:00002840       _HB_FUN_HHASKEY            00403840 f   xhb:hash.obj
 0001:000028e0       _HB_FUN_HGET               004038e0 f   xhb:hash.obj
 0001:000029c0       _HB_FUN_HSET               004039c0 f   xhb:hash.obj
 0001:00002a60       _HB_FUN_HDEL               00403a60 f   xhb:hash.obj
 0001:00002b20       _HB_FUN_HGETKEYAT          00403b20 f   xhb:hash.obj
 0001:00002bf0       _HB_FUN_HAAGETKEYAT        00403bf0 f   xhb:hash.obj
 0001:00002d10       _HB_FUN_HGETVALUEAT        00403d10 f   xhb:hash.obj
 0001:00002de0       _HB_FUN_HAAGETVALUEAT      00403de0 f   xhb:hash.obj
 0001:00002f00       _HB_FUN_HSETVALUEAT        00403f00 f   xhb:hash.obj
 0001:00003010       _HB_FUN_HAASETVALUEAT      00404010 f   xhb:hash.obj
 0001:00003180       _HB_FUN_HGETPAIRAT         00404180 f   xhb:hash.obj
 0001:00003360       _HB_FUN_HDELAT             00404360 f   xhb:hash.obj
 0001:00003420       _HB_FUN_HAADELAT           00404420 f   xhb:hash.obj
 0001:00003530       _HB_FUN_HGETKEYS           00404530 f   xhb:hash.obj
 0001:000035a0       _HB_FUN_HGETVALUES         004045a0 f   xhb:hash.obj
 0001:00003610       _HB_FUN_HGETVAAPOS         00404610 f   xhb:hash.obj
 0001:000036c0       _HB_FUN_HFILL              004046c0 f   xhb:hash.obj
 0001:000037b0       _HB_FUN_HSCAN              004047b0 f   xhb:hash.obj
 0001:000038e0       _HB_FUN_HEVAL              004048e0 f   xhb:hash.obj
 0001:00003a00       _HB_FUN_HCLONE             00404a00 f   xhb:hash.obj
 0001:00003a70       _HB_FUN_HCOPY              00404a70 f   xhb:hash.obj
 0001:00003bb0       _HB_FUN_HMERGE             00404bb0 f   xhb:hash.obj
 0001:00003c60       _hb_hashSetCaseMatch       00404c60 f   xhb:hash.obj
 0001:00003ca0       _HB_FUN_HSETCASEMATCH      00404ca0 f   xhb:hash.obj
 0001:00003d30       _HB_FUN_HGETCASEMATCH      00404d30 f   xhb:hash.obj
 0001:00003d90       _HB_FUN_HSETAUTOADD        00404d90 f   xhb:hash.obj
 0001:00003e10       _HB_FUN_HGETAUTOADD        00404e10 f   xhb:hash.obj
 0001:00003e70       _HB_FUN_HSETPARTITION      00404e70 f   xhb:hash.obj
 0001:00004040       _HB_FUN_HGETPARTITION      00405040 f   xhb:hash.obj
 0001:00004140       _HB_FUN_HALLOCATE          00405140 f   xhb:hash.obj
 0001:000041d0       _HB_FUN_HSETAACOMPATIBILITY 004051d0 f   xhb:hash.obj
 0001:00004270       _HB_FUN_HGETAACOMPATIBILITY 00405270 f   xhb:hash.obj
 0001:000042d0       _HB_FUN_HAAGETREALPOS      004052d0 f   xhb:hash.obj
 0001:00004350       _hb_hashAAGetRealPos       00405350 f   xhb:hash.obj
 0001:00004390       _hb_hashLen                00405390 f   xhb:hash.obj
 0001:000043b0       _hb_hashGetCompatibility   004053b0 f   xhb:hash.obj
 0001:000043e0       _hb_hashId                 004053e0 f   xhb:hash.obj
 0001:00004400       _HB_FUN_HB_HASHID          00405400 f   xhb:hash.obj
 0001:00004430       _hb_conInit                00405430 f   xhb:console.obj
 0001:000044c0       _hb_conRelease             004054c0 f   xhb:console.obj
 0001:000044f0       _hb_conNewLine             004054f0 f   xhb:console.obj
 0001:00004500       _HB_FUN_HB_OSNEWLINE       00405500 f   xhb:console.obj
 0001:00004510       _hb_conOutStd              00405510 f   xhb:console.obj
 0001:00004550       _hb_conOutErr              00405550 f   xhb:console.obj
 0001:000045b0       _hb_conOutAlt              004055b0 f   xhb:console.obj
 0001:00004830       _HB_FUN_OUTSTD             00405830 f   xhb:console.obj
 0001:00004880       _HB_FUN_OUTERR             00405880 f   xhb:console.obj
 0001:000048d0       _HB_FUN_QQOUT              004058d0 f   xhb:console.obj
 0001:00004920       _HB_FUN_QOUT               00405920 f   xhb:console.obj
 0001:00004a30       _HB_FUN___EJECT            00405a30 f   xhb:console.obj
 0001:00004a90       _HB_FUN_PROW               00405a90 f   xhb:console.obj
 0001:00004ab0       _HB_FUN_PCOL               00405ab0 f   xhb:console.obj
 0001:00004cf0       _HB_FUN_DEVPOS             00405cf0 f   xhb:console.obj
 0001:00004d40       _HB_FUN_SETPRC             00405d40 f   xhb:console.obj
 0001:00004d90       _HB_FUN_DEVOUT             00405d90 f   xhb:console.obj
 0001:00004e40       _HB_FUN_DISPOUT            00405e40 f   xhb:console.obj
 0001:00004f10       _HB_FUN_DISPOUTAT          00405f10 f   xhb:console.obj
 0001:00005010       _HB_FUN_HB_DISPOUTAT       00406010 f   xhb:console.obj
 0001:000050e0       _HB_FUN_HB_GETSTDIN        004060e0 f   xhb:console.obj
 0001:00005100       _HB_FUN_HB_GETSTDOUT       00406100 f   xhb:console.obj
 0001:00005120       _HB_FUN_HB_GETSTDERR       00406120 f   xhb:console.obj
 0001:00005140       _HB_FUN_HBCONSOLELOCK      00406140 f   xhb:console.obj
 0001:00005150       _HB_FUN_HBCONSOLEUNLOCK    00406150 f   xhb:console.obj
 0001:00005160       _hb_vmAtInit               00406160 f   xhb:hvm.obj
 0001:000051b0       _hb_vmAtExit               004061b0 f   xhb:hvm.obj
 0001:00005250       _hb_vmIsMt                 00406250 f   xhb:hvm.obj
 0001:00005260       _hb_vmLock                 00406260 f   xhb:hvm.obj
 0001:00005270       _hb_vmUnlock               00406270 f   xhb:hvm.obj
 0001:000053c0       _hb_vmSymbolResolveDeferred 004063c0 f   xhb:hvm.obj
 0001:00005500       _hb_vmInit                 00406500 f   xhb:hvm.obj
 0001:00005810       _hb_vmReleaseLocalSymbols  00406810 f   xhb:hvm.obj
 0001:000058c0       _hb_vmQuit                 004068c0 f   xhb:hvm.obj
 0001:00005bd0       _hb_vmExecute              00406bd0 f   xhb:hvm.obj
 0001:00009f60       _HB_FUN_HB_VMEXECUTE       0040af60 f   xhb:hvm.obj
 0001:00013330       _hb_vmOperatorCall         00414330 f   xhb:hvm.obj
 0001:00013400       _hb_vmOperatorCallUnary    00414400 f   xhb:hvm.obj
 0001:00013700       _hb_vmDo                   00414700 f   xhb:hvm.obj
 0001:000139f0       _hb_vmSend                 004149f0 f   xhb:hvm.obj
 0001:000143e0       _hb_vmEvalBlock            004153e0 f   xhb:hvm.obj
 0001:00014410       _hb_vmEvalBlockV           00415410 f   xhb:hvm.obj
 0001:00014460       _hb_vmEvalBlockOrMacro     00415460 f   xhb:hvm.obj
 0001:00014540       _hb_vmDestroyBlockOrMacro  00415540 f   xhb:hvm.obj
 0001:00014580       _hb_vmFunction             00415580 f   xhb:hvm.obj
 0001:00015a90       _hb_vmPush                 00416a90 f   xhb:hvm.obj
 0001:00015ad0       _hb_vmPushState            00416ad0 f   xhb:hvm.obj
 0001:00015b30       _hb_vmPushNil              00416b30 f   xhb:hvm.obj
 0001:00015b70       _hb_vmPushLogical          00416b70 f   xhb:hvm.obj
 0001:00015bc0       _hb_vmPushNumber           00416bc0 f   xhb:hvm.obj
 0001:00015be0       _hb_vmPushNumType          00416be0 f   xhb:hvm.obj
 0001:00015ca0       _hb_vmPushNumInt           00416ca0 f   xhb:hvm.obj
 0001:00015d70       _hb_vmPushInteger          00416d70 f   xhb:hvm.obj
 0001:00015e20       _hb_vmPushLong             00416e20 f   xhb:hvm.obj
 0001:00015f70       _hb_vmPushDouble           00416f70 f   xhb:hvm.obj
 0001:000160a0       _hb_vmPushDate             004170a0 f   xhb:hvm.obj
 0001:000160e0       _hb_vmPushDateTime         004170e0 f   xhb:hvm.obj
 0001:00016120       _hb_vmPushPointer          00417120 f   xhb:hvm.obj
 0001:00016160       _hb_vmPushString           00417160 f   xhb:hvm.obj
 0001:000161a0       _hb_vmPushSymbol           004171a0 f   xhb:hvm.obj
 0001:00016210       _hb_vmPushDynSym           00417210 f   xhb:hvm.obj
 0001:00016230       _hb_vmPushEvalSym          00417230 f   xhb:hvm.obj
 0001:000169c0       _hb_vmPopState             004179c0 f   xhb:hvm.obj
 0001:00017360       _hb_vmGetRealFuncSym       00418360 f   xhb:hvm.obj
 0001:000173b0       _hb_vmFindModuleSymbols    004183b0 f   xhb:hvm.obj
 0001:000174e0       _hb_vmFreeSymbols          004184e0 f   xhb:hvm.obj
 0001:00017560       _hb_vmBeginSymbolGroup     00418560 f   xhb:hvm.obj
 0001:00017580       _hb_vmInitSymbolGroup      00418580 f   xhb:hvm.obj
 0001:00017700       _hb_vmExitSymbolGroup      00418700 f   xhb:hvm.obj
 0001:000177c0       _hb_vmRegisterSymbols      004187c0 f   xhb:hvm.obj
 0001:00017e20       _hb_vmProcessSymbols       00418e20 f   xhb:hvm.obj
 0001:00017ea0       _hb_vmProcessSysDllSymbols 00418ea0 f   xhb:hvm.obj
 0001:00017f20       _hb_vmProcessPrgDllSymbols 00418f20 f   xhb:hvm.obj
 0001:00017fb0       _hb_vmProcessExeUsesDllSymbols 00418fb0 f   xhb:hvm.obj
 0001:00018030       _hb_vmSymbols              00419030 f   xhb:hvm.obj
 0001:00018040       _hb_vmLastModule           00419040 f   xhb:hvm.obj
 0001:00018070       _hb_vmExplicitStartup      00419070 f   xhb:hvm.obj
 0001:000180f0       _hb_vmDoExitFunctions      004190f0 f   xhb:hvm.obj
 0001:00018270       _hb_vmFindModule           00419270 f   xhb:hvm.obj
 0001:000182a0       _hb_vmFindModuleByName     004192a0 f   xhb:hvm.obj
 0001:00018320       _hb_vmForceLink            00419320 f   xhb:hvm.obj
 0001:00018330       _HB_FUN_ERRORLEVEL         00419330 f   xhb:hvm.obj
 0001:00018370       _hb_vmRequestQuit          00419370 f   xhb:hvm.obj
 0001:00018390       _hb_vmRequestEndProc       00419390 f   xhb:hvm.obj
 0001:000183b0       _hb_vmRequestBreak         004193b0 f   xhb:hvm.obj
 0001:00018420       _hb_vmRequestCancel        00419420 f   xhb:hvm.obj
 0001:00018560       _hb_vmRequestQuery         00419560 f   xhb:hvm.obj
 0001:00018570       _hb_vmRequestReenter       00419570 f   xhb:hvm.obj
 0001:000185d0       _hb_vmRequestRestore       004195d0 f   xhb:hvm.obj
 0001:000186d0       _hb_vmRequestReset         004196d0 f   xhb:hvm.obj
 0001:000186f0       _hb_vmRequest              004196f0 f   xhb:hvm.obj
 0001:00018710       _hb_vmIsLocalRef           00419710 f   xhb:hvm.obj
 0001:000187e0       _hb_vmIsStaticRef          004197e0 f   xhb:hvm.obj
 0001:000187f0       _hb_vmRegisterGlobals      004197f0 f   xhb:hvm.obj
 0001:00018870       _hb_vmIsGlobalRef          00419870 f   xhb:hvm.obj
 0001:00018880       _HB_FUN___SETPROFILER      00419880 f   xhb:hvm.obj
 0001:00018890       _HB_FUN___TRACEPRGCALLS    00419890 f   xhb:hvm.obj
 0001:000188b0       _hb_vmPushBaseArray        004198b0 f   xhb:hvm.obj
 0001:00018950       _hb_vmPushItemRef          00419950 f   xhb:hvm.obj
 0001:000189a0       _HB_FUN_HB_FUNCPTR         004199a0 f   xhb:hvm.obj
 0001:00018a40       _HB_FUN_HB_QSELF           00419a40 f   xhb:hvm.obj
 0001:00018ab0       _HB_FUN___OPCOUNT          00419ab0 f   xhb:hvm.obj
 0001:00018ad0       _HB_FUN___OPGETPRF         00419ad0 f   xhb:hvm.obj
 0001:00018b00       _HB_FUN_HB_SAVEBLOCK       00419b00 f   xhb:hvm.obj
 0001:00018c20       _HB_FUN_HB_RESTOREBLOCK    00419c20 f   xhb:hvm.obj
 0001:00018f40       _HB_FUN_HB_GUIERRORMESSAGE 00419f40 f   xhb:hvm.obj
 0001:00018f50       _HB_FUN_HB_NOMOUSE         00419f50 f   xhb:hvm.obj
 0001:00018f60       _HB_FUN_HB_NOSTARTUPWINDOW 00419f60 f   xhb:hvm.obj
 0001:00018f70       _HB_FUN_HB_RESETWITH       00419f70 f   xhb:hvm.obj
 0001:00018fd0       _HB_FUN_HB_WITHOBJECTCOUNTER 00419fd0 f   xhb:hvm.obj
 0001:00018ff0       _HB_FUN___TEXTINTO         00419ff0 f   xhb:hvm.obj
 0001:00019030       _HB_FUN_HB_MULTITHREAD     0041a030 f   xhb:hvm.obj
 0001:00019050       _HB_FUN_HB_VMMODE          0041a050 f   xhb:hvm.obj
 0001:000190b0       _hb_xvmExitProc            0041a0b0 f   xhb:hvm.obj
 0001:000190d0       _hb_xvmSeqBegin            0041a0d0 f   xhb:hvm.obj
 0001:00019160       _hb_xvmSeqEnd              0041a160 f   xhb:hvm.obj
 0001:00019240       _hb_xvmSeqRecover          0041a240 f   xhb:hvm.obj
 0001:000192c0       _hb_xvmTryBegin            0041a2c0 f   xhb:hvm.obj
 0001:000192f0       _hb_xvmTryEnd              0041a2f0 f   xhb:hvm.obj
 0001:00019330       _hb_xvmTryEndFin           0041a330 f   xhb:hvm.obj
 0001:00019410       _hb_xvmTryRecover          0041a410 f   xhb:hvm.obj
 0001:00019450       _hb_xvmBeginFinally        0041a450 f   xhb:hvm.obj
 0001:00019470       _hb_xvmEndFinally          0041a470 f   xhb:hvm.obj
 0001:000194b0       _hb_xvmSetLine             0041a4b0 f   xhb:hvm.obj
 0001:000194e0       _hb_xvmBaseLine            0041a4e0 f   xhb:hvm.obj
 0001:00019520       _hb_xvmLineOffset          0041a520 f   xhb:hvm.obj
 0001:00019560       _hb_xvmClassSetModule      0041a560 f   xhb:hvm.obj
 0001:00019610       _hb_xvmIVarRef             0041a610 f   xhb:hvm.obj
 0001:00019970       _hb_xvmFrame               0041a970 f   xhb:hvm.obj
 0001:00019990       _hb_xvmSFrame              0041a990 f   xhb:hvm.obj
 0001:000199a0       _hb_xvmDo                  0041a9a0 f   xhb:hvm.obj
 0001:000199d0       _hb_xvmFunction            0041a9d0 f   xhb:hvm.obj
 0001:00019a50       _hb_xvmSend                0041aa50 f   xhb:hvm.obj
 0001:00019ad0       _hb_xvmSendWith            0041aad0 f   xhb:hvm.obj
 0001:00019b50       _hb_xvmRetValue            0041ab50 f   xhb:hvm.obj
 0001:00019bc0       _hb_xvmStatics             0041abc0 f   xhb:hvm.obj
 0001:00019be0       _hb_xvmParameter           0041abe0 f   xhb:hvm.obj
 0001:00019c00       _hb_xvmPushLocal           0041ac00 f   xhb:hvm.obj
 0001:00019c10       _hb_xvmPushLocalByRef      0041ac10 f   xhb:hvm.obj
 0001:00019c20       _hb_xvmPopLocal            0041ac20 f   xhb:hvm.obj
 0001:00019c30       _hb_xvmPushStatic          0041ac30 f   xhb:hvm.obj
 0001:00019c40       _hb_xvmPushStaticByRef     0041ac40 f   xhb:hvm.obj
 0001:00019c50       _hb_xvmPopStatic           0041ac50 f   xhb:hvm.obj
 0001:00019c60       _hb_xvmPushGlobal          0041ac60 f   xhb:hvm.obj
 0001:00019c80       _hb_xvmPushGlobalByRef     0041ac80 f   xhb:hvm.obj
 0001:00019cd0       _hb_xvmPopGlobal           0041acd0 f   xhb:hvm.obj
 0001:00019db0       _hb_xvmPushVariable        0041adb0 f   xhb:hvm.obj
 0001:00019de0       _hb_xvmPopVariable         0041ade0 f   xhb:hvm.obj
 0001:00019e70       _hb_xvmPushBlockShort      0041ae70 f   xhb:hvm.obj
 0001:00019e90       _hb_xvmPushBlock           0041ae90 f   xhb:hvm.obj
 0001:00019eb0       _hb_xvmPushSelf            0041aeb0 f   xhb:hvm.obj
 0001:00019ed0       _hb_xvmPopLogical          0041aed0 f   xhb:hvm.obj
 0001:00019f00       _hb_xvmPopAlias            0041af00 f   xhb:hvm.obj
 0001:00019f60       _hb_xvmSwapAlias           0041af60 f   xhb:hvm.obj
 0001:00019f90       _hb_xvmPushField           0041af90 f   xhb:hvm.obj
 0001:00019ff0       _hb_xvmPushAlias           0041aff0 f   xhb:hvm.obj
 0001:0001a020       _hb_xvmPushAliasedField    0041b020 f   xhb:hvm.obj
 0001:0001a050       _hb_xvmPushAliasedVar      0041b050 f   xhb:hvm.obj
 0001:0001a080       _hb_xvmPopField            0041b080 f   xhb:hvm.obj
 0001:0001a110       _hb_xvmPushMemvar          0041b110 f   xhb:hvm.obj
 0001:0001a170       _hb_xvmPushMemvarByRef     0041b170 f   xhb:hvm.obj
 0001:0001a1d0       _hb_xvmPopMemvar           0041b1d0 f   xhb:hvm.obj
 0001:0001a260       _hb_xvmPopAliasedField     0041b260 f   xhb:hvm.obj
 0001:0001a290       _hb_xvmPopAliasedVar       0041b290 f   xhb:hvm.obj
 0001:0001a2c0       _hb_xvmLocalAddInt         0041b2c0 f   xhb:hvm.obj
 0001:0001a300       _hb_xvmLocalAdd            0041b300 f   xhb:hvm.obj
 0001:0001a3d0       _hb_xvmEqual               0041b3d0 f   xhb:hvm.obj
 0001:0001a400       _hb_xvmAnd                 0041b400 f   xhb:hvm.obj
 0001:0001a430       _hb_xvmOr                  0041b430 f   xhb:hvm.obj
 0001:0001a460       _hb_xvmNot                 0041b460 f   xhb:hvm.obj
 0001:0001a490       _hb_xvmNegate              0041b490 f   xhb:hvm.obj
 0001:0001a4c0       _hb_xvmPower               0041b4c0 f   xhb:hvm.obj
 0001:0001a4f0       _hb_xvmDuplicate           0041b4f0 f   xhb:hvm.obj
 0001:0001a500       _hb_xvmDuplTwo             0041b500 f   xhb:hvm.obj
 0001:0001a510       _hb_xvmForTest             0041b510 f   xhb:hvm.obj
 0001:0001a540       _hb_xvmFuncPtr             0041b540 f   xhb:hvm.obj
 0001:0001a550       _hb_xvmNotEqual            0041b550 f   xhb:hvm.obj
 0001:0001a580       _hb_xvmLess                0041b580 f   xhb:hvm.obj
 0001:0001a5b0       _hb_xvmLessEqual           0041b5b0 f   xhb:hvm.obj
 0001:0001a5e0       _hb_xvmGreater             0041b5e0 f   xhb:hvm.obj
 0001:0001a610       _hb_xvmGreaterEqual        0041b610 f   xhb:hvm.obj
 0001:0001a640       _hb_xvmInstring            0041b640 f   xhb:hvm.obj
 0001:0001a670       _hb_xvmAddInt              0041b670 f   xhb:hvm.obj
 0001:0001a6b0       _hb_xvmPlus                0041b6b0 f   xhb:hvm.obj
 0001:0001a750       _hb_xvmMinus               0041b750 f   xhb:hvm.obj
 0001:0001a780       _hb_xvmMultByInt           0041b780 f   xhb:hvm.obj
 0001:0001a8f0       _hb_xvmMult                0041b8f0 f   xhb:hvm.obj
 0001:0001a920       _hb_xvmDivideByInt         0041b920 f   xhb:hvm.obj
 0001:0001ab40       _hb_xvmDivide              0041bb40 f   xhb:hvm.obj
 0001:0001ab70       _hb_xvmModulus             0041bb70 f   xhb:hvm.obj
 0001:0001aba0       _hb_xvmInc                 0041bba0 f   xhb:hvm.obj
 0001:0001abd0       _hb_xvmDec                 0041bbd0 f   xhb:hvm.obj
 0001:0001ac00       _hb_xvmBitAnd              0041bc00 f   xhb:hvm.obj
 0001:0001ac30       _hb_xvmBitOr               0041bc30 f   xhb:hvm.obj
 0001:0001ac60       _hb_xvmBitXor              0041bc60 f   xhb:hvm.obj
 0001:0001ac90       _hb_xvmBitShiftL           0041bc90 f   xhb:hvm.obj
 0001:0001acc0       _hb_xvmBitShiftR           0041bcc0 f   xhb:hvm.obj
 0001:0001acf0       _hb_xvmLeft                0041bcf0 f   xhb:hvm.obj
 0001:0001adf0       _hb_xvmRight               0041bdf0 f   xhb:hvm.obj
 0001:0001ae60       _hb_xvmLike                0041be60 f   xhb:hvm.obj
 0001:0001af10       _hb_xvmMatch               0041bf10 f   xhb:hvm.obj
 0001:0001afc0       _hb_xvmArrayDim            0041bfc0 f   xhb:hvm.obj
 0001:0001afd0       _hb_xvmArrayGen            0041bfd0 f   xhb:hvm.obj
 0001:0001aff0       _hb_xvmHashGen             0041bff0 f   xhb:hvm.obj
 0001:0001b6f0       _hb_xvmArrayPush           0041c6f0 f   xhb:hvm.obj
 0001:0001b720       _hb_xvmArrayPushRef        0041c720 f   xhb:hvm.obj
 0001:0001b750       _hb_xvmArrayItemPush       0041c750 f   xhb:hvm.obj
 0001:0001b780       _hb_xvmArrayPop            0041c780 f   xhb:hvm.obj
 0001:0001b7b0       _hb_xvmArrayPopPlus        0041c7b0 f   xhb:hvm.obj
 0001:0001b7e0       _hb_xvmArrayItemPop        0041c7e0 f   xhb:hvm.obj
 0001:0001b810       _hb_xvmPushDouble          0041c810 f   xhb:hvm.obj
 0001:0001b830       _hb_xvmPushLongLong        0041c830 f   xhb:hvm.obj
 0001:0001b850       _hb_xvmLocalName           0041c850 f   xhb:hvm.obj
 0001:0001b870       _hb_xvmStaticName          0041c870 f   xhb:hvm.obj
 0001:0001b890       _hb_xvmModuleName          0041c890 f   xhb:hvm.obj
 0001:0001b8a0       _hb_xvmMacroList           0041c8a0 f   xhb:hvm.obj
 0001:0001b8c0       _hb_xvmMacroListEnd        0041c8c0 f   xhb:hvm.obj
 0001:0001b8e0       _hb_xvmMacroPush           0041c8e0 f   xhb:hvm.obj
 0001:0001b920       _hb_xvmPushMacroRef        0041c920 f   xhb:hvm.obj
 0001:0001b960       _hb_xvmMacroPushIndex      0041c960 f   xhb:hvm.obj
 0001:0001ba90       _hb_xvmMacroPushArg        0041ca90 f   xhb:hvm.obj
 0001:0001baf0       _hb_xvmMacroPushList       0041caf0 f   xhb:hvm.obj
 0001:0001bb30       _hb_xvmMacroPushPare       0041cb30 f   xhb:hvm.obj
 0001:0001bb70       _hb_xvmMacroPushAliased    0041cb70 f   xhb:hvm.obj
 0001:0001bbb0       _hb_xvmMacroPop            0041cbb0 f   xhb:hvm.obj
 0001:0001bbf0       _hb_xvmMacroPopAliased     0041cbf0 f   xhb:hvm.obj
 0001:0001bc30       _hb_xvmMacroSymbol         0041cc30 f   xhb:hvm.obj
 0001:0001bc60       _hb_xvmMacroText           0041cc60 f   xhb:hvm.obj
 0001:0001bc90       _hb_xvmLocalSetInt         0041cc90 f   xhb:hvm.obj
 0001:0001bd20       _hb_xvmLocalSetStr         0041cd20 f   xhb:hvm.obj
 0001:0001bdc0       _hb_xvmSwitchCase          0041cdc0 f   xhb:hvm.obj
 0001:0001bed0       _hb_xvmPushWith            0041ced0 f   xhb:hvm.obj
 0001:0001bf00       _hb_xvmWithObject          0041cf00 f   xhb:hvm.obj
 0001:0001c000       _hb_xvmEndWithObject       0041d000 f   xhb:hvm.obj
 0001:0001c050       _hb_xvmEnumIndex           0041d050 f   xhb:hvm.obj
 0001:0001c0c0       _hb_xvmForEach             0041d0c0 f   xhb:hvm.obj
 0001:0001c2f0       _hb_xvmEnumerate           0041d2f0 f   xhb:hvm.obj
 0001:0001c4c0       _hb_xvmEndEnumerate        0041d4c0 f   xhb:hvm.obj
 0001:0001c5b0       _hb_xvmLocalSetStringHidden 0041d5b0 f   xhb:hvm.obj
 0001:0001c670       _hb_xvmPushStringHidden    0041d670 f   xhb:hvm.obj
 0001:0001c6a0       _hb_xvmDivert              0041d6a0 f   xhb:hvm.obj
 0001:0001c6b0       _hb_vmRequestDebug         0041d6b0 f   xhb:hvm.obj
 0001:0001c6c0       _hb_dbg_InvokeDebug        0041d6c0 f   xhb:hvm.obj
 0001:0001c6e0       _hb_dbg_SetEntry           0041d6e0 f   xhb:hvm.obj
 0001:0001c700       _hb_dbg_vmVarSGet          0041d700 f   xhb:hvm.obj
 0001:0001c720       _hb_dbg_ProcLevel          0041d720 f   xhb:hvm.obj
 0001:0001c730       _HB_FUN_HB_DBG_INVOKEDEBUG 0041d730 f   xhb:hvm.obj
 0001:0001c790       _HB_FUN_HB_DBG_VMVARSLIST  0041d790 f   xhb:hvm.obj
 0001:0001c7c0       _HB_FUN_HB_DBG_VMVARSLEN   0041d7c0 f   xhb:hvm.obj
 0001:0001c7e0       _HB_FUN_HB_DBG_VMVARSGET   0041d7e0 f   xhb:hvm.obj
 0001:0001c820       _HB_FUN_HB_DBG_VMVARSSET   0041d820 f   xhb:hvm.obj
 0001:0001c870       _HB_FUN_HB_DBG_PROCLEVEL   0041d870 f   xhb:hvm.obj
 0001:0001c890       _hb_dbg_vmVarGCount        0041d890 f   xhb:hvm.obj
 0001:0001c8a0       _hb_dbg_vmVarGGet          0041d8a0 f   xhb:hvm.obj
 0001:0001c8c0       _HB_FUN_HB_DBG_VMVARGLIST  0041d8c0 f   xhb:hvm.obj
 0001:0001c8f0       _HB_FUN_HB_DBG_VMVARGGET   0041d8f0 f   xhb:hvm.obj
 0001:0001c930       _HB_FUN_HB_DBG_VMVARGSET   0041d930 f   xhb:hvm.obj
 0001:0001c980       _HB_FUN___VMVARGLIST       0041d980 f   xhb:hvm.obj
 0001:0001c990       _HB_FUN___VMVARSLIST       0041d990 f   xhb:hvm.obj
 0001:0001c9a0       _HB_FUN___VMVARSLEN        0041d9a0 f   xhb:hvm.obj
 0001:0001c9b0       _HB_FUN___VMVARSGET        0041d9b0 f   xhb:hvm.obj
 0001:0001c9c0       _HB_FUN___VMVARSSET        0041d9c0 f   xhb:hvm.obj
 0001:0001cb30       _hb_clsInit                0041db30 f   xhb:classes.obj
 0001:0001cca0       _hb_clsDisableDestructors  0041dca0 f   xhb:classes.obj
 0001:0001ccb0       _hb_clsDestructorsAllowed  0041dcb0 f   xhb:classes.obj
 0001:0001ccc0       _hb_clsClearAllClassDatas  0041dcc0 f   xhb:classes.obj
 0001:0001cd00       _hb_clsClearAll            0041dd00 f   xhb:classes.obj
 0001:0001cd40       _hb_clsReleaseAll          0041dd40 f   xhb:classes.obj
 0001:0001cdf0       _hb_clsIsClassRef          0041ddf0 f   xhb:classes.obj
 0001:0001d330       _hb_clsIsParent            0041e330 f   xhb:classes.obj
 0001:0001d3b0       _hb_objGetClsName          0041e3b0 f   xhb:classes.obj
 0001:0001d4d0       _hb_clsName                0041e4d0 f   xhb:classes.obj
 0001:0001d500       _hb_objGetRealCls          0041e500 f   xhb:classes.obj
 0001:0001d590       _hb_objGetRealClsName      0041e590 f   xhb:classes.obj
 0001:0001d6d0       _hb_objGetOpOver           0041e6d0 f   xhb:classes.obj
 0001:0001d700       _hb_objGetClsSymbol        0041e700 f   xhb:classes.obj
 0001:0001d910       _hb_objGetMethod           0041e910 f   xhb:classes.obj
 0001:0001d960       _hb_objGetMthd             0041e960 f   xhb:classes.obj
 0001:0001dbe0       _hb_clsHasMsg              0041ebe0 f   xhb:classes.obj
 0001:0001dc70       _hb_objGetpMthd            0041ec70 f   xhb:classes.obj
 0001:0001dcc0       _hb_objGetpMethod          0041ecc0 f   xhb:classes.obj
 0001:0001dcf0       _hb_objHasMsg              0041ecf0 f   xhb:classes.obj
 0001:0001dd10       _hb_objHasMessage          0041ed10 f   xhb:classes.obj
 0001:0001ecc0       _HB_FUN___CLSADDMSG        0041fcc0 f   xhb:classes.obj
 0001:0001eee0       ___cls_CntMethods          0041fee0 f   xhb:classes.obj
 0001:0001fbd0       _HB_FUN___CLSNEW           00420bd0 f   xhb:classes.obj
 0001:0001fd50       _hb_clsDeactiveClass       00420d50 f   xhb:classes.obj
 0001:0001fdc0       _HB_FUN___CLSISACTIVE      00420dc0 f   xhb:classes.obj
 0001:0001fe20       _HB_FUN___CLSACTIVE        00420e20 f   xhb:classes.obj
 0001:0001feb0       _HB_FUN___CLSSETMODULE     00420eb0 f   xhb:classes.obj
 0001:0001ff30       _HB_FUN___CLSDELMSG        00420f30 f   xhb:classes.obj
 0001:00020090       _HB_FUN___CLSINST          00421090 f   xhb:classes.obj
 0001:000200b0       _hb_clsInst                004210b0 f   xhb:classes.obj
 0001:00020510       _HB_FUN___CLSMODMSG        00421510 f   xhb:classes.obj
 0001:00020830       _HB_FUN___CLSMSGASSIGNED   00421830 f   xhb:classes.obj
 0001:00020900       _HB_FUN___OBJGETCLSNAME    00421900 f   xhb:classes.obj
 0001:00020930       _HB_FUN___CLSHASMSG        00421930 f   xhb:classes.obj
 0001:00020a00       _HB_FUN___OBJHASMSG        00421a00 f   xhb:classes.obj
 0001:00020aa0       _hb_objClone               00421aa0 f   xhb:classes.obj
 0001:00020ba0       _HB_FUN___OBJCLONE         00421ba0 f   xhb:classes.obj
 0001:00020bf0       _hb_objSendMsg             00421bf0 f   xhb:classes.obj
 0001:00020c80       _hb_objSendSymbol          00421c80 f   xhb:classes.obj
 0001:00020cd0       _hb_objSendMessage         00421cd0 f   xhb:classes.obj
 0001:00020d20       _HB_FUN___OBJSENDMSG       00421d20 f   xhb:classes.obj
 0001:00020e00       _HB_FUN___OBJSENDMSGCASE   00421e00 f   xhb:classes.obj
 0001:00020ee0       _HB_FUN___CLSINSTSUPER     00421ee0 f   xhb:classes.obj
 0001:00021020       _HB_FUN___CLS_CNTCLSDATA   00422020 f   xhb:classes.obj
 0001:00021080       _HB_FUN___CLS_CNTSHRDATA   00422080 f   xhb:classes.obj
 0001:000210c0       _HB_FUN___CLS_CNTDATA      004220c0 f   xhb:classes.obj
 0001:00021110       _HB_FUN___CLS_DECDATA      00422110 f   xhb:classes.obj
 0001:00021160       _HB_FUN___CLS_INCDATA      00422160 f   xhb:classes.obj
 0001:000211e0       _HB_FUN___CLASSNAME        004221e0 f   xhb:classes.obj
 0001:00021240       _HB_FUN___CLASSSEL         00422240 f   xhb:classes.obj
 0001:000212f0       _HB_FUN___GETMEMBERS       004222f0 f   xhb:classes.obj
 0001:00021510       _HB_FUN___GETMESSAGE       00422510 f   xhb:classes.obj
 0001:00021540       _HB_FUN___CLSPARENT        00422540 f   xhb:classes.obj
 0001:00021590       _HB_FUN___SENDER           00422590 f   xhb:classes.obj
 0001:00021610       _hb_objClassH              00422610 f   xhb:classes.obj
 0001:00021730       _HB_FUN___CLASSH           00422730 f   xhb:classes.obj
 0001:00021760       _HB_FUN___EVAL             00422760 f   xhb:classes.obj
 0001:00021e60       _hb___msgGetClsData        00422e60 f   xhb:classes.obj
 0001:00021eb0       _hb___msgSetClsData        00422eb0 f   xhb:classes.obj
 0001:00021f10       _hb___msgGetShrData        00422f10 f   xhb:classes.obj
 0001:00021f60       _hb___msgSetShrData        00422f60 f   xhb:classes.obj
 0001:00021fd0       _hb___msgGetData           00422fd0 f   xhb:classes.obj
 0001:00022020       _hb___msgSetData           00423020 f   xhb:classes.obj
 0001:00022170       _hb_clsClassesArray        00423170 f   xhb:classes.obj
 0001:00022180       _hb_clsMaxClasses          00423180 f   xhb:classes.obj
 0001:00022190       _HB_FUN___GETMSGPRF        00423190 f   xhb:classes.obj
 0001:000221c0       _hb_mthAddTime             004231c0 f   xhb:classes.obj
 0001:000221d0       _hb_clsFinalize            004231d0 f   xhb:classes.obj
 0001:00022390       _HB_FUN___CLSGETPROPERTIES 00423390 f   xhb:classes.obj
 0001:00022450       _HB_FUN___CLSGETPROPERTIESANDVALUES 00423450 f   xhb:classes.obj
 0001:00022560       _HB_FUN___CLSGETIVARNAMESANDVALUES 00423560 f   xhb:classes.obj
 0001:000226b0       _hb_clsSymbolFromFunction  004236b0 f   xhb:classes.obj
 0001:00022720       _HB_FUN_HB_OBJMSGPTR       00423720 f   xhb:classes.obj
 0001:000227c0       _hb_clsGetHandleFromName   004237c0 f   xhb:classes.obj
 0001:00022820       _HB_FUN___CLSGETHANDLEFROMNAME 00423820 f   xhb:classes.obj
 0001:00022920       _hb_clsSetModule           00423920 f   xhb:classes.obj
 0001:00022960       _HB_FUN___SETCLASSSCOPE    00423960 f   xhb:classes.obj
 0001:000229b0       _hb_clsSetScope            004239b0 f   xhb:classes.obj
 0001:000229d0       _HB_FUN___SETCLASSAUTOINIT 004239d0 f   xhb:classes.obj
 0001:00022b60       _HB_FUN___CLSADDFRIEND     00423b60 f   xhb:classes.obj
 0001:00022ba0       _HB_FUN___CLSFRIENDLY      00423ba0 f   xhb:classes.obj
 0001:00022cc0       _HB_FUN___CLSASSOCTYPE     00423cc0 f   xhb:classes.obj
 0001:00022e90       _HB_FUN___CLSCNTCLASSES    00423e90 f   xhb:classes.obj
 0001:00022eb0       _HB_FUN___CLSINSTNAME      00423eb0 f   xhb:classes.obj
 0001:00022f90       _hb_clsCreate              00423f90 f   xhb:classes.obj
 0001:00022fc0       _hb_clsAdd                 00423fc0 f   xhb:classes.obj
 0001:00022ff0       _hb_clsAddData             00423ff0 f   xhb:classes.obj
 0001:00023020       _hb_clsAssociate           00424020 f   xhb:classes.obj
 0001:00023040       _hb_clsAddDataInit         00424040 f   xhb:classes.obj
 0001:000230b0       _HB_FUN_HBCLASS            004240b0 f   xhb:tclass.obj
 0001:000233e0       _HB_FUN_TIPCLIENT          004243e0 f   xhb:client.obj
 0001:00023760       _HB_FUN_ARRAY              00424760 f   xhb:arrayshb.obj
 0001:00023800       _HB_FUN_AADD               00424800 f   xhb:arrayshb.obj
 0001:00023940       _HB_FUN_HB_ARRAYID         00424940 f   xhb:arrayshb.obj
 0001:00023970       _HB_FUN_HB_THISARRAY       00424970 f   xhb:arrayshb.obj
 0001:000239d0       _HB_FUN_ASIZE              004249d0 f   xhb:arrayshb.obj
 0001:00023ac0       _HB_FUN_ASIZEALLOC         00424ac0 f   xhb:arrayshb.obj
 0001:00023b30       _HB_FUN_ALENALLOC          00424b30 f   xhb:arrayshb.obj
 0001:00023b60       _HB_FUN_ATAIL              00424b60 f   xhb:arrayshb.obj
 0001:00023b90       _HB_FUN_AINS               00424b90 f   xhb:arrayshb.obj
 0001:00023c90       _HB_FUN_HB_AINS            00424c90 f   xhb:arrayshb.obj
 0001:00023ca0       _HB_FUN_ADEL               00424ca0 f   xhb:arrayshb.obj
 0001:00023d80       _HB_FUN_AFILL              00424d80 f   xhb:arrayshb.obj
 0001:00023f90       _HB_FUN_ASCAN              00424f90 f   xhb:arrayshb.obj
 0001:00024070       _HB_FUN_AEVAL              00425070 f   xhb:arrayshb.obj
 0001:000241c0       _HB_FUN_ACOPY              004251c0 f   xhb:arrayshb.obj
 0001:000242e0       _HB_FUN_ACLONE             004252e0 f   xhb:arrayshb.obj
 0001:00024320       _HB_FUN_HB_APARAMS         00425320 f   xhb:arrayshb.obj
 0001:00024380       _HB_FUN_HB_AEXPRESSIONS    00425380 f   xhb:arrayshb.obj
 0001:00024630       _SizeOfCStructure          00425630 f   xhb:arrayshb.obj
 0001:00024970       _HB_FUN_HB_SIZEOFCSTRUCTURE 00425970 f   xhb:arrayshb.obj
 0001:00024a10       _ArrayToStructure          00425a10 f   xhb:arrayshb.obj
 0001:00026670       _HB_FUN_HB_ARRAYTOSTRUCTURE 00427670 f   xhb:arrayshb.obj
 0001:00026740       _StructureToArray          00427740 f   xhb:arrayshb.obj
 0001:00027050       _HB_FUN_HB_STRUCTURETOARRAY 00428050 f   xhb:arrayshb.obj
 0001:00027160       _HB_FUN_RASCAN             00428160 f   xhb:arrayshb.obj
 0001:000275f0       _HB_FUN_ASPLICE            004285f0 f   xhb:arrayshb.obj
 0001:00027960       _HB_FUN_AREMOVE            00428960 f   xhb:arrayshb.obj
 0001:00027970       _HB_FUN_AMERGE             00428970 f   xhb:arrayshb.obj
 0001:00027ac0       _HB_FUN_PCOUNT             00428ac0 f   xhb:pcount.obj
 0001:00027af0       _HB_FUN_FOPEN              00428af0 f   xhb:philes.obj
 0001:00027b90       _HB_FUN_FCREATE            00428b90 f   xhb:philes.obj
 0001:00027c20       _HB_FUN_HB_FCREATE         00428c20 f   xhb:philes.obj
 0001:00027ce0       _HB_FUN_FREAD              00428ce0 f   xhb:philes.obj
 0001:00027dd0       _HB_FUN_FWRITE             00428dd0 f   xhb:philes.obj
 0001:00027ea0       _HB_FUN_FERROR             00428ea0 f   xhb:philes.obj
 0001:00027ed0       _HB_FUN_FCLOSE             00428ed0 f   xhb:philes.obj
 0001:00027f40       _HB_FUN_FERASE             00428f40 f   xhb:philes.obj
 0001:00027fa0       _HB_FUN_FRENAME            00428fa0 f   xhb:philes.obj
 0001:00028020       _HB_FUN_FSEEK              00429020 f   xhb:philes.obj
 0001:000280e0       _HB_FUN_FREADSTR           004290e0 f   xhb:philes.obj
 0001:00028190       _HB_FUN_CURDIR             00429190 f   xhb:philes.obj
 0001:00028210       _HB_FUN_HB_F_EOF           00429210 f   xhb:philes.obj
 0001:00028260       _HB_FUN_CURDIRX            00429260 f   xhb:philes.obj
 0001:00028330       _HB_FUN_HB_FCOMMIT         00429330 f   xhb:philes.obj
 0001:00028370       _HB_FUN_HB_FLOCK           00429370 f   xhb:philes.obj
 0001:00028440       _HB_FUN_HB_FUNLOCK         00429440 f   xhb:philes.obj
 0001:000284f0       _HB_FUN_HB_OSERROR         004294f0 f   xhb:philes.obj
 0001:00028510       _HB_FUN_HB_OSPATHSEPARATOR 00429510 f   xhb:philes.obj
 0001:00028520       _HB_FUN_HB_OSPATHLISTSEPARATOR 00429520 f   xhb:philes.obj
 0001:00028530       _HB_FUN_HB_OSPATHDELIMITERS 00429530 f   xhb:philes.obj
 0001:00028540       _HB_FUN_HB_OSDRIVESEPARATOR 00429540 f   xhb:philes.obj
 0001:00028550       _HB_FUN_HB_OSFILEMASK      00429550 f   xhb:philes.obj
 0001:00028560       _HB_FUN_HB_OPENPROCESS     00429560 f   xhb:philes.obj
 0001:000288a0       _HB_FUN_HB_CLOSEPROCESS    004298a0 f   xhb:philes.obj
 0001:00028950       _HB_FUN_HB_PROCESSVALUE    00429950 f   xhb:philes.obj
 0001:00028a00       _HB_FUN_FILE               00429a00 f   xhb:filehb.obj
 0001:00028a30       _HB_FUN_ISDIRECTORY        00429a30 f   xhb:filehb.obj
 0001:00028a60       _hb_strLTrim               00429a60 f   xhb:trim.obj
 0001:00028aa0       _hb_strRTrimLen            00429aa0 f   xhb:trim.obj
 0001:00028b00       _HB_FUN_LTRIM              00429b00 f   xhb:trim.obj
 0001:00028b90       _HB_FUN_RTRIM              00429b90 f   xhb:trim.obj
 0001:00028c40       _HB_FUN_TRIM               00429c40 f   xhb:trim.obj
 0001:00028c50       _HB_FUN_ALLTRIM            00429c50 f   xhb:trim.obj
 0001:00028d10       _HB_FUN_STR                00429d10 f   xhb:str.obj
 0001:00028f40       _HB_FUN_INT                00429f40 f   xhb:round.obj
 0001:00028fe0       _HB_FUN_ROUND              00429fe0 f   xhb:round.obj
 0001:000290b0       _HB_FUN_VALTYPE            0042a0b0 f   xhb:valtype.obj
 0001:000290e0       _HB_FUN_ISNULL             0042a0e0 f   xhb:valtype.obj
 0001:00029120       _HB_FUN_SETNULL            0042a120 f   xhb:valtype.obj
 0001:00029150       _HB_FUN_HB_ISBYREF         0042a150 f   xhb:valtype.obj
 0001:000291b0       _HB_FUN_HB_ISNIL           0042a1b0 f   xhb:valtype.obj
 0001:000291f0       _HB_FUN_HB_ISNUMERIC       0042a1f0 f   xhb:valtype.obj
 0001:00029220       _HB_FUN_HB_ISLOGICAL       0042a220 f   xhb:valtype.obj
 0001:00029250       _HB_FUN_HB_ISDATE          0042a250 f   xhb:valtype.obj
 0001:00029280       _HB_FUN_HB_ISDATETIME      0042a280 f   xhb:valtype.obj
 0001:000292b0       _HB_FUN_HB_ISTIMESTAMP     0042a2b0 f   xhb:valtype.obj
 0001:000292e0       _HB_FUN_HB_ISBLOCK         0042a2e0 f   xhb:valtype.obj
 0001:00029310       _HB_FUN_HB_ISPOINTER       0042a310 f   xhb:valtype.obj
 0001:00029340       _HB_FUN_HB_ISSTRING        0042a340 f   xhb:valtype.obj
 0001:00029370       _HB_FUN_HB_ISCHAR          0042a370 f   xhb:valtype.obj
 0001:000293a0       _HB_FUN_HB_ISMEMO          0042a3a0 f   xhb:valtype.obj
 0001:000293d0       _HB_FUN_HB_ISARRAY         0042a3d0 f   xhb:valtype.obj
 0001:00029420       _HB_FUN_HB_ISOBJECT        0042a420 f   xhb:valtype.obj
 0001:00029440       _HB_FUN_HB_ISHASH          0042a440 f   xhb:valtype.obj
 0001:00029470       _HB_FUN_HB_ISNULL          0042a470 f   xhb:valtype.obj
 0001:00029530       _HB_FUN_LEN                0042a530 f   xhb:len.obj
 0001:000295f0       _HB_FUN_CSTR               0042a5f0 f   xhb:cstr.obj
 0001:00029610       _HB_FUN_CSTRTOVAL          0042a610 f   xhb:cstr.obj
 0001:00029630       _HB_FUN_STRINGTOLITERAL    0042a630 f   xhb:cstr.obj
 0001:00029650       _HB_FUN_VALTOPRG           0042a650 f   xhb:cstr.obj
 0001:00029670       _HB_FUN_VALTOPRGEXP        0042a670 f   xhb:cstr.obj
 0001:00029690       _HB_FUN_PRGEXPTOVAL        0042a690 f   xhb:cstr.obj
 0001:000296b0       _HB_FUN_VALTOARRAY         0042a6b0 f   xhb:cstr.obj
 0001:000296d0       _HB_FUN_VALTOBLOCK         0042a6d0 f   xhb:cstr.obj
 0001:000296f0       _HB_FUN_VALTOCHARACTER     0042a6f0 f   xhb:cstr.obj
 0001:00029710       _HB_FUN_VALTODATE          0042a710 f   xhb:cstr.obj
 0001:00029730       _HB_FUN_VALTOHASH          0042a730 f   xhb:cstr.obj
 0001:00029750       _HB_FUN_VALTOLOGICAL       0042a750 f   xhb:cstr.obj
 0001:00029770       _HB_FUN_VALTONUMBER        0042a770 f   xhb:cstr.obj
 0001:00029790       _HB_FUN_VALTOOBJECT        0042a790 f   xhb:cstr.obj
 0001:000297b0       _HB_FUN_VALTOTYPE          0042a7b0 f   xhb:cstr.obj
 0001:00029810       _HB_FUN_TIPENCODERURL      0042a810 f   xhb:encurl.obj
 0001:00029870       _HB_FUN_TIPENCODERURL_ENCODE 0042a870 f   xhb:encurl.obj
 0001:00029a40       _HB_FUN_TIPENCODERURL_DECODE 0042aa40 f   xhb:encurl.obj
 0001:00029bb0       _HB_FUN_LEFT               0042abb0 f   xhb:left.obj
 0001:00029cd0       _HB_FUN_ALERT              0042acd0 f   xhb:alert.obj
 0001:00029cf0       _HB_FUN___NONOALERT        0042acf0 f   xhb:alert.obj
 0001:00029d70       _HB_FUN_TIPENCODERBASE64   0042ad70 f   xhb:encb64.obj
 0001:00029dd0       _HB_FUN_TIPENCODERBASE64_ENCODE 0042add0 f   xhb:encb64.obj
 0001:0002a0b0       _HB_FUN_TIPENCODERBASE64_DECODE 0042b0b0 f   xhb:encb64.obj
 0001:0002a290       _HB_FUN_EMPTY              0042b290 f   xhb:empty.obj
 0001:0002a4f0       _hb_getregex               0042b4f0 f   xhb:regex.obj
 0001:0002a5d0       _hb_freeregex              0042b5d0 f   xhb:regex.obj
 0001:0002a5f0       _hb_regexCompile           0042b5f0 f   xhb:regex.obj
 0001:0002a680       _hb_regexGet               0042b680 f   xhb:regex.obj
 0001:0002a740       _hb_regexFree              0042b740 f   xhb:regex.obj
 0001:0002a780       _hb_regexMatch             0042b780 f   xhb:regex.obj
 0001:0002a800       _hb_regex                  0042b800 f   xhb:regex.obj
 0001:0002b290       _Wild2RegEx                0042c290 f   xhb:regex.obj
 0001:0002b3c0       _Mask2RegEx                0042c3c0 f   xhb:regex.obj
 0001:0002b490       _HB_FUN_HB_ATX             0042c490 f   xhb:regex.obj
 0001:0002b760       _HB_FUN_WILD2REGEX         0042c760 f   xhb:regex.obj
 0001:0002b7c0       _HB_FUN_HB_REGEX           0042c7c0 f   xhb:regex.obj
 0001:0002b7e0       _HB_FUN_HB_REGEXATX        0042c7e0 f   xhb:regex.obj
 0001:0002b800       _HB_FUN_HB_REGEXALL        0042c800 f   xhb:regex.obj
 0001:0002b820       _HB_FUN_HB_REGEXMATCH      0042c820 f   xhb:regex.obj
 0001:0002b870       _HB_FUN_HB_REGEXSPLIT      0042c870 f   xhb:regex.obj
 0001:0002b890       _HB_FUN_HB_REGEXCOMP       0042c890 f   xhb:regex.obj
 0001:0002ba20       _HB_FUN_HB_PCRE_VERSION    0042ca20 f   xhb:regex.obj
 0001:0002ba40       _HB_FUN_HB_ISREGEXSTRING   0042ca40 f   xhb:regex.obj
 0001:0002baa0       _HB_FUN_HB_FORCELINK_PCREPOS 0042caa0 f   xhb:regex.obj
 0001:0002bab0       _HB_FUN_VAL                0042cab0 f   xhb:val.obj
 0001:0002bb60       _hb_strLower               0042cb60 f   xhb:strcase.obj
 0001:0002bbe0       _hb_strLowerCopy           0042cbe0 f   xhb:strcase.obj
 0001:0002bc80       _hb_strUpperCopy           0042cc80 f   xhb:strcase.obj
 0001:0002bd20       _hb_strUpper               0042cd20 f   xhb:strcase.obj
 0001:0002bda0       _hb_charLower              0042cda0 f   xhb:strcase.obj
 0001:0002bdf0       _hb_charUpper              0042cdf0 f   xhb:strcase.obj
 0001:0002be40       _HB_FUN_LOWER              0042ce40 f   xhb:strcase.obj
 0001:0002beb0       _HB_FUN_UPPER              0042ceb0 f   xhb:strcase.obj
 0001:0002bf20       _HB_FUN_SUBSTR             0042cf20 f   xhb:substr.obj
 0001:0002c090       _HB_FUN_AT                 0042d090 f   xhb:at.obj
 0001:0002c1f0       _hb_AtSkipStrings          0042d1f0 f   xhb:at.obj
 0001:0002c3a0       _HB_FUN_ATSKIPSTRINGS      0042d3a0 f   xhb:at.obj
 0001:0002c430       _hb_hextonum               0042d430 f   xhb:hbhex2n.obj
 0001:0002c520       _HB_FUN_NUMTOHEX           0042d520 f   xhb:hbhex2n.obj
 0001:0002c6c0       _HB_FUN_HEXTONUM           0042d6c0 f   xhb:hbhex2n.obj
 0001:0002c720       _HB_FUN_STRTOHEX           0042d720 f   xhb:hbhex2n.obj
 0001:0002c8b0       _HB_FUN_HEXTOSTR           0042d8b0 f   xhb:hbhex2n.obj
 0001:0002c9d0       _HB_FUN_RIGHT              0042d9d0 f   xhb:right.obj
 0001:0002cf60       _hb_arraySort              0042df60 f   xhb:asort.obj
 0001:0002d020       _HB_FUN_ASORT              0042e020 f   xhb:asort.obj
 0001:0002d0c0       _HB_FUN_REPLICATE          0042e0c0 f   xhb:replic.obj
 0001:0002d220       _HB_FUN_SPACE              0042e220 f   xhb:space.obj
 0001:0002d2b0       _HB_FUN_HB_RANDOM          0042e2b0 f   xhb:hbrandom.obj
 0001:0002d370       _HB_FUN_HB_RANDOMINT       0042e370 f   xhb:hbrandom.obj
 0001:0002d4a0       _HB_FUN_HB_RANDOMSEED      0042e4a0 f   xhb:hbrandom.obj
 0001:0002d4e0       _hb_random_num             0042e4e0 f   xhb:hbrandom.obj
 0001:0002d540       _HB_FUN_STRTRAN            0042e540 f   xhb:strtran.obj
 0001:0002d8a0       _HB_FUN_RAT                0042e8a0 f   xhb:rat.obj
 0001:0002d9b0       _hb_itemNew                0042e9b0 f   xhb:itemapi.obj
 0001:0002d9d0       _hb_itemParam              0042e9d0 f   xhb:itemapi.obj
 0001:0002d9f0       _hb_itemParamPtr           0042e9f0 f   xhb:itemapi.obj
 0001:0002da10       _hb_itemPCount             0042ea10 f   xhb:itemapi.obj
 0001:0002da30       _hb_itemRelease            0042ea30 f   xhb:itemapi.obj
 0001:0002da50       _hb_itemArrayNew           0042ea50 f   xhb:itemapi.obj
 0001:0002da70       _hb_itemArrayGet           0042ea70 f   xhb:itemapi.obj
 0001:0002daa0       _hb_itemArrayPut           0042eaa0 f   xhb:itemapi.obj
 0001:0002dad0       _hb_itemSetCMemo           0042ead0 f   xhb:itemapi.obj
 0001:0002daf0       _hb_itemGetC               0042eaf0 f   xhb:itemapi.obj
 0001:0002db40       _hb_itemGetCPtr            0042eb40 f   xhb:itemapi.obj
 0001:0002db70       _hb_itemGetCLen            0042eb70 f   xhb:itemapi.obj
 0001:0002dba0       _hb_itemCopyC              0042eba0 f   xhb:itemapi.obj
 0001:0002dbf0       _hb_itemFreeC              0042ebf0 f   xhb:itemapi.obj
 0001:0002dc10       _hb_itemGetDS              0042ec10 f   xhb:itemapi.obj
 0001:0002dc50       _hb_itemGetDTS             0042ec50 f   xhb:itemapi.obj
 0001:0002dc90       _hb_itemGetDL              0042ec90 f   xhb:itemapi.obj
 0001:0002dcb0       _hb_itemGetT               0042ecb0 f   xhb:itemapi.obj
 0001:0002dcd0       _hb_itemGetTsec            0042ecd0 f   xhb:itemapi.obj
 0001:0002dd00       _hb_itemGetDTsec           0042ed00 f   xhb:itemapi.obj
 0001:0002dd40       _hb_itemGetDTD             0042ed40 f   xhb:itemapi.obj
 0001:0002dd80       _hb_itemGetDTL             0042ed80 f   xhb:itemapi.obj
 0001:0002ddc0       _hb_itemGetD               0042edc0 f   xhb:itemapi.obj
 0001:0002de20       _hb_itemGetDT              0042ee20 f   xhb:itemapi.obj
 0001:0002dec0       _hb_itemGetL               0042eec0 f   xhb:itemapi.obj
 0001:0002dfc0       _hb_itemGetND              0042efc0 f   xhb:itemapi.obj
 0001:0002e090       _hb_itemGetNDDec           0042f090 f   xhb:itemapi.obj
 0001:0002e190       _hb_itemGetNI              0042f190 f   xhb:itemapi.obj
 0001:0002e240       _hb_itemGetNL              0042f240 f   xhb:itemapi.obj
 0001:0002e2f0       _hb_itemGetPtr             0042f2f0 f   xhb:itemapi.obj
 0001:0002e310       _hb_itemGetPtrGC           0042f310 f   xhb:itemapi.obj
 0001:0002e350       _hb_itemGetSymbol          0042f350 f   xhb:itemapi.obj
 0001:0002e380       _hb_itemPutDate            0042f380 f   xhb:itemapi.obj
 0001:0002e3d0       _hb_itemPutDS              0042f3d0 f   xhb:itemapi.obj
 0001:0002e3f0       _hb_itemPutDTS             0042f3f0 f   xhb:itemapi.obj
 0001:0002e430       _hb_itemPutD               0042f430 f   xhb:itemapi.obj
 0001:0002e460       _hb_itemPutDT              0042f460 f   xhb:itemapi.obj
 0001:0002e4c0       _hb_itemPutTDT             0042f4c0 f   xhb:itemapi.obj
 0001:0002e510       _hb_itemPutDL              0042f510 f   xhb:itemapi.obj
 0001:0002e530       _hb_itemPutDTL             0042f530 f   xhb:itemapi.obj
 0001:0002e570       _hb_itemPutDTsec           0042f570 f   xhb:itemapi.obj
 0001:0002e5c0       _hb_itemPutDTD             0042f5c0 f   xhb:itemapi.obj
 0001:0002e600       _hb_itemPutL               0042f600 f   xhb:itemapi.obj
 0001:0002e650       _hb_itemPutND              0042f650 f   xhb:itemapi.obj
 0001:0002e670       _hb_itemPutNDDec           0042f670 f   xhb:itemapi.obj
 0001:0002e710       _hb_itemPutNI              0042f710 f   xhb:itemapi.obj
 0001:0002e780       _hb_itemPutNL              0042f780 f   xhb:itemapi.obj
 0001:0002e7f0       _hb_itemPutNLen            0042f7f0 f   xhb:itemapi.obj
 0001:0002e8f0       _hb_itemPutNDLen           0042f8f0 f   xhb:itemapi.obj
 0001:0002e9a0       _hb_itemPutNILen           0042f9a0 f   xhb:itemapi.obj
 0001:0002ea20       _hb_itemPutNLLen           0042fa20 f   xhb:itemapi.obj
 0001:0002eaa0       _hb_itemPutSymbol          0042faa0 f   xhb:itemapi.obj
 0001:0002eb20       _hb_itemGetNLen            0042fb20 f   xhb:itemapi.obj
 0001:0002ebd0       _hb_itemSize               0042fbd0 f   xhb:itemapi.obj
 0001:0002ec20       _hb_itemType               0042fc20 f   xhb:itemapi.obj
 0001:0002ec40       _hb_itemTypeStr            0042fc40 f   xhb:itemapi.obj
 0001:0002edf0       _hb_itemUnRef              0042fdf0 f   xhb:itemapi.obj
 0001:0002ee20       _hb_itemUnRefOnce          0042fe20 f   xhb:itemapi.obj
 0001:0002ef50       _hb_itemUnShareString      0042ff50 f   xhb:itemapi.obj
 0001:0002f010       _hb_itemUnShare            00430010 f   xhb:itemapi.obj
 0001:0002f050       _hb_itemGetWriteCL         00430050 f   xhb:itemapi.obj
 0001:0002f0b0       _hb_itemClone              004300b0 f   xhb:itemapi.obj
 0001:0002f100       _hb_itemStrCmp             00430100 f   xhb:itemapi.obj
 0001:0002f240       _hb_itemStrBuf             00430240 f   xhb:itemapi.obj
 0001:0002f830       _hb_itemStr                00430830 f   xhb:itemapi.obj
 0001:0002f920       _hb_itemString             00430920 f   xhb:itemapi.obj
 0001:0002fbc0       _hb_itemPadConv            00430bc0 f   xhb:itemapi.obj
 0001:0002fca0       _hb_itemValToStr           00430ca0 f   xhb:itemapi.obj
 0001:0002fcf0       _hb_itemGetNLL             00430cf0 f   xhb:itemapi.obj
 0001:0002fda0       _hb_itemPutNLL             00430da0 f   xhb:itemapi.obj
 0001:0002fe30       _hb_itemPutNLLLen          00430e30 f   xhb:itemapi.obj
 0001:0002fed0       _hb_itemPutNInt            00430ed0 f   xhb:itemapi.obj
 0001:0002ff30       _hb_itemPutNIntLen         00430f30 f   xhb:itemapi.obj
 0001:0002ffa0       _hb_itemGetNInt            00430fa0 f   xhb:itemapi.obj
 0001:00030050       _hb_itemPutHBLong          00431050 f   xhb:itemapi.obj
 0001:000300e0       _hb_itemPutNumType         004310e0 f   xhb:itemapi.obj
 0001:000301a0       _hb_itemPutNull            004311a0 f   xhb:itemapi.obj
 0001:00030260       _hb_gcAlloc                00431260 f   xhb:garbage.obj
 0001:000302c0       _hb_gcIncRef               004312c0 f   xhb:garbage.obj
 0001:000302e0       _hb_gcDecRef               004312e0 f   xhb:garbage.obj
 0001:00030340       _hb_gcFree                 00431340 f   xhb:garbage.obj
 0001:000303d0       _hb_gcFunc                 004313d0 f   xhb:garbage.obj
 0001:000303f0       _hb_gcGripGet              004313f0 f   xhb:garbage.obj
 0001:00030450       _hb_gcGripDrop             00431450 f   xhb:garbage.obj
 0001:000304b0       _hb_gcLock                 004314b0 f   xhb:garbage.obj
 0001:00030500       _hb_gcUnlock               00431500 f   xhb:garbage.obj
 0001:00030560       _hb_gcItemRef              00431560 f   xhb:garbage.obj
 0001:00030e80       _hb_gcCollect              00431e80 f   xhb:garbage.obj
 0001:00030e90       _hb_gcCollectAll           00431e90 f   xhb:garbage.obj
 0001:000310c0       _hb_gcReleaseAll           004320c0 f   xhb:garbage.obj
 0001:00031200       _hb_gcInit                 00432200 f   xhb:garbage.obj
 0001:00031240       _hb_gcSetCollecting        00432240 f   xhb:garbage.obj
 0001:00031260       _HB_FUN_HB_GCSTEP          00432260 f   xhb:garbage.obj
 0001:00031270       _HB_FUN_HB_GCALL           00432270 f   xhb:garbage.obj
 0001:00031290       _HB_FUN_HB_GCALLOCATED     00432290 f   xhb:garbage.obj
 0001:000312b0       _hb_itemPushForward        004322b0 f   xhb:fastitem.obj
 0001:000312f0       _hb_itemForwardValue       004322f0 f   xhb:fastitem.obj
 0001:00031350       _hb_itemReturn             00432350 f   xhb:fastitem.obj
 0001:00031370       _hb_itemReturnForward      00432370 f   xhb:fastitem.obj
 0001:00031390       _hb_itemReturnRelease      00432390 f   xhb:fastitem.obj
 0001:000313c0       _hb_itemReleaseString      004323c0 f   xhb:fastitem.obj
 0001:00031420       _hb_itemClear              00432420 f   xhb:fastitem.obj
 0001:000315f0       _hb_itemSwap               004325f0 f   xhb:fastitem.obj
 0001:00031630       _hb_itemCopy               00432630 f   xhb:fastitem.obj
 0001:00031810       _hb_itemPutC               00432810 f   xhb:fastitem.obj
 0001:00031840       _hb_itemPutCL              00432840 f   xhb:fastitem.obj
 0001:00031a80       _hb_itemPutCPtr            00432a80 f   xhb:fastitem.obj
 0001:00031ad0       _hb_itemPutCRaw            00432ad0 f   xhb:fastitem.obj
 0001:00031b60       _hb_itemPutCRawStatic      00432b60 f   xhb:fastitem.obj
 0001:00031bc0       _hb_itemPutCStatic         00432bc0 f   xhb:fastitem.obj
 0001:00031bf0       _hb_itemPutCLStatic        00432bf0 f   xhb:fastitem.obj
 0001:00031c60       _hb_itemPutPtr             00432c60 f   xhb:fastitem.obj
 0001:00031cb0       _hb_itemPutPtrGC           00432cb0 f   xhb:fastitem.obj
 0001:00031ce0       _hb_itemPushStaticString   00432ce0 f   xhb:fastitem.obj
 0001:00031d30       _hb_retcAdopt              00432d30 f   xhb:fastitem.obj
 0001:00031dd0       _hb_retclenAdopt           00432dd0 f   xhb:fastitem.obj
 0001:00031e50       _hb_retclenAdoptRaw        00432e50 f   xhb:fastitem.obj
 0001:00031ec0       _hb_retcStatic             00432ec0 f   xhb:fastitem.obj
 0001:00031f20       _hb_retclenStatic          00432f20 f   xhb:fastitem.obj
 0001:00031f60       _hb_itemParamId            00432f60 f   xhb:fastitem.obj
 0001:00031fc0       _hb_xalloc                 00432fc0 f   xhb:fm.obj
 0001:00032010       _hb_xgrab                  00433010 f   xhb:fm.obj
 0001:00032070       _hb_xrealloc               00433070 f   xhb:fm.obj
 0001:00032110       _hb_xfree                  00433110 f   xhb:fm.obj
 0001:00032150       _hb_xRefInc                00433150 f   xhb:fm.obj
 0001:00032160       _hb_xRefDec                00433160 f   xhb:fm.obj
 0001:00032190       _hb_xRefFree               00433190 f   xhb:fm.obj
 0001:000321c0       _hb_xRefCount              004331c0 f   xhb:fm.obj
 0001:000321d0       _hb_xRefResize             004331d0 f   xhb:fm.obj
 0001:000322a0       _hb_xautorelease           004332a0 f   xhb:fm.obj
 0001:000322b0       _hb_xsize                  004332b0 f   xhb:fm.obj
 0001:000322c0       _hb_xinit                  004332c0 f   xhb:fm.obj
 0001:000322e0       _hb_xexit                  004332e0 f   xhb:fm.obj
 0001:000322f0       _hb_xquery                 004332f0 f   xhb:fm.obj
 0001:00032490       _HB_FUN_MEMORY             00433490 f   xhb:fm.obj
 0001:000324c0       _HB_FUN_HB_FM_NOSTAT       004334c0 f   xhb:fm.obj
 0001:000324d0       _hb_lang_ForceLink         004334d0 f   xhb:langapi.obj
 0001:00032520       _hb_langRegister           00433520 f   xhb:langapi.obj
 0001:00032580       _hb_langDeRegister         00433580 f   xhb:langapi.obj
 0001:000325b0       _hb_langFind               004335b0 f   xhb:langapi.obj
 0001:000325e0       _hb_langSelect             004335e0 f   xhb:langapi.obj
 0001:00032620       _hb_langSelectID           00433620 f   xhb:langapi.obj
 0001:00032650       _hb_langDGetItem           00433650 f   xhb:langapi.obj
 0001:00032680       _hb_langID                 00433680 f   xhb:langapi.obj
 0001:000326a0       _hb_langName               004336a0 f   xhb:langapi.obj
 0001:00032710       _hb_langDGetErrorDesc      00433710 f   xhb:langapi.obj
 0001:00032730       _HB_FUN_HB_LANGSELECT      00433730 f   xhb:langapi.obj
 0001:00032770       _HB_FUN_HB_LANGNAME        00433770 f   xhb:langapi.obj
 0001:00032790       _HB_FUN_HB_LANGERRMSG      00433790 f   xhb:langapi.obj
 0001:000327b0       _HB_FUN_HB_LANGMESSAGE     004337b0 f   xhb:langapi.obj
 0001:00033670       _HB_FUN_ERRORNEW           00434670 f   xhb:errorapi.obj
 0001:00033880       _HB_FUN___ERRINHANDLER     00434880 f   xhb:errorapi.obj
 0001:000338a0       _HB_FUN_ERRORBLOCK         004348a0 f   xhb:errorapi.obj
 0001:000338e0       _hb_errorBlock             004348e0 f   xhb:errorapi.obj
 0001:00033910       _hb_errorHandler           00434910 f   xhb:errorapi.obj
 0001:00033940       _HB_FUN_DOSERROR           00434940 f   xhb:errorapi.obj
 0001:00033980       _hb_errInit                00434980 f   xhb:errorapi.obj
 0001:000339f0       _hb_errExit                004349f0 f   xhb:errorapi.obj
 0001:00033a20       _hb_errNew                 00434a20 f   xhb:errorapi.obj
 0001:00033b70       _hb_errLaunch              00434b70 f   xhb:errorapi.obj
 0001:00033e00       _hb_errLaunchSubst         00434e00 f   xhb:errorapi.obj
 0001:00033fd0       _hb_errRelease             00434fd0 f   xhb:errorapi.obj
 0001:00033fe0       _hb_errGetCargo            00434fe0 f   xhb:errorapi.obj
 0001:00034000       _hb_errPutCargo            00435000 f   xhb:errorapi.obj
 0001:00034020       _hb_errGetArgs             00435020 f   xhb:errorapi.obj
 0001:00034040       _hb_errPutArgsArray        00435040 f   xhb:errorapi.obj
 0001:00034060       _hb_errGetDescription      00435060 f   xhb:errorapi.obj
 0001:00034080       _hb_errPutDescription      00435080 f   xhb:errorapi.obj
 0001:000340a0       _hb_errGetFileName         004350a0 f   xhb:errorapi.obj
 0001:000340c0       _hb_errPutFileName         004350c0 f   xhb:errorapi.obj
 0001:000340e0       _hb_errGetGenCode          004350e0 f   xhb:errorapi.obj
 0001:00034100       _hb_errPutGenCode          00435100 f   xhb:errorapi.obj
 0001:00034120       _hb_errGetOperation        00435120 f   xhb:errorapi.obj
 0001:00034140       _hb_errPutOperation        00435140 f   xhb:errorapi.obj
 0001:00034190       _hb_errGetOsCode           00435190 f   xhb:errorapi.obj
 0001:000341b0       _hb_errPutOsCode           004351b0 f   xhb:errorapi.obj
 0001:000341d0       _hb_errGetSeverity         004351d0 f   xhb:errorapi.obj
 0001:000341f0       _hb_errPutSeverity         004351f0 f   xhb:errorapi.obj
 0001:00034210       _hb_errGetSubCode          00435210 f   xhb:errorapi.obj
 0001:00034230       _hb_errPutSubCode          00435230 f   xhb:errorapi.obj
 0001:00034250       _hb_errGetSubSystem        00435250 f   xhb:errorapi.obj
 0001:00034270       _hb_errPutSubSystem        00435270 f   xhb:errorapi.obj
 0001:00034290       _hb_errGetProcName         00435290 f   xhb:errorapi.obj
 0001:000342b0       _hb_errPutProcName         004352b0 f   xhb:errorapi.obj
 0001:000342d0       _hb_errGetProcLine         004352d0 f   xhb:errorapi.obj
 0001:000342f0       _hb_errPutProcLine         004352f0 f   xhb:errorapi.obj
 0001:00034310       _hb_errGetThreadId         00435310 f   xhb:errorapi.obj
 0001:00034330       _hb_errPutThreadId         00435330 f   xhb:errorapi.obj
 0001:00034350       _hb_errGetRunningThreads   00435350 f   xhb:errorapi.obj
 0001:00034370       _hb_errPutRunningThreads   00435370 f   xhb:errorapi.obj
 0001:00034390       _hb_errGetVmThreadId       00435390 f   xhb:errorapi.obj
 0001:000343b0       _hb_errPutVmThreadId       004353b0 f   xhb:errorapi.obj
 0001:000343d0       _hb_errGetModuleName       004353d0 f   xhb:errorapi.obj
 0001:000343f0       _hb_errPutModuleName       004353f0 f   xhb:errorapi.obj
 0001:00034410       _hb_errGetCallStack        00435410 f   xhb:errorapi.obj
 0001:00034430       _hb_errPutCallStack        00435430 f   xhb:errorapi.obj
 0001:00034450       _hb_errGetTries            00435450 f   xhb:errorapi.obj
 0001:00034470       _hb_errPutTries            00435470 f   xhb:errorapi.obj
 0001:00034490       _hb_errGetFlags            00435490 f   xhb:errorapi.obj
 0001:000344b0       _hb_errPutFlags            004354b0 f   xhb:errorapi.obj
 0001:00034540       _hb_errPutArgs             00435540 f   xhb:errorapi.obj
 0001:00034590       _hb_errRT_New              00435590 f   xhb:errorapi.obj
 0001:00034660       _hb_errRT_New_Subst        00435660 f   xhb:errorapi.obj
 0001:00034740       _hb_errRT_SubstParams      00435740 f   xhb:errorapi.obj
 0001:000347c0       _hb_errRT_FileError        004357c0 f   xhb:errorapi.obj
 0001:00034880       _HB_FUN___ERRRT_BASE       00435880 f   xhb:errorapi.obj
 0001:000348f0       _HB_FUN___ERRRT_SBASE      004358f0 f   xhb:errorapi.obj
 0001:00034960       _hb_errRT_BASE             00435960 f   xhb:errorapi.obj
 0001:00034a50       _hb_errRT_BASE_Ext1        00435a50 f   xhb:errorapi.obj
 0001:00034b50       _hb_errRT_BASE_Subst       00435b50 f   xhb:errorapi.obj
 0001:00034c40       _hb_errRT_BASE_SubstR      00435c40 f   xhb:errorapi.obj
 0001:00034d30       _hb_errRT_TERM             00435d30 f   xhb:errorapi.obj
 0001:00034d80       _hb_errRT_DBCMD            00435d80 f   xhb:errorapi.obj
 0001:00034de0       _hb_errRT_DBCMD_Ext        00435de0 f   xhb:errorapi.obj
 0001:00034e30       _hb_errRT_TOOLS            00435e30 f   xhb:errorapi.obj
 0001:00034e80       _hb_errInternal            00435e80 f   xhb:errorapi.obj
 0001:00035020       _hb_stack_init             00436020 f   xhb:estack.obj
 0001:000350e0       _hb_stackInit              004360e0 f   xhb:estack.obj
 0001:00035120       _hb_stackFree              00436120 f   xhb:estack.obj
 0001:000351f0       _hb_stackSetStruct         004361f0 f   xhb:estack.obj
 0001:00035200       _hb_stackPop               00436200 f   xhb:estack.obj
 0001:00035260       _hb_stackPopReturn         00436260 f   xhb:estack.obj
 0001:000352d0       _hb_stackDec               004362d0 f   xhb:estack.obj
 0001:00035300       _hb_stackDecrease          00436300 f   xhb:estack.obj
 0001:00035340       _hb_stackPush              00436340 f   xhb:estack.obj
 0001:00035370       _hb_stackAllocItem         00436370 f   xhb:estack.obj
 0001:000353a0       _hb_stackPushReturn        004363a0 f   xhb:estack.obj
 0001:000353f0       _hb_stackIncrease          004363f0 f   xhb:estack.obj
 0001:000354c0       _hb_stackRemove            004364c0 f   xhb:estack.obj
 0001:000354f0       _hb_stackNewFrame          004364f0 f   xhb:estack.obj
 0001:00035560       _hb_stackOldFrame          00436560 f   xhb:estack.obj
 0001:00035670       _hb_stackClearPrivateBases 00436670 f   xhb:estack.obj
 0001:000356b0       _hb_stackTopOffset         004366b0 f   xhb:estack.obj
 0001:000356d0       _hb_stackBaseOffset        004366d0 f   xhb:estack.obj
 0001:000356f0       _hb_stackBaseProcOffset    004366f0 f   xhb:estack.obj
 0001:00035750       _hb_stackTotalItems        00436750 f   xhb:estack.obj
 0001:00035760       _hb_stackIOErrors          00436760 f   xhb:estack.obj
 0001:00035770       _hb_stackRDD               00436770 f   xhb:estack.obj
 0001:00035780       _hb_stackRDDTLS            00436780 f   xhb:estack.obj
 0001:00035790       _hb_stackGetStaticsBase    00436790 f   xhb:estack.obj
 0001:000357a0       _hb_stackSetStaticsBase    004367a0 f   xhb:estack.obj
 0001:000357b0       _hb_stackItemBasePtr       004367b0 f   xhb:estack.obj
 0001:000357c0       _hb_stackItem              004367c0 f   xhb:estack.obj
 0001:000357f0       _hb_stackItemFromTop       004367f0 f   xhb:estack.obj
 0001:00035820       _hb_stackItemFromBase      00436820 f   xhb:estack.obj
 0001:00035850       _hb_stackLocalVariable     00436850 f   xhb:estack.obj
 0001:00035880       _hb_stackTopItem           00436880 f   xhb:estack.obj
 0001:00035890       _hb_stackBaseItem          00436890 f   xhb:estack.obj
 0001:000358a0       _hb_stackSelfItem          004368a0 f   xhb:estack.obj
 0001:000358b0       _hb_stackReturnItem        004368b0 f   xhb:estack.obj
 0001:000358c0       _hb_stackDateBuffer        004368c0 f   xhb:estack.obj
 0001:000358d0       _hb_stackGetBase           004368d0 f   xhb:estack.obj
 0001:00035950       _hb_stackGetActionRequest  00436950 f   xhb:estack.obj
 0001:00035960       _hb_stackSetActionRequest  00436960 f   xhb:estack.obj
 0001:00035980       _hb_stackDispLocal         00436980 f   xhb:estack.obj
 0001:00035c60       _hb_stackDispCall          00436c60 f   xhb:estack.obj
 0001:00035d70       _hb_param                  00436d70 f   xhb:extend.obj
 0001:00035e20       _hb_paramError             00436e20 f   xhb:extend.obj
 0001:00035e50       _hb_extIsArray             00436e50 f   xhb:extend.obj
 0001:00035ec0       _hb_extIsObject            00436ec0 f   xhb:extend.obj
 0001:00035f50       _hb_parc                   00436f50 f   xhb:extend.obj
 0001:00035ff0       _hb_parcx                  00436ff0 f   xhb:extend.obj
 0001:000360a0       _hb_parclen                004370a0 f   xhb:extend.obj
 0001:00036140       _hb_parcsiz                00437140 f   xhb:extend.obj
 0001:000361e0       _hb_pards                  004371e0 f   xhb:extend.obj
 0001:000362a0       _hb_pardts                 004372a0 f   xhb:extend.obj
 0001:00036360       _hb_pardsbuff              00437360 f   xhb:extend.obj
 0001:00036420       _hb_pardl                  00437420 f   xhb:extend.obj
 0001:000364c0       _hb_pardtsbuff             004374c0 f   xhb:extend.obj
 0001:00036580       _hb_part                   00437580 f   xhb:extend.obj
 0001:00036620       _hb_pardtsec               00437620 f   xhb:extend.obj
 0001:000366d0       _hb_pardtd                 004376d0 f   xhb:extend.obj
 0001:00036780       _hb_parl                   00437780 f   xhb:extend.obj
 0001:00036900       _hb_parnd                  00437900 f   xhb:extend.obj
 0001:00036a00       _hb_parni                  00437a00 f   xhb:extend.obj
 0001:00036af0       _hb_parnl                  00437af0 f   xhb:extend.obj
 0001:00036bf0       _hb_parnint                00437bf0 f   xhb:extend.obj
 0001:00036d00       _hb_parptr                 00437d00 f   xhb:extend.obj
 0001:00036da0       _hb_parptrGC               00437da0 f   xhb:extend.obj
 0001:00036e80       _hb_parinfa                00437e80 f   xhb:extend.obj
 0001:00036ec0       _hb_parinfo                00437ec0 f   xhb:extend.obj
 0001:00036f70       _hb_pcount                 00437f70 f   xhb:extend.obj
 0001:00036f90       _hb_ret                    00437f90 f   xhb:extend.obj
 0001:00036fc0       _hb_reta                   00437fc0 f   xhb:extend.obj
 0001:00036fe0       _hb_retc                   00437fe0 f   xhb:extend.obj
 0001:00037000       _hb_retc_null              00438000 f   xhb:extend.obj
 0001:00037020       _hb_retclen                00438020 f   xhb:extend.obj
 0001:00037040       _hb_retds                  00438040 f   xhb:extend.obj
 0001:00037060       _hb_retdts                 00438060 f   xhb:extend.obj
 0001:00037080       _hb_retd                   00438080 f   xhb:extend.obj
 0001:000370a0       _hb_retdt                  004380a0 f   xhb:extend.obj
 0001:000370e0       _hb_retdl                  004380e0 f   xhb:extend.obj
 0001:00037100       _hb_retdtd                 00438100 f   xhb:extend.obj
 0001:00037120       _hb_retdtl                 00438120 f   xhb:extend.obj
 0001:00037140       _hb_retl                   00438140 f   xhb:extend.obj
 0001:00037170       _hb_retnd                  00438170 f   xhb:extend.obj
 0001:00037190       _hb_retni                  00438190 f   xhb:extend.obj
 0001:000371b0       _hb_retnl                  004381b0 f   xhb:extend.obj
 0001:000371d0       _hb_retnlen                004381d0 f   xhb:extend.obj
 0001:00037200       _hb_retndlen               00438200 f   xhb:extend.obj
 0001:00037230       _hb_retnilen               00438230 f   xhb:extend.obj
 0001:00037250       _hb_retnllen               00438250 f   xhb:extend.obj
 0001:00037270       _hb_retptr                 00438270 f   xhb:extend.obj
 0001:00037290       _hb_retptrGC               00438290 f   xhb:extend.obj
 0001:000372b0       _hb_retnint                004382b0 f   xhb:extend.obj
 0001:000372d0       _hb_retnintlen             004382d0 f   xhb:extend.obj
 0001:000372f0       _hb_storc                  004382f0 f   xhb:extend.obj
 0001:000373c0       _hb_storclen               004383c0 f   xhb:extend.obj
 0001:00037490       _hb_storclenAdopt          00438490 f   xhb:extend.obj
 0001:00037580       _hb_stords                 00438580 f   xhb:extend.obj
 0001:00037650       _hb_stordts                00438650 f   xhb:extend.obj
 0001:00037720       _hb_stordl                 00438720 f   xhb:extend.obj
 0001:000377f0       _hb_stordtd                004387f0 f   xhb:extend.obj
 0001:000378c0       _hb_stordtl                004388c0 f   xhb:extend.obj
 0001:00037990       _hb_stord                  00438990 f   xhb:extend.obj
 0001:00037a70       _hb_stordt                 00438a70 f   xhb:extend.obj
 0001:00037b70       _hb_storl                  00438b70 f   xhb:extend.obj
 0001:00037c70       _hb_storni                 00438c70 f   xhb:extend.obj
 0001:00037d40       _hb_stornl                 00438d40 f   xhb:extend.obj
 0001:00037e10       _hb_stornint               00438e10 f   xhb:extend.obj
 0001:00037f00       _hb_stornd                 00438f00 f   xhb:extend.obj
 0001:00037fd0       _hb_storptr                00438fd0 f   xhb:extend.obj
 0001:000380a0       _hb_stornll                004390a0 f   xhb:extend.obj
 0001:00038180       _hb_parnll                 00439180 f   xhb:extend.obj
 0001:00038270       _hb_retnll                 00439270 f   xhb:extend.obj
 0001:00038290       _hb_retnlllen              00439290 f   xhb:extend.obj
 0001:000382b0       _hb_traceInit              004392b0 f   xhb:trace.obj
 0001:00038320       _hb_traceExit              00439320 f   xhb:trace.obj
 0001:00038330       _TraceLog                  00439330 f   xhb:trace.obj
 0001:000383d0       _HB_FUN_HB_TRACESTATE      004393d0 f   xhb:trace.obj
 0001:00038410       _HB_FUN_HB_TRACELEVEL      00439410 f   xhb:trace.obj
 0001:00038450       _HB_FUN_HB_TRACESTRING     00439450 f   xhb:trace.obj
 0001:00038490       _HB_FUN_METHODNAME         00439490 f   xhb:proc.obj
 0001:000384d0       _HB_FUN_PROCNAME           004394d0 f   xhb:proc.obj
 0001:00038510       _HB_FUN_PROCLINE           00439510 f   xhb:proc.obj
 0001:00038550       _HB_FUN_PROCFILE           00439550 f   xhb:proc.obj
 0001:00038590       _hb_procinfo               00439590 f   xhb:proc.obj
 0001:00038860       _hb_arrayNew               00439860 f   xhb:arrays.obj
 0001:00038920       _hb_arraySize              00439920 f   xhb:arrays.obj
 0001:00038ba0       _hb_arrayLen               00439ba0 f   xhb:arrays.obj
 0001:00038bc0       _hb_arrayIsObject          00439bc0 f   xhb:arrays.obj
 0001:00038c00       _hb_arrayId                00439c00 f   xhb:arrays.obj
 0001:00038c20       _hb_arrayAdd               00439c20 f   xhb:arrays.obj
 0001:00038ca0       _hb_arrayAddForward        00439ca0 f   xhb:arrays.obj
 0001:00038d20       _hb_arrayDel               00439d20 f   xhb:arrays.obj
 0001:00038e10       _hb_arrayIns               00439e10 f   xhb:arrays.obj
 0001:00038eb0       _hb_arraySet               00439eb0 f   xhb:arrays.obj
 0001:00038f20       _hb_arraySetForward        00439f20 f   xhb:arrays.obj
 0001:00038f90       _hb_arrayGet               00439f90 f   xhb:arrays.obj
 0001:00039020       _hb_arrayGetForward        0043a020 f   xhb:arrays.obj
 0001:000390b0       _hb_arrayGetByRef          0043a0b0 f   xhb:arrays.obj
 0001:000391d0       _hb_arrayGetDS             0043a1d0 f   xhb:arrays.obj
 0001:00039230       _hb_arrayGetDTS            0043a230 f   xhb:arrays.obj
 0001:00039290       _hb_arrayGetDL             0043a290 f   xhb:arrays.obj
 0001:000392e0       _hb_arrayGetT              0043a2e0 f   xhb:arrays.obj
 0001:00039330       _hb_arrayGetDTsec          0043a330 f   xhb:arrays.obj
 0001:00039390       _hb_arrayGetDTD            0043a390 f   xhb:arrays.obj
 0001:000393f0       _hb_arrayGetItemPtr        0043a3f0 f   xhb:arrays.obj
 0001:00039430       _hb_arrayGetL              0043a430 f   xhb:arrays.obj
 0001:00039470       _hb_arrayGetNI             0043a470 f   xhb:arrays.obj
 0001:000394b0       _hb_arrayGetNL             0043a4b0 f   xhb:arrays.obj
 0001:000394f0       _hb_arrayGetNLL            0043a4f0 f   xhb:arrays.obj
 0001:00039540       _hb_arrayGetNInt           0043a540 f   xhb:arrays.obj
 0001:00039590       _hb_arrayGetND             0043a590 f   xhb:arrays.obj
 0001:000395e0       _hb_arrayCopyC             0043a5e0 f   xhb:arrays.obj
 0001:00039650       _hb_arrayGetC              0043a650 f   xhb:arrays.obj
 0001:000396b0       _hb_arrayGetCPtr           0043a6b0 f   xhb:arrays.obj
 0001:00039710       _hb_arrayGetCLen           0043a710 f   xhb:arrays.obj
 0001:00039770       _hb_arrayGetPtr            0043a770 f   xhb:arrays.obj
 0001:000397b0       _hb_arrayGetType           0043a7b0 f   xhb:arrays.obj
 0001:000397f0       _hb_arraySetDS             0043a7f0 f   xhb:arrays.obj
 0001:00039840       _hb_arraySetDL             0043a840 f   xhb:arrays.obj
 0001:00039890       _hb_arraySetL              0043a890 f   xhb:arrays.obj
 0001:000398e0       _hb_arraySetNI             0043a8e0 f   xhb:arrays.obj
 0001:00039930       _hb_arraySetNL             0043a930 f   xhb:arrays.obj
 0001:00039980       _hb_arraySetNLL            0043a980 f   xhb:arrays.obj
 0001:000399d0       _hb_arraySetNInt           0043a9d0 f   xhb:arrays.obj
 0001:00039a20       _hb_arraySetND             0043aa20 f   xhb:arrays.obj
 0001:00039a70       _hb_arraySetC              0043aa70 f   xhb:arrays.obj
 0001:00039ac0       _hb_arraySetCL             0043aac0 f   xhb:arrays.obj
 0001:00039b10       _hb_arraySetCPtr           0043ab10 f   xhb:arrays.obj
 0001:00039b60       _hb_arraySetPtr            0043ab60 f   xhb:arrays.obj
 0001:00039bb0       _hb_arraySetPtrGC          0043abb0 f   xhb:arrays.obj
 0001:00039c00       _hb_arrayLast              0043ac00 f   xhb:arrays.obj
 0001:00039ca0       _hb_arrayFill              0043aca0 f   xhb:arrays.obj
 0001:00039d30       _hb_arrayScan              0043ad30 f   xhb:arrays.obj
 0001:0003a2a0       _hb_arrayEval              0043b2a0 f   xhb:arrays.obj
 0001:0003a550       _hb_arrayReleaseBase       0043b550 f   xhb:arrays.obj
 0001:0003a620       _hb_arrayRelease           0043b620 f   xhb:arrays.obj
 0001:0003a660       _hb_arrayCopy              0043b660 f   xhb:arrays.obj
 0001:0003a770       _hb_arrayClone2            0043b770 f   xhb:arrays.obj
 0001:0003a790       _hb_arrayCloneEx           0043b790 f   xhb:arrays.obj
 0001:0003a940       _hb_arrayClone             0043b940 f   xhb:arrays.obj
 0001:0003a980       _hb_arrayFromStack         0043b980 f   xhb:arrays.obj
 0001:0003a9e0       _hb_arrayFromParams        0043b9e0 f   xhb:arrays.obj
 0001:0003aab0       _hb_arrayBaseParams        0043bab0 f   xhb:arrays.obj
 0001:0003aad0       _hb_arraySelfParams        0043bad0 f   xhb:arrays.obj
 0001:0003ab40       _hb_arrayReleaseGarbage    0043bb40 f   xhb:arrays.obj
 0001:0003abd0       _hb_arrayMode              0043bbd0 f   xhb:arrays.obj
 0001:0003abe0       _hb_winmainArgInit         0043bbe0 f   xhb:cmdarg.obj
 0001:0003ac10       _hb_winmainArgGet          0043bc10 f   xhb:cmdarg.obj
 0001:0003ac50       _hb_cmdargInit             0043bc50 f   xhb:cmdarg.obj
 0001:0003ac70       _hb_cmdargARGC             0043bc70 f   xhb:cmdarg.obj
 0001:0003ac80       _hb_cmdargARGV             0043bc80 f   xhb:cmdarg.obj
 0001:0003ac90       _hb_cmdargIsInternal       0043bc90 f   xhb:cmdarg.obj
 0001:0003aee0       _hb_cmdargCheck            0043bee0 f   xhb:cmdarg.obj
 0001:0003af10       _hb_cmdargString           0043bf10 f   xhb:cmdarg.obj
 0001:0003af30       _hb_cmdargNum              0043bf30 f   xhb:cmdarg.obj
 0001:0003af70       _HB_FUN_HB_ARGCHECK        0043bf70 f   xhb:cmdarg.obj
 0001:0003afc0       _HB_FUN_HB_ARGSTRING       0043bfc0 f   xhb:cmdarg.obj
 0001:0003b020       _HB_FUN_HB_ARGC            0043c020 f   xhb:cmdarg.obj
 0001:0003b040       _HB_FUN_HB_ARGV            0043c040 f   xhb:cmdarg.obj
 0001:0003b0b0       _hb_cmdargProcessVM        0043c0b0 f   xhb:cmdarg.obj
 0001:0003b2b0       _hb_verCvsID               0043c2b0 f   xhb:cmdarg.obj
 0001:0003b2c0       _hb_verCvsChangeLogID      0043c2c0 f   xhb:cmdarg.obj
 0001:0003b2d0       _hb_verCvsLastEntry        0043c2d0 f   xhb:cmdarg.obj
 0001:0003b2e0       _hb_verFlagsC              0043c2e0 f   xhb:cmdarg.obj
 0001:0003b2f0       _hb_verFlagsL              0043c2f0 f   xhb:cmdarg.obj
 0001:0003b300       _hb_verFlagsPRG            0043c300 f   xhb:cmdarg.obj
 0001:0003b310       _HB_FUN_HB_CMDARGARGV      0043c310 f   xhb:cmdarg.obj
 0001:0003b560       _hb_fsGetOsHandle          0043c560 f   xhb:filesys.obj
 0001:0003b570       _hb_fsPOpen                0043c570 f   xhb:filesys.obj
 0001:0003b590       _hb_fsOpenProcess          0043c590 f   xhb:filesys.obj
 0001:0003b9d0       _hb_fsProcessValue         0043c9d0 f   xhb:filesys.obj
 0001:0003ba60       _hb_fsCloseProcess         0043ca60 f   xhb:filesys.obj
 0001:0003bab0       _hb_fsOpen                 0043cab0 f   xhb:filesys.obj
 0001:0003bb50       _hb_fsCreate               0043cb50 f   xhb:filesys.obj
 0001:0003bbf0       _hb_fsCreateEx             0043cbf0 f   xhb:filesys.obj
 0001:0003bca0       _hb_fsClose                0043cca0 f   xhb:filesys.obj
 0001:0003bcd0       _hb_fsSetDevMode           0043ccd0 f   xhb:filesys.obj
 0001:0003bd70       _hb_fsGetFileTime          0043cd70 f   xhb:filesys.obj
 0001:0003be40       _hb_fsGetAttr              0043ce40 f   xhb:filesys.obj
 0001:0003beb0       _hb_fsSetFileTime          0043ceb0 f   xhb:filesys.obj
 0001:0003bff0       _hb_fsSetAttr              0043cff0 f   xhb:filesys.obj
 0001:0003c080       _hb_fsRead                 0043d080 f   xhb:filesys.obj
 0001:0003c0f0       _hb_fsWrite                0043d0f0 f   xhb:filesys.obj
 0001:0003c180       _hb_fsReadLarge            0043d180 f   xhb:filesys.obj
 0001:0003c1d0       _hb_fsWriteLarge           0043d1d0 f   xhb:filesys.obj
 0001:0003c240       _hb_fsReadAt               0043d240 f   xhb:filesys.obj
 0001:0003c320       _hb_fsWriteAt              0043d320 f   xhb:filesys.obj
 0001:0003c400       _hb_fsTruncAt              0043d400 f   xhb:filesys.obj
 0001:0003c4b0       _hb_fsCommit               0043d4b0 f   xhb:filesys.obj
 0001:0003c4e0       _hb_fsLock                 0043d4e0 f   xhb:filesys.obj
 0001:0003c640       _hb_fsLockLarge            0043d640 f   xhb:filesys.obj
 0001:0003c810       _hb_fsSeek                 0043d810 f   xhb:filesys.obj
 0001:0003c8b0       _hb_fsSeekLarge            0043d8b0 f   xhb:filesys.obj
 0001:0003ca10       _hb_fsTell                 0043da10 f   xhb:filesys.obj
 0001:0003ca30       _hb_fsDelete               0043da30 f   xhb:filesys.obj
 0001:0003ca80       _hb_fsRename               0043da80 f   xhb:filesys.obj
 0001:0003cb00       _hb_fsMkDir                0043db00 f   xhb:filesys.obj
 0001:0003cb60       _hb_fsChDir                0043db60 f   xhb:filesys.obj
 0001:0003cbb0       _hb_fsRmDir                0043dbb0 f   xhb:filesys.obj
 0001:0003cc00       _hb_fsCurDir               0043dc00 f   xhb:filesys.obj
 0001:0003cc30       _hb_fsCurDirBuff           0043dc30 f   xhb:filesys.obj
 0001:0003cd80       _hb_fsChDrv                0043dd80 f   xhb:filesys.obj
 0001:0003ce20       _hb_fsCurDrv               0043de20 f   xhb:filesys.obj
 0001:0003ce60       _hb_fsIsDrv                0043de60 f   xhb:filesys.obj
 0001:0003cec0       _hb_fsIsDevice             0043dec0 f   xhb:filesys.obj
 0001:0003cf10       _hb_fsExtName              0043df10 f   xhb:filesys.obj
 0001:0003d0b0       _hb_fsExtOpen              0043e0b0 f   xhb:filesys.obj
 0001:0003d1e0       _hb_fsEof                  0043e1e0 f   xhb:filesys.obj
 0001:0003d300       _hb_fsCurDirEx             0043e300 f   xhb:filesys.obj
 0001:0003d330       _hb_fsCurDirBuffEx         0043e330 f   xhb:filesys.obj
 0001:0003d400       _hb_fsNameConv             0043e400 f   xhb:filesys.obj
 0001:0003d700       _HB_FUN_HB_DISABLEWAITLOCKS 0043e700 f   xhb:filesys.obj
 0001:0003d750       _HB_FUN_DISABLEWAITLOCKS   0043e750 f   xhb:filesys.obj
 0001:0003d760       _hb_gtInit                 0043e760 f   xhb:gtapi.obj
 0001:0003d810       _hb_gtExit                 0043e810 f   xhb:gtapi.obj
[...]
 0001:000ad7c0       _hb_fptCountFlexItemLength 004ae7c0 f   DBF:dbffpt1.obj
 0001:000ada1e       _hb_fptStoreFlexItem       004aea1e f   DBF:dbffpt1.obj
 0001:000adef3       _hb_fptReadFlexItem        004aeef3 f   DBF:dbffpt1.obj
 0001:000ae976       _hb_fptCopyToRawFile       004af976 f   DBF:dbffpt1.obj
 0001:000abb6c       _hb_fptGetMemoLen          004acb6c f   DBF:dbffpt1.obj
 0001:000ab069       _hb_fptInitGCdata          004ac069 f   DBF:dbffpt1.obj
 0001:000ab0be       _hb_fptReadGCdata          004ac0be f   DBF:dbffpt1.obj
 0001:000aaaa0       _hb_fptGCfreeBlock         004abaa0 f   DBF:dbffpt1.obj
 0001:000ab4da       _hb_fptWriteGCdata         004ac4da f   DBF:dbffpt1.obj
 0001:000af8b2       _hb_fptWriteMemo           004b08b2 f   DBF:dbffpt1.obj
 0001:000b0583       _hb_fptLockForRead         004b1583 f   DBF:dbffpt1.obj
 0001:000aecb7       _hb_fptReadRawBlock        004afcb7 f   DBF:dbffpt1.obj
 0001:000aef0d       _hb_fptReadSMTBlock        004aff0d f   DBF:dbffpt1.obj
 0001:000aed7c       _hb_fptReadBlobBlock       004afd7c f   DBF:dbffpt1.obj
 0001:000af02d       _hb_fptGetMemo             004b002d f   DBF:dbffpt1.obj
 0001:000aa3b0       _hb_fptFileUnLockSh        004ab3b0 f   DBF:dbffpt1.obj
 0001:000aa070       _hb_memoErrorRT            004ab070 f   DBF:dbffpt1.obj
 0001:000aa20e       _hb_fptFileLockEx          004ab20e f   DBF:dbffpt1.obj
 0001:000aa351       _hb_fptFileUnLockEx        004ab351 f   DBF:dbffpt1.obj
 0001:000afed1       _hb_fptPutMemo             004b0ed1 f   DBF:dbffpt1.obj
 0001:000b05ae       _hb_fptGetVarField         004b15ae f   DBF:dbffpt1.obj
 0001:000b0f06       _hb_fptPutVarField         004b1f06 f   DBF:dbffpt1.obj
 0001:000aa2ad       _hb_fptFileLockSh          004ab2ad f   DBF:dbffpt1.obj
 0001:000aeb0f       _hb_fptCopyToFile          004afb0f f   DBF:dbffpt1.obj
 0001:000b2e2f       _hb_fptDoPackRec           004b3e2f f   DBF:dbffpt1.obj
 0001:000aa1a2       _hb_memoDefaultFileExt     004ab1a2 f   DBF:dbffpt1.obj
 0001:000b3399       _hb_fptDoPack              004b4399 f   DBF:dbffpt1.obj
 0001:000b0bed       _hb_fptGetVarFile          004b1bed f   DBF:dbffpt1.obj
 0001:000b0d34       _hb_fptPutVarFile          004b1d34 f   DBF:dbffpt1.obj
 0001:000aa512       _hb_fptGetRootBlock        004ab512 f   DBF:dbffpt1.obj
 0001:000aa588       _hb_fptPutRootBlock        004ab588 f   DBF:dbffpt1.obj
 0001:000aa45b       _hb_fptRootBlockLock       004ab45b f   DBF:dbffpt1.obj
 0001:000aa4b3       _hb_fptRootBlockUnLock     004ab4b3 f   DBF:dbffpt1.obj
 0001:000abcfa       _hb_fptGetMemoType         004accfa f   DBF:dbffpt1.obj
 0001:000b4d48       _hb_dbffptRegisterRDD      004b5d48 f   DBF:dbffpt1.obj
 0001:000b4e10       _hb_dbffptRddInit          004b5e10 f   DBF:dbffpt1.obj
 0001:000b463c       _hb_fptFieldInfo           004b563c f   DBF:dbffpt1.obj
 0001:000b18cb       _hb_fptGetValue            004b28cb f   DBF:dbffpt1.obj
 0001:000b17e4       _hb_fptGetVarLen           004b27e4 f   DBF:dbffpt1.obj
 0001:000b195d       _hb_fptPutValue            004b295d f   DBF:dbffpt1.obj
 0001:000b3cfb       _hb_fptInfo                004b4cfb f   DBF:dbffpt1.obj
 0001:000b17d2       _hb_fptStructSize          004b27d2 f   DBF:dbffpt1.obj
 0001:000b39ad       _hb_fptPack                004b49ad f   DBF:dbffpt1.obj
 0001:000b38f6       _hb_fptPackRec             004b48f6 f   DBF:dbffpt1.obj
 0001:000b19ed       _hb_fptCreateMemFile       004b29ed f   DBF:dbffpt1.obj
 0001:000b21e6       _hb_fptGetValueFile        004b31e6 f   DBF:dbffpt1.obj
 0001:000b23d5       _hb_fptOpenMemFile         004b33d5 f   DBF:dbffpt1.obj
 0001:000b2945       _hb_fptPutValueFile        004b3945 f   DBF:dbffpt1.obj
 0001:000b48f4       _hb_fptRddInfo             004b58f4 f   DBF:dbffpt1.obj
 0001:000b4eb9       __hb_dbffpt_rdd_init_      004b5eb9 f   DBF:dbffpt1.obj
 0001:000b4e75       _dbffpt1__InitSymbols      004b5e75 f   DBF:dbffpt1.obj
 0001:000b4ed0       _hb_sxInitSeed             004b5ed0 f   DBF:sxcrypt.obj
 0001:000b4f3e       _hb_sxNextSeed             004b5f3e f   DBF:sxcrypt.obj
 0001:000b5162       __hb_sxGetKey              004b6162 f   DBF:sxcrypt.obj
 0001:000b5740       _hb_dbQSortIsLess          004b6740 f   DBF:hbdbsort.obj
 0001:000b5ae0       _hb_dbQSortSwap            004b6ae0 f   DBF:hbdbsort.obj
 0001:000b5c02       _hb_dbQSortDo              004b6c02 f   DBF:hbdbsort.obj
 0001:000b612d       _hb_ntxKeyNew              004b712d f   NTX:dbfntx1.obj
 0001:000b6203       _hb_ntxItemType            004b7203 f   NTX:dbfntx1.obj
 0001:000b5f74       _hb_ntxNumToStr            004b6f74 f   NTX:dbfntx1.obj
 0001:000b6020       _hb_ntxStrToNum            004b7020 f   NTX:dbfntx1.obj
 0001:000b659e       _hb_ntxKeyGetItem          004b759e f   NTX:dbfntx1.obj
 0001:000b6325       _hb_ntxKeyPutItem          004b7325 f   NTX:dbfntx1.obj
 0001:000b6a59       _hb_ntxValCompare          004b7a59 f   NTX:dbfntx1.obj
 0001:000b6bb1       _hb_ntxInTopScope          004b7bb1 f   NTX:dbfntx1.obj
 0001:000b6c83       _hb_ntxInBottomScope       004b7c83 f   NTX:dbfntx1.obj
 0001:000b62f5       _hb_ntxItemTypeCmp         004b72f5 f   NTX:dbfntx1.obj
 0001:000b6dad       _hb_ntxTagClearScope       004b7dad f   NTX:dbfntx1.obj
 0001:000b5e60       _hb_ntxErrorRT             004b6e60 f   NTX:dbfntx1.obj
 0001:000b7356       _hb_ntxBlockWrite          004b8356 f   NTX:dbfntx1.obj
 0001:000b7298       _hb_ntxBlockRead           004b8298 f   NTX:dbfntx1.obj
 0001:000b7525       _hb_ntxTagUpdateFlags      004b8525 f   NTX:dbfntx1.obj
 0001:000b76e5       _hb_ntxFreePageBuffer      004b86e5 f   NTX:dbfntx1.obj
 0001:000b7648       _hb_ntxTagHeaderCheck      004b8648 f   NTX:dbfntx1.obj
 0001:000b7819       _hb_ntxPageFind            004b8819 f   NTX:dbfntx1.obj
 0001:000b7889       _hb_ntxPageGetBuffer       004b8889 f   NTX:dbfntx1.obj
 0001:000b7b61       _hb_ntxPageRelease         004b8b61 f   NTX:dbfntx1.obj
 0001:000b7c4d       _hb_ntxPageLoad            004b8c4d f   NTX:dbfntx1.obj
 0001:000b7ddd       _hb_ntxPageInit            004b8ddd f   NTX:dbfntx1.obj
 0001:000b7e5c       _hb_ntxPageAlloc           004b8e5c f   NTX:dbfntx1.obj
 0001:000b7b1a       _hb_ntxPageFree            004b8b1a f   NTX:dbfntx1.obj
 0001:000b740a       _hb_ntxPageSave            004b840a f   NTX:dbfntx1.obj
 0001:000b7ef5       _hb_ntxPageNew             004b8ef5 f   NTX:dbfntx1.obj
 0001:000b8292       _hb_ntxTagFree             004b9292 f   NTX:dbfntx1.obj
 0001:000b809a       _hb_ntxTagNew              004b909a f   NTX:dbfntx1.obj
 0001:000b6850       _hb_ntxGetKeyType          004b7850 f   NTX:dbfntx1.obj
 0001:000b8047       _hb_ntxPageGetFree         004b9047 f   NTX:dbfntx1.obj
 0001:000b88fe       _hb_ntxIndexTagAdd         004b98fe f   NTX:dbfntx1.obj
 0001:000b7fda       _hb_ntxPageAddFree         004b8fda f   NTX:dbfntx1.obj
 0001:000b854e       _hb_ntxTagLoad             004b954e f   NTX:dbfntx1.obj
 0001:000b84b6       _hb_ntxTagAdd              004b94b6 f   NTX:dbfntx1.obj
 0001:000b7478       _hb_ntxDiscardBuffers      004b8478 f   NTX:dbfntx1.obj
 0001:000b8aa4       _hb_ntxIndexTagFind        004b9aa4 f   NTX:dbfntx1.obj
 0001:000b8b10       _hb_ntxTagHeaderSave       004b9b10 f   NTX:dbfntx1.obj
 0001:000b91d3       _hb_ntxIndexHeaderSave     004ba1d3 f   NTX:dbfntx1.obj
 0001:000b9537       _hb_ntxIndexHeaderRead     004ba537 f   NTX:dbfntx1.obj
 0001:000b9799       _hb_ntxIndexFlush          004ba799 f   NTX:dbfntx1.obj
 0001:000b98cf       _hb_ntxIndexLockRead       004ba8cf f   NTX:dbfntx1.obj
 0001:000b9b2f       _hb_ntxIndexUnLockRead     004bab2f f   NTX:dbfntx1.obj
 0001:000b99f5       _hb_ntxIndexLockWrite      004ba9f5 f   NTX:dbfntx1.obj
 0001:000b9c13       _hb_ntxIndexUnLockWrite    004bac13 f   NTX:dbfntx1.obj
 0001:000b9e90       _hb_ntxTagSetPageStack     004bae90 f   NTX:dbfntx1.obj
 0001:000b9f46       _hb_ntxPageTopMove         004baf46 f   NTX:dbfntx1.obj
 0001:000b9e18       _hb_ntxPageGetKey          004bae18 f   NTX:dbfntx1.obj
 0001:000b9fcd       _hb_ntxPageBottomMove      004bafcd f   NTX:dbfntx1.obj
 0001:000ba5b8       _hb_ntxPageKeyFind         004bb5b8 f   NTX:dbfntx1.obj
 0001:000ba7a2       _hb_ntxPageFindRecNo       004bb7a2 f   NTX:dbfntx1.obj
 0001:000ba1c7       _hb_ntxTagNextKey          004bb1c7 f   NTX:dbfntx1.obj
 0001:000ba3d3       _hb_ntxTagPrevKey          004bb3d3 f   NTX:dbfntx1.obj
 0001:000bac1f       _hb_ntxPageKeySet          004bbc1f f   NTX:dbfntx1.obj
 0001:000bad1f       _hb_ntxPageKeyDel          004bbd1f f   NTX:dbfntx1.obj
 0001:000ba7fe       _hb_ntxTagKeyFind          004bb7fe f   NTX:dbfntx1.obj
 0001:000b61ab       _hb_ntxKeyCopy             004b71ab f   NTX:dbfntx1.obj
 0001:000bac7f       _hb_ntxPageKeyAdd          004bbc7f f   NTX:dbfntx1.obj
 0001:000bb261       _hb_ntxBalancePages        004bc261 f   NTX:dbfntx1.obj
 0001:000bada2       _hb_ntxPageSplit           004bbda2 f   NTX:dbfntx1.obj
 0001:000bb100       _hb_ntxPageJoin            004bc100 f   NTX:dbfntx1.obj
 0001:000b6930       _hb_ntxEvalKey             004b7930 f   NTX:dbfntx1.obj
 0001:000b6d55       _hb_ntxKeyInScope          004b7d55 f   NTX:dbfntx1.obj
 0001:000b724e       _hb_ntxCheckRecordScope    004b824e f   NTX:dbfntx1.obj
 0001:000ba125       _hb_ntxTagBottomKey        004bb125 f   NTX:dbfntx1.obj
 0001:000ba094       _hb_ntxTagTopKey           004bb094 f   NTX:dbfntx1.obj
 0001:000bc4c4       _hb_ntxTagSkipFilter       004bd4c4 f   NTX:dbfntx1.obj
 0001:000bc634       _hb_ntxTagGoTop            004bd634 f   NTX:dbfntx1.obj
 0001:000bc73c       _hb_ntxTagGoBottom         004bd73c f   NTX:dbfntx1.obj
 0001:000bca90       _hb_ntxPageCountKeys       004bda90 f   NTX:dbfntx1.obj
 0001:000bce1f       _hb_ntxTagPagesFree        004bde1f f   NTX:dbfntx1.obj
 0001:000b89ef       _hb_ntxIndexTagDel         004b99ef f   NTX:dbfntx1.obj
 0001:000b83cb       _hb_ntxTagDelete           004b93cb f   NTX:dbfntx1.obj
 0001:000bd27b       _hb_ntxFindBag             004be27b f   NTX:dbfntx1.obj
 0001:000bd3cb       _hb_ntxFindTagByName       004be3cb f   NTX:dbfntx1.obj
 0001:000b9cea       _hb_ntxTagLockRead         004bacea f   NTX:dbfntx1.obj
 0001:000b715d       _hb_ntxTagRefreshScope     004b815d f   NTX:dbfntx1.obj
 0001:000bc844       _hb_ntxTagSkipNext         004bd844 f   NTX:dbfntx1.obj
 0001:000b9dea       _hb_ntxTagUnLockRead       004badea f   NTX:dbfntx1.obj
 0001:000bc202       _hb_ntxCurKeyRefresh       004bd202 f   NTX:dbfntx1.obj
 0001:000bc981       _hb_ntxTagSkipPrev         004bd981 f   NTX:dbfntx1.obj
 0001:000bcb3b       _hb_ntxTagCountRelKeyPos   004bdb3b f   NTX:dbfntx1.obj
 0001:000bcc3a       _hb_ntxTagGoToRelKeyPos    004bdc3a f   NTX:dbfntx1.obj
 0001:000b67d2       _hb_ntxEvalSeekCond        004b77d2 f   NTX:dbfntx1.obj
 0001:000bed54       _hb_ntxRegexMatch          004bfd54 f   NTX:dbfntx1.obj
 0001:000b6752       _hb_ntxEvalCond            004b7752 f   NTX:dbfntx1.obj
 0001:000b9d69       _hb_ntxTagLockWrite        004bad69 f   NTX:dbfntx1.obj
 0001:000bb62b       _hb_ntxTagKeyAdd           004bc62b f   NTX:dbfntx1.obj
 0001:000b9e01       _hb_ntxTagUnLockWrite      004bae01 f   NTX:dbfntx1.obj
 0001:000bbd0d       _hb_ntxTagKeyDel           004bcd0d f   NTX:dbfntx1.obj
 0001:000b7088       _hb_ntxTagGetScope         004b8088 f   NTX:dbfntx1.obj
 0001:000b6eb4       _hb_ntxTagSetScope         004b7eb4 f   NTX:dbfntx1.obj
 0001:000bf7de       _hb_ntxQSort               004c07de f   NTX:dbfntx1.obj
 0001:000bf74a       _hb_ntxQuickSortCompare    004c074a f   NTX:dbfntx1.obj
 0001:000bfa0e       _hb_ntxSortBufferFlush     004c0a0e f   NTX:dbfntx1.obj
 0001:000bfaf7       _hb_ntxSortStorePage       004c0af7 f   NTX:dbfntx1.obj
 0001:000bf9ac       _hb_ntxSortSortPage        004c09ac f   NTX:dbfntx1.obj
 0001:000bff69       _hb_ntxSortGetPageKey      004c0f69 f   NTX:dbfntx1.obj
 0001:000bfdad       _hb_ntxSortWritePage       004c0dad f   NTX:dbfntx1.obj
 0001:000c0149       _hb_ntxSortOrderPages      004c1149 f   NTX:dbfntx1.obj
 0001:000c0335       _hb_ntxSortKeyGet          004c1335 f   NTX:dbfntx1.obj
 0001:000bfc72       _hb_ntxSortAddNodeKey      004c0c72 f   NTX:dbfntx1.obj
 0001:000c0963       _hb_ntxSortFree            004c1963 f   NTX:dbfntx1.obj
 0001:000c06b3       _hb_ntxSortNew             004c16b3 f   NTX:dbfntx1.obj
 0001:000c05f7       _hb_ntxSortKeyAdd          004c15f7 f   NTX:dbfntx1.obj
 0001:000c0a8d       _hb_ntxSortOut             004c1a8d f   NTX:dbfntx1.obj
 0001:000b7797       _hb_ntxIndexTrunc          004b8797 f   NTX:dbfntx1.obj
 0001:000c0f4b       _hb_ntxTagCreate           004c1f4b f   NTX:dbfntx1.obj
 0001:000b90ac       _hb_ntxIndexFree           004ba0ac f   NTX:dbfntx1.obj
 0001:000bcfb6       _hb_ntxCreateFName         004bdfb6 f   NTX:dbfntx1.obj
 0001:000b9069       _hb_ntxIndexNew            004ba069 f   NTX:dbfntx1.obj
 0001:000b92c8       _hb_ntxIndexLoad           004ba2c8 f   NTX:dbfntx1.obj
 0001:000bd429       _hb_ntxFindTag             004be429 f   NTX:dbfntx1.obj
 0001:000bcf24       _hb_ntxTagSpaceFree        004bdf24 f   NTX:dbfntx1.obj
 0001:000bd690       _hb_ntxFindTagNum          004be690 f   NTX:dbfntx1.obj
 0001:000bd735       _hb_ntxOrdKeyCount         004be735 f   NTX:dbfntx1.obj
 0001:000bda7b       _hb_ntxOrdKeyGoto          004bea7b f   NTX:dbfntx1.obj
 0001:000bd849       _hb_ntxOrdKeyNo            004be849 f   NTX:dbfntx1.obj
 0001:000bddd3       _hb_ntxOrdSetRelKeyPos     004bedd3 f   NTX:dbfntx1.obj
 0001:000bdb8f       _hb_ntxOrdGetRelKeyPos     004beb8f f   NTX:dbfntx1.obj
 0001:000bf178       _hb_ntxOrdKeyAdd           004c0178 f   NTX:dbfntx1.obj
 0001:000bf300       _hb_ntxOrdKeyDel           004c0300 f   NTX:dbfntx1.obj
 0001:000be1ab       _hb_ntxOrdSkipUnique       004bf1ab f   NTX:dbfntx1.obj
 0001:000be490       _hb_ntxOrdSkipEval         004bf490 f   NTX:dbfntx1.obj
 0001:000be7df       _hb_ntxOrdSkipWild         004bf7df f   NTX:dbfntx1.obj
 0001:000bedec       _hb_ntxOrdSkipRegEx        004bfdec f   NTX:dbfntx1.obj
 0001:000bf4cc       _hb_ntxOrdFindRec          004c04cc f   NTX:dbfntx1.obj
 0001:000bf620       _hb_ntxOrdScopeEval        004c0620 f   NTX:dbfntx1.obj
 0001:000c1a49       _hb_ntxReIndex             004c2a49 f   NTX:dbfntx1.obj
 0001:000c6cca       _hb_dbfntxRddInit          004c7cca f   NTX:dbfntx1.obj
 0001:000c1b08       _hb_ntxGoBottom            004c2b08 f   NTX:dbfntx1.obj
 0001:000c1c74       _hb_ntxGoTop               004c2c74 f   NTX:dbfntx1.obj
 0001:000c1de0       _hb_ntxSeek                004c2de0 f   NTX:dbfntx1.obj
 0001:000c222c       _hb_ntxSkipRaw             004c322c f   NTX:dbfntx1.obj
 0001:000c24d8       _hb_ntxFlush               004c34d8 f   NTX:dbfntx1.obj
 0001:000c256e       _hb_ntxGoCold              004c356e f   NTX:dbfntx1.obj
 0001:000c2a45       _hb_ntxGoHot               004c3a45 f   NTX:dbfntx1.obj
 0001:000c2b5d       _hb_ntxClose               004c3b5d f   NTX:dbfntx1.obj
 0001:000c2c3d       _hb_ntxOpen                004c3c3d f   NTX:dbfntx1.obj
 0001:000c2c2b       _hb_ntxStructSize          004c3c2b f   NTX:dbfntx1.obj
 0001:000c2e04       _hb_ntxPack                004c3e04 f   NTX:dbfntx1.obj
 0001:000c2e47       _hb_ntxZap                 004c3e47 f   NTX:dbfntx1.obj
 0001:000c607d       _hb_ntxOrderListAdd        004c707d f   NTX:dbfntx1.obj
 0001:000c642f       _hb_ntxOrderListClear      004c742f f   NTX:dbfntx1.obj
 0001:000c6529       _hb_ntxOrderListDelete     004c7529 f   NTX:dbfntx1.obj
 0001:000c667d       _hb_ntxOrderListFocus      004c767d f   NTX:dbfntx1.obj
 0001:000c6702       _hb_ntxOrderListRebuild    004c7702 f   NTX:dbfntx1.obj
 0001:000c2e8a       _hb_ntxOrderCreate         004c3e8a f   NTX:dbfntx1.obj
 0001:000c40fc       _hb_ntxOrderDestroy        004c50fc f   NTX:dbfntx1.obj
 0001:000c432a       _hb_ntxOrderInfo           004c532a f   NTX:dbfntx1.obj
 0001:000c686a       _hb_ntxCountScope          004c786a f   NTX:dbfntx1.obj
 0001:000c689d       _hb_ntxInit                004c789d f   NTX:dbfntx1.obj
 0001:000c6909       _hb_ntxRddInfo             004c7909 f   NTX:dbfntx1.obj
 0001:000c6d6f       __hb_dbfntx_rdd_init_      004c7d6f f   NTX:dbfntx1.obj
 0001:000c6d2b       _dbfntx1__InitSymbols      004c7d2b f   NTX:dbfntx1.obj
 0001:000c7ea0       _closeall                  004c8ea0 f   crt:fclose.obj
 0001:000c7fc0       _prout                     004c8fc0 f   crt:printf.obj
 0001:000c8030       _prout                     004c9030 f   crt:vfprintf.obj
 0001:000c8520       _prout                     004c9520 f   crt:fprintf.obj
 0001:000c89d0       _prout                     004c99d0 f   crt:sprintf.obj
 0001:000c8a70       _grabhunk                  004c9a70 f   crt:malloc.obj
 0001:000c9ee0       _swap                      004caee0 f   crt:qsort.obj
 0001:000ca110       _med3                      004cb110 f   crt:qsort.obj
 0001:000ca180       _median                    004cb180 f   crt:qsort.obj
 0001:000c9f90       _rot3                      004caf90 f   crt:qsort.obj
 0001:000ca310       _intro_sort                004cb310 f   crt:qsort.obj
 0001:000ca240       _adjust_heap               004cb240 f   crt:qsort.obj
 0001:000ca070       _rotate                    004cb070 f   crt:qsort.obj
 0001:000cad20       _parse_cmdline             004cbd20 f   crt:_setargv.obj
 0001:000cc6e0       _ctrlevent_capture@4       004cd6e0 f   crt:signal.obj
 0001:000d1cb0       _hb_gt_FuncInit            004d2cb0 f   xhb:gtwin.obj
 0001:000cfec0       _hb_gt_win_xSetCursorStyle 004d0ec0 f   xhb:gtwin.obj
 0001:000cfe80       _hb_gt_win_xSetCursorPos   004d0e80 f   xhb:gtwin.obj
 0001:000d01b0       _hb_gt_win_xGetScreenContents 004d11b0 f   xhb:gtwin.obj
 0001:000d0160       _hb_gt_win_CtrlHandler@4   004d1160 f   xhb:gtwin.obj
 0001:000d0250       _hb_gt_win_xInitScreenParam 004d1250 f   xhb:gtwin.obj
 0001:000d09d0       _Handle_Alt_Key            004d19d0 f   xhb:gtwin.obj
 0001:000d0b30       _SpecialHandling           004d1b30 f   xhb:gtwin.obj
 0001:000cfcf0       _hb_gt_win_getKbdState     004d0cf0 f   xhb:gtwin.obj
 0001:000d00a0       _hb_gt_win_xUpdtSet        004d10a0 f   xhb:gtwin.obj
 0001:000cff50       _hb_gt_win_xScreenUpdate   004d0f50 f   xhb:gtwin.obj
 0001:000d03d0       _hb_gt_win_Init            004d13d0 f   xhb:gtwin.obj
 0001:000d06e0       _hb_gt_win_Exit            004d16e0 f   xhb:gtwin.obj
 0001:000d07a0       _hb_gt_win_SetMode         004d17a0 f   xhb:gtwin.obj
 0001:000d1b30       _hb_gt_win_Redraw          004d2b30 f   xhb:gtwin.obj
 0001:000d1c20       _hb_gt_win_Refresh         004d2c20 f   xhb:gtwin.obj
 0001:000d08c0       _hb_gt_win_Version         004d18c0 f   xhb:gtwin.obj
 0001:000d08e0       _hb_gt_win_PostExt         004d18e0 f   xhb:gtwin.obj
 0001:000d0910       _hb_gt_win_Suspend         004d1910 f   xhb:gtwin.obj
 0001:000d0960       _hb_gt_win_Resume          004d1960 f   xhb:gtwin.obj
 0001:000d1480       _hb_gt_win_Tone            004d2480 f   xhb:gtwin.obj
 0001:000d1660       _hb_gt_win_Info            004d2660 f   xhb:gtwin.obj
 0001:000d14a0       _hb_gt_win_SetDispCP       004d24a0 f   xhb:gtwin.obj
 0001:000d1590       _hb_gt_win_SetKeyCP        004d2590 f   xhb:gtwin.obj
 0001:000d0d80       _hb_gt_win_ReadKey         004d1d80 f   xhb:gtwin.obj
 0001:000d1a50       _hb_gt_win_mouse_IsPresent 004d2a50 f   xhb:gtwin.obj
 0001:000d1a60       _hb_gt_win_mouse_GetPos    004d2a60 f   xhb:gtwin.obj
 0001:000d1a80       _hb_gt_win_mouse_ButtonState 004d2a80 f   xhb:gtwin.obj
 0001:000d1b10       _hb_gt_win_mouse_CountButton 004d2b10 f   xhb:gtwin.obj
 0001:000d1de0       __hb_startup_gt_Init_      004d2de0 f   xhb:gtwin.obj
 0001:000d2000       _hb_Outp9x                 004d3000 f   xhb:gttone.obj
 0001:000d1fe0       _hb_Inp9x                  004d2fe0 f   xhb:gttone.obj
 0001:000d2120       _hb_gt_wNtTone             004d3120 f   xhb:gttone.obj
 0001:000d2020       _hb_gt_w9xTone             004d3020 f   xhb:gttone.obj
